warning: unexpected `cfg` condition value: `probe`
   --> crates/operant-tools/src/hardware_board_info.rs:158:7
    |
158 | #[cfg(feature = "probe")]
    |       ^^^^^^^^^^^^^^^^^
    |
    = note: expected values for `feature` are: `browser-native`, `default`, and `rag-pdf`
    = help: consider adding `probe` as a feature in `Cargo.toml`
    = note: see <https://doc.rust-lang.org/nightly/rustc/check-cfg/cargo-specifics.html> for more information about checking conditional configuration
    = note: `#[warn(unexpected_cfgs)]` on by default

warning: unexpected `cfg` condition value: `probe`
   --> crates/operant-tools/src/hardware_board_info.rs:111:15
    |
111 |         #[cfg(feature = "probe")]
    |               ^^^^^^^^^^^^^^^^^
    |
    = note: expected values for `feature` are: `browser-native`, `default`, and `rag-pdf`
    = help: consider adding `probe` as a feature in `Cargo.toml`
    = note: see <https://doc.rust-lang.org/nightly/rustc/check-cfg/cargo-specifics.html> for more information about checking conditional configuration

warning: unexpected `cfg` condition value: `probe`
   --> crates/operant-tools/src/hardware_memory_map.rs:146:7
    |
146 | #[cfg(feature = "probe")]
    |       ^^^^^^^^^^^^^^^^^
    |
    = note: expected values for `feature` are: `browser-native`, `default`, and `rag-pdf`
    = help: consider adding `probe` as a feature in `Cargo.toml`
    = note: see <https://doc.rust-lang.org/nightly/rustc/check-cfg/cargo-specifics.html> for more information about checking conditional configuration

warning: unexpected `cfg` condition value: `probe`
  --> crates/operant-tools/src/hardware_memory_map.rs:97:15
   |
97 |         #[cfg(feature = "probe")]
   |               ^^^^^^^^^^^^^^^^^
   |
   = note: expected values for `feature` are: `browser-native`, `default`, and `rag-pdf`
   = help: consider adding `probe` as a feature in `Cargo.toml`
   = note: see <https://doc.rust-lang.org/nightly/rustc/check-cfg/cargo-specifics.html> for more information about checking conditional configuration

warning: unexpected `cfg` condition value: `probe`
   --> crates/operant-tools/src/hardware_memory_map.rs:120:19
    |
120 |         #[cfg(not(feature = "probe"))]
    |                   ^^^^^^^^^^^^^^^^^
    |
    = note: expected values for `feature` are: `browser-native`, `default`, and `rag-pdf`
    = help: consider adding `probe` as a feature in `Cargo.toml`
    = note: see <https://doc.rust-lang.org/nightly/rustc/check-cfg/cargo-specifics.html> for more information about checking conditional configuration

warning: unexpected `cfg` condition value: `probe`
   --> crates/operant-tools/src/hardware_memory_read.rs:146:7
    |
146 | #[cfg(feature = "probe")]
    |       ^^^^^^^^^^^^^^^^^
    |
    = note: expected values for `feature` are: `browser-native`, `default`, and `rag-pdf`
    = help: consider adding `probe` as a feature in `Cargo.toml`
    = note: see <https://doc.rust-lang.org/nightly/rustc/check-cfg/cargo-specifics.html> for more information about checking conditional configuration

warning: unexpected `cfg` condition value: `probe`
   --> crates/operant-tools/src/hardware_memory_read.rs:104:15
    |
104 |         #[cfg(feature = "probe")]
    |               ^^^^^^^^^^^^^^^^^
    |
    = note: expected values for `feature` are: `browser-native`, `default`, and `rag-pdf`
    = help: consider adding `probe` as a feature in `Cargo.toml`
    = note: see <https://doc.rust-lang.org/nightly/rustc/check-cfg/cargo-specifics.html> for more information about checking conditional configuration

warning: unexpected `cfg` condition value: `probe`
   --> crates/operant-tools/src/hardware_memory_read.rs:127:19
    |
127 |         #[cfg(not(feature = "probe"))]
    |                   ^^^^^^^^^^^^^^^^^
    |
    = note: expected values for `feature` are: `browser-native`, `default`, and `rag-pdf`
    = help: consider adding `probe` as a feature in `Cargo.toml`
    = note: see <https://doc.rust-lang.org/nightly/rustc/check-cfg/cargo-specifics.html> for more information about checking conditional configuration

warning: `operant-tools` (lib) generated 8 warnings
warning: unexpected `cfg` condition name: `operant_root_crate`
   --> crates/operant-runtime/src/cron/mod.rs:213:17
    |
213 | #[cfg(all(test, operant_root_crate))] // Tests need root crate handle_command
    |                 ^^^^^^^^^^^^^^^^^^
    |
    = help: expected names are: `docsrs`, `feature`, and `test` and 31 more
    = help: consider using a Cargo feature instead
    = help: or consider adding in `Cargo.toml` the `check-cfg` lint config for the lint:
             [lints.rust]
             unexpected_cfgs = { level = "warn", check-cfg = ['cfg(operant_root_crate)'] }
    = help: or consider adding `println!("cargo::rustc-check-cfg=cfg(operant_root_crate)");` to the top of the `build.rs`
    = note: see <https://doc.rust-lang.org/nightly/rustc/check-cfg/cargo-specifics.html> for more information about checking conditional configuration
    = note: `#[warn(unexpected_cfgs)]` on by default

warning: unexpected `cfg` condition name: `operant_root_crate`
   --> crates/operant-runtime/src/integrations/mod.rs:162:17
    |
162 | #[cfg(all(test, operant_root_crate))]
    |                 ^^^^^^^^^^^^^^^^^^
    |
    = help: consider using a Cargo feature instead
    = help: or consider adding in `Cargo.toml` the `check-cfg` lint config for the lint:
             [lints.rust]
             unexpected_cfgs = { level = "warn", check-cfg = ['cfg(operant_root_crate)'] }
    = help: or consider adding `println!("cargo::rustc-check-cfg=cfg(operant_root_crate)");` to the top of the `build.rs`
    = note: see <https://doc.rust-lang.org/nightly/rustc/check-cfg/cargo-specifics.html> for more information about checking conditional configuration

warning: unexpected `cfg` condition value: `observability-otel`
 --> crates/operant-runtime/src/observability/mod.rs:5:7
  |
5 | #[cfg(feature = "observability-otel")]
  |       ^^^^^^^^^^^^^^^^^^^^^^^^^^^^^^
  |
  = note: expected values for `feature` are: `browser-native`, `default`, `rag-pdf`, and `schema-export`
  = help: consider adding `observability-otel` as a feature in `Cargo.toml`
  = note: see <https://doc.rust-lang.org/nightly/rustc/check-cfg/cargo-specifics.html> for more information about checking conditional configuration

warning: unexpected `cfg` condition value: `observability-prometheus`
 --> crates/operant-runtime/src/observability/mod.rs:7:7
  |
7 | #[cfg(feature = "observability-prometheus")]
  |       ^^^^^^^^^^^^^^^^^^^^^^^^^^^^^^^^^^^^
  |
  = note: expected values for `feature` are: `browser-native`, `default`, `rag-pdf`, and `schema-export`
  = help: consider adding `observability-prometheus` as a feature in `Cargo.toml`
  = note: see <https://doc.rust-lang.org/nightly/rustc/check-cfg/cargo-specifics.html> for more information about checking conditional configuration

warning: unexpected `cfg` condition value: `observability-otel`
  --> crates/operant-runtime/src/observability/mod.rs:18:7
   |
18 | #[cfg(feature = "observability-otel")]
   |       ^^^^^^^^^^^^^^^^^^^^^^^^^^^^^^
   |
   = note: expected values for `feature` are: `browser-native`, `default`, `rag-pdf`, and `schema-export`
   = help: consider adding `observability-otel` as a feature in `Cargo.toml`
   = note: see <https://doc.rust-lang.org/nightly/rustc/check-cfg/cargo-specifics.html> for more information about checking conditional configuration

warning: unexpected `cfg` condition value: `observability-prometheus`
  --> crates/operant-runtime/src/observability/mod.rs:20:7
   |
20 | #[cfg(feature = "observability-prometheus")]
   |       ^^^^^^^^^^^^^^^^^^^^^^^^^^^^^^^^^^^^
   |
   = note: expected values for `feature` are: `browser-native`, `default`, `rag-pdf`, and `schema-export`
   = help: consider adding `observability-prometheus` as a feature in `Cargo.toml`
   = note: see <https://doc.rust-lang.org/nightly/rustc/check-cfg/cargo-specifics.html> for more information about checking conditional configuration

warning: unexpected `cfg` condition value: `observability-prometheus`
   --> crates/operant-runtime/src/observability/mod.rs:164:19
    |
164 |             #[cfg(feature = "observability-prometheus")]
    |                   ^^^^^^^^^^^^^^^^^^^^^^^^^^^^^^^^^^^^
    |
    = note: expected values for `feature` are: `browser-native`, `default`, `rag-pdf`, and `schema-export`
    = help: consider adding `observability-prometheus` as a feature in `Cargo.toml`
    = note: see <https://doc.rust-lang.org/nightly/rustc/check-cfg/cargo-specifics.html> for more information about checking conditional configuration

warning: unexpected `cfg` condition value: `observability-prometheus`
   --> crates/operant-runtime/src/observability/mod.rs:168:23
    |
168 |             #[cfg(not(feature = "observability-prometheus"))]
    |                       ^^^^^^^^^^^^^^^^^^^^^^^^^^^^^^^^^^^^
    |
    = note: expected values for `feature` are: `browser-native`, `default`, `rag-pdf`, and `schema-export`
    = help: consider adding `observability-prometheus` as a feature in `Cargo.toml`
    = note: see <https://doc.rust-lang.org/nightly/rustc/check-cfg/cargo-specifics.html> for more information about checking conditional configuration

warning: unexpected `cfg` condition value: `observability-otel`
   --> crates/operant-runtime/src/observability/mod.rs:177:19
    |
177 |             #[cfg(feature = "observability-otel")]
    |                   ^^^^^^^^^^^^^^^^^^^^^^^^^^^^^^
    |
    = note: expected values for `feature` are: `browser-native`, `default`, `rag-pdf`, and `schema-export`
    = help: consider adding `observability-otel` as a feature in `Cargo.toml`
    = note: see <https://doc.rust-lang.org/nightly/rustc/check-cfg/cargo-specifics.html> for more information about checking conditional configuration

warning: unexpected `cfg` condition value: `observability-otel`
   --> crates/operant-runtime/src/observability/mod.rs:198:23
    |
198 |             #[cfg(not(feature = "observability-otel"))]
    |                       ^^^^^^^^^^^^^^^^^^^^^^^^^^^^^^
    |
    = note: expected values for `feature` are: `browser-native`, `default`, `rag-pdf`, and `schema-export`
    = help: consider adding `observability-otel` as a feature in `Cargo.toml`
    = note: see <https://doc.rust-lang.org/nightly/rustc/check-cfg/cargo-specifics.html> for more information about checking conditional configuration

warning: unexpected `cfg` condition value: `sandbox-bubblewrap`
  --> crates/operant-runtime/src/security/mod.rs:22:7
   |
22 | #[cfg(feature = "sandbox-bubblewrap")]
   |       ^^^^^^^^^^^^^^^^^^^^^^^^^^^^^^
   |
   = note: expected values for `feature` are: `browser-native`, `default`, `rag-pdf`, and `schema-export`
   = help: consider adding `sandbox-bubblewrap` as a feature in `Cargo.toml`
   = note: see <https://doc.rust-lang.org/nightly/rustc/check-cfg/cargo-specifics.html> for more information about checking conditional configuration

warning: unexpected `cfg` condition value: `sandbox-landlock`
  --> crates/operant-runtime/src/security/mod.rs:33:7
   |
33 | #[cfg(feature = "sandbox-landlock")]
   |       ^^^^^^^^^^^^^^^^^^^^^^^^^^^^
   |
   = note: expected values for `feature` are: `browser-native`, `default`, `rag-pdf`, and `schema-export`
   = help: consider adding `sandbox-landlock` as a feature in `Cargo.toml`
   = note: see <https://doc.rust-lang.org/nightly/rustc/check-cfg/cargo-specifics.html> for more information about checking conditional configuration

warning: unexpected `cfg` condition value: `webauthn`
  --> crates/operant-runtime/src/security/mod.rs:47:7
   |
47 | #[cfg(feature = "webauthn")]
   |       ^^^^^^^^^^^^^^^^^^^^
   |
   = note: expected values for `feature` are: `browser-native`, `default`, `rag-pdf`, and `schema-export`
   = help: consider adding `webauthn` as a feature in `Cargo.toml`
   = note: see <https://doc.rust-lang.org/nightly/rustc/check-cfg/cargo-specifics.html> for more information about checking conditional configuration

warning: unexpected `cfg` condition value: `sandbox-landlock`
  --> crates/operant-runtime/src/security/detect.rs:29:19
   |
29 |             #[cfg(feature = "sandbox-landlock")]
   |                   ^^^^^^^^^^^^^^^^^^^^^^^^^^^^
   |
   = note: expected values for `feature` are: `browser-native`, `default`, `rag-pdf`, and `schema-export`
   = help: consider adding `sandbox-landlock` as a feature in `Cargo.toml`
   = note: see <https://doc.rust-lang.org/nightly/rustc/check-cfg/cargo-specifics.html> for more information about checking conditional configuration

warning: unexpected `cfg` condition value: `sandbox-bubblewrap`
  --> crates/operant-runtime/src/security/detect.rs:58:19
   |
58 |             #[cfg(feature = "sandbox-bubblewrap")]
   |                   ^^^^^^^^^^^^^^^^^^^^^^^^^^^^^^
   |
   = note: expected values for `feature` are: `browser-native`, `default`, `rag-pdf`, and `schema-export`
   = help: consider adding `sandbox-bubblewrap` as a feature in `Cargo.toml`
   = note: see <https://doc.rust-lang.org/nightly/rustc/check-cfg/cargo-specifics.html> for more information about checking conditional configuration

warning: unexpected `cfg` condition value: `sandbox-landlock`
   --> crates/operant-runtime/src/security/detect.rs:118:15
    |
118 |         #[cfg(feature = "sandbox-landlock")]
    |               ^^^^^^^^^^^^^^^^^^^^^^^^^^^^
    |
    = note: expected values for `feature` are: `browser-native`, `default`, `rag-pdf`, and `schema-export`
    = help: consider adding `sandbox-landlock` as a feature in `Cargo.toml`
    = note: see <https://doc.rust-lang.org/nightly/rustc/check-cfg/cargo-specifics.html> for more information about checking conditional configuration

warning: unexpected `cfg` condition name: `operant_root_crate`
    --> crates/operant-runtime/src/service/mod.rs:1472:17
     |
1472 | #[cfg(all(test, operant_root_crate))]
     |                 ^^^^^^^^^^^^^^^^^^
     |
     = help: consider using a Cargo feature instead
     = help: or consider adding in `Cargo.toml` the `check-cfg` lint config for the lint:
              [lints.rust]
              unexpected_cfgs = { level = "warn", check-cfg = ['cfg(operant_root_crate)'] }
     = help: or consider adding `println!("cargo::rustc-check-cfg=cfg(operant_root_crate)");` to the top of the `build.rs`
     = note: see <https://doc.rust-lang.org/nightly/rustc/check-cfg/cargo-specifics.html> for more information about checking conditional configuration

warning: unexpected `cfg` condition value: `plugins-wasm`
    --> crates/operant-runtime/src/skills/mod.rs:1810:7
     |
1810 | #[cfg(feature = "plugins-wasm")]
     |       ^^^^^^^^^^^^^^^^^^^^^^^^
     |
     = note: expected values for `feature` are: `browser-native`, `default`, `rag-pdf`, and `schema-export`
     = help: consider adding `plugins-wasm` as a feature in `Cargo.toml`
     = note: see <https://doc.rust-lang.org/nightly/rustc/check-cfg/cargo-specifics.html> for more information about checking conditional configuration

warning: unexpected `cfg` condition value: `plugins-wasm`
    --> crates/operant-runtime/src/skills/mod.rs:1849:7
     |
1849 | #[cfg(feature = "plugins-wasm")]
     |       ^^^^^^^^^^^^^^^^^^^^^^^^
     |
     = note: expected values for `feature` are: `browser-native`, `default`, `rag-pdf`, and `schema-export`
     = help: consider adding `plugins-wasm` as a feature in `Cargo.toml`
     = note: see <https://doc.rust-lang.org/nightly/rustc/check-cfg/cargo-specifics.html> for more information about checking conditional configuration

warning: unexpected `cfg` condition value: `plugins-wasm`
    --> crates/operant-runtime/src/skills/mod.rs:1859:7
     |
1859 | #[cfg(feature = "plugins-wasm")]
     |       ^^^^^^^^^^^^^^^^^^^^^^^^
     |
     = note: expected values for `feature` are: `browser-native`, `default`, `rag-pdf`, and `schema-export`
     = help: consider adding `plugins-wasm` as a feature in `Cargo.toml`
     = note: see <https://doc.rust-lang.org/nightly/rustc/check-cfg/cargo-specifics.html> for more information about checking conditional configuration

warning: unexpected `cfg` condition value: `plugins-wasm`
   --> crates/operant-runtime/src/skills/mod.rs:327:11
    |
327 |     #[cfg(feature = "plugins-wasm")]
    |           ^^^^^^^^^^^^^^^^^^^^^^^^
    |
    = note: expected values for `feature` are: `browser-native`, `default`, `rag-pdf`, and `schema-export`
    = help: consider adding `plugins-wasm` as a feature in `Cargo.toml`
    = note: see <https://doc.rust-lang.org/nightly/rustc/check-cfg/cargo-specifics.html> for more information about checking conditional configuration

warning: unexpected `cfg` condition value: `plugins-wasm`
    --> crates/operant-runtime/src/tools/mod.rs:1020:11
     |
1020 |     #[cfg(feature = "plugins-wasm")]
     |           ^^^^^^^^^^^^^^^^^^^^^^^^
     |
     = note: expected values for `feature` are: `browser-native`, `default`, `rag-pdf`, and `schema-export`
     = help: consider adding `plugins-wasm` as a feature in `Cargo.toml`
     = note: see <https://doc.rust-lang.org/nightly/rustc/check-cfg/cargo-specifics.html> for more information about checking conditional configuration

warning: `operant-runtime` (lib) generated 22 warnings
warning: unused import: `Error`
  --> crates/operant-core/src/memory_provider.rs:20:20
   |
20 | use crate::error::{Error, Result};
   |                    ^^^^^
   |
   = note: `#[warn(unused_imports)]` (part of `#[warn(unused)]`) on by default

warning: variable `brace_depth` is assigned to, but never used
    --> crates/operant-core/src/agent/mod.rs:2201:9
     |
2201 |     let mut brace_depth = 0i32;
     |         ^^^^^^^^^^^^^^^
     |
     = note: consider using `_brace_depth` instead
     = note: `#[warn(unused_variables)]` (part of `#[warn(unused)]`) on by default

warning: variable `bracket_depth` is assigned to, but never used
    --> crates/operant-core/src/agent/mod.rs:2202:9
     |
2202 |     let mut bracket_depth = 0i32;
     |         ^^^^^^^^^^^^^^^^^
     |
     = note: consider using `_bracket_depth` instead

warning: value assigned to `brace_depth` is never read
    --> crates/operant-core/src/agent/mod.rs:2223:21
     |
2223 |                     brace_depth += 1;
     |                     ^^^^^^^^^^^^^^^^
     |
     = help: maybe it is overwritten before being read?
     = note: `#[warn(unused_assignments)]` (part of `#[warn(unused)]`) on by default

warning: value assigned to `brace_depth` is never read
    --> crates/operant-core/src/agent/mod.rs:2228:24
     |
2228 |                 '}' => brace_depth -= 1,
     |                        ^^^^^^^^^^^^^^^^
     |
     = help: maybe it is overwritten before being read?

warning: value assigned to `bracket_depth` is never read
    --> crates/operant-core/src/agent/mod.rs:2230:21
     |
2230 |                     bracket_depth += 1;
     |                     ^^^^^^^^^^^^^^^^^^
     |
     = help: maybe it is overwritten before being read?

warning: value assigned to `bracket_depth` is never read
    --> crates/operant-core/src/agent/mod.rs:2235:24
     |
2235 |                 ']' => bracket_depth -= 1,
     |                        ^^^^^^^^^^^^^^^^^^
     |
     = help: maybe it is overwritten before being read?

warning: `operant-core` (lib) generated 7 warnings (run `cargo fix --lib -p operant-core` to apply 1 suggestion)
warning: unexpected `cfg` condition value: `peripheral-rpi`
  --> crates/operant-hardware/src/lib.rs:56:11
   |
56 | #[cfg(all(feature = "peripheral-rpi", target_os = "linux"))]
   |           ^^^^^^^^^^^^^^^^^^^^^^^^^^
   |
   = note: expected values for `feature` are: `default`, `hardware`, and `probe`
   = help: consider adding `peripheral-rpi` as a feature in `Cargo.toml`
   = note: see <https://doc.rust-lang.org/nightly/rustc/check-cfg/cargo-specifics.html> for more information about checking conditional configuration
   = note: `#[warn(unexpected_cfgs)]` on by default

warning: unexpected `cfg` condition value: `peripheral-rpi`
   --> crates/operant-hardware/src/lib.rs:196:11
    |
196 | #[cfg(all(feature = "peripheral-rpi", target_os = "linux"))]
    |           ^^^^^^^^^^^^^^^^^^^^^^^^^^
    |
    = note: expected values for `feature` are: `default`, `hardware`, and `probe`
    = help: consider adding `peripheral-rpi` as a feature in `Cargo.toml`
    = note: see <https://doc.rust-lang.org/nightly/rustc/check-cfg/cargo-specifics.html> for more information about checking conditional configuration

warning: unexpected `cfg` condition value: `peripheral-rpi`
  --> crates/operant-hardware/src/peripherals/mod.rs:24:11
   |
24 | #[cfg(all(feature = "peripheral-rpi", target_os = "linux"))]
   |           ^^^^^^^^^^^^^^^^^^^^^^^^^^
   |
   = note: expected values for `feature` are: `default`, `hardware`, and `probe`
   = help: consider adding `peripheral-rpi` as a feature in `Cargo.toml`
   = note: see <https://doc.rust-lang.org/nightly/rustc/check-cfg/cargo-specifics.html> for more information about checking conditional configuration

warning: unexpected `cfg` condition value: `peripheral-rpi`
  --> crates/operant-hardware/src/peripherals/mod.rs:27:33
   |
27 | #[cfg(any(feature = "hardware", feature = "peripheral-rpi"))]
   |                                 ^^^^^^^^^^^^^^^^^^^^^^^^^^
   |
   = note: expected values for `feature` are: `default`, `hardware`, and `probe`
   = help: consider adding `peripheral-rpi` as a feature in `Cargo.toml`
   = note: see <https://doc.rust-lang.org/nightly/rustc/check-cfg/cargo-specifics.html> for more information about checking conditional configuration

warning: unexpected `cfg` condition value: `peripheral-rpi`
   --> crates/operant-hardware/src/lib.rs:393:15
    |
393 |     #[cfg(all(feature = "peripheral-rpi", target_os = "linux"))]
    |               ^^^^^^^^^^^^^^^^^^^^^^^^^^
    |
    = note: expected values for `feature` are: `default`, `hardware`, and `probe`
    = help: consider adding `peripheral-rpi` as a feature in `Cargo.toml`
    = note: see <https://doc.rust-lang.org/nightly/rustc/check-cfg/cargo-specifics.html> for more information about checking conditional configuration

warning: `operant-hardware` (lib) generated 5 warnings
warning: unexpected `cfg` condition value: `channel-matrix`
 --> crates/operant-channels/src/lib.rs:3:13
  |
3 | #![cfg_attr(feature = "channel-matrix", recursion_limit = "256")]
  |             ^^^^^^^^^^----------------
  |                       |
  |                       help: there is a expected value with a similar name: `"channel-wati"`
  |
  = note: expected values for `feature` are: `channel-acp-server`, `channel-bluesky`, `channel-clawdtalk`, `channel-dingtalk`, `channel-discord`, `channel-email`, `channel-full`, `channel-imessage`, `channel-irc`, `channel-linq`, `channel-mattermost`, `channel-mochat`, `channel-mqtt`, `channel-nextcloud`, `channel-notion`, `channel-qq`, `channel-reddit`, `channel-signal`, `channel-slack`, `channel-telegram`, `channel-twitter`, `channel-wati`, `channel-webhook`, `channel-wecom`, `channel-whatsapp-cloud`, and `default`
  = help: consider adding `channel-matrix` as a feature in `Cargo.toml`
  = note: see <https://doc.rust-lang.org/nightly/rustc/check-cfg/cargo-specifics.html> for more information about checking conditional configuration
  = note: `#[warn(unexpected_cfgs)]` on by default

warning: unexpected `cfg` condition value: `channel-lark`
  --> crates/operant-channels/src/lib.rs:35:7
   |
35 | #[cfg(feature = "channel-lark")]
   |       ^^^^^^^^^^--------------
   |                 |
   |                 help: there is a expected value with a similar name: `"channel-slack"`
   |
   = note: expected values for `feature` are: `channel-acp-server`, `channel-bluesky`, `channel-clawdtalk`, `channel-dingtalk`, `channel-discord`, `channel-email`, `channel-full`, `channel-imessage`, `channel-irc`, `channel-linq`, `channel-mattermost`, `channel-mochat`, `channel-mqtt`, `channel-nextcloud`, `channel-notion`, `channel-qq`, `channel-reddit`, `channel-signal`, `channel-slack`, `channel-telegram`, `channel-twitter`, `channel-wati`, `channel-webhook`, `channel-wecom`, `channel-whatsapp-cloud`, and `default`
   = help: consider adding `channel-lark` as a feature in `Cargo.toml`
   = note: see <https://doc.rust-lang.org/nightly/rustc/check-cfg/cargo-specifics.html> for more information about checking conditional configuration

warning: unexpected `cfg` condition value: `channel-line`
  --> crates/operant-channels/src/lib.rs:37:7
   |
37 | #[cfg(feature = "channel-line")]
   |       ^^^^^^^^^^--------------
   |                 |
   |                 help: there is a expected value with a similar name: `"channel-linq"`
   |
   = note: expected values for `feature` are: `channel-acp-server`, `channel-bluesky`, `channel-clawdtalk`, `channel-dingtalk`, `channel-discord`, `channel-email`, `channel-full`, `channel-imessage`, `channel-irc`, `channel-linq`, `channel-mattermost`, `channel-mochat`, `channel-mqtt`, `channel-nextcloud`, `channel-notion`, `channel-qq`, `channel-reddit`, `channel-signal`, `channel-slack`, `channel-telegram`, `channel-twitter`, `channel-wati`, `channel-webhook`, `channel-wecom`, `channel-whatsapp-cloud`, and `default`
   = help: consider adding `channel-line` as a feature in `Cargo.toml`
   = note: see <https://doc.rust-lang.org/nightly/rustc/check-cfg/cargo-specifics.html> for more information about checking conditional configuration

warning: unexpected `cfg` condition value: `channel-matrix`
  --> crates/operant-channels/src/lib.rs:41:7
   |
41 | #[cfg(feature = "channel-matrix")]
   |       ^^^^^^^^^^----------------
   |                 |
   |                 help: there is a expected value with a similar name: `"channel-wati"`
   |
   = note: expected values for `feature` are: `channel-acp-server`, `channel-bluesky`, `channel-clawdtalk`, `channel-dingtalk`, `channel-discord`, `channel-email`, `channel-full`, `channel-imessage`, `channel-irc`, `channel-linq`, `channel-mattermost`, `channel-mochat`, `channel-mqtt`, `channel-nextcloud`, `channel-notion`, `channel-qq`, `channel-reddit`, `channel-signal`, `channel-slack`, `channel-telegram`, `channel-twitter`, `channel-wati`, `channel-webhook`, `channel-wecom`, `channel-whatsapp-cloud`, and `default`
   = help: consider adding `channel-matrix` as a feature in `Cargo.toml`
   = note: see <https://doc.rust-lang.org/nightly/rustc/check-cfg/cargo-specifics.html> for more information about checking conditional configuration

warning: unexpected `cfg` condition value: `channel-nostr`
  --> crates/operant-channels/src/lib.rs:49:7
   |
49 | #[cfg(feature = "channel-nostr")]
   |       ^^^^^^^^^^---------------
   |                 |
   |                 help: there is a expected value with a similar name: `"channel-mqtt"`
   |
   = note: expected values for `feature` are: `channel-acp-server`, `channel-bluesky`, `channel-clawdtalk`, `channel-dingtalk`, `channel-discord`, `channel-email`, `channel-full`, `channel-imessage`, `channel-irc`, `channel-linq`, `channel-mattermost`, `channel-mochat`, `channel-mqtt`, `channel-nextcloud`, `channel-notion`, `channel-qq`, `channel-reddit`, `channel-signal`, `channel-slack`, `channel-telegram`, `channel-twitter`, `channel-wati`, `channel-webhook`, `channel-wecom`, `channel-whatsapp-cloud`, and `default`
   = help: consider adding `channel-nostr` as a feature in `Cargo.toml`
   = note: see <https://doc.rust-lang.org/nightly/rustc/check-cfg/cargo-specifics.html> for more information about checking conditional configuration

warning: unexpected `cfg` condition value: `channel-voice-call`
  --> crates/operant-channels/src/lib.rs:65:7
   |
65 | #[cfg(feature = "channel-voice-call")]
   |       ^^^^^^^^^^^^^^^^^^^^^^^^^^^^^^
   |
   = note: expected values for `feature` are: `channel-acp-server`, `channel-bluesky`, `channel-clawdtalk`, `channel-dingtalk`, `channel-discord`, `channel-email`, `channel-full`, `channel-imessage`, `channel-irc`, `channel-linq`, `channel-mattermost`, `channel-mochat`, `channel-mqtt`, `channel-nextcloud`, `channel-notion`, `channel-qq`, `channel-reddit`, `channel-signal`, `channel-slack`, `channel-telegram`, `channel-twitter`, `channel-wati`, `channel-webhook`, `channel-wecom`, `channel-whatsapp-cloud`, and `default`
   = help: consider adding `channel-voice-call` as a feature in `Cargo.toml`
   = note: see <https://doc.rust-lang.org/nightly/rustc/check-cfg/cargo-specifics.html> for more information about checking conditional configuration

warning: unexpected `cfg` condition value: `voice-wake`
  --> crates/operant-channels/src/lib.rs:67:7
   |
67 | #[cfg(feature = "voice-wake")]
   |       ^^^^^^^^^^^^^^^^^^^^^^
   |
   = note: expected values for `feature` are: `channel-acp-server`, `channel-bluesky`, `channel-clawdtalk`, `channel-dingtalk`, `channel-discord`, `channel-email`, `channel-full`, `channel-imessage`, `channel-irc`, `channel-linq`, `channel-mattermost`, `channel-mochat`, `channel-mqtt`, `channel-nextcloud`, `channel-notion`, `channel-qq`, `channel-reddit`, `channel-signal`, `channel-slack`, `channel-telegram`, `channel-twitter`, `channel-wati`, `channel-webhook`, `channel-wecom`, `channel-whatsapp-cloud`, and `default`
   = help: consider adding `voice-wake` as a feature in `Cargo.toml`
   = note: see <https://doc.rust-lang.org/nightly/rustc/check-cfg/cargo-specifics.html> for more information about checking conditional configuration

warning: unexpected `cfg` condition value: `channel-wechat`
  --> crates/operant-channels/src/lib.rs:73:7
   |
73 | #[cfg(feature = "channel-wechat")]
   |       ^^^^^^^^^^----------------
   |                 |
   |                 help: there is a expected value with a similar name: `"channel-mochat"`
   |
   = note: expected values for `feature` are: `channel-acp-server`, `channel-bluesky`, `channel-clawdtalk`, `channel-dingtalk`, `channel-discord`, `channel-email`, `channel-full`, `channel-imessage`, `channel-irc`, `channel-linq`, `channel-mattermost`, `channel-mochat`, `channel-mqtt`, `channel-nextcloud`, `channel-notion`, `channel-qq`, `channel-reddit`, `channel-signal`, `channel-slack`, `channel-telegram`, `channel-twitter`, `channel-wati`, `channel-webhook`, `channel-wecom`, `channel-whatsapp-cloud`, and `default`
   = help: consider adding `channel-wechat` as a feature in `Cargo.toml`
   = note: see <https://doc.rust-lang.org/nightly/rustc/check-cfg/cargo-specifics.html> for more information about checking conditional configuration

warning: unexpected `cfg` condition value: `whatsapp-web`
  --> crates/operant-channels/src/lib.rs:79:7
   |
79 | #[cfg(feature = "whatsapp-web")]
   |       ^^^^^^^^^^^^^^^^^^^^^^^^
   |
   = note: expected values for `feature` are: `channel-acp-server`, `channel-bluesky`, `channel-clawdtalk`, `channel-dingtalk`, `channel-discord`, `channel-email`, `channel-full`, `channel-imessage`, `channel-irc`, `channel-linq`, `channel-mattermost`, `channel-mochat`, `channel-mqtt`, `channel-nextcloud`, `channel-notion`, `channel-qq`, `channel-reddit`, `channel-signal`, `channel-slack`, `channel-telegram`, `channel-twitter`, `channel-wati`, `channel-webhook`, `channel-wecom`, `channel-whatsapp-cloud`, and `default`
   = help: consider adding `whatsapp-web` as a feature in `Cargo.toml`
   = note: see <https://doc.rust-lang.org/nightly/rustc/check-cfg/cargo-specifics.html> for more information about checking conditional configuration

warning: unexpected `cfg` condition value: `whatsapp-web`
  --> crates/operant-channels/src/lib.rs:81:7
   |
81 | #[cfg(feature = "whatsapp-web")]
   |       ^^^^^^^^^^^^^^^^^^^^^^^^
   |
   = note: expected values for `feature` are: `channel-acp-server`, `channel-bluesky`, `channel-clawdtalk`, `channel-dingtalk`, `channel-discord`, `channel-email`, `channel-full`, `channel-imessage`, `channel-irc`, `channel-linq`, `channel-mattermost`, `channel-mochat`, `channel-mqtt`, `channel-nextcloud`, `channel-notion`, `channel-qq`, `channel-reddit`, `channel-signal`, `channel-slack`, `channel-telegram`, `channel-twitter`, `channel-wati`, `channel-webhook`, `channel-wecom`, `channel-whatsapp-cloud`, and `default`
   = help: consider adding `whatsapp-web` as a feature in `Cargo.toml`
   = note: see <https://doc.rust-lang.org/nightly/rustc/check-cfg/cargo-specifics.html> for more information about checking conditional configuration

warning: unexpected `cfg` condition value: `channel-lark`
  --> crates/operant-channels/src/orchestrator/mod.rs:44:7
   |
44 | #[cfg(feature = "channel-lark")]
   |       ^^^^^^^^^^--------------
   |                 |
   |                 help: there is a expected value with a similar name: `"channel-slack"`
   |
   = note: expected values for `feature` are: `channel-acp-server`, `channel-bluesky`, `channel-clawdtalk`, `channel-dingtalk`, `channel-discord`, `channel-email`, `channel-full`, `channel-imessage`, `channel-irc`, `channel-linq`, `channel-mattermost`, `channel-mochat`, `channel-mqtt`, `channel-nextcloud`, `channel-notion`, `channel-qq`, `channel-reddit`, `channel-signal`, `channel-slack`, `channel-telegram`, `channel-twitter`, `channel-wati`, `channel-webhook`, `channel-wecom`, `channel-whatsapp-cloud`, and `default`
   = help: consider adding `channel-lark` as a feature in `Cargo.toml`
   = note: see <https://doc.rust-lang.org/nightly/rustc/check-cfg/cargo-specifics.html> for more information about checking conditional configuration

warning: unexpected `cfg` condition value: `channel-line`
  --> crates/operant-channels/src/orchestrator/mod.rs:46:7
   |
46 | #[cfg(feature = "channel-line")]
   |       ^^^^^^^^^^--------------
   |                 |
   |                 help: there is a expected value with a similar name: `"channel-linq"`
   |
   = note: expected values for `feature` are: `channel-acp-server`, `channel-bluesky`, `channel-clawdtalk`, `channel-dingtalk`, `channel-discord`, `channel-email`, `channel-full`, `channel-imessage`, `channel-irc`, `channel-linq`, `channel-mattermost`, `channel-mochat`, `channel-mqtt`, `channel-nextcloud`, `channel-notion`, `channel-qq`, `channel-reddit`, `channel-signal`, `channel-slack`, `channel-telegram`, `channel-twitter`, `channel-wati`, `channel-webhook`, `channel-wecom`, `channel-whatsapp-cloud`, and `default`
   = help: consider adding `channel-line` as a feature in `Cargo.toml`
   = note: see <https://doc.rust-lang.org/nightly/rustc/check-cfg/cargo-specifics.html> for more information about checking conditional configuration

warning: unexpected `cfg` condition value: `channel-nostr`
  --> crates/operant-channels/src/orchestrator/mod.rs:56:7
   |
56 | #[cfg(feature = "channel-nostr")]
   |       ^^^^^^^^^^---------------
   |                 |
   |                 help: there is a expected value with a similar name: `"channel-mqtt"`
   |
   = note: expected values for `feature` are: `channel-acp-server`, `channel-bluesky`, `channel-clawdtalk`, `channel-dingtalk`, `channel-discord`, `channel-email`, `channel-full`, `channel-imessage`, `channel-irc`, `channel-linq`, `channel-mattermost`, `channel-mochat`, `channel-mqtt`, `channel-nextcloud`, `channel-notion`, `channel-qq`, `channel-reddit`, `channel-signal`, `channel-slack`, `channel-telegram`, `channel-twitter`, `channel-wati`, `channel-webhook`, `channel-wecom`, `channel-whatsapp-cloud`, and `default`
   = help: consider adding `channel-nostr` as a feature in `Cargo.toml`
   = note: see <https://doc.rust-lang.org/nightly/rustc/check-cfg/cargo-specifics.html> for more information about checking conditional configuration

warning: unexpected `cfg` condition value: `channel-voice-call`
  --> crates/operant-channels/src/orchestrator/mod.rs:71:7
   |
71 | #[cfg(feature = "channel-voice-call")]
   |       ^^^^^^^^^^^^^^^^^^^^^^^^^^^^^^
   |
   = note: expected values for `feature` are: `channel-acp-server`, `channel-bluesky`, `channel-clawdtalk`, `channel-dingtalk`, `channel-discord`, `channel-email`, `channel-full`, `channel-imessage`, `channel-irc`, `channel-linq`, `channel-mattermost`, `channel-mochat`, `channel-mqtt`, `channel-nextcloud`, `channel-notion`, `channel-qq`, `channel-reddit`, `channel-signal`, `channel-slack`, `channel-telegram`, `channel-twitter`, `channel-wati`, `channel-webhook`, `channel-wecom`, `channel-whatsapp-cloud`, and `default`
   = help: consider adding `channel-voice-call` as a feature in `Cargo.toml`
   = note: see <https://doc.rust-lang.org/nightly/rustc/check-cfg/cargo-specifics.html> for more information about checking conditional configuration

warning: unexpected `cfg` condition value: `voice-wake`
  --> crates/operant-channels/src/orchestrator/mod.rs:73:7
   |
73 | #[cfg(feature = "voice-wake")]
   |       ^^^^^^^^^^^^^^^^^^^^^^
   |
   = note: expected values for `feature` are: `channel-acp-server`, `channel-bluesky`, `channel-clawdtalk`, `channel-dingtalk`, `channel-discord`, `channel-email`, `channel-full`, `channel-imessage`, `channel-irc`, `channel-linq`, `channel-mattermost`, `channel-mochat`, `channel-mqtt`, `channel-nextcloud`, `channel-notion`, `channel-qq`, `channel-reddit`, `channel-signal`, `channel-slack`, `channel-telegram`, `channel-twitter`, `channel-wati`, `channel-webhook`, `channel-wecom`, `channel-whatsapp-cloud`, and `default`
   = help: consider adding `voice-wake` as a feature in `Cargo.toml`
   = note: see <https://doc.rust-lang.org/nightly/rustc/check-cfg/cargo-specifics.html> for more information about checking conditional configuration

warning: unexpected `cfg` condition value: `channel-wechat`
  --> crates/operant-channels/src/orchestrator/mod.rs:78:7
   |
78 | #[cfg(feature = "channel-wechat")]
   |       ^^^^^^^^^^----------------
   |                 |
   |                 help: there is a expected value with a similar name: `"channel-mochat"`
   |
   = note: expected values for `feature` are: `channel-acp-server`, `channel-bluesky`, `channel-clawdtalk`, `channel-dingtalk`, `channel-discord`, `channel-email`, `channel-full`, `channel-imessage`, `channel-irc`, `channel-linq`, `channel-mattermost`, `channel-mochat`, `channel-mqtt`, `channel-nextcloud`, `channel-notion`, `channel-qq`, `channel-reddit`, `channel-signal`, `channel-slack`, `channel-telegram`, `channel-twitter`, `channel-wati`, `channel-webhook`, `channel-wecom`, `channel-whatsapp-cloud`, and `default`
   = help: consider adding `channel-wechat` as a feature in `Cargo.toml`
   = note: see <https://doc.rust-lang.org/nightly/rustc/check-cfg/cargo-specifics.html> for more information about checking conditional configuration

warning: unexpected `cfg` condition value: `channel-matrix`
  --> crates/operant-channels/src/orchestrator/mod.rs:88:7
   |
88 | #[cfg(feature = "channel-matrix")]
   |       ^^^^^^^^^^----------------
   |                 |
   |                 help: there is a expected value with a similar name: `"channel-wati"`
   |
   = note: expected values for `feature` are: `channel-acp-server`, `channel-bluesky`, `channel-clawdtalk`, `channel-dingtalk`, `channel-discord`, `channel-email`, `channel-full`, `channel-imessage`, `channel-irc`, `channel-linq`, `channel-mattermost`, `channel-mochat`, `channel-mqtt`, `channel-nextcloud`, `channel-notion`, `channel-qq`, `channel-reddit`, `channel-signal`, `channel-slack`, `channel-telegram`, `channel-twitter`, `channel-wati`, `channel-webhook`, `channel-wecom`, `channel-whatsapp-cloud`, and `default`
   = help: consider adding `channel-matrix` as a feature in `Cargo.toml`
   = note: see <https://doc.rust-lang.org/nightly/rustc/check-cfg/cargo-specifics.html> for more information about checking conditional configuration

warning: unexpected `cfg` condition value: `whatsapp-web`
  --> crates/operant-channels/src/orchestrator/mod.rs:92:7
   |
92 | #[cfg(feature = "whatsapp-web")]
   |       ^^^^^^^^^^^^^^^^^^^^^^^^
   |
   = note: expected values for `feature` are: `channel-acp-server`, `channel-bluesky`, `channel-clawdtalk`, `channel-dingtalk`, `channel-discord`, `channel-email`, `channel-full`, `channel-imessage`, `channel-irc`, `channel-linq`, `channel-mattermost`, `channel-mochat`, `channel-mqtt`, `channel-nextcloud`, `channel-notion`, `channel-qq`, `channel-reddit`, `channel-signal`, `channel-slack`, `channel-telegram`, `channel-twitter`, `channel-wati`, `channel-webhook`, `channel-wecom`, `channel-whatsapp-cloud`, and `default`
   = help: consider adding `whatsapp-web` as a feature in `Cargo.toml`
   = note: see <https://doc.rust-lang.org/nightly/rustc/check-cfg/cargo-specifics.html> for more information about checking conditional configuration

warning: unexpected `cfg` condition value: `channel-wechat`
    --> crates/operant-channels/src/orchestrator/mod.rs:4665:15
     |
4665 |         #[cfg(feature = "channel-wechat")]
     |               ^^^^^^^^^^----------------
     |                         |
     |                         help: there is a expected value with a similar name: `"channel-mochat"`
     |
     = note: expected values for `feature` are: `channel-acp-server`, `channel-bluesky`, `channel-clawdtalk`, `channel-dingtalk`, `channel-discord`, `channel-email`, `channel-full`, `channel-imessage`, `channel-irc`, `channel-linq`, `channel-mattermost`, `channel-mochat`, `channel-mqtt`, `channel-nextcloud`, `channel-notion`, `channel-qq`, `channel-reddit`, `channel-signal`, `channel-slack`, `channel-telegram`, `channel-twitter`, `channel-wati`, `channel-webhook`, `channel-wecom`, `channel-whatsapp-cloud`, and `default`
     = help: consider adding `channel-wechat` as a feature in `Cargo.toml`
     = note: see <https://doc.rust-lang.org/nightly/rustc/check-cfg/cargo-specifics.html> for more information about checking conditional configuration

warning: unexpected `cfg` condition value: `channel-wechat`
    --> crates/operant-channels/src/orchestrator/mod.rs:4682:19
     |
4682 |         #[cfg(not(feature = "channel-wechat"))]
     |                   ^^^^^^^^^^----------------
     |                             |
     |                             help: there is a expected value with a similar name: `"channel-mochat"`
     |
     = note: expected values for `feature` are: `channel-acp-server`, `channel-bluesky`, `channel-clawdtalk`, `channel-dingtalk`, `channel-discord`, `channel-email`, `channel-full`, `channel-imessage`, `channel-irc`, `channel-linq`, `channel-mattermost`, `channel-mochat`, `channel-mqtt`, `channel-nextcloud`, `channel-notion`, `channel-qq`, `channel-reddit`, `channel-signal`, `channel-slack`, `channel-telegram`, `channel-twitter`, `channel-wati`, `channel-webhook`, `channel-wecom`, `channel-whatsapp-cloud`, and `default`
     = help: consider adding `channel-wechat` as a feature in `Cargo.toml`
     = note: see <https://doc.rust-lang.org/nightly/rustc/check-cfg/cargo-specifics.html> for more information about checking conditional configuration

warning: unexpected `cfg` condition value: `channel-matrix`
    --> crates/operant-channels/src/orchestrator/mod.rs:4525:19
     |
4525 |             #[cfg(feature = "channel-matrix")]
     |                   ^^^^^^^^^^----------------
     |                             |
     |                             help: there is a expected value with a similar name: `"channel-wati"`
     |
     = note: expected values for `feature` are: `channel-acp-server`, `channel-bluesky`, `channel-clawdtalk`, `channel-dingtalk`, `channel-discord`, `channel-email`, `channel-full`, `channel-imessage`, `channel-irc`, `channel-linq`, `channel-mattermost`, `channel-mochat`, `channel-mqtt`, `channel-nextcloud`, `channel-notion`, `channel-qq`, `channel-reddit`, `channel-signal`, `channel-slack`, `channel-telegram`, `channel-twitter`, `channel-wati`, `channel-webhook`, `channel-wecom`, `channel-whatsapp-cloud`, and `default`
     = help: consider adding `channel-matrix` as a feature in `Cargo.toml`
     = note: see <https://doc.rust-lang.org/nightly/rustc/check-cfg/cargo-specifics.html> for more information about checking conditional configuration

warning: unexpected `cfg` condition value: `channel-matrix`
    --> crates/operant-channels/src/orchestrator/mod.rs:4543:23
     |
4543 |             #[cfg(not(feature = "channel-matrix"))]
     |                       ^^^^^^^^^^----------------
     |                                 |
     |                                 help: there is a expected value with a similar name: `"channel-wati"`
     |
     = note: expected values for `feature` are: `channel-acp-server`, `channel-bluesky`, `channel-clawdtalk`, `channel-dingtalk`, `channel-discord`, `channel-email`, `channel-full`, `channel-imessage`, `channel-irc`, `channel-linq`, `channel-mattermost`, `channel-mochat`, `channel-mqtt`, `channel-nextcloud`, `channel-notion`, `channel-qq`, `channel-reddit`, `channel-signal`, `channel-slack`, `channel-telegram`, `channel-twitter`, `channel-wati`, `channel-webhook`, `channel-wecom`, `channel-whatsapp-cloud`, and `default`
     = help: consider adding `channel-matrix` as a feature in `Cargo.toml`
     = note: see <https://doc.rust-lang.org/nightly/rustc/check-cfg/cargo-specifics.html> for more information about checking conditional configuration

warning: unexpected `cfg` condition value: `whatsapp-web`
    --> crates/operant-channels/src/orchestrator/mod.rs:4549:19
     |
4549 |             #[cfg(feature = "whatsapp-web")]
     |                   ^^^^^^^^^^^^^^^^^^^^^^^^
     |
     = note: expected values for `feature` are: `channel-acp-server`, `channel-bluesky`, `channel-clawdtalk`, `channel-dingtalk`, `channel-discord`, `channel-email`, `channel-full`, `channel-imessage`, `channel-irc`, `channel-linq`, `channel-mattermost`, `channel-mochat`, `channel-mqtt`, `channel-nextcloud`, `channel-notion`, `channel-qq`, `channel-reddit`, `channel-signal`, `channel-slack`, `channel-telegram`, `channel-twitter`, `channel-wati`, `channel-webhook`, `channel-wecom`, `channel-whatsapp-cloud`, and `default`
     = help: consider adding `whatsapp-web` as a feature in `Cargo.toml`
     = note: see <https://doc.rust-lang.org/nightly/rustc/check-cfg/cargo-specifics.html> for more information about checking conditional configuration

warning: unexpected `cfg` condition value: `whatsapp-web`
    --> crates/operant-channels/src/orchestrator/mod.rs:4573:23
     |
4573 |             #[cfg(not(feature = "whatsapp-web"))]
     |                       ^^^^^^^^^^^^^^^^^^^^^^^^
     |
     = note: expected values for `feature` are: `channel-acp-server`, `channel-bluesky`, `channel-clawdtalk`, `channel-dingtalk`, `channel-discord`, `channel-email`, `channel-full`, `channel-imessage`, `channel-irc`, `channel-linq`, `channel-mattermost`, `channel-mochat`, `channel-mqtt`, `channel-nextcloud`, `channel-notion`, `channel-qq`, `channel-reddit`, `channel-signal`, `channel-slack`, `channel-telegram`, `channel-twitter`, `channel-wati`, `channel-webhook`, `channel-wecom`, `channel-whatsapp-cloud`, and `default`
     = help: consider adding `whatsapp-web` as a feature in `Cargo.toml`
     = note: see <https://doc.rust-lang.org/nightly/rustc/check-cfg/cargo-specifics.html> for more information about checking conditional configuration

warning: unexpected `cfg` condition value: `channel-lark`
    --> crates/operant-channels/src/orchestrator/mod.rs:4596:19
     |
4596 |             #[cfg(feature = "channel-lark")]
     |                   ^^^^^^^^^^--------------
     |                             |
     |                             help: there is a expected value with a similar name: `"channel-slack"`
     |
     = note: expected values for `feature` are: `channel-acp-server`, `channel-bluesky`, `channel-clawdtalk`, `channel-dingtalk`, `channel-discord`, `channel-email`, `channel-full`, `channel-imessage`, `channel-irc`, `channel-linq`, `channel-mattermost`, `channel-mochat`, `channel-mqtt`, `channel-nextcloud`, `channel-notion`, `channel-qq`, `channel-reddit`, `channel-signal`, `channel-slack`, `channel-telegram`, `channel-twitter`, `channel-wati`, `channel-webhook`, `channel-wecom`, `channel-whatsapp-cloud`, and `default`
     = help: consider adding `channel-lark` as a feature in `Cargo.toml`
     = note: see <https://doc.rust-lang.org/nightly/rustc/check-cfg/cargo-specifics.html> for more information about checking conditional configuration

warning: unexpected `cfg` condition value: `channel-lark`
    --> crates/operant-channels/src/orchestrator/mod.rs:4605:23
     |
4605 |             #[cfg(not(feature = "channel-lark"))]
     |                       ^^^^^^^^^^--------------
     |                                 |
     |                                 help: there is a expected value with a similar name: `"channel-slack"`
     |
     = note: expected values for `feature` are: `channel-acp-server`, `channel-bluesky`, `channel-clawdtalk`, `channel-dingtalk`, `channel-discord`, `channel-email`, `channel-full`, `channel-imessage`, `channel-irc`, `channel-linq`, `channel-mattermost`, `channel-mochat`, `channel-mqtt`, `channel-nextcloud`, `channel-notion`, `channel-qq`, `channel-reddit`, `channel-signal`, `channel-slack`, `channel-telegram`, `channel-twitter`, `channel-wati`, `channel-webhook`, `channel-wecom`, `channel-whatsapp-cloud`, and `default`
     = help: consider adding `channel-lark` as a feature in `Cargo.toml`
     = note: see <https://doc.rust-lang.org/nightly/rustc/check-cfg/cargo-specifics.html> for more information about checking conditional configuration

warning: unexpected `cfg` condition value: `channel-lark`
    --> crates/operant-channels/src/orchestrator/mod.rs:4611:19
     |
4611 |             #[cfg(feature = "channel-lark")]
     |                   ^^^^^^^^^^--------------
     |                             |
     |                             help: there is a expected value with a similar name: `"channel-slack"`
     |
     = note: expected values for `feature` are: `channel-acp-server`, `channel-bluesky`, `channel-clawdtalk`, `channel-dingtalk`, `channel-discord`, `channel-email`, `channel-full`, `channel-imessage`, `channel-irc`, `channel-linq`, `channel-mattermost`, `channel-mochat`, `channel-mqtt`, `channel-nextcloud`, `channel-notion`, `channel-qq`, `channel-reddit`, `channel-signal`, `channel-slack`, `channel-telegram`, `channel-twitter`, `channel-wati`, `channel-webhook`, `channel-wecom`, `channel-whatsapp-cloud`, and `default`
     = help: consider adding `channel-lark` as a feature in `Cargo.toml`
     = note: see <https://doc.rust-lang.org/nightly/rustc/check-cfg/cargo-specifics.html> for more information about checking conditional configuration

warning: unexpected `cfg` condition value: `channel-lark`
    --> crates/operant-channels/src/orchestrator/mod.rs:4624:23
     |
4624 |             #[cfg(not(feature = "channel-lark"))]
     |                       ^^^^^^^^^^--------------
     |                                 |
     |                                 help: there is a expected value with a similar name: `"channel-slack"`
     |
     = note: expected values for `feature` are: `channel-acp-server`, `channel-bluesky`, `channel-clawdtalk`, `channel-dingtalk`, `channel-discord`, `channel-email`, `channel-full`, `channel-imessage`, `channel-irc`, `channel-linq`, `channel-mattermost`, `channel-mochat`, `channel-mqtt`, `channel-nextcloud`, `channel-notion`, `channel-qq`, `channel-reddit`, `channel-signal`, `channel-slack`, `channel-telegram`, `channel-twitter`, `channel-wati`, `channel-webhook`, `channel-wecom`, `channel-whatsapp-cloud`, and `default`
     = help: consider adding `channel-lark` as a feature in `Cargo.toml`
     = note: see <https://doc.rust-lang.org/nightly/rustc/check-cfg/cargo-specifics.html> for more information about checking conditional configuration

warning: unexpected `cfg` condition value: `channel-line`
    --> crates/operant-channels/src/orchestrator/mod.rs:4859:19
     |
4859 |             #[cfg(feature = "channel-line")]
     |                   ^^^^^^^^^^--------------
     |                             |
     |                             help: there is a expected value with a similar name: `"channel-linq"`
     |
     = note: expected values for `feature` are: `channel-acp-server`, `channel-bluesky`, `channel-clawdtalk`, `channel-dingtalk`, `channel-discord`, `channel-email`, `channel-full`, `channel-imessage`, `channel-irc`, `channel-linq`, `channel-mattermost`, `channel-mochat`, `channel-mqtt`, `channel-nextcloud`, `channel-notion`, `channel-qq`, `channel-reddit`, `channel-signal`, `channel-slack`, `channel-telegram`, `channel-twitter`, `channel-wati`, `channel-webhook`, `channel-wecom`, `channel-whatsapp-cloud`, and `default`
     = help: consider adding `channel-line` as a feature in `Cargo.toml`
     = note: see <https://doc.rust-lang.org/nightly/rustc/check-cfg/cargo-specifics.html> for more information about checking conditional configuration

warning: unexpected `cfg` condition value: `channel-line`
    --> crates/operant-channels/src/orchestrator/mod.rs:4868:23
     |
4868 |             #[cfg(not(feature = "channel-line"))]
     |                       ^^^^^^^^^^--------------
     |                                 |
     |                                 help: there is a expected value with a similar name: `"channel-linq"`
     |
     = note: expected values for `feature` are: `channel-acp-server`, `channel-bluesky`, `channel-clawdtalk`, `channel-dingtalk`, `channel-discord`, `channel-email`, `channel-full`, `channel-imessage`, `channel-irc`, `channel-linq`, `channel-mattermost`, `channel-mochat`, `channel-mqtt`, `channel-nextcloud`, `channel-notion`, `channel-qq`, `channel-reddit`, `channel-signal`, `channel-slack`, `channel-telegram`, `channel-twitter`, `channel-wati`, `channel-webhook`, `channel-wecom`, `channel-whatsapp-cloud`, and `default`
     = help: consider adding `channel-line` as a feature in `Cargo.toml`
     = note: see <https://doc.rust-lang.org/nightly/rustc/check-cfg/cargo-specifics.html> for more information about checking conditional configuration

warning: unexpected `cfg` condition value: `channel-voice-call`
    --> crates/operant-channels/src/orchestrator/mod.rs:4874:19
     |
4874 |             #[cfg(feature = "channel-voice-call")]
     |                   ^^^^^^^^^^^^^^^^^^^^^^^^^^^^^^
     |
     = note: expected values for `feature` are: `channel-acp-server`, `channel-bluesky`, `channel-clawdtalk`, `channel-dingtalk`, `channel-discord`, `channel-email`, `channel-full`, `channel-imessage`, `channel-irc`, `channel-linq`, `channel-mattermost`, `channel-mochat`, `channel-mqtt`, `channel-nextcloud`, `channel-notion`, `channel-qq`, `channel-reddit`, `channel-signal`, `channel-slack`, `channel-telegram`, `channel-twitter`, `channel-wati`, `channel-webhook`, `channel-wecom`, `channel-whatsapp-cloud`, and `default`
     = help: consider adding `channel-voice-call` as a feature in `Cargo.toml`
     = note: see <https://doc.rust-lang.org/nightly/rustc/check-cfg/cargo-specifics.html> for more information about checking conditional configuration

warning: unexpected `cfg` condition value: `channel-voice-call`
    --> crates/operant-channels/src/orchestrator/mod.rs:4883:23
     |
4883 |             #[cfg(not(feature = "channel-voice-call"))]
     |                       ^^^^^^^^^^^^^^^^^^^^^^^^^^^^^^
     |
     = note: expected values for `feature` are: `channel-acp-server`, `channel-bluesky`, `channel-clawdtalk`, `channel-dingtalk`, `channel-discord`, `channel-email`, `channel-full`, `channel-imessage`, `channel-irc`, `channel-linq`, `channel-mattermost`, `channel-mochat`, `channel-mqtt`, `channel-nextcloud`, `channel-notion`, `channel-qq`, `channel-reddit`, `channel-signal`, `channel-slack`, `channel-telegram`, `channel-twitter`, `channel-wati`, `channel-webhook`, `channel-wecom`, `channel-whatsapp-cloud`, and `default`
     = help: consider adding `channel-voice-call` as a feature in `Cargo.toml`
     = note: see <https://doc.rust-lang.org/nightly/rustc/check-cfg/cargo-specifics.html> for more information about checking conditional configuration

warning: unexpected `cfg` condition value: `channel-matrix`
    --> crates/operant-channels/src/orchestrator/mod.rs:5099:11
     |
5099 |     #[cfg(feature = "channel-matrix")]
     |           ^^^^^^^^^^----------------
     |                     |
     |                     help: there is a expected value with a similar name: `"channel-wati"`
     |
     = note: expected values for `feature` are: `channel-acp-server`, `channel-bluesky`, `channel-clawdtalk`, `channel-dingtalk`, `channel-discord`, `channel-email`, `channel-full`, `channel-imessage`, `channel-irc`, `channel-linq`, `channel-mattermost`, `channel-mochat`, `channel-mqtt`, `channel-nextcloud`, `channel-notion`, `channel-qq`, `channel-reddit`, `channel-signal`, `channel-slack`, `channel-telegram`, `channel-twitter`, `channel-wati`, `channel-webhook`, `channel-wecom`, `channel-whatsapp-cloud`, and `default`
     = help: consider adding `channel-matrix` as a feature in `Cargo.toml`
     = note: see <https://doc.rust-lang.org/nightly/rustc/check-cfg/cargo-specifics.html> for more information about checking conditional configuration

warning: unexpected `cfg` condition value: `channel-matrix`
    --> crates/operant-channels/src/orchestrator/mod.rs:5126:15
     |
5126 |     #[cfg(not(feature = "channel-matrix"))]
     |               ^^^^^^^^^^----------------
     |                         |
     |                         help: there is a expected value with a similar name: `"channel-wati"`
     |
     = note: expected values for `feature` are: `channel-acp-server`, `channel-bluesky`, `channel-clawdtalk`, `channel-dingtalk`, `channel-discord`, `channel-email`, `channel-full`, `channel-imessage`, `channel-irc`, `channel-linq`, `channel-mattermost`, `channel-mochat`, `channel-mqtt`, `channel-nextcloud`, `channel-notion`, `channel-qq`, `channel-reddit`, `channel-signal`, `channel-slack`, `channel-telegram`, `channel-twitter`, `channel-wati`, `channel-webhook`, `channel-wecom`, `channel-whatsapp-cloud`, and `default`
     = help: consider adding `channel-matrix` as a feature in `Cargo.toml`
     = note: see <https://doc.rust-lang.org/nightly/rustc/check-cfg/cargo-specifics.html> for more information about checking conditional configuration

warning: unexpected `cfg` condition value: `whatsapp-web`
    --> crates/operant-channels/src/orchestrator/mod.rs:5157:11
     |
5157 |     #[cfg(feature = "whatsapp-web")]
     |           ^^^^^^^^^^^^^^^^^^^^^^^^
     |
     = note: expected values for `feature` are: `channel-acp-server`, `channel-bluesky`, `channel-clawdtalk`, `channel-dingtalk`, `channel-discord`, `channel-email`, `channel-full`, `channel-imessage`, `channel-irc`, `channel-linq`, `channel-mattermost`, `channel-mochat`, `channel-mqtt`, `channel-nextcloud`, `channel-notion`, `channel-qq`, `channel-reddit`, `channel-signal`, `channel-slack`, `channel-telegram`, `channel-twitter`, `channel-wati`, `channel-webhook`, `channel-wecom`, `channel-whatsapp-cloud`, and `default`
     = help: consider adding `whatsapp-web` as a feature in `Cargo.toml`
     = note: see <https://doc.rust-lang.org/nightly/rustc/check-cfg/cargo-specifics.html> for more information about checking conditional configuration

warning: unexpected `cfg` condition value: `channel-lark`
    --> crates/operant-channels/src/orchestrator/mod.rs:5355:11
     |
5355 |     #[cfg(feature = "channel-lark")]
     |           ^^^^^^^^^^--------------
     |                     |
     |                     help: there is a expected value with a similar name: `"channel-slack"`
     |
     = note: expected values for `feature` are: `channel-acp-server`, `channel-bluesky`, `channel-clawdtalk`, `channel-dingtalk`, `channel-discord`, `channel-email`, `channel-full`, `channel-imessage`, `channel-irc`, `channel-linq`, `channel-mattermost`, `channel-mochat`, `channel-mqtt`, `channel-nextcloud`, `channel-notion`, `channel-qq`, `channel-reddit`, `channel-signal`, `channel-slack`, `channel-telegram`, `channel-twitter`, `channel-wati`, `channel-webhook`, `channel-wecom`, `channel-whatsapp-cloud`, and `default`
     = help: consider adding `channel-lark` as a feature in `Cargo.toml`
     = note: see <https://doc.rust-lang.org/nightly/rustc/check-cfg/cargo-specifics.html> for more information about checking conditional configuration

warning: unexpected `cfg` condition value: `channel-lark`
    --> crates/operant-channels/src/orchestrator/mod.rs:5389:11
     |
5389 |     #[cfg(feature = "channel-lark")]
     |           ^^^^^^^^^^--------------
     |                     |
     |                     help: there is a expected value with a similar name: `"channel-slack"`
     |
     = note: expected values for `feature` are: `channel-acp-server`, `channel-bluesky`, `channel-clawdtalk`, `channel-dingtalk`, `channel-discord`, `channel-email`, `channel-full`, `channel-imessage`, `channel-irc`, `channel-linq`, `channel-mattermost`, `channel-mochat`, `channel-mqtt`, `channel-nextcloud`, `channel-notion`, `channel-qq`, `channel-reddit`, `channel-signal`, `channel-slack`, `channel-telegram`, `channel-twitter`, `channel-wati`, `channel-webhook`, `channel-wecom`, `channel-whatsapp-cloud`, and `default`
     = help: consider adding `channel-lark` as a feature in `Cargo.toml`
     = note: see <https://doc.rust-lang.org/nightly/rustc/check-cfg/cargo-specifics.html> for more information about checking conditional configuration

warning: unexpected `cfg` condition value: `channel-lark`
    --> crates/operant-channels/src/orchestrator/mod.rs:5404:15
     |
5404 |     #[cfg(not(feature = "channel-lark"))]
     |               ^^^^^^^^^^--------------
     |                         |
     |                         help: there is a expected value with a similar name: `"channel-slack"`
     |
     = note: expected values for `feature` are: `channel-acp-server`, `channel-bluesky`, `channel-clawdtalk`, `channel-dingtalk`, `channel-discord`, `channel-email`, `channel-full`, `channel-imessage`, `channel-irc`, `channel-linq`, `channel-mattermost`, `channel-mochat`, `channel-mqtt`, `channel-nextcloud`, `channel-notion`, `channel-qq`, `channel-reddit`, `channel-signal`, `channel-slack`, `channel-telegram`, `channel-twitter`, `channel-wati`, `channel-webhook`, `channel-wecom`, `channel-whatsapp-cloud`, and `default`
     = help: consider adding `channel-lark` as a feature in `Cargo.toml`
     = note: see <https://doc.rust-lang.org/nightly/rustc/check-cfg/cargo-specifics.html> for more information about checking conditional configuration

warning: unexpected `cfg` condition value: `channel-line`
    --> crates/operant-channels/src/orchestrator/mod.rs:5411:11
     |
5411 |     #[cfg(feature = "channel-line")]
     |           ^^^^^^^^^^--------------
     |                     |
     |                     help: there is a expected value with a similar name: `"channel-linq"`
     |
     = note: expected values for `feature` are: `channel-acp-server`, `channel-bluesky`, `channel-clawdtalk`, `channel-dingtalk`, `channel-discord`, `channel-email`, `channel-full`, `channel-imessage`, `channel-irc`, `channel-linq`, `channel-mattermost`, `channel-mochat`, `channel-mqtt`, `channel-nextcloud`, `channel-notion`, `channel-qq`, `channel-reddit`, `channel-signal`, `channel-slack`, `channel-telegram`, `channel-twitter`, `channel-wati`, `channel-webhook`, `channel-wecom`, `channel-whatsapp-cloud`, and `default`
     = help: consider adding `channel-line` as a feature in `Cargo.toml`
     = note: see <https://doc.rust-lang.org/nightly/rustc/check-cfg/cargo-specifics.html> for more information about checking conditional configuration

warning: unexpected `cfg` condition value: `channel-line`
    --> crates/operant-channels/src/orchestrator/mod.rs:5425:15
     |
5425 |     #[cfg(not(feature = "channel-line"))]
     |               ^^^^^^^^^^--------------
     |                         |
     |                         help: there is a expected value with a similar name: `"channel-linq"`
     |
     = note: expected values for `feature` are: `channel-acp-server`, `channel-bluesky`, `channel-clawdtalk`, `channel-dingtalk`, `channel-discord`, `channel-email`, `channel-full`, `channel-imessage`, `channel-irc`, `channel-linq`, `channel-mattermost`, `channel-mochat`, `channel-mqtt`, `channel-nextcloud`, `channel-notion`, `channel-qq`, `channel-reddit`, `channel-signal`, `channel-slack`, `channel-telegram`, `channel-twitter`, `channel-wati`, `channel-webhook`, `channel-wecom`, `channel-whatsapp-cloud`, and `default`
     = help: consider adding `channel-line` as a feature in `Cargo.toml`
     = note: see <https://doc.rust-lang.org/nightly/rustc/check-cfg/cargo-specifics.html> for more information about checking conditional configuration

warning: unexpected `cfg` condition value: `channel-wechat`
    --> crates/operant-channels/src/orchestrator/mod.rs:5514:11
     |
5514 |     #[cfg(feature = "channel-wechat")]
     |           ^^^^^^^^^^----------------
     |                     |
     |                     help: there is a expected value with a similar name: `"channel-mochat"`
     |
     = note: expected values for `feature` are: `channel-acp-server`, `channel-bluesky`, `channel-clawdtalk`, `channel-dingtalk`, `channel-discord`, `channel-email`, `channel-full`, `channel-imessage`, `channel-irc`, `channel-linq`, `channel-mattermost`, `channel-mochat`, `channel-mqtt`, `channel-nextcloud`, `channel-notion`, `channel-qq`, `channel-reddit`, `channel-signal`, `channel-slack`, `channel-telegram`, `channel-twitter`, `channel-wati`, `channel-webhook`, `channel-wecom`, `channel-whatsapp-cloud`, and `default`
     = help: consider adding `channel-wechat` as a feature in `Cargo.toml`
     = note: see <https://doc.rust-lang.org/nightly/rustc/check-cfg/cargo-specifics.html> for more information about checking conditional configuration

warning: unexpected `cfg` condition value: `channel-wechat`
    --> crates/operant-channels/src/orchestrator/mod.rs:5540:15
     |
5540 |     #[cfg(not(feature = "channel-wechat"))]
     |               ^^^^^^^^^^----------------
     |                         |
     |                         help: there is a expected value with a similar name: `"channel-mochat"`
     |
     = note: expected values for `feature` are: `channel-acp-server`, `channel-bluesky`, `channel-clawdtalk`, `channel-dingtalk`, `channel-discord`, `channel-email`, `channel-full`, `channel-imessage`, `channel-irc`, `channel-linq`, `channel-mattermost`, `channel-mochat`, `channel-mqtt`, `channel-nextcloud`, `channel-notion`, `channel-qq`, `channel-reddit`, `channel-signal`, `channel-slack`, `channel-telegram`, `channel-twitter`, `channel-wati`, `channel-webhook`, `channel-wecom`, `channel-whatsapp-cloud`, and `default`
     = help: consider adding `channel-wechat` as a feature in `Cargo.toml`
     = note: see <https://doc.rust-lang.org/nightly/rustc/check-cfg/cargo-specifics.html> for more information about checking conditional configuration

warning: unexpected `cfg` condition value: `voice-wake`
    --> crates/operant-channels/src/orchestrator/mod.rs:5615:11
     |
5615 |     #[cfg(feature = "voice-wake")]
     |           ^^^^^^^^^^^^^^^^^^^^^^
     |
     = note: expected values for `feature` are: `channel-acp-server`, `channel-bluesky`, `channel-clawdtalk`, `channel-dingtalk`, `channel-discord`, `channel-email`, `channel-full`, `channel-imessage`, `channel-irc`, `channel-linq`, `channel-mattermost`, `channel-mochat`, `channel-mqtt`, `channel-nextcloud`, `channel-notion`, `channel-qq`, `channel-reddit`, `channel-signal`, `channel-slack`, `channel-telegram`, `channel-twitter`, `channel-wati`, `channel-webhook`, `channel-wecom`, `channel-whatsapp-cloud`, and `default`
     = help: consider adding `voice-wake` as a feature in `Cargo.toml`
     = note: see <https://doc.rust-lang.org/nightly/rustc/check-cfg/cargo-specifics.html> for more information about checking conditional configuration

warning: unexpected `cfg` condition value: `channel-voice-call`
    --> crates/operant-channels/src/orchestrator/mod.rs:5626:11
     |
5626 |     #[cfg(feature = "channel-voice-call")]
     |           ^^^^^^^^^^^^^^^^^^^^^^^^^^^^^^
     |
     = note: expected values for `feature` are: `channel-acp-server`, `channel-bluesky`, `channel-clawdtalk`, `channel-dingtalk`, `channel-discord`, `channel-email`, `channel-full`, `channel-imessage`, `channel-irc`, `channel-linq`, `channel-mattermost`, `channel-mochat`, `channel-mqtt`, `channel-nextcloud`, `channel-notion`, `channel-qq`, `channel-reddit`, `channel-signal`, `channel-slack`, `channel-telegram`, `channel-twitter`, `channel-wati`, `channel-webhook`, `channel-wecom`, `channel-whatsapp-cloud`, and `default`
     = help: consider adding `channel-voice-call` as a feature in `Cargo.toml`
     = note: see <https://doc.rust-lang.org/nightly/rustc/check-cfg/cargo-specifics.html> for more information about checking conditional configuration

warning: unexpected `cfg` condition value: `channel-nostr`
    --> crates/operant-channels/src/orchestrator/mod.rs:5664:11
     |
5664 |     #[cfg(feature = "channel-nostr")]
     |           ^^^^^^^^^^---------------
     |                     |
     |                     help: there is a expected value with a similar name: `"channel-mqtt"`
     |
     = note: expected values for `feature` are: `channel-acp-server`, `channel-bluesky`, `channel-clawdtalk`, `channel-dingtalk`, `channel-discord`, `channel-email`, `channel-full`, `channel-imessage`, `channel-irc`, `channel-linq`, `channel-mattermost`, `channel-mochat`, `channel-mqtt`, `channel-nextcloud`, `channel-notion`, `channel-qq`, `channel-reddit`, `channel-signal`, `channel-slack`, `channel-telegram`, `channel-twitter`, `channel-wati`, `channel-webhook`, `channel-wecom`, `channel-whatsapp-cloud`, and `default`
     = help: consider adding `channel-nostr` as a feature in `Cargo.toml`
     = note: see <https://doc.rust-lang.org/nightly/rustc/check-cfg/cargo-specifics.html> for more information about checking conditional configuration

warning: unexpected `cfg` condition value: `channel-nostr`
    --> crates/operant-channels/src/orchestrator/mod.rs:6083:11
     |
6083 |     #[cfg(feature = "channel-nostr")]
     |           ^^^^^^^^^^---------------
     |                     |
     |                     help: there is a expected value with a similar name: `"channel-mqtt"`
     |
     = note: expected values for `feature` are: `channel-acp-server`, `channel-bluesky`, `channel-clawdtalk`, `channel-dingtalk`, `channel-discord`, `channel-email`, `channel-full`, `channel-imessage`, `channel-irc`, `channel-linq`, `channel-mattermost`, `channel-mochat`, `channel-mqtt`, `channel-nextcloud`, `channel-notion`, `channel-qq`, `channel-reddit`, `channel-signal`, `channel-slack`, `channel-telegram`, `channel-twitter`, `channel-wati`, `channel-webhook`, `channel-wecom`, `channel-whatsapp-cloud`, and `default`
     = help: consider adding `channel-nostr` as a feature in `Cargo.toml`
     = note: see <https://doc.rust-lang.org/nightly/rustc/check-cfg/cargo-specifics.html> for more information about checking conditional configuration

warning: unexpected `cfg` condition value: `channel-wechat`
    --> crates/operant-channels/src/orchestrator/mod.rs:6501:15
     |
6501 |         #[cfg(feature = "channel-wechat")]
     |               ^^^^^^^^^^----------------
     |                         |
     |                         help: there is a expected value with a similar name: `"channel-mochat"`
     |
     = note: expected values for `feature` are: `channel-acp-server`, `channel-bluesky`, `channel-clawdtalk`, `channel-dingtalk`, `channel-discord`, `channel-email`, `channel-full`, `channel-imessage`, `channel-irc`, `channel-linq`, `channel-mattermost`, `channel-mochat`, `channel-mqtt`, `channel-nextcloud`, `channel-notion`, `channel-qq`, `channel-reddit`, `channel-signal`, `channel-slack`, `channel-telegram`, `channel-twitter`, `channel-wati`, `channel-webhook`, `channel-wecom`, `channel-whatsapp-cloud`, and `default`
     = help: consider adding `channel-wechat` as a feature in `Cargo.toml`
     = note: see <https://doc.rust-lang.org/nightly/rustc/check-cfg/cargo-specifics.html> for more information about checking conditional configuration

warning: unexpected `cfg` condition value: `channel-wechat`
    --> crates/operant-channels/src/orchestrator/mod.rs:6517:19
     |
6517 |         #[cfg(not(feature = "channel-wechat"))]
     |                   ^^^^^^^^^^----------------
     |                             |
     |                             help: there is a expected value with a similar name: `"channel-mochat"`
     |
     = note: expected values for `feature` are: `channel-acp-server`, `channel-bluesky`, `channel-clawdtalk`, `channel-dingtalk`, `channel-discord`, `channel-email`, `channel-full`, `channel-imessage`, `channel-irc`, `channel-linq`, `channel-mattermost`, `channel-mochat`, `channel-mqtt`, `channel-nextcloud`, `channel-notion`, `channel-qq`, `channel-reddit`, `channel-signal`, `channel-slack`, `channel-telegram`, `channel-twitter`, `channel-wati`, `channel-webhook`, `channel-wecom`, `channel-whatsapp-cloud`, and `default`
     = help: consider adding `channel-wechat` as a feature in `Cargo.toml`
     = note: see <https://doc.rust-lang.org/nightly/rustc/check-cfg/cargo-specifics.html> for more information about checking conditional configuration

warning: unused import: `async_imap::types::Fetch`
  --> crates/operant-channels/src/email_channel.rs:14:5
   |
14 | use async_imap::types::Fetch;
   |     ^^^^^^^^^^^^^^^^^^^^^^^^
   |
   = note: `#[warn(unused_imports)]` (part of `#[warn(unused)]`) on by default

warning: unused imports: `Compat` and `TokioAsyncWriteCompatExt`
  --> crates/operant-channels/src/email_channel.rs:32:26
   |
32 | use tokio_util::compat::{Compat, TokioAsyncReadCompatExt, TokioAsyncWriteCompatExt};
   |                          ^^^^^^                           ^^^^^^^^^^^^^^^^^^^^^^^^

warning: unused imports: `Router` and `routing::post`
 --> crates/operant-channels/src/webhook.rs:4:5
  |
4 |     Router,
  |     ^^^^^^
...
8 |     routing::post,
  |     ^^^^^^^^^^^^^

warning: unused import: `Router`
   --> crates/operant-channels/src/webhook.rs:245:13
    |
245 |             Router,
    |             ^^^^^^

warning: unused imports: `TokioExecutor`, `TokioIo`, and `server::conn::auto::Builder`
   --> crates/operant-channels/src/webhook.rs:252:18
    |
252 |             rt::{TokioExecutor, TokioIo},
    |                  ^^^^^^^^^^^^^  ^^^^^^^
253 |             server::conn::auto::Builder,
    |             ^^^^^^^^^^^^^^^^^^^^^^^^^^^

warning: unused imports: `ServiceBuilder` and `limit::ConcurrencyLimitLayer`
   --> crates/operant-channels/src/webhook.rs:255:30
    |
255 |         use tower::{Service, ServiceBuilder, ServiceExt, limit::ConcurrencyLimitLayer};
    |                              ^^^^^^^^^^^^^^              ^^^^^^^^^^^^^^^^^^^^^^^^^^^^

warning: unused import: `ServiceExt`
   --> crates/operant-channels/src/webhook.rs:255:46
    |
255 |         use tower::{Service, ServiceBuilder, ServiceExt, limit::ConcurrencyLimitLayer};
    |                                              ^^^^^^^^^^

warning: unused variable: `seq`
   --> crates/operant-channels/src/webhook.rs:319:33
    |
319 | ...                   let seq = state.counter.fetch_add(1, Ordering::Relaxed);
    |                           ^^^ help: if this is intentional, prefix it with an underscore: `_seq`
    |
    = note: `#[warn(unused_variables)]` (part of `#[warn(unused)]`) on by default

warning: unused variable: `shutdown_tx`
   --> crates/operant-channels/src/webhook.rs:370:14
    |
370 |         let (shutdown_tx, mut shutdown_rx) = tokio::sync::oneshot::channel::<()>();
    |              ^^^^^^^^^^^ help: if this is intentional, prefix it with an underscore: `_shutdown_tx`

warning: function `handle_webhook` is never used
   --> crates/operant-channels/src/webhook.rs:120:10
    |
120 | async fn handle_webhook(
    |          ^^^^^^^^^^^^^^
    |
    = note: `#[warn(dead_code)]` (part of `#[warn(unused)]`) on by default

warning: `operant-channels` (lib) generated 58 warnings (run `cargo fix --lib -p operant-channels` to apply 8 suggestions)
warning: unexpected `cfg` condition value: `observability-prometheus`
   --> crates/operant-runtime/src/observability/mod.rs:263:32
    |
263 |         let expected = if cfg!(feature = "observability-prometheus") {
    |                                ^^^^^^^^^^^^^^^^^^^^^^^^^^^^^^^^^^^^
    |
    = note: expected values for `feature` are: `browser-native`, `default`, `rag-pdf`, and `schema-export`
    = help: consider adding `observability-prometheus` as a feature in `Cargo.toml`
    = note: see <https://doc.rust-lang.org/nightly/rustc/check-cfg/cargo-specifics.html> for more information about checking conditional configuration

warning: unexpected `cfg` condition value: `observability-otel`
   --> crates/operant-runtime/src/observability/mod.rs:279:32
    |
279 |         let expected = if cfg!(feature = "observability-otel") {
    |                                ^^^^^^^^^^^^^^^^^^^^^^^^^^^^^^
    |
    = note: expected values for `feature` are: `browser-native`, `default`, `rag-pdf`, and `schema-export`
    = help: consider adding `observability-otel` as a feature in `Cargo.toml`
    = note: see <https://doc.rust-lang.org/nightly/rustc/check-cfg/cargo-specifics.html> for more information about checking conditional configuration

warning: unexpected `cfg` condition value: `observability-otel`
   --> crates/operant-runtime/src/observability/mod.rs:295:32
    |
295 |         let expected = if cfg!(feature = "observability-otel") {
    |                                ^^^^^^^^^^^^^^^^^^^^^^^^^^^^^^
    |
    = note: expected values for `feature` are: `browser-native`, `default`, `rag-pdf`, and `schema-export`
    = help: consider adding `observability-otel` as a feature in `Cargo.toml`
    = note: see <https://doc.rust-lang.org/nightly/rustc/check-cfg/cargo-specifics.html> for more information about checking conditional configuration

warning: unexpected `cfg` condition value: `observability-otel`
   --> crates/operant-runtime/src/observability/mod.rs:311:32
    |
311 |         let expected = if cfg!(feature = "observability-otel") {
    |                                ^^^^^^^^^^^^^^^^^^^^^^^^^^^^^^
    |
    = note: expected values for `feature` are: `browser-native`, `default`, `rag-pdf`, and `schema-export`
    = help: consider adding `observability-otel` as a feature in `Cargo.toml`
    = note: see <https://doc.rust-lang.org/nightly/rustc/check-cfg/cargo-specifics.html> for more information about checking conditional configuration

warning: `operant-runtime` (lib test) generated 26 warnings (22 duplicates)
warning: unused imports: `Router`, `delete`, `get`, `patch`, and `post`
  --> crates/operant-gateway/src/api.rs:7:5
   |
 7 |     Router,
   |     ^^^^^^
...
11 |     routing::{delete, get, patch, post},
   |               ^^^^^^  ^^^  ^^^^^  ^^^^
   |
   = note: `#[warn(unused_imports)]` (part of `#[warn(unused)]`) on by default

warning: unused import: `operant_config::pairing::PairingGuard`
  --> crates/operant-gateway/src/api.rs:13:5
   |
13 | use operant_config::pairing::PairingGuard;
   |     ^^^^^^^^^^^^^^^^^^^^^^^^^^^^^^^^^^^^^

warning: unused import: `std::sync::Arc`
  --> crates/operant-gateway/src/api.rs:15:5
   |
15 | use std::sync::Arc;
   |     ^^^^^^^^^^^^^^

warning: unused import: `tokio::sync::broadcast`
  --> crates/operant-gateway/src/api.rs:16:5
   |
16 | use tokio::sync::broadcast;
   |     ^^^^^^^^^^^^^^^^^^^^^^

warning: unused import: `tokio::sync::watch`
  --> crates/operant-gateway/src/api.rs:17:5
   |
17 | use tokio::sync::watch;
   |     ^^^^^^^^^^^^^^^^^^

warning: unused imports: `auth_rate_limit::AuthRateLimiter`, `session_queue::SessionActorQueue`, `sse::EventBuffer`, and `tools::CanvasStore`
    --> crates/operant-gateway/src/api.rs:2350:9
     |
2350 |         auth_rate_limit::AuthRateLimiter, session_queue::SessionActorQueue, sse::EventBuffer,
     |         ^^^^^^^^^^^^^^^^^^^^^^^^^^^^^^^^  ^^^^^^^^^^^^^^^^^^^^^^^^^^^^^^^^  ^^^^^^^^^^^^^^^^
2351 |         tools::CanvasStore,
     |         ^^^^^^^^^^^^^^^^^^

warning: unused imports: `delete`, `get`, `patch`, and `post`
    --> crates/operant-gateway/src/api.rs:2355:19
     |
2355 |         routing::{delete, get, patch, post},
     |                   ^^^^^^  ^^^  ^^^^^  ^^^^

warning: unused import: `operant_memory::Memory`
    --> crates/operant-gateway/src/api.rs:2357:9
     |
2357 |     use operant_memory::Memory;
     |         ^^^^^^^^^^^^^^^^^^^^^^

warning: unused import: `operant_providers::Provider`
    --> crates/operant-gateway/src/api.rs:2358:9
     |
2358 |     use operant_providers::Provider;
     |         ^^^^^^^^^^^^^^^^^^^^^^^^^^^

warning: unused import: `operant_runtime::cron::CronJob`
    --> crates/operant-gateway/src/api.rs:2359:9
     |
2359 |     use operant_runtime::cron::CronJob;
     |         ^^^^^^^^^^^^^^^^^^^^^^^^^^^^^^

warning: unused imports: `Arc`, `Mutex`, `collections::HashMap`, and `time::Duration`
    --> crates/operant-gateway/src/api.rs:2361:9
     |
2361 |         collections::HashMap,
     |         ^^^^^^^^^^^^^^^^^^^^
2362 |         sync::{Arc, Mutex},
     |                ^^^  ^^^^^
2363 |         time::Duration,
     |         ^^^^^^^^^^^^^^

warning: unused import: `Mutex`
    --> crates/operant-gateway/src/api.rs:2461:21
     |
2461 |         sync::{Arc, Mutex},
     |                     ^^^^^

warning: unused import: `tokio_rustls::TlsAcceptor`
  --> crates/operant-gateway/src/tls.rs:15:5
   |
15 | use tokio_rustls::TlsAcceptor;
   |     ^^^^^^^^^^^^^^^^^^^^^^^^^

warning: unused imports: `Extension`, `delete`, `patch`, `post`, and `serve`
  --> crates/operant-gateway/src/lib.rs:37:5
   |
37 |     Extension, Router,
   |     ^^^^^^^^^
...
42 |     routing::{delete, get, patch, post},
   |               ^^^^^^       ^^^^^  ^^^^
43 |     serve,
   |     ^^^^^

warning: unused import: `operant_config::policy::SecurityPolicy`
  --> crates/operant-gateway/src/lib.rs:54:5
   |
54 | use operant_config::policy::SecurityPolicy;
   |     ^^^^^^^^^^^^^^^^^^^^^^^^^^^^^^^^^^^^^^

warning: unused imports: `ObserverEvent` and `self`
  --> crates/operant-gateway/src/lib.rs:60:38
   |
60 | use operant_runtime::observability::{self, Observer, ObserverEvent, set_scoped_broadcast_hook};
   |                                      ^^^^            ^^^^^^^^^^^^^

warning: unused import: `operant_runtime::platform`
  --> crates/operant-gateway/src/lib.rs:61:5
   |
61 | use operant_runtime::platform;
   |     ^^^^^^^^^^^^^^^^^^^^^^^^^

warning: unused import: `is_public_bind`
  --> crates/operant-gateway/src/lib.rs:62:60
   |
62 | use operant_runtime::security::pairing::{constant_time_eq, is_public_bind};
   |                                                            ^^^^^^^^^^^^^^

warning: unused import: `tower::Service`
  --> crates/operant-gateway/src/lib.rs:71:5
   |
71 | use tower::Service;
   |     ^^^^^^^^^^^^^^

warning: unused variable: `shutdown_rx`
   --> crates/operant-gateway/src/lib.rs:447:9
    |
447 |         shutdown_rx: tokio::sync::watch::Receiver<bool>,
    |         ^^^^^^^^^^^ help: if this is intentional, prefix it with an underscore: `_shutdown_rx`
    |
    = note: `#[warn(unused_variables)]` (part of `#[warn(unused)]`) on by default

warning: unused variable: `event_tx`
   --> crates/operant-gateway/src/lib.rs:448:9
    |
448 |         event_tx: tokio::sync::broadcast::Sender<serde_json::Value>,
    |         ^^^^^^^^ help: if this is intentional, prefix it with an underscore: `_event_tx`

warning: unused variable: `external_event_tx`
   --> crates/operant-gateway/src/lib.rs:449:9
    |
449 |         external_event_tx: Option<tokio::sync::broadcast::Sender<serde_json::Value>>,
    |         ^^^^^^^^^^^^^^^^^ help: if this is intentional, prefix it with an underscore: `_external_event_tx`

warning: unused variable: `reload_tx`
   --> crates/operant-gateway/src/lib.rs:450:9
    |
450 |         reload_tx: Option<tokio::sync::watch::Sender<bool>>,
    |         ^^^^^^^^^ help: if this is intentional, prefix it with an underscore: `_reload_tx`

warning: unused variable: `canvas_store`
   --> crates/operant-gateway/src/lib.rs:451:9
    |
451 |         canvas_store: Option<CanvasStore>,
    |         ^^^^^^^^^^^^ help: if this is intentional, prefix it with an underscore: `_canvas_store`

warning: variable does not need to be mutable
   --> crates/operant-gateway/src/lib.rs:563:23
    |
563 |     let (shutdown_tx, mut shutdown_rx) = tokio::sync::watch::channel(false);
    |                       ----^^^^^^^^^^^
    |                       |
    |                       help: remove this `mut`
    |
    = note: `#[warn(unused_mut)]` (part of `#[warn(unused)]`) on by default

warning: unused variable: `shutdown_tx`
   --> crates/operant-gateway/src/lib.rs:563:10
    |
563 |     let (shutdown_tx, mut shutdown_rx) = tokio::sync::watch::channel(false);
    |          ^^^^^^^^^^^ help: if this is intentional, prefix it with an underscore: `_shutdown_tx`

warning: unused variable: `shutdown_tx`
   --> crates/operant-gateway/src/lib.rs:610:10
    |
610 |     let (shutdown_tx, mut shutdown_rx) = tokio::sync::watch::channel(false);
    |          ^^^^^^^^^^^ help: if this is intentional, prefix it with an underscore: `_shutdown_tx`

warning: function `webhook_memory_key` is never used
   --> crates/operant-gateway/src/lib.rs:121:4
    |
121 | fn webhook_memory_key() -> String {
    |    ^^^^^^^^^^^^^^^^^^
    |
    = note: `#[warn(dead_code)]` (part of `#[warn(unused)]`) on by default

warning: function `whatsapp_memory_key` is never used
   --> crates/operant-gateway/src/lib.rs:125:4
    |
125 | fn whatsapp_memory_key(msg: &operant_api::channel::ChannelMessage) -> String {
    |    ^^^^^^^^^^^^^^^^^^^

warning: function `linq_memory_key` is never used
   --> crates/operant-gateway/src/lib.rs:129:4
    |
129 | fn linq_memory_key(msg: &operant_api::channel::ChannelMessage) -> String {
    |    ^^^^^^^^^^^^^^^

warning: function `wati_memory_key` is never used
   --> crates/operant-gateway/src/lib.rs:133:4
    |
133 | fn wati_memory_key(msg: &operant_api::channel::ChannelMessage) -> String {
    |    ^^^^^^^^^^^^^^^

warning: function `nextcloud_talk_memory_key` is never used
   --> crates/operant-gateway/src/lib.rs:137:4
    |
137 | fn nextcloud_talk_memory_key(msg: &operant_api::channel::ChannelMessage) -> String {
    |    ^^^^^^^^^^^^^^^^^^^^^^^^^

warning: function `sender_session_id` is never used
   --> crates/operant-gateway/src/lib.rs:141:4
    |
141 | fn sender_session_id(channel: &str, msg: &operant_api::channel::ChannelMessage) -> String {
    |    ^^^^^^^^^^^^^^^^^

warning: function `webhook_session_id` is never used
   --> crates/operant-gateway/src/lib.rs:148:4
    |
148 | fn webhook_session_id(headers: &HeaderMap) -> Option<String> {
    |    ^^^^^^^^^^^^^^^^^^

warning: function `hash_webhook_secret` is never used
   --> crates/operant-gateway/src/lib.rs:164:4
    |
164 | fn hash_webhook_secret(value: &str) -> String {
    |    ^^^^^^^^^^^^^^^^^^^

warning: field `webhook` is never read
   --> crates/operant-gateway/src/lib.rs:247:5
    |
245 | pub struct GatewayRateLimiter {
    |            ------------------ field in this struct
246 |     pair: SlidingWindowRateLimiter,
247 |     webhook: SlidingWindowRateLimiter,
    |     ^^^^^^^
    |
    = note: `GatewayRateLimiter` has a derived impl for the trait `Debug`, but this is intentionally ignored during dead code analysis

warning: method `allow_webhook` is never used
   --> crates/operant-gateway/src/lib.rs:263:8
    |
250 | impl GatewayRateLimiter {
    | ----------------------- method in this implementation
...
263 |     fn allow_webhook(&self, key: &str) -> bool {
    |        ^^^^^^^^^^^^^

warning: fields `ttl`, `max_keys`, and `keys` are never read
   --> crates/operant-gateway/src/lib.rs:270:5
    |
269 | pub struct IdempotencyStore {
    |            ---------------- fields in this struct
270 |     ttl: Duration,
    |     ^^^
271 |     max_keys: usize,
    |     ^^^^^^^^
272 |     keys: Mutex<HashMap<String, Instant>>,
    |     ^^^^
    |
    = note: `IdempotencyStore` has a derived impl for the trait `Debug`, but this is intentionally ignored during dead code analysis

warning: method `record_if_new` is never used
   --> crates/operant-gateway/src/lib.rs:285:8
    |
275 | impl IdempotencyStore {
    | --------------------- method in this implementation
...
285 |     fn record_if_new(&self, key: &str) -> bool {
    |        ^^^^^^^^^^^^^

warning: function `dirs_data_local` is never used
   --> crates/operant-gateway/src/lib.rs:328:4
    |
328 | fn dirs_data_local() -> Option<std::path::PathBuf> {
    |    ^^^^^^^^^^^^^^^

warning: function `normalize_max_keys` is never used
   --> crates/operant-gateway/src/lib.rs:361:4
    |
361 | fn normalize_max_keys(configured: usize, fallback: usize) -> usize {
    |    ^^^^^^^^^^^^^^^^^^

warning: function `format_paircode_recovery_command` is never used
   --> crates/operant-gateway/src/lib.rs:727:4
    |
727 | fn format_paircode_recovery_command(host: &str, port: u16) -> String {
    |    ^^^^^^^^^^^^^^^^^^^^^^^^^^^^^^^^

warning: function `paircode_recovery_host_arg` is never used
   --> crates/operant-gateway/src/lib.rs:736:4
    |
736 | fn paircode_recovery_host_arg(host: &str) -> Option<&str> {
    |    ^^^^^^^^^^^^^^^^^^^^^^^^^^

warning: function `format_paircode_recovery_curl` is never used
   --> crates/operant-gateway/src/lib.rs:743:4
    |
743 | fn format_paircode_recovery_curl(host: &str, port: u16, path_prefix: &str) -> String {
    |    ^^^^^^^^^^^^^^^^^^^^^^^^^^^^^

warning: function `handle_health` is never used
   --> crates/operant-gateway/src/lib.rs:752:10
    |
752 | async fn handle_health(State(state): State<AppState>) -> impl IntoResponse {
    |          ^^^^^^^^^^^^^

warning: constant `PROMETHEUS_CONTENT_TYPE` is never used
   --> crates/operant-gateway/src/lib.rs:763:7
    |
763 | const PROMETHEUS_CONTENT_TYPE: &str = "text/plain; version=0.0.4; charset=utf-8";
    |       ^^^^^^^^^^^^^^^^^^^^^^^

warning: function `prometheus_disabled_hint` is never used
   --> crates/operant-gateway/src/lib.rs:765:4
    |
765 | fn prometheus_disabled_hint() -> String {
    |    ^^^^^^^^^^^^^^^^^^^^^^^^

warning: function `handle_metrics` is never used
   --> crates/operant-gateway/src/lib.rs:784:10
    |
784 | async fn handle_metrics(State(state): State<AppState>) -> impl IntoResponse {
    |          ^^^^^^^^^^^^^^

warning: function `handle_pair` is never used
   --> crates/operant-gateway/src/lib.rs:810:10
    |
810 | async fn handle_pair(
    |          ^^^^^^^^^^^

warning: struct `GatewayChatOutcome` is never constructed
   --> crates/operant-gateway/src/lib.rs:904:8
    |
904 | struct GatewayChatOutcome {
    |        ^^^^^^^^^^^^^^^^^^

warning: function `is_needs_onboarding_err` is never used
   --> crates/operant-gateway/src/lib.rs:933:4
    |
933 | fn is_needs_onboarding_err(e: &anyhow::Error) -> bool {
    |    ^^^^^^^^^^^^^^^^^^^^^^^

warning: function `run_gateway_chat_with_tools` is never used
   --> crates/operant-gateway/src/lib.rs:951:10
    |
951 | async fn run_gateway_chat_with_tools(
    |          ^^^^^^^^^^^^^^^^^^^^^^^^^^^

warning: function `handle_webhook` is never used
    --> crates/operant-gateway/src/lib.rs:1037:10
     |
1037 | async fn handle_webhook(
     |          ^^^^^^^^^^^^^^

warning: function `handle_whatsapp_verify` is never used
    --> crates/operant-gateway/src/lib.rs:1275:10
     |
1275 | async fn handle_whatsapp_verify(
     |          ^^^^^^^^^^^^^^^^^^^^^^

warning: function `handle_whatsapp_message` is never used
    --> crates/operant-gateway/src/lib.rs:1328:10
     |
1328 | async fn handle_whatsapp_message(
     |          ^^^^^^^^^^^^^^^^^^^^^^^

warning: function `handle_linq_webhook` is never used
    --> crates/operant-gateway/src/lib.rs:1450:10
     |
1450 | async fn handle_linq_webhook(
     |          ^^^^^^^^^^^^^^^^^^^

warning: function `handle_wati_verify` is never used
    --> crates/operant-gateway/src/lib.rs:1574:10
     |
1574 | async fn handle_wati_verify(
     |          ^^^^^^^^^^^^^^^^^^

warning: function `handle_wati_webhook` is never used
    --> crates/operant-gateway/src/lib.rs:1598:10
     |
1598 | async fn handle_wati_webhook(State(state): State<AppState>, body: Bytes) -> impl IntoResponse {
     |          ^^^^^^^^^^^^^^^^^^^

warning: function `handle_nextcloud_talk_webhook` is never used
    --> crates/operant-gateway/src/lib.rs:1693:10
     |
1693 | async fn handle_nextcloud_talk_webhook(
     |          ^^^^^^^^^^^^^^^^^^^^^^^^^^^^^

warning: constant `GMAIL_WEBHOOK_MAX_BODY` is never used
    --> crates/operant-gateway/src/lib.rs:1822:7
     |
1822 | const GMAIL_WEBHOOK_MAX_BODY: usize = 1024 * 1024;
     |       ^^^^^^^^^^^^^^^^^^^^^^

warning: function `handle_gmail_push_webhook` is never used
    --> crates/operant-gateway/src/lib.rs:1825:10
     |
1825 | async fn handle_gmail_push_webhook(
     |          ^^^^^^^^^^^^^^^^^^^^^^^^^

warning: struct `AdminResponse` is never constructed
    --> crates/operant-gateway/src/lib.rs:1894:8
     |
1894 | struct AdminResponse {
     |        ^^^^^^^^^^^^^

warning: function `require_localhost` is never used
    --> crates/operant-gateway/src/lib.rs:1900:4
     |
1900 | fn require_localhost(peer: &SocketAddr) -> Result<(), (StatusCode, Json<serde_json::Value>)> {
     |    ^^^^^^^^^^^^^^^^^

warning: function `handle_admin_shutdown` is never used
    --> crates/operant-gateway/src/lib.rs:1914:10
     |
1914 | async fn handle_admin_shutdown(
     |          ^^^^^^^^^^^^^^^^^^^^^

warning: function `handle_admin_reload` is never used
    --> crates/operant-gateway/src/lib.rs:1947:10
     |
1947 | async fn handle_admin_reload(
     |          ^^^^^^^^^^^^^^^^^^^

warning: function `handle_admin_paircode` is never used
    --> crates/operant-gateway/src/lib.rs:1996:10
     |
1996 | async fn handle_admin_paircode(
     |          ^^^^^^^^^^^^^^^^^^^^^

warning: function `handle_admin_paircode_new` is never used
    --> crates/operant-gateway/src/lib.rs:2027:10
     |
2027 | async fn handle_admin_paircode_new(
     |          ^^^^^^^^^^^^^^^^^^^^^^^^^

warning: function `handle_pair_code` is never used
    --> crates/operant-gateway/src/lib.rs:2062:10
     |
2062 | async fn handle_pair_code(State(state): State<AppState>) -> impl IntoResponse {
     |          ^^^^^^^^^^^^^^^^

warning: struct `BroadcastObserver` is never constructed
   --> crates/operant-gateway/src/sse.rs:131:19
    |
131 | pub(crate) struct BroadcastObserver {
    |                   ^^^^^^^^^^^^^^^^^

warning: associated function `new` is never used
   --> crates/operant-gateway/src/sse.rs:137:19
    |
136 | impl BroadcastObserver {
    | ---------------------- associated function in this implementation
137 |     pub(crate) fn new(
    |                   ^^^

warning: unused imports: `GatewayRateLimiter`, `IdempotencyStore`, and `nodes`
    --> crates/operant-gateway/src/api.rs:1433:27
     |
1433 |     use crate::{AppState, GatewayRateLimiter, IdempotencyStore, nodes};
     |                           ^^^^^^^^^^^^^^^^^^  ^^^^^^^^^^^^^^^^  ^^^^^

warning: unused import: `parking_lot::Mutex`
    --> crates/operant-gateway/src/api.rs:1442:9
     |
1442 |     use parking_lot::Mutex;
     |         ^^^^^^^^^^^^^^^^^^

warning: unused import: `Mutex`
    --> crates/operant-gateway/src/api.rs:1524:25
     |
1524 |             sync::{Arc, Mutex},
     |                         ^^^^^

warning: unused import: `super::*`
   --> crates/operant-gateway/src/openapi.rs:399:9
    |
399 |     use super::*;
    |         ^^^^^^^^

warning: function `linq_memory_key` is never used
   --> crates/operant-gateway/src/lib.rs:129:4
    |
129 | fn linq_memory_key(msg: &operant_api::channel::ChannelMessage) -> String {
    |    ^^^^^^^^^^^^^^^
    |
    = note: `#[warn(dead_code)]` (part of `#[warn(unused)]`) on by default

warning: unexpected `cfg` condition value: `channel-voice-call`
     --> crates/operant-channels/src/orchestrator/mod.rs:12445:11
      |
12445 |     #[cfg(feature = "channel-voice-call")]
      |           ^^^^^^^^^^^^^^^^^^^^^^^^^^^^^^
      |
      = note: expected values for `feature` are: `channel-acp-server`, `channel-bluesky`, `channel-clawdtalk`, `channel-dingtalk`, `channel-discord`, `channel-email`, `channel-full`, `channel-imessage`, `channel-irc`, `channel-linq`, `channel-mattermost`, `channel-mochat`, `channel-mqtt`, `channel-nextcloud`, `channel-notion`, `channel-qq`, `channel-reddit`, `channel-signal`, `channel-slack`, `channel-telegram`, `channel-twitter`, `channel-wati`, `channel-webhook`, `channel-wecom`, `channel-whatsapp-cloud`, and `default`
      = help: consider adding `channel-voice-call` as a feature in `Cargo.toml`
      = note: see <https://doc.rust-lang.org/nightly/rustc/check-cfg/cargo-specifics.html> for more information about checking conditional configuration

warning: unexpected `cfg` condition value: `channel-voice-call`
     --> crates/operant-channels/src/orchestrator/mod.rs:13578:11
      |
13578 |     #[cfg(feature = "channel-voice-call")]
      |           ^^^^^^^^^^^^^^^^^^^^^^^^^^^^^^
      |
      = note: expected values for `feature` are: `channel-acp-server`, `channel-bluesky`, `channel-clawdtalk`, `channel-dingtalk`, `channel-discord`, `channel-email`, `channel-full`, `channel-imessage`, `channel-irc`, `channel-linq`, `channel-mattermost`, `channel-mochat`, `channel-mqtt`, `channel-nextcloud`, `channel-notion`, `channel-qq`, `channel-reddit`, `channel-signal`, `channel-slack`, `channel-telegram`, `channel-twitter`, `channel-wati`, `channel-webhook`, `channel-wecom`, `channel-whatsapp-cloud`, and `default`
      = help: consider adding `channel-voice-call` as a feature in `Cargo.toml`
      = note: see <https://doc.rust-lang.org/nightly/rustc/check-cfg/cargo-specifics.html> for more information about checking conditional configuration

warning: unexpected `cfg` condition value: `channel-voice-call`
     --> crates/operant-channels/src/orchestrator/mod.rs:13594:11
      |
13594 |     #[cfg(feature = "channel-voice-call")]
      |           ^^^^^^^^^^^^^^^^^^^^^^^^^^^^^^
      |
      = note: expected values for `feature` are: `channel-acp-server`, `channel-bluesky`, `channel-clawdtalk`, `channel-dingtalk`, `channel-discord`, `channel-email`, `channel-full`, `channel-imessage`, `channel-irc`, `channel-linq`, `channel-mattermost`, `channel-mochat`, `channel-mqtt`, `channel-nextcloud`, `channel-notion`, `channel-qq`, `channel-reddit`, `channel-signal`, `channel-slack`, `channel-telegram`, `channel-twitter`, `channel-wati`, `channel-webhook`, `channel-wecom`, `channel-whatsapp-cloud`, and `default`
      = help: consider adding `channel-voice-call` as a feature in `Cargo.toml`
      = note: see <https://doc.rust-lang.org/nightly/rustc/check-cfg/cargo-specifics.html> for more information about checking conditional configuration

warning: unused variable: `root`
   --> crates/operant-core/src/aft_bridge.rs:529:13
    |
529 |         let root = PathBuf::from("/tmp/test-project");
    |             ^^^^ help: if this is intentional, prefix it with an underscore: `_root`
    |
    = note: `#[warn(unused_variables)]` (part of `#[warn(unused)]`) on by default

warning: variable `brace_depth` is assigned to, but never used
    --> crates/operant-core/src/agent/mod.rs:2201:9
     |
2201 |     let mut brace_depth = 0i32;
     |         ^^^^^^^^^^^^^^^
     |
     = note: consider using `_brace_depth` instead

warning: struct `TestHandler` is never constructed
  --> crates/operant-core/src/acp/server.rs:90:12
   |
90 |     struct TestHandler {
   |            ^^^^^^^^^^^
   |
   = note: `#[warn(dead_code)]` (part of `#[warn(unused)]`) on by default

warning: `operant-gateway` (lib) generated 70 warnings (run `cargo fix --lib -p operant-gateway` to apply 27 suggestions)
warning: `operant-gateway` (lib test) generated 49 warnings (44 duplicates) (run `cargo fix --lib -p operant-gateway --tests` to apply 4 suggestions)
warning: `operant-channels` (lib test) generated 61 warnings (58 duplicates)
warning: `operant-core` (lib test) generated 9 warnings (6 duplicates) (run `cargo fix --lib -p operant-core --tests` to apply 1 suggestion)
warning: `operant-tools` (lib test) generated 8 warnings (8 duplicates)
warning: `operant-hardware` (lib test) generated 5 warnings (5 duplicates)
warning: unused import: `render_markdown`
  --> crates/operant-cli/src/tui/render.rs:31:20
   |
31 |     RenderContext, render_markdown, render_thinking_live_content,
   |                    ^^^^^^^^^^^^^^^
   |
   = note: `#[warn(unused_imports)]` (part of `#[warn(unused)]`) on by default

warning: method `len` is never used
   --> crates/operant-cli/src/commands.rs:673:12
    |
615 | impl CommandRegistry {
    | -------------------- method in this implementation
...
673 |     pub fn len(&self) -> usize {
    |            ^^^
    |
    = note: `#[warn(dead_code)]` (part of `#[warn(unused)]`) on by default

warning: variant `Parse` is never constructed
    --> crates/operant-cli/src/config.rs:1581:5
     |
1579 | pub enum ConfigError {
     |          ----------- variant in this enum
1580 |     Io(std::io::Error),
1581 |     Parse(String),
     |     ^^^^^
     |
     = note: `ConfigError` has a derived impl for the trait `Debug`, but this is intentionally ignored during dead code analysis

warning: fields `refresh` and `expires` are never read
   --> crates/operant-cli/src/tui/adapter_types.rs:888:9
    |
886 |     OAuthToken {
    |     ---------- fields in this variant
887 |         access: String,
888 |         refresh: String,
    |         ^^^^^^^
889 |         expires: u64,
    |         ^^^^^^^
    |
    = note: `StoredCredential` has derived impls for the traits `Clone` and `Debug`, but these are intentionally ignored during dead code analysis

warning: method `ensure_provider_defaults` is never used
    --> crates/operant-cli/src/tui/adapter_types.rs:1062:12
     |
1052 | impl ModelRegistry {
     | ------------------ method in this implementation
...
1062 |     pub fn ensure_provider_defaults(&mut self) {
     |            ^^^^^^^^^^^^^^^^^^^^^^^^

warning: field `signature` is never read
   --> crates/operant-cli/src/tui/adapter_types.rs:229:13
    |
227 |         Thinking {
    |         -------- field in this variant
228 |             thinking: String,
229 |             signature: String,
    |             ^^^^^^^^^
    |
    = note: `ContentBlock` has derived impls for the traits `Clone` and `Debug`, but these are intentionally ignored during dead code analysis

warning: multiple variants are never constructed
   --> crates/operant-cli/src/tui/adapter_types.rs:231:9
    |
223 |     pub enum ContentBlock {
    |              ------------ variants in this enum
...
231 |         RedactedThinking {
    |         ^^^^^^^^^^^^^^^^
...
234 |         ToolUse {
    |         ^^^^^^^
...
239 |         ToolResult {
    |         ^^^^^^^^^^
...
244 |         Image {
    |         ^^^^^
...
249 |         Document {
    |         ^^^^^^^^
...
254 |         UserLocalCommandOutput {
    |         ^^^^^^^^^^^^^^^^^^^^^^
...
258 |         UserCommand {
    |         ^^^^^^^^^^^
...
262 |         UserMemoryInput {
    |         ^^^^^^^^^^^^^^^
...
266 |         SystemAPIError {
    |         ^^^^^^^^^^^^^^
...
270 |         CollapsedReadSearch {
    |         ^^^^^^^^^^^^^^^^^^^
...
275 |         TaskAssignment {
    |         ^^^^^^^^^^^^^^
    |
    = note: `ContentBlock` has derived impls for the traits `Clone` and `Debug`, but these are intentionally ignored during dead code analysis

warning: variants `Text`, `Image`, and `Blocks` are never constructed
   --> crates/operant-cli/src/tui/adapter_types.rs:284:9
    |
283 |     pub enum ToolResultContent {
    |              ----------------- variants in this enum
284 |         Text(String),
    |         ^^^^
285 |         Image { data: String, media_type: String },
    |         ^^^^^
286 |         Blocks(Vec<ContentBlock>),
    |         ^^^^^^
    |
    = note: `ToolResultContent` has derived impls for the traits `Clone` and `Debug`, but these are intentionally ignored during dead code analysis

warning: variants `Running`, `Failed`, and `Deleted` are never constructed
    --> crates/operant-cli/src/tui/adapter_types.rs:1458:9
     |
1456 |     pub enum TaskStatus {
     |              ---------- variants in this enum
1457 |         Pending,
1458 |         Running,
     |         ^^^^^^^
1459 |         Completed,
1460 |         Failed,
     |         ^^^^^^
1461 |         InProgress,
1462 |         Deleted,
     |         ^^^^^^^
     |
     = note: `TaskStatus` has derived impls for the traits `Clone` and `Debug`, but these are intentionally ignored during dead code analysis

warning: struct `Task` is never constructed
    --> crates/operant-cli/src/tui/adapter_types.rs:1479:16
     |
1479 |     pub struct Task {
     |                ^^^^

warning: variants `Mouse`, `Resize`, `Paste`, `OverlayOpened`, and `OverlayClosed` are never constructed
  --> crates/operant-cli/src/tui/debug/event_bus.rs:28:5
   |
21 | pub enum TuiEvent {
   |          -------- variants in this enum
...
28 |     Mouse {
   |     ^^^^^
...
34 |     Resize {
   |     ^^^^^^
...
39 |     Paste {
   |     ^^^^^
...
83 |     OverlayOpened {
   |     ^^^^^^^^^^^^^
...
87 |     OverlayClosed {
   |     ^^^^^^^^^^^^^
   |
   = note: `TuiEvent` has derived impls for the traits `Clone` and `Debug`, but these are intentionally ignored during dead code analysis

warning: associated items `apply_provider_refresh`, `elapsed_str`, `refresh_mcp_view`, `take_mcp_approval_result`, `clear_prompt`, and `persist_onboarding_complete_pub` are never used
    --> crates/operant-cli/src/tui/app.rs:1912:12
     |
1227 | impl App {
     | -------- associated items in this implementation
...
1912 |     pub fn apply_provider_refresh(
     |            ^^^^^^^^^^^^^^^^^^^^^^
...
3402 |     pub fn elapsed_str(&self) -> String {
     |            ^^^^^^^^^^^
...
3513 |     pub fn refresh_mcp_view(&mut self) {
     |            ^^^^^^^^^^^^^^^^
...
3529 |     pub fn take_mcp_approval_result(&mut self) -> Option<crate::dialogs::McpApprovalChoice> {
     |            ^^^^^^^^^^^^^^^^^^^^^^^^
...
3537 |     fn clear_prompt(&mut self) {
     |        ^^^^^^^^^^^^
...
3559 |     pub fn persist_onboarding_complete_pub() -> anyhow::Result<()> {
     |            ^^^^^^^^^^^^^^^^^^^^^^^^^^^^^^^

warning: variants `ShowingCode`, `BrowserAuth`, `Success`, and `Error` are never constructed
  --> crates/operant-cli/src/tui/device_auth_dialog.rs:30:5
   |
24 | pub enum DeviceAuthStatus {
   |          ---------------- variants in this enum
...
30 |     ShowingCode,
   |     ^^^^^^^^^^^
...
34 |     BrowserAuth,
   |     ^^^^^^^^^^^
35 |     /// Successfully obtained a token.
36 |     Success(String),
   |     ^^^^^^^
37 |     /// An error occurred.
38 |     Error(String),
   |     ^^^^^
   |
   = note: `DeviceAuthStatus` has derived impls for the traits `Clone` and `Debug`, but these are intentionally ignored during dead code analysis

warning: field `interval` is never read
  --> crates/operant-cli/src/tui/device_auth_dialog.rs:53:9
   |
45 | pub struct DeviceAuthDialogState {
   |            --------------------- field in this struct
...
53 |     pub interval: u64,
   |         ^^^^^^^^

warning: methods `set_browser_url`, `set_code`, `set_polling`, `set_success`, and `set_error` are never used
   --> crates/operant-cli/src/tui/device_auth_dialog.rs:94:12
    |
 59 | impl DeviceAuthDialogState {
    | -------------------------- methods in this implementation
...
 94 |     pub fn set_browser_url(&mut self, url: String) {
    |            ^^^^^^^^^^^^^^^
...
100 |     pub fn set_code(
    |            ^^^^^^^^
...
116 |     pub fn set_polling(&mut self) {
    |            ^^^^^^^^^^^
...
121 |     pub fn set_success(&mut self, token: String) {
    |            ^^^^^^^^^^^
...
126 |     pub fn set_error(&mut self, msg: String) {
    |            ^^^^^^^^^

warning: enum `DeviceAuthEvent` is never used
   --> crates/operant-cli/src/tui/device_auth_dialog.rs:137:10
    |
137 | pub enum DeviceAuthEvent {
    |          ^^^^^^^^^^^^^^^

warning: field `tool_use_id` is never read
  --> crates/operant-cli/src/tui/dialogs.rs:54:9
   |
53 | pub struct PermissionRequest {
   |            ----------------- field in this struct
54 |     pub tool_use_id: String,
   |         ^^^^^^^^^^^
   |
   = note: `PermissionRequest` has derived impls for the traits `Clone` and `Debug`, but these are intentionally ignored during dead code analysis

warning: field `path` is never read
  --> crates/operant-cli/src/tui/image_paste.rs:24:9
   |
22 | pub struct PastedImage {
   |            ----------- field in this struct
23 |     /// Path to the temporary PNG file on disk.
24 |     pub path: PathBuf,
   |         ^^^^
   |
   = note: `PastedImage` has derived impls for the traits `Clone` and `Debug`, but these are intentionally ignored during dead code analysis

warning: method `match_indices` is never used
   --> crates/operant-cli/src/tui/overlays.rs:777:12
    |
776 | impl HistorySearchOverlay {
    | ------------------------- method in this implementation
777 |     pub fn match_indices(&self) -> Vec<usize> {
    |            ^^^^^^^^^^^^^

warning: method `reasoning_heading` is never used
  --> crates/operant-cli/src/tui/transcript_turn.rs:34:12
   |
18 | impl<'a> TranscriptTurn<'a> {
   | --------------------------- method in this implementation
...
34 |     pub fn reasoning_heading(&self) -> Option<String> {
   |            ^^^^^^^^^^^^^^^^^

warning: function `motion_W_B_basic` should have a snake case name
    --> crates/operant-cli/src/tui/prompt_input.rs:4129:8
     |
4129 |     fn motion_W_B_basic() {
     |        ^^^^^^^^^^^^^^^^ help: convert the identifier to snake case: `motion_w_b_basic`
     |
     = note: `#[warn(non_snake_case)]` (part of `#[warn(nonstandard_style)]`) on by default

warning: function `motion_E_basic` should have a snake case name
    --> crates/operant-cli/src/tui/prompt_input.rs:4136:8
     |
4136 |     fn motion_E_basic() {
     |        ^^^^^^^^^^^^^^ help: convert the identifier to snake case: `motion_e_basic`

warning: function `motion_G_basic` should have a snake case name
    --> crates/operant-cli/src/tui/prompt_input.rs:4147:8
     |
4147 |     fn motion_G_basic() {
     |        ^^^^^^^^^^^^^^ help: convert the identifier to snake case: `motion_g_basic`

warning: function `motion_find_char_bigF` should have a snake case name
    --> crates/operant-cli/src/tui/prompt_input.rs:4180:8
     |
4180 |     fn motion_find_char_bigF() {
     |        ^^^^^^^^^^^^^^^^^^^^^ help: convert the identifier to snake case: `motion_find_char_big_f`

warning: function `vim_key_W_motion` should have a snake case name
    --> crates/operant-cli/src/tui/prompt_input.rs:4211:8
     |
4211 |     fn vim_key_W_motion() {
     |        ^^^^^^^^^^^^^^^^ help: convert the identifier to snake case (notice the capitalization): `vim_key_w_motion`

warning: function `vim_key_G_last_line` should have a snake case name
    --> crates/operant-cli/src/tui/prompt_input.rs:4231:8
     |
4231 |     fn vim_key_G_last_line() {
     |        ^^^^^^^^^^^^^^^^^^^ help: convert the identifier to snake case: `vim_key_g_last_line`

warning: function `vim_key_X_delete_before_cursor` should have a snake case name
    --> crates/operant-cli/src/tui/prompt_input.rs:4510:8
     |
4510 |     fn vim_key_X_delete_before_cursor() {
     |        ^^^^^^^^^^^^^^^^^^^^^^^^^^^^^^ help: convert the identifier to snake case (notice the capitalization): `vim_key_x_delete_before_cursor`

warning: function `vim_key_D_delete_to_eol` should have a snake case name
    --> crates/operant-cli/src/tui/prompt_input.rs:4573:8
     |
4573 |     fn vim_key_D_delete_to_eol() {
     |        ^^^^^^^^^^^^^^^^^^^^^^^ help: convert the identifier to snake case: `vim_key_d_delete_to_eol`

warning: function `search_N_finds_prev` should have a snake case name
    --> crates/operant-cli/src/tui/prompt_input.rs:5031:8
     |
5031 |     fn search_N_finds_prev() {
     |        ^^^^^^^^^^^^^^^^^^^ help: convert the identifier to snake case: `search_n_finds_prev`

warning: `operant-cli` (bin "operant" test) generated 29 warnings (run `cargo fix --bin "operant" -p operant-cli --tests` to apply 1 suggestion)
    Finished `test` profile [unoptimized + debuginfo] target(s) in 0.29s
     Running unittests src/lib.rs (target/debug/deps/operant_api-766195509b638be3)

running 34 tests
test memory_traits::tests::memory_category_display_outputs_expected_values ... ok
test memory_traits::tests::memory_category_custom_roundtrip ... ok
test observability_traits::tests::hand_event_and_metric_are_cloneable ... ok
test observability_traits::tests::hand_events_recordable ... ok
test observability_traits::tests::hand_metrics_recordable ... ok
test memory_traits::tests::memory_category_serde_uses_snake_case ... ok
test memory_traits::tests::memory_entry_roundtrip_preserves_optional_fields ... ok
test observability_traits::tests::observer_default_flush_and_as_any_work ... ok
test observability_traits::tests::observer_event_and_metric_are_cloneable ... ok
test observability_traits::tests::observer_records_events_and_metrics ... ok
test runtime_traits::tests::default_memory_budget_is_zero ... ok
test runtime_traits::tests::runtime_reports_capabilities ... ok
test schema::tests::test_circular_ref_prevention ... ok
test schema::tests::test_clean_nested_unknown_schema_keyword ... ok
test schema::tests::test_const_to_enum ... ok
test schema::tests::test_flatten_literal_union ... ok
test schema::tests::test_preserve_metadata ... ok
test schema::tests::test_nested_properties ... ok
test schema::tests::test_ref_with_json_pointer_escape ... ok
test schema::tests::test_remove_unsupported_keywords ... ok
test schema::tests::test_resolve_ref ... ok
test schema::tests::test_strategy_differences ... ok
test schema::tests::test_strip_null_from_union ... ok
test schema::tests::test_type_array_null_removal ... ok
test schema::tests::test_skip_type_when_non_simplifiable_union_exists ... ok
test schema::tests::test_type_array_only_null_preserved ... ok
test schema::tests::test_validate_schema ... ok
test session_keys::tests::handles_empty_string ... ok
test session_keys::tests::preserves_alphanumeric_underscore_and_hyphen ... ok
test session_keys::tests::is_idempotent ... ok
test session_keys::tests::preserves_unicode_alphanumeric ... ok
test session_keys::tests::replaces_special_characters_with_underscore ... ok
test vad::tests::noop_vad_always_silence ... ok
test runtime_traits::tests::build_shell_command_executes ... ok

test result: ok. 34 passed; 0 failed; 0 ignored; 0 measured; 0 filtered out; finished in 0.00s

     Running unittests src/lib.rs (target/debug/deps/operant_channels-cd172dfdb51e2390)

running 1251 tests
test acp_channel::tests::request_choice_rejects_empty_choices ... ok
test acp_channel::tests::add_reaction_returns_error ... ok
test acp_channel::tests::supports_free_form_ask_is_false ... ok
test acp_channel::tests::name_returns_provided_name ... ok
test acp_channel::tests::remove_reaction_returns_error ... ok
test bluesky::tests::send_message_formatting ... ok
test acp_channel::tests::listen_returns_error ... ok
test bluesky::tests::parse_reply_notification ... ok
test bluesky::tests::parse_mention_notification ... ok
test bluesky::tests::reply_target_encoding ... ok
hello
test bluesky::tests::skip_empty_text ... ok

test acp_channel::tests::send_emits_agent_message_chunk_notification ... ok
test bluesky::tests::skip_own_notifications ... ok
test bluesky::tests::skip_read_notifications ... ok
test bluesky::tests::skip_like_notifications ... ok
test acp_channel::tests::request_choice_handles_cancel_outcome ... ok
test acp_channel::tests::request_choice_emits_request_permission_and_resolves_selection ... ok
test acp_channel::tests::request_approval_emits_request_permission_and_resolves_approve ... ok
test cli::tests::channel_message_clone ... ok
test cli::tests::channel_message_struct ... ok
test clawdtalk::tests::webhook_event_deserializes ... ok
test cli::tests::cli_channel_name ... ok
test cli::tests::cli_channel_health_check ... ok
test dingtalk::tests::parse_stream_data_supports_object_payload ... ok
test dingtalk::tests::parse_stream_data_supports_string_payload ... ok
test acp_channel::tests::request_approval_maps_always_and_cancel ... ok
test cli::tests::cli_channel_send_does_not_panic ... ok
test cli::tests::cli_channel_send_empty_message ... ok
test clawdtalk::tests::destination_allowed_exact_match ... ok
test clawdtalk::tests::destination_allowed_empty_means_all ... ok
test clawdtalk::tests::destination_allowed_wildcard ... ok
test dingtalk::tests::resolve_chat_id_handles_numeric_group_conversation_type ... ok
test clawdtalk::tests::creates_channel ... ok
test dingtalk::tests::test_user_allowed_specific ... ok
test dingtalk::tests::test_user_allowed_wildcard ... ok
test dingtalk::tests::test_user_denied_empty ... ok
test dingtalk::tests::test_name ... ok
test discord::tests::admit_discord_message_attachment_only_in_dm_is_admitted ... ok
test discord::tests::admit_discord_message_attachment_only_without_mention_in_guild_is_rejected ... ok
test discord::tests::admit_discord_message_attachment_only_with_mention_in_guild_is_admitted ... ok
test discord::tests::admit_discord_message_drops_when_no_text_and_no_attachments ... ok
test discord::tests::admit_discord_message_rejects_empty_text_and_no_attachments ... ok
test discord::tests::admit_discord_message_requires_mention_when_enabled ... ok
test discord::tests::admit_discord_message_strips_mentions_and_trims ... ok
test discord::tests::allowlist_empty_string_user_id ... ok
test discord::tests::allowlist_case_sensitive ... ok
test discord::tests::allowlist_is_exact_match_not_substring ... ok
test discord::tests::allowlist_with_wildcard_and_specific ... ok
test dingtalk::tests::test_config_serde_defaults ... ok
test discord::tests::approval_timeout_defaults_to_300_and_is_overridable ... ok
test dingtalk::tests::test_config_serde ... ok
test discord::tests::base64_decode_bot_id ... ok
test discord::tests::base64_decode_empty_string ... ok
test discord::tests::base64_decode_invalid_chars ... ok
test discord::tests::bot_user_id_extraction ... ok
test discord::tests::bot_user_id_from_empty_token ... ok
test discord::tests::chunks_for_send_does_not_emit_empty_chunk_when_no_files_to_upload ... ok
test discord::tests::chunks_for_send_emits_empty_chunk_when_multi_message_paragraph_collapses_to_only_a_file ... ok
test discord::tests::chunks_for_send_passes_through_non_empty_content ... ok
test discord::tests::classify_outgoing_attachments_drops_disallowed_schemes ... ok
test discord::tests::classify_outgoing_attachments_drops_missing_absolute_paths ... ok
test discord::tests::classify_outgoing_attachments_passes_http_without_workspace ... ok
test discord::tests::classify_outgoing_attachments_drops_relative_paths ... ok
test discord::tests::classify_outgoing_attachments_refuses_local_without_workspace ... ok
test discord::tests::classify_outgoing_attachments_drops_paths_outside_workspace ... ok
test discord::tests::compose_body_with_failure_note_appends_note_to_existing_content ... ok
test discord::tests::classify_outgoing_attachments_keeps_workspace_locals_and_http ... ok
test discord::tests::compose_body_with_failure_note_returns_content_when_no_note ... ok
test discord::tests::compose_body_with_failure_note_returns_empty_when_no_content_and_no_note ... ok
test discord::tests::compose_body_with_failure_note_uses_note_alone_when_content_empty ... ok
test discord::tests::contains_bot_mention_supports_plain_and_nick_forms ... ok
test discord::tests::decide_failure_reactions_emits_both_when_mixed ... ok
test discord::tests::decide_failure_reactions_emits_not_found_only ... ok
test discord::tests::decide_failure_reactions_emits_refused_only ... ok
test discord::tests::decide_failure_reactions_empty_for_no_failures ... ok
test discord::tests::concurrent_typing_handles_are_independent ... ok
test discord::tests::delivery_failure_note_is_none_when_no_failures ... ok
test discord::tests::delivery_failure_note_plural_lists_targets_in_order ... ok
test discord::tests::delivery_failure_note_singular_for_one_failure ... ok
test discord::tests::discord_channel_name ... ok
test discord::tests::discord_message_id_different_message_different_id ... ok
test discord::tests::discord_message_id_fallback_to_uuid_on_empty ... ok
test discord::tests::discord_message_id_format_includes_discord_prefix ... ok
test discord::tests::discord_message_id_is_deterministic ... ok
test discord::tests::discord_reaction_url_encodes_emoji_and_strips_prefix ... ok
test discord::tests::discord_message_id_uses_snowflake_id ... ok
test discord::tests::empty_allowlist_denies_everyone ... ok
test discord::tests::encode_emoji_checkmark ... ok
test discord::tests::encode_emoji_custom_guild_emoji_passthrough ... ok
test discord::tests::encode_emoji_simple_ascii_char ... ok
test discord::tests::encode_emoji_unicode_percent_encodes ... ok
test discord::tests::is_thread_channel_type_matches_only_thread_types ... ok
test discord::tests::marker_kind_for_classifies_each_mime_family ... ok
test discord::tests::marker_kind_for_prefers_image_over_audio_when_content_type_is_image ... ok
test discord::tests::marker_kind_for_treats_audio_flag_as_audio_regardless_of_content_type ... ok
test discord::tests::mention_only_dm_bypasses_mention_gate ... ok
test discord::tests::mention_only_guild_message_with_mention_passes_and_strips ... ok
test discord::tests::mention_only_guild_message_without_mention_is_rejected ... ok
test discord::tests::parse_attachment_markers_extracts_supported_markers ... ok
test discord::tests::parse_attachment_markers_keeps_invalid_marker_text ... ok
test discord::tests::pending_approvals_map_is_initially_empty ... ok
test discord::tests::pending_approval_oneshot_delivers_response ... ok
test discord::tests::specific_allowlist_filters ... ok
test discord::tests::split_empty_message ... ok
test discord::tests::send_draft_returns_none_when_not_partial ... ok
test discord::tests::random_discord_ack_reaction_is_from_pool ... ok
test discord::tests::process_attachments_empty_list_returns_empty ... ok
test discord::tests::split_message_emoji_at_boundary ... ok
test discord::tests::split_message_code_block_at_boundary ... ok
test discord::tests::split_message_exactly_2000_chars ... ok
test discord::tests::split_message_consecutive_newlines_at_boundary ... ok
test discord::tests::split_message_exactly_at_limit_no_split ... ok
test discord::tests::split_message_for_discord_multi_empty_input ... ok
test discord::tests::split_message_for_discord_multi_preserves_code_fences ... ok
test discord::tests::split_message_for_discord_multi_single_paragraph ... ok
test discord::tests::split_message_for_discord_multi_splits_at_paragraphs ... ok
test discord::tests::split_message_for_discord_multi_respects_max_len ... ok
test discord::tests::split_chunks_always_within_discord_limit ... ok
test discord::tests::split_message_just_over_limit ... ok
test discord::tests::split_message_only_whitespace ... ok
test discord::tests::split_message_one_over_limit_splits ... ok
test discord::tests::split_message_single_long_word_exceeds_limit ... ok
test discord::tests::split_message_many_short_lines ... ok
test discord::tests::split_multiple_breaks ... ok
test discord::tests::split_multibyte_only_content_without_panics ... ok
test discord::tests::split_newline_too_close_to_end ... ok
test discord::tests::split_prefer_newline_break ... ok
test discord::tests::split_prefer_space_break ... ok
test discord::tests::split_short_message_under_limit ... ok
test discord::tests::supports_draft_updates_respects_stream_mode ... ok
test discord::tests::typing_handles_start_empty ... ok
test discord::tests::split_without_good_break_points_hard_split ... ok
test discord::tests::stop_typing_clears_handle ... ok
test discord::tests::start_typing_sets_handle ... ok
test discord::tests::stop_typing_is_idempotent ... ok
test discord::tests::wildcard_allows_everyone ... ok
test discord::tests::with_inline_attachment_urls_appends_remote_urls_only ... ok
test discord::tests::with_inline_attachment_urls_keeps_content_when_no_urls ... ok
test discord::tests::split_unicode_content ... ok
test discord::tests::split_preserves_content ... ok
test discord::tests::split_very_long_message ... ok
test email_channel::tests::default_idle_timeout_is_29_minutes ... ok
test discord::tests::update_draft_rate_limit_short_circuits ... ok
test email_channel::tests::default_imap_folder_returns_inbox ... ok
test email_channel::tests::default_imap_port_returns_993 ... ok
test discord::tests::split_message_with_multiple_newlines ... ok
test email_channel::tests::default_smtp_port_returns_465 ... ok
test email_channel::tests::default_smtp_port_uses_tls_port ... ok
test email_channel::tests::default_true_returns_true ... ok
test email_channel::tests::email_channel_name ... ok
test email_channel::tests::email_config_clone ... ok
test email_channel::tests::email_config_custom ... ok
test email_channel::tests::email_channel_new ... ok
test email_channel::tests::email_config_debug_output ... ok
test email_channel::tests::email_config_default ... ok
test email_channel::tests::email_config_default_uses_tls_smtp_defaults ... ok
test email_channel::tests::email_config_deserialize_with_defaults ... ok
test email_channel::tests::idle_timeout_deserializes_explicit_value ... ok
test email_channel::tests::idle_timeout_propagates_to_channel ... ok
test email_channel::tests::is_sender_allowed_case_insensitive ... ok
test email_channel::tests::email_config_serialize_deserialize ... ok
test email_channel::tests::is_sender_allowed_domain_with_at_prefix ... ok
test email_channel::tests::is_sender_allowed_domain_without_at_prefix ... ok
test email_channel::tests::is_sender_allowed_empty_list_denies_all ... ok
test email_channel::tests::is_sender_allowed_empty_sender ... ok
test email_channel::tests::is_sender_allowed_multiple_senders ... ok
test email_channel::tests::is_sender_allowed_specific_email ... ok
test email_channel::tests::is_sender_allowed_wildcard_allows_all ... ok
test email_channel::tests::is_sender_allowed_wildcard_with_specific ... ok
test email_channel::tests::max_fetch_batch_bounds_chunk_size ... ok
test email_channel::tests::poll_interval_deserializes_as_independent_field ... ok
test email_channel::tests::poll_interval_has_default_when_unset ... ok
test email_channel::tests::strip_html_attributes_preserved ... ok
test email_channel::tests::seen_messages_starts_empty ... ok
test email_channel::tests::strip_html_basic ... ok
test email_channel::tests::strip_html_handles_malformed ... ok
test email_channel::tests::seen_messages_tracks_unique_ids ... ok
test email_channel::tests::strip_html_multiple_lines ... ok
test email_channel::tests::strip_html_multiple_spaces_collapsed ... ok
test email_channel::tests::strip_html_nested_tags ... ok
test email_channel::tests::strip_html_preserves_text ... ok
test email_channel::tests::strip_html_self_closing_tags ... ok
test email_channel::tests::strip_html_special_characters ... ok
test gmail_push::tests::config_default_values ... ok
test gmail_push::tests::config_deserialize_with_defaults ... ok
test gmail_push::tests::channel_name ... ok
test gmail_push::tests::decode_body_empty_data ... ok
test gmail_push::tests::config_serialize_roundtrip ... ok
test gmail_push::tests::decode_body_none ... ok
test gmail_push::tests::decode_body_valid ... ok
test gmail_push::tests::extract_body_text_fallback_to_snippet ... ok
test gmail_push::tests::extract_body_text_multipart ... ok
test gmail_push::tests::extract_body_text_plain ... ok
test gmail_push::tests::extract_email_from_header_angle_brackets ... ok
test gmail_push::tests::extract_email_from_header_bare_email ... ok
test gmail_push::tests::extract_email_from_header_empty ... ok
test gmail_push::tests::extract_email_malformed_angle_brackets ... ok
test gmail_push::tests::extract_email_with_quotes ... ok
test gmail_push::tests::extract_header_found ... ok
test gmail_push::tests::extract_header_no_payload ... ok
test gmail_push::tests::parse_notification_invalid_base64 ... ok
test gmail_push::tests::parse_notification_invalid_json ... ok
test gmail_push::tests::parse_notification_valid ... ok
test gmail_push::tests::sanitize_header_strips_crlf ... ok
test gmail_push::tests::pubsub_envelope_deserialize ... ok
test gmail_push::tests::sender_allowed_domain_with_at ... ok
test gmail_push::tests::sender_allowed_domain_without_at ... ok
test gmail_push::tests::sender_allowed_empty_denies ... ok
test gmail_push::tests::strip_html_basic ... ok
test gmail_push::tests::sender_allowed_specific_email ... ok
test gmail_push::tests::sender_allowed_wildcard ... ok
test gmail_push::tests::strip_html_nested ... ok
test imessage::tests::contact_case_insensitive ... ok
test imessage::tests::contact_with_spaces_exact_match ... ok
test imessage::tests::creates_with_contacts ... ok
test imessage::tests::creates_with_empty_contacts ... ok
test imessage::tests::empty_allowlist_denies_all ... ok
test imessage::tests::escape_applescript_backslashes ... ok
test imessage::tests::escape_applescript_double_quotes ... ok
test imessage::tests::escape_applescript_empty_string ... ok
test imessage::tests::escape_applescript_injection_attempt ... ok
test imessage::tests::escape_applescript_mixed ... ok
test imessage::tests::escape_applescript_newlines_escaped ... ok
test imessage::tests::escape_applescript_no_special_chars ... ok
test imessage::tests::escape_applescript_unicode ... ok
test imessage::tests::extract_four_byte_length_prefix ... ok
test imessage::tests::extract_invalid_utf8_returns_none ... ok
test imessage::tests::extract_long_text_two_byte_length ... ok
test imessage::tests::extract_no_markers_returns_none ... ok
test imessage::tests::extract_real_blob_single_char ... ok
test imessage::tests::extract_real_blob_testing_with_imsg ... ok
test imessage::tests::extract_text_boundary_127_to_128 ... ok
test imessage::tests::extract_text_containing_end_marker_bytes ... ok
test imessage::tests::extract_truncated_blob_returns_none ... ok
test imessage::tests::extract_zero_length_returns_empty_string ... ok
test imessage::tests::invalid_target_applescript_injection ... ok
test imessage::tests::invalid_target_email_no_at ... ok
test imessage::tests::invalid_target_email_no_domain ... ok
test imessage::tests::invalid_target_email_no_dot_in_domain ... ok
test imessage::tests::invalid_target_email_no_local ... ok
test imessage::tests::invalid_target_empty ... ok
test imessage::tests::invalid_target_injection_attempt ... ok
test imessage::tests::invalid_target_newline ... ok
test imessage::tests::invalid_target_no_plus_prefix ... ok
test imessage::tests::invalid_target_null_byte ... ok
test imessage::tests::invalid_target_special_chars ... ok
test imessage::tests::invalid_target_too_long_phone ... ok
test imessage::tests::invalid_target_too_short_phone ... ok
test imessage::tests::name_returns_imessage ... ok
test imessage::tests::specific_contact_allowed ... ok
test imessage::tests::target_with_leading_trailing_whitespace_trimmed ... ok
test imessage::tests::unknown_contact_denied ... ok
test imessage::tests::valid_email_icloud ... ok
test imessage::tests::valid_email_simple ... ok
test imessage::tests::valid_email_with_dots ... ok
test imessage::tests::valid_email_with_plus ... ok
test imessage::tests::valid_email_with_subdomain ... ok
test imessage::tests::valid_phone_number_international ... ok
test imessage::tests::valid_phone_number_simple ... ok
test imessage::tests::valid_phone_number_with_country_code ... ok
test imessage::tests::valid_phone_number_with_dashes ... ok
test imessage::tests::valid_phone_number_with_spaces ... ok
test imessage::tests::wildcard_allows_anyone ... ok
test imessage::tests::wildcard_among_others_still_allows_all ... ok
test irc::tests::allowlist_case_insensitive ... ok
test irc::tests::empty_allowlist_denies_all ... ok
test irc::tests::irc_config_default_port ... ok
test irc::tests::irc_config_minimal_toml ... ok
test irc::tests::mention_only_case_insensitive ... ok
test irc::tests::mention_only_filters_channel_messages ... ok
test irc::tests::name_returns_irc ... ok
test irc::tests::new_defaults_username_to_nickname ... ok
test irc::tests::irc_config_serde_roundtrip ... ok
test irc::tests::new_stores_all_fields ... ok
test irc::tests::new_uses_explicit_username ... ok
test irc::tests::nick_extraction_nick_only ... ok
test irc::tests::nick_extraction_full_prefix ... ok
test irc::tests::nick_extraction_no_prefix ... ok
test irc::tests::parse_authenticate_plus ... ok
test irc::tests::parse_cap_ack ... ok
test irc::tests::parse_command_uppercase ... ok
test irc::tests::parse_empty_line_returns_none ... ok
test irc::tests::parse_no_trailing ... ok
test irc::tests::parse_numeric_reply ... ok
test irc::tests::parse_ping ... ok
test irc::tests::parse_privmsg_dm ... ok
test irc::tests::parse_privmsg_with_prefix ... ok
test irc::tests::parse_strips_crlf ... ok
test irc::tests::sasl_plain_empty_password ... ok
test irc::tests::sasl_plain_encode ... ok
test irc::tests::specific_user_allowed ... ok
test irc::tests::split_crlf_newlines ... ok
test irc::tests::split_empty_message ... ok
test irc::tests::split_exact_boundary ... ok
test irc::tests::split_long_message ... ok
test irc::tests::split_multiline_with_long_line ... ok
test irc::tests::split_newlines_into_separate_lines ... ok
test irc::tests::split_only_newlines ... ok
test irc::tests::split_short_message ... ok
test irc::tests::split_skips_empty_lines ... ok
test irc::tests::split_trailing_newline ... ok
test irc::tests::split_unicode_safe ... ok
test irc::tests::wildcard_allows_anyone ... ok
test link_enricher::tests::default_config_is_disabled ... ok
test link_enricher::tests::enrich_message_disabled_returns_original ... ok
test imessage::tests::fetch_new_messages_nonexistent_database ... ok
test imessage::tests::get_max_rowid_nonexistent_database ... ok
test link_enricher::tests::extract_body_text_strips_html ... ok
test link_enricher::tests::extract_body_text_truncates ... ok
test link_enricher::tests::extract_title_basic ... ok
test link_enricher::tests::extract_title_case_insensitive ... ok
test link_enricher::tests::extract_title_empty ... ok
test link_enricher::tests::extract_title_missing ... ok
test link_enricher::tests::extract_title_multibyte_chars_no_panic ... ok
test link_enricher::tests::extract_title_with_entities ... ok
test link_enricher::tests::enrich_message_no_urls_returns_original ... ok
test link_enricher::tests::extract_urls_handles_no_urls ... ok
test link_enricher::tests::extract_urls_deduplicates ... ok
test link_enricher::tests::extract_urls_finds_http_and_https ... ok
test link_enricher::tests::enrich_message_ssrf_urls_returns_original ... ok
test link_enricher::tests::ssrf_allows_public_urls ... ok
test link_enricher::tests::ssrf_blocks_dot_local ... ok
test link_enricher::tests::ssrf_blocks_ipv6_loopback ... ok
test link_enricher::tests::extract_urls_respects_max ... ok
test link_enricher::tests::extract_urls_stops_at_angle_brackets ... ok
test link_enricher::tests::extract_urls_stops_at_quotes ... ok
test link_enricher::tests::ssrf_blocks_link_local ... ok
test link_enricher::tests::ssrf_blocks_localhost ... ok
test link_enricher::tests::ssrf_blocks_loopback_ip ... ok
test link_enricher::tests::ssrf_blocks_private_10_network ... ok
test link_enricher::tests::ssrf_blocks_private_172_network ... ok
test link_enricher::tests::ssrf_blocks_private_192_168_network ... ok
test linq::tests::linq_channel_name ... ok
test linq::tests::linq_parse_empty_payload ... ok
test linq::tests::linq_parse_empty_text_value ... ok
test linq::tests::linq_parse_fallback_reply_target_when_no_chat_id ... ok
test linq::tests::linq_parse_latest_webhook_shape ... ok
test linq::tests::linq_parse_media_non_image_still_skipped ... ok
test linq::tests::linq_parse_media_only_translated_to_image_marker ... ok
test linq::tests::linq_parse_missing_data ... ok
test linq::tests::linq_parse_missing_message_parts ... ok
test linq::tests::linq_parse_multiple_text_parts ... ok
test linq::tests::linq_parse_new_format_fallback_reply_target_when_no_chat ... ok
test linq::tests::linq_parse_new_format_media_image ... ok
test linq::tests::linq_parse_new_format_multiple_parts ... ok
test linq::tests::linq_parse_new_format_normalizes_phone ... ok
test linq::tests::linq_parse_new_format_skip_is_me ... ok
test linq::tests::linq_parse_new_format_skip_outbound_direction ... ok
test linq::tests::linq_parse_new_format_text_message ... ok
test linq::tests::linq_parse_new_format_unauthorized_sender ... ok
test linq::tests::linq_parse_normalizes_phone_with_plus ... ok
test linq::tests::linq_parse_skip_is_from_me ... ok
test linq::tests::linq_parse_skip_latest_outbound_message ... ok
test linq::tests::linq_parse_skip_non_message_event ... ok
test linq::tests::linq_parse_unauthorized_sender ... ok
test linq::tests::linq_parse_valid_text_message ... ok
test linq::tests::linq_phone_number_accessor ... ok
test linq::tests::linq_sender_allowed_empty ... ok
test linq::tests::linq_sender_allowed_exact ... ok
test linq::tests::linq_sender_allowed_wildcard ... ok
test imessage::tests::fetch_new_messages_empty_database ... ok
test linq::tests::linq_signature_verification_accepts_sha256_prefix ... ok
test linq::tests::linq_signature_verification_invalid ... ok
test linq::tests::linq_signature_verification_accepts_uppercase_hex ... ok
test linq::tests::linq_signature_verification_stale_timestamp ... ok
test linq::tests::linq_signature_verification_valid ... ok
test mattermost::tests::contains_mention_text_alone ... ok
test mattermost::tests::contains_mention_text_at_end ... ok
test mattermost::tests::contains_mention_text_at_start ... ok
test mattermost::tests::mattermost_allowlist_wildcard ... ok
test mattermost::tests::mattermost_existing_thread_always_threads ... ok
test mattermost::tests::mattermost_manager_none_when_transcription_not_configured ... ok
test mattermost::tests::mattermost_manager_none_and_warn_on_init_failure ... ok
test mattermost::tests::mattermost_manager_some_when_valid_config ... ok
test mattermost::tests::mattermost_parse_post_basic ... ok
test mattermost::tests::mattermost_parse_post_ignore_old ... ok
test mattermost::tests::mattermost_parse_post_ignore_self ... ok
test mattermost::tests::mattermost_parse_post_no_thread_when_disabled ... ok
test mattermost::tests::mattermost_parse_post_thread_replies_enabled ... ok
test mattermost::tests::mattermost_parse_post_thread ... ok
test mattermost::tests::mattermost_parse_post_rejects_empty_message_without_injected ... ok
test mattermost::tests::http_tests::mattermost_audio_skips_non_audio_attachment ... ok
test mattermost::tests::mattermost_parse_post_uses_injected_text ... ok
test mattermost::tests::mattermost_post_has_audio_attachment_false_for_image ... ok
test mattermost::tests::mattermost_post_has_audio_attachment_false_when_no_files ... ok
test mattermost::tests::mattermost_post_has_audio_attachment_true_for_audio_ext ... ok
test mattermost::tests::mattermost_post_has_audio_attachment_true_for_audio_mime ... ok
test mattermost::tests::mattermost_url_trimming ... ok
test mattermost::tests::mention_detects_later_valid_mention_after_partial_prefix ... ok
test mattermost::tests::mattermost_transcribe_skips_over_duration_limit ... ok
test mattermost::tests::mattermost_transcribe_skips_when_manager_none ... ok
test mattermost::tests::mention_followed_by_punctuation ... ok
test mattermost::tests::mention_only_accepts_message_with_at_mention ... ok
test mattermost::tests::mention_only_case_insensitive ... ok
test mattermost::tests::mention_only_detects_metadata_mentions ... ok
test mattermost::tests::mention_only_disabled_passes_all_messages ... ok
test mattermost::tests::mention_only_mention_in_middle_of_text ... ok
test mattermost::tests::mention_only_rejects_empty_after_stripping ... ok
test mattermost::tests::mention_only_skips_message_without_mention ... ok
test mattermost::tests::mention_only_strips_mention_and_trims ... ok
test mattermost::tests::mention_only_word_boundary_prevents_partial_match ... ok
test mattermost::tests::mention_via_metadata_only ... ok
test mattermost::tests::no_mention_partial_username ... ok
test mattermost::tests::no_mention_empty_username_no_metadata ... ok
test mattermost::tests::normalize_preserves_text_for_metadata_mention ... ok
test mattermost::tests::normalize_returns_none_for_no_mention ... ok
test mattermost::tests::normalize_returns_none_when_only_mention ... ok
test imessage::tests::fetch_new_messages_filters_by_rowid ... ok
test mattermost::tests::no_mention_different_username ... ok
test mattermost::tests::normalize_strips_and_trims ... ok
test mattermost::tests::normalize_keeps_partial_username_mentions ... ok
test mattermost::tests::normalize_strips_multiple_mentions ... ok
test mochat::tests::test_api_url_trailing_slash_stripped ... ok
test mochat::tests::test_config_serde_defaults ... ok
test mochat::tests::test_config_serde ... ok
test mochat::tests::test_name ... ok
test mochat::tests::test_dedup ... ok
test imessage::tests::get_max_rowid_empty_database ... ok
test mochat::tests::test_dedup_empty_id ... ok
test mochat::tests::test_user_allowed_specific ... ok
test mochat::tests::test_user_allowed_wildcard ... ok
test mochat::tests::test_user_denied_empty ... ok
test imessage::tests::fetch_new_messages_excludes_null_text_and_null_body ... ok
test nextcloud_talk::tests::nextcloud_talk_channel_name ... ok
test nextcloud_talk::tests::nextcloud_talk_parse_as2_skips_bot_by_name ... ok
test nextcloud_talk::tests::nextcloud_talk_parse_as2_create_payload ... ok
test nextcloud_talk::tests::nextcloud_talk_parse_as2_skips_bot_originated ... ok
test nextcloud_talk::tests::nextcloud_talk_parse_as2_skips_non_note_objects ... ok
test nextcloud_talk::tests::nextcloud_talk_parse_message_skips_application_actor_type ... ok
test nextcloud_talk::tests::nextcloud_talk_parse_skips_bot_messages ... ok
test nextcloud_talk::tests::nextcloud_talk_parse_skips_non_message_events ... ok
test imessage::tests::fetch_new_messages_excludes_sent_messages ... ok
test nextcloud_talk::tests::nextcloud_talk_parse_skips_system_message ... ok
test nextcloud_talk::tests::nextcloud_talk_parse_timestamp_millis_to_seconds ... ok
test nextcloud_talk::tests::nextcloud_talk_parse_skips_unauthorized_sender ... ok
test nextcloud_talk::tests::nextcloud_talk_parse_valid_message_payload ... ok
test mattermost::tests::http_tests::mattermost_audio_routes_through_local_whisper ... ok
test nextcloud_talk::tests::nextcloud_talk_signature_verification_accepts_sha256_prefix ... ok
test nextcloud_talk::tests::nextcloud_talk_signature_verification_invalid ... ok
test nextcloud_talk::tests::nextcloud_talk_user_allowlist_exact_and_wildcard ... ok
test nextcloud_talk::tests::nextcloud_talk_signature_verification_valid ... ok
test nextcloud_talk::tests::supports_draft_updates_off_by_default ... ok
test nextcloud_talk::tests::send_draft_returns_none_when_stream_mode_off ... ok
test nextcloud_talk::tests::truncate_to_nc_limit_exact_limit_unchanged ... ok
test nextcloud_talk::tests::supports_draft_updates_true_when_partial ... ok
test nextcloud_talk::tests::truncate_to_nc_limit_short_text_unchanged ... ok
test nextcloud_talk::tests::update_draft_rate_limit_short_circuits_network ... ok
test notion::tests::extract_text_from_none ... ok
test notion::tests::extract_text_from_rich_text_property ... ok
test notion::tests::extract_text_from_title_property ... ok
test notion::tests::claim_task_deduplication ... ok
test imessage::tests::fetch_new_messages_filters_empty_text ... ok
test notion::tests::extract_text_from_unknown_type ... ok
test notion::tests::claim_task_respects_max_concurrent ... ok
test notion::tests::rich_text_payload_construction ... ok
test imessage::tests::fetch_new_messages_returns_correct_data ... ok
test notion::tests::result_truncation_over_limit ... ok
test notion::tests::status_filter_select_type ... ok
test notion::tests::status_filter_status_type ... ok
test notion::tests::status_payload_select_type ... ok
test notion::tests::result_truncation_within_limit ... ok
test notion::tests::result_truncation_multibyte_safe ... ok
test notion::tests::status_payload_status_type ... ok
test imessage::tests::fetch_new_messages_handles_special_characters ... ok
test orchestrator::acp_server::tests::acp_server_config_defaults ... ok
test orchestrator::acp_server::tests::acp_server_config_deserialize ... ok
test imessage::tests::fetch_new_messages_empty_text_falls_back_to_attributed_body ... ok
test imessage::tests::fetch_new_messages_prefers_text_over_attributed_body ... ok
test orchestrator::acp_server::tests::acp_server_config_deserialize_partial ... ok
test imessage::tests::get_max_rowid_with_messages ... ok
test imessage::tests::fetch_new_messages_mixed_text_and_attributed_body ... ok
test orchestrator::acp_server::tests::cancelled_prompt_result_preserves_content_string_shape ... ok
test imessage::tests::fetch_new_messages_large_rowid_edge_case ... ok
test imessage::tests::fetch_new_messages_handles_unicode ... ok
test imessage::tests::fetch_new_messages_ordered_by_rowid_asc ... ok
test orchestrator::acp_server::tests::json_rpc_request_parse ... ok
test orchestrator::acp_server::tests::json_rpc_notification_serialize ... ok
test orchestrator::acp_server::tests::json_rpc_error_response_serialize ... ok
test nextcloud_talk::tests::truncate_to_nc_limit_over_limit_is_truncated ... ok
test orchestrator::acp_server::tests::json_rpc_request_parse_notification ... ok
test orchestrator::acp_server::tests::json_rpc_response_serialize ... ok
test orchestrator::acp_server::tests::map_tool_kind_uses_explicit_tool_names ... ok
test orchestrator::acp_server::tests::prompt_result_preserves_content_string_shape ... ok
test orchestrator::acp_server::tests::cancel_tokens_map_remove_works ... ok
test orchestrator::acp_server::tests::handle_initialize_default_model_reflects_configured_provider ... ok
test orchestrator::acp_server::tests::handle_initialize_default_model_absent_when_unconfigured ... ok
test orchestrator::acp_server::tests::initialize_response_uses_acp_v1_shape ... ok
test imessage::tests::fetch_new_messages_negative_rowid_edge_case ... ok
test imessage::tests::fetch_new_messages_reads_attributed_body_fallback ... ok
test orchestrator::acp_server::tests::register_cancel_token_rejects_concurrent_prompt_for_session ... ok
test orchestrator::acp_server::tests::session_new_defaults_to_launch_cwd_when_client_omits_cwd ... ok
test orchestrator::acp_server::tests::test_prompt_parsing ... ok
test orchestrator::acp_server::tests::session_cancel_accepts_snake_case_session_id ... ok
test orchestrator::acp_server::tests::session_new_respects_client_cwd_when_present ... ok
test orchestrator::acp_server::tests::session_cancel_unknown_session_is_noop ... ok
test orchestrator::acp_server::tests::turn_tool_events_include_client_visible_tool_fields ... ok
test orchestrator::media_pipeline::tests::audio_without_transcription_enabled ... ok
test orchestrator::media_pipeline::tests::disabled_pipeline_returns_original_text ... ok
test orchestrator::media_pipeline::tests::disabled_sub_features_skip_processing ... ok
Warning: Failed to load AIEOS identity: Failed to read AIEOS file: /tmp/.tmp2788v0/nonexistent.json. Using OpenClaw format.
test orchestrator::acp_server::tests::test_tool_call_and_update_serialization ... ok
test orchestrator::media_pipeline::tests::media_kind_from_extension ... ok
test orchestrator::media_pipeline::tests::empty_attachments_returns_original_text ... ok
test orchestrator::media_pipeline::tests::image_annotation_with_vision ... ok
test orchestrator::media_pipeline::tests::image_annotation_without_vision ... ok
test orchestrator::media_pipeline::tests::media_kind_from_mime ... ok
test orchestrator::media_pipeline::tests::multiple_attachments_produce_multiple_annotations ... ok
test orchestrator::media_pipeline::tests::video_annotation ... ok
  🔐 Telegram pairing required. One-time bind code: 111868
     Send `/bind <code>` from your Telegram account.
test imessage::tests::fetch_new_messages_respects_limit ... ok
test orchestrator::tests::aieos_identity_from_inline ... ok
test orchestrator::tests::aieos_fallback_to_openclaw_on_parse_error ... ok
test orchestrator::tests::aieos_empty_uses_openclaw ... ok
test orchestrator::tests::append_sender_turn_stores_single_turn_per_call ... ok
test nextcloud_talk::tests::truncate_to_nc_limit_multibyte_safe ... ok
test orchestrator::tests::build_channel_system_prompt_includes_sender_id ... ok
test orchestrator::tests::build_channel_system_prompt_non_webhook_cron_hint_keeps_to_as_reply_target ... ok
test orchestrator::tests::build_channel_by_id_unknown_channel_returns_error ... ok
test orchestrator::tests::build_channel_by_id_unconfigured_telegram_returns_error ... ok
test orchestrator::tests::build_channel_system_prompt_omits_context_when_reply_target_empty ... ok
test orchestrator::tests::build_channel_by_id_configured_telegram_succeeds ... ok
test orchestrator::tests::build_channel_system_prompt_sender_distinguishes_users ... ok
test orchestrator::tests::aieos_identity_from_file ... ok
test orchestrator::tests::build_channel_system_prompt_webhook_cron_hint_carries_thread_id ... ok
test orchestrator::tests::channel_delivery_instructions_for_discord_mandates_absolute_paths ... ok
test orchestrator::tests::channel_log_truncation_is_utf8_safe_for_multibyte_text ... ok
test orchestrator::tests::channel_message_timeout_budget_scales_with_tool_iterations ... ok
test orchestrator::tests::channel_message_timeout_budget_uses_safe_defaults_and_cap ... ok
test orchestrator::tests::channel_message_timeout_budget_with_custom_scale_cap ... ok
test orchestrator::tests::classify_health_ok_true ... ok
test orchestrator::tests::classify_health_ok_false ... ok
test orchestrator::tests::context_window_overflow_error_detector_matches_known_messages ... ok
test orchestrator::tests::conversation_memory_key_is_unique_per_message ... ok
test orchestrator::tests::conversation_memory_key_uses_message_id ... ok
test orchestrator::tests::default_keep_tool_context_turns_is_two ... ok
test orchestrator::tests::collect_configured_channels_skips_disabled_email ... ok
test orchestrator::tests::collect_configured_channels_includes_mattermost_when_configured ... ok
test orchestrator::tests::effective_channel_message_timeout_secs_clamps_to_minimum ... ok
test orchestrator::tests::extract_current_turn_tool_messages_empty_when_no_tools ... ok
test orchestrator::tests::extract_current_turn_tool_messages_multiple_tool_rounds ... ok
test orchestrator::tests::extract_current_turn_tool_messages_returns_intermediate_messages ... ok
test orchestrator::tests::extract_tool_context_summary_collects_prompt_mode_tool_result_names ... ok
test orchestrator::tests::extract_tool_context_summary_respects_start_index ... ok
  💬 [test-channel] from operant_user: trigger format error
test orchestrator::tests::channel_notify_observer_truncates_utf8_arguments_safely ... ok
  💬 [test-channel] from operant_user: [IMAGE:/tmp/workspace/photo_99_1.jpg]

What is this?
test orchestrator::tests::followup_thread_id_does_not_open_matrix_thread_for_root_message ... ok
  💬 [test-channel] from operant_user: [IMAGE:/tmp/workspace/photo_99_1.jpg]

What is this?
  ⏳ Processing message...
test orchestrator::tests::extract_tool_context_summary_collects_alias_and_native_tool_calls ... ok
  ⏳ Processing message...
  ⏳ Processing message...
test orchestrator::tests::followup_thread_id_falls_back_to_message_id ... ok
test orchestrator::tests::followup_thread_id_prefers_thread_ts ... ok
test orchestrator::tests::compact_sender_history_keeps_recent_truncated_messages ... ok
test orchestrator::tests::interrupt_on_new_message_disabled_for_discord_by_default ... ok
test orchestrator::tests::interrupt_on_new_message_disabled_for_mattermost_by_default ... ok
test orchestrator::tests::interrupt_on_new_message_enabled_for_discord ... ok
test orchestrator::tests::interrupt_on_new_message_enabled_for_mattermost_when_true ... ok
test orchestrator::tests::interruption_scope_key_thread_ts_alone_does_not_affect_key ... ok
test orchestrator::tests::interruption_scope_key_with_scope_id_is_four_component ... ok
test orchestrator::tests::interruption_scope_key_without_scope_id_is_three_component ... ok
test orchestrator::tests::is_stop_command_is_case_insensitive ... ok
test orchestrator::tests::is_stop_command_matches_bare_slash_stop ... ok
test orchestrator::tests::full_autonomy_prompt_executes_allowed_tools_without_extra_approval ... ok
test orchestrator::tests::is_stop_command_matches_with_bot_suffix ... ok
test orchestrator::tests::full_autonomy_omits_approval_instructions ... ok
test orchestrator::tests::is_stop_command_matches_with_leading_trailing_whitespace ... ok
test orchestrator::tests::is_stop_command_rejects_other_slash_commands ... ok
test orchestrator::tests::is_stop_command_rejects_plain_text ... ok
test orchestrator::tests::is_stop_command_rejects_stop_as_substring ... ok
test orchestrator::tests::is_tool_call_content_detects_tool_calls ... ok
test orchestrator::tests::matrix_root_conversation_history_key_omits_event_id ... ok
test orchestrator::tests::matrix_thread_conversation_history_key_uses_thread_root ... ok
test orchestrator::tests::maybe_restart_daemon_openrc_args_regression ... ok
test orchestrator::tests::maybe_restart_daemon_systemd_args_regression ... ok
test orchestrator::tests::memory_context_skip_rules_exclude_history_blobs ... ok
test orchestrator::tests::normalize_cached_channel_turns_merges_consecutive_assistant_turns ... ok
test orchestrator::tests::normalize_cached_channel_turns_merges_consecutive_user_turns ... ok
test orchestrator::tests::normalize_cached_channel_turns_passes_through_tool_messages ... ok
test orchestrator::tests::normalize_empty_input ... ok
test orchestrator::tests::normalize_merges_consecutive_user_turns ... ok
  💬 [slack] from alice: thread-a question
  💬 [telegram] from alice: first chat
test orchestrator::tests::none_identity_config_uses_openclaw ... ok
  ⏳ Processing message...
  ⏳ Processing message...
test orchestrator::tests::normalize_merges_multiple_consecutive_user_turns ... ok
  💬 [slack] from U123: first question
  💬 [telegram] from alice: forwarded content
  ⏳ Processing message...
test orchestrator::tests::normalize_preserves_failure_marker_after_orphan_user_turn ... ok
  ⏳ Processing message...
  💬 [test-channel] from alice: hello
test orchestrator::tests::normalize_preserves_strict_alternation ... ok
  ⏳ Processing message...
test orchestrator::tests::normalize_preserves_timeout_marker_after_orphan_user_turn ... ok
test orchestrator::tests::pacing_config_defaults_preserve_existing_behavior ... ok
test orchestrator::tests::pacing_message_timeout_scale_max_overrides_default_cap ... ok
test orchestrator::tests::parse_reply_intent_extracts_kinded_no_reply_reason ... ok
test orchestrator::tests::parse_reply_intent_handles_legacy_no_reply_form ... ok
test orchestrator::tests::parse_reply_intent_preserves_legitimate_no_reply_reasons ... ok
test orchestrator::tests::parse_reply_intent_preserves_refuse_and_fail_even_with_rubric_like_reasons ... ok
test orchestrator::tests::parse_reply_intent_recognizes_reply_token ... ok
test orchestrator::tests::openclaw_format_uses_bootstrap_files ... ok
test orchestrator::tests::parse_reply_intent_treats_meta_instruction_echo_as_reply ... ok
test orchestrator::tests::parse_reply_intent_unrecognized_output_falls_through_to_reply ... ok
test orchestrator::tests::proactive_trim_noop_when_within_budget ... ok
test orchestrator::tests::proactive_trim_drops_oldest_turns_when_over_budget ... ok
test orchestrator::tests::proactive_trim_preserves_last_turn_even_when_over_budget ... ok
  💬 [test-channel] from alice: hello
  ⏳ Processing message...
  💬 [telegram] from alice: please analyze-image from the dataset
  💬 [test-channel] from alice: hello
  ⏳ Processing message...
  ⏳ Processing message...
  💬 [test-channel] from bob: world
  ⏳ Processing message...
test orchestrator::tests::classify_health_timeout ... ok
  ❌ LLM error after 1ms: provider_capability_error provider=dummy capability=vision message=received 1 image marker(s), but this provider does not support vision input
  ❌ LLM error after 1ms: provider_capability_error provider=dummy capability=vision message=received 1 image marker(s), but this provider does not support vision input
  ❌ LLM error after 1ms: All providers/models failed. Attempts:
provider=custom:https://example.invalid/v1 model=test-model attempt 1/3: non_retryable; error=Custom API error (400 Bad Request): {"error":{"message":"Format Error","type":"invalid_request_error","param":null,"code":"400"},"request_id":"test-request-id"}
  💬 [test-channel] from operant_user: What is WAL?
  ⏳ Processing message...
  💬 [test-channel] from operant_user: What is WAL?
  ⏳ Processing message...
test orchestrator::tests::e2e_photo_attachment_rejected_by_non_vision_provider ... ok
  💬 [telegram] from alice: please analyze-image from the dataset
  ⏳ Processing message...
  💬 [telegram] from alice: just a regular text message
  ⏳ Processing message...
test orchestrator::acp_server::tests::session_new_does_not_wait_for_configured_mcp_servers ... ok
  💬 [telegram] from alice: write some code for me
  ⏳ Processing message...
test orchestrator::acp_server::tests::session_cancel_idle_session_is_noop ... ok
  💬 [test-channel] from alice: What is the BTC price now?
  ⏳ Processing message...
test orchestrator::acp_server::tests::rpc_request_timeout_drop_removes_pending_responder ... ok
  💬 [test-channel] from alice: hello
  ⏳ Processing message...
test orchestrator::acp_server::tests::session_prompt_rejects_concurrent_turn_before_agent_starts ... ok
  💬 [test-channel] from alice: What is the BTC price now?
  ⏳ Processing message...
  🤖 Reply (19ms): ok
  🤖 Reply (19ms): ok
  🤖 Reply (18ms): ok
  🤖 Reply (12ms): BTC is currently around $65,000 based on latest tool output.
  🤖 Reply (15ms): ok
  🤖 Reply (19ms): ok
  🤖 Reply (19ms): ok
  🤖 Reply (11ms): response-1
test orchestrator::tests::process_channel_message_classification_no_match_uses_default_route ... ok
  🤖 Reply (20ms): echo: hello
test orchestrator::tests::process_channel_message_classification_disabled_uses_default_route ... ok
test orchestrator::tests::process_channel_message_applies_query_classification_route ... ok
test orchestrator::tests::process_channel_message_classification_priority_selects_highest ... ok
test orchestrator::tests::e2e_failed_non_retryable_turn_does_not_poison_follow_up_text_turn ... ok
test orchestrator::tests::e2e_failed_vision_turn_does_not_poison_follow_up_text_turn ... ok
test orchestrator::tests::process_channel_message_enriches_current_turn_without_persisting_context ... ok
test orchestrator::tests::process_channel_message_adds_and_swaps_reactions ... ok
  💬 [test-channel] from bob: What is the BTC price now?
  ⏳ Processing message...
  💬 [telegram] from alice: /models openrouter
  💬 [test-channel] from alice: hello
  ⏳ Processing message...
  💬 [test-channel] from alice: What is the BTC price now?
  ⏳ Processing message...
  💬 [test-channel] from alice: hello
  💬 [test-channel] from alice: hello
  ⏳ Processing message...
  ⏳ Processing message...
  🤖 No reply [Informational] (0ms): not addressed to agent
  🤖 No reply [Informational] (0ms): not addressed
test orchestrator::tests::process_channel_message_no_reply_precheck_skips_typing_indicator ... ok
  💬 [telegram] from alice: hello cached default provider
test orchestrator::tests::process_channel_message_precheck_uses_configured_model_override ... ok
  ⏳ Processing message...
test orchestrator::tests::process_channel_message_disabled_receipt_generator_emits_no_receipts_anywhere ... ok
  💬 [telegram] from alice: hello
  💬 [test-channel] from alice: What is the BTC price now?
  ⏳ Processing message...
  ⏳ Processing message...
  💬 [test-channel] from bob: Loop forever
  ⏳ Processing message...
  💬 [test-channel] from alice: Loop until done
  ⏳ Processing message...
  🤖 Reply (0ms): ok
test orchestrator::tests::process_channel_message_prefers_cached_default_provider_instance ... ok
  🤖 Reply (0ms): response-1
test orchestrator::tests::process_channel_message_handles_models_command_without_llm_call ... ok
  💬 [test-channel] from alice: hello
  ⏳ Processing message...
  💬 [test-channel] from alice: Which session is this?
  ⏳ Processing message...
  🤖 Reply (2ms): BTC is currently around $65,000 based on latest tool output.
  🤖 Reply (0ms): response-1
  🤖 Reply (0ms): I encountered malformed tool-call output and could not produce a safe reply. Ple...
  💬 [test-channel] from alice: follow up
  ⏳ Processing message...
test orchestrator::tests::process_channel_message_executes_tool_calls_instead_of_sending_raw_json ... ok
test orchestrator::tests::process_channel_message_reports_configured_max_tool_iterations_limit ... ok
  🤖 Reply (0ms): response-2
test orchestrator::tests::process_channel_message_restores_per_sender_history_on_follow_ups ... ok
  💬 [telegram] from alice: What is the BTC price now?
  ⏳ Processing message...
  💬 [test-channel] from alice: What is the BTC price now?
  ⏳ Processing message...
  🤖 Reply (2ms): BTC alias-tag flow resolved to final text output.
  💬 [telegram] from alice: hello
test orchestrator::tests::process_channel_message_executes_tool_calls_with_alias_tags ... ok
  ⏳ Processing message...
  🤖 Reply (2ms): BTC is currently around $65,000 based on latest tool output.
test orchestrator::tests::process_channel_message_omits_receipts_block_when_disabled ... ok
test orchestrator::tests::autosave_keys_preserve_multiple_conversation_facts ...   💬 [telegram] from alice: hello routed provider
ok
  ⏳ Processing message...
  🤖 Reply (0ms): response-1
  🤖 Reply (2ms): BTC is currently around $65,000 based on latest tool output.
test orchestrator::tests::process_channel_message_telegram_keeps_system_instruction_at_top_only ... ok
  💬 [telegram] from alice: hello runtime defaults
test orchestrator::tests::process_channel_message_renders_trailing_tool_receipts_block_when_enabled ... ok
  ⏳ Processing message...
test orchestrator::tests::prompt_bootstrap_only_if_exists ... ok
  🤖 Reply (0ms): ok
test orchestrator::tests::process_channel_message_uses_route_override_provider_and_model ... ok
test orchestrator::tests::prompt_contains_all_sections ... ok
test orchestrator::tests::prompt_contains_channel_capabilities ... ok
test orchestrator::tests::prompt_empty_files_skipped ... ok
  🤖 Reply (0ms): ok
test orchestrator::tests::process_channel_message_uses_runtime_default_model_from_store ... ok
test orchestrator::tests::prompt_injects_safety ... ok
test orchestrator::tests::prompt_includes_single_tool_protocol_block_after_append ... ok
test orchestrator::tests::prompt_injects_workspace_files ... ok
test orchestrator::tests::prompt_injects_tools ... ok
test orchestrator::tests::prompt_missing_file_markers ... ok
test orchestrator::tests::prompt_runtime_metadata ... ok
test orchestrator::tests::prompt_no_daily_memory_injection ... ok
test orchestrator::tests::prompt_skills_escape_reserved_xml_chars ... ok
test orchestrator::tests::prompt_skills_compact_mode_omits_instructions_but_keeps_tools ... ok
test acp_channel::tests::request_choice_times_out_when_no_response ... ok
test orchestrator::tests::prompt_skills_include_instructions_and_tools ... ok
test orchestrator::tests::prompt_workspace_path ... ok
  🤖 Reply (2ms): BTC is currently around $65,000 based on latest tool output.
test orchestrator::tests::readonly_prompt_explains_policy_blocks_without_fake_approval ... ok
  🤖 Reply (3ms): Completed after 11 tool iterations.
  🤖 Reply (2ms): session result:
[Tool results]
<tool_result name="sessions_current">
Current ses...
test orchestrator::tests::process_channel_message_telegram_does_not_persist_tool_summary_prefix ... ok
  🤖 Reply (2ms): BTC is currently around $65,000 based on latest tool output.
test orchestrator::tests::process_channel_message_respects_configured_max_tool_iterations_above_default ... ok
test orchestrator::tests::sanitize_channel_response_strips_used_tools_with_leading_whitespace ... ok
test orchestrator::tests::rollback_orphan_user_turn_also_removes_from_session_store ... ok
test orchestrator::tests::rollback_orphan_user_turn_removes_only_latest_matching_user_turn ... ok
test orchestrator::tests::process_channel_message_strips_unexecuted_tool_json_artifacts_from_reply ... ok
test orchestrator::tests::strip_isolated_tool_json_artifacts_preserves_non_tool_json ... ok
test orchestrator::tests::sanitize_channel_response_redacts_detected_credentials ... ok
test orchestrator::tests::strip_think_tags_inline_handles_empty_string ... ok
test orchestrator::tests::process_channel_message_scopes_sender_session_key_for_sessions_current_tool ... ok
test orchestrator::tests::strip_isolated_tool_json_artifacts_removes_tool_calls_and_results ... ok
test orchestrator::tests::strip_think_tags_inline_handles_unclosed_block ... ok
test orchestrator::tests::sanitize_channel_response_passes_clean_text ... ok
test orchestrator::tests::strip_think_tags_inline_preserves_text_without_tags ... ok
test orchestrator::tests::strip_think_tags_inline_removes_multiple_blocks ... ok
test orchestrator::tests::strip_think_tags_inline_removes_single_block ... ok
test orchestrator::tests::strip_think_tags_inline_strips_surrounding_whitespace ... ok
test orchestrator::tests::strip_tool_summary_prefix_handles_multiple_newlines ... ok
test orchestrator::tests::strip_tool_summary_prefix_preserves_text_without_prefix ... ok
test orchestrator::tests::strip_tool_summary_prefix_removes_prefix_and_preserves_content ... ok
test orchestrator::tests::strip_tool_summary_prefix_returns_empty_when_only_prefix ... ok
test qq::tests::test_auth_retry_backoff_stays_within_bounds ... ok
test qq::tests::test_auth_retry_constants_are_sensible ... ok
test orchestrator::tests::prompt_truncation ... ok
test orchestrator::tests::supervised_autonomy_includes_approval_instructions ... ok
test qq::tests::test_compose_drops_empty_url ... ok
test qq::tests::test_compose_all_attachment_types ... ok
test qq::tests::test_compose_fallback_no_workspace ... ok
test qq::tests::test_compose_fixes_double_slash_url ... ok
test qq::tests::test_compose_message_content_image_attachment ... ok
test qq::tests::test_compose_message_content_text_only ... ok
test qq::tests::test_compose_message_content_text_and_attachments ... ok
test qq::tests::test_effective_interval_never_overflows ... ok
test qq::tests::test_dedup ... ok
test qq::tests::test_dedup_empty_id ... ok
test qq::tests::test_fix_qq_url ... ok
test qq::tests::test_heartbeat_grace_period_calculation ... ok
test qq::tests::test_config_serde ... ok
test qq::tests::test_infer_attachment_marker ... ok
test qq::tests::test_get_token_returns_cached_token_without_fetch ... ok
test qq::tests::test_marker_kind_document ... ok
test qq::tests::test_marker_kind_image ... ok
test qq::tests::test_marker_kind_video ... ok
test qq::tests::test_marker_kind_voice_native ... ok
test qq::tests::test_marker_kind_voice_non_native_degrades ... ok
test qq::tests::test_missed_ack_counter_logic ... ok
test qq::tests::test_missed_ack_counter_reset_on_ack ... ok
test qq::tests::test_name ... ok
test qq::tests::test_parse_qq_markers_case_insensitive ... ok
test qq::tests::test_parse_qq_markers_invalid_preserved ... ok
test qq::tests::test_next_msg_seq_range ... ok
test qq::tests::test_parse_qq_markers_mixed_text_and_markers ... ok
test qq::tests::test_parse_qq_markers_multiple ... ok
test qq::tests::test_parse_qq_markers_no_markers ... ok
test qq::tests::test_parse_qq_markers_single_image ... ok
test qq::tests::test_resolve_recipient_bare_id ... ok
test qq::tests::test_resolve_recipient_group ... ok
test qq::tests::test_reply_tracker_allows_up_to_limit ... ok
  💬 [telegram] from alice: /new
test qq::tests::test_reply_tracker_independent_msg_ids ... ok
test qq::tests::test_resolve_recipient_user ... ok
  💬 [telegram] from alice: hello again
test qq::tests::test_send_body_uses_markdown_msg_type ... ok
  ⏳ Processing message...
test qq::tests::test_send_media_body_msg_type_7 ... ok
test qq::tests::test_upload_body_base64 ... ok
test qq::tests::test_upload_body_url ... ok
test qq::tests::test_user_allowed_specific ... ok
test qq::tests::test_user_allowed_wildcard ... ok
test qq::tests::test_user_denied_empty ... ok
test qq::tests::test_upload_cache_expired ... ok
test qq::tests::test_upload_cache_hit_and_miss ... ok
test reddit::tests::parse_comment_reply ... ok
test reddit::tests::parse_dm ... ok
test reddit::tests::send_message_formatting ... ok
test reddit::tests::skip_empty_body ... ok
test reddit::tests::skip_self_messages ... ok
test reddit::tests::subreddit_filter ... ok
test orchestrator::tests::strip_tool_result_content_removes_blocks_and_header ... ok
test signal::tests::approval_timeout_defaults_to_300_and_is_overridable ... ok
test signal::tests::creates_with_correct_fields ... ok
test signal::tests::empty_allowlist_denies_all ... ok
  🤖 Reply (0ms): response-2
test signal::tests::envelope_defaults ... ok
test signal::tests::is_uuid_invalid ... ok
test signal::tests::is_uuid_valid ... ok
test signal::tests::matches_group_dm_keyword ... ok
test signal::tests::matches_group_filters_group ... ok
test signal::tests::matches_group_no_group_id_accepts_all ... ok
test signal::tests::name_returns_signal ... ok
test signal::tests::parse_recipient_target_e164_is_direct ... ok
test signal::tests::parse_recipient_target_non_e164_plus_is_group ... ok
test signal::tests::parse_recipient_target_prefixed_group_is_group ... ok
test signal::tests::parse_recipient_target_uuid_is_direct ... ok
test signal::tests::pending_approvals_map_is_initially_empty ... ok
test signal::tests::process_envelope_denied_sender ... ok
test orchestrator::tests::autosaved_conversation_memory_is_recalled_by_sender_scope ... ok
test signal::tests::process_envelope_empty_message ... ok
test orchestrator::tests::process_channel_message_refreshes_available_skills_after_new_session ... ok
test signal::tests::pending_approval_oneshot_delivers_response ... ok
test signal::tests::process_envelope_no_data_message ... ok
test signal::tests::process_envelope_skips_attachment_only ... ok
test signal::tests::process_envelope_skips_stories ... ok
test signal::tests::process_envelope_uuid_sender_dm ... ok
test signal::tests::process_envelope_uuid_sender_in_group ... ok
test signal::tests::process_envelope_valid_dm ... ok
test signal::tests::reply_target_dm ... ok
test signal::tests::reply_target_group ... ok
test signal::tests::sender_falls_back_to_source ... ok
test signal::tests::sender_none_when_both_missing ... ok
test signal::tests::sender_prefers_source_number ... ok
test signal::tests::specific_sender_allowed ... ok
test signal::tests::sse_envelope_deserializes ... ok
test signal::tests::sse_envelope_deserializes_group ... ok
test signal::tests::strips_trailing_slash ... ok
test signal::tests::unknown_sender_denied ... ok
test signal::tests::wildcard_allows_anyone ... ok
test slack::tests::allowlist_case_sensitive ... ok
test slack::tests::allowlist_empty_user_id ... ok
test slack::tests::allowlist_exact_match_not_substring ... ok
test slack::tests::allowlist_wildcard_and_specific ... ok
test slack::tests::approval_block_action_deny_parsed ... ok
test slack::tests::approval_block_action_non_approval_returns_none ... ok
test slack::tests::approval_block_action_parsed_correctly ... ok
test slack::tests::approval_timeout_defaults_to_300_and_is_overridable ... ok
test slack::tests::assistant_thread_tracking ... ok
test slack::tests::cached_sender_display_name_returns_cached_value_when_valid ... ok
test slack::tests::cached_sender_display_name_returns_none_when_expired ... ok
test slack::tests::compose_incoming_content_allows_attachment_only_messages ... ok
test slack::tests::compute_retry_delay_applies_backoff_and_jitter_with_cap ... ok
test slack::tests::configured_app_token_ignores_blank_values ... ok
test slack::tests::configured_app_token_trims_value ... ok
test slack::tests::detect_image_mime_prefers_magic_bytes_over_misleading_metadata ... ok
test slack::tests::detect_image_mime_rejects_non_image_bytes_despite_image_metadata ... ok
test slack::tests::empty_allowlist_denies_everyone ... ok
test slack::tests::ensure_file_extension_appends_when_missing ... ok
test slack::tests::ensure_poll_cursor_bootstraps_new_channel ... ok
test slack::tests::ensure_poll_cursor_keeps_existing_cursor ... ok
test slack::tests::evaluate_health_enforces_socket_mode_probe_when_enabled ... ok
test slack::tests::evict_stale_threads_removes_expired_entries ... ok
test slack::tests::extract_active_threads_finds_thread_parents_with_replies ... ok
test slack::tests::extract_active_threads_ignores_reply_messages ... ok
test slack::tests::evict_stale_threads_trims_excess_by_oldest_key ... ok
test slack::tests::extract_active_threads_uses_thread_ts_as_fallback_latest_reply ... ok
test slack::tests::extract_channel_ids_filters_archived_and_non_member_entries ... ok
test slack::tests::extract_slack_ts_from_raw_ts_passthrough ... ok
test slack::tests::extract_slack_permalinks_deduplicates_message_targets ... ok
test slack::tests::extract_slack_ts_from_standard_message_id ... ok
test slack::tests::extract_slack_permalinks_handles_slack_angle_bracket_format ... ok
test slack::tests::extract_slack_ts_from_unprefixed_id ... ok
test slack::tests::extract_user_display_name_falls_back_to_username ... ok
test slack::tests::extract_user_display_name_prefers_profile_display_name ... ok
test slack::tests::file_text_preview_prefers_preview_field ... ok
test slack::tests::inbound_thread_ts_falls_back_to_ts ... ok
test slack::tests::inbound_thread_ts_genuine_only_returns_none_for_top_level ... ok
test slack::tests::inbound_thread_ts_genuine_only_returns_thread_ts_for_replies ... ok
test slack::tests::inbound_thread_ts_none_when_ts_missing ... ok
test slack::tests::inbound_thread_ts_on_thread_reply_uses_thread_ts ... ok
test slack::tests::inbound_thread_ts_prefers_explicit_thread_ts ... ok
test slack::tests::is_allowed_slack_media_hostname_matches_suffixes ... ok
test slack::tests::is_group_channel_id_detects_channel_prefixes ... ok
test slack::tests::is_image_file_detects_mimetype_or_extension ... ok
test slack::tests::is_probably_text_file_accepts_snippet_mode ... ok
test slack::tests::is_supported_message_subtype_rejects_message_replied ... ok
test slack::tests::message_subtype_support_allows_file_share ... ok
test slack::tests::normalize_incoming_content_requires_mention_when_enabled ... ok
test slack::tests::normalize_incoming_content_without_mention_mode_keeps_message ... ok
test slack::tests::normalized_channel_id_respects_wildcard_and_blank ... ok
test slack::tests::outbound_thread_ts_respects_thread_replies_setting ... ok
test slack::tests::parse_retry_after_secs_reads_header_value ... ok
test slack::tests::parse_retry_after_value_accepts_decimal_seconds ... ok
test slack::tests::parse_retry_after_value_accepts_integer_seconds ... ok
test slack::tests::parse_retry_after_value_rejects_non_numeric_values ... ok
test slack::tests::parse_slack_permalink_accepts_standard_archives_link ... ok
test slack::tests::parse_slack_permalink_reads_thread_hint_when_present ... ok
test slack::tests::parse_slack_permalink_rejects_non_message_links ... ok
test slack::tests::pending_approvals_map_is_initially_empty ... ok
test slack::tests::redact_redirect_location_keeps_only_relative_tail ... ok
test slack::tests::pending_approval_oneshot_delivers_response ... ok
test slack::tests::redact_slack_url_hides_query_fragments ... ok
test slack::tests::resolve_https_redirect_target_enforces_https ... ok
test slack::tests::sanitize_attachment_filename_strips_path_traversal ... ok
test slack::tests::scoped_channel_ids_returns_none_for_wildcard_mode ... ok
test slack::tests::scoped_channel_ids_uses_explicit_list ... ok
test slack::tests::scoped_channel_ids_with_single_entry ... ok
test slack::tests::session_key_stable_without_thread_replies ... ok
test slack::tests::session_key_varies_with_thread_replies ... ok
test slack::tests::slack_api_call_succeeded_accepts_ok_true ... ok
test slack::tests::slack_api_call_succeeded_requires_ok_true_in_body ... ok
test slack::tests::slack_channel_name ... ok
test slack::tests::slack_channel_with_channel_ids ... ok
test slack::tests::slack_group_reply_policy_applies_sender_overrides ... ok
test slack::tests::slack_group_reply_policy_defaults_to_all_messages ... ok
test slack::tests::slack_message_id_different_channel_different_id ... ok
test slack::tests::slack_message_id_format_includes_channel_and_ts ... ok
test slack::tests::slack_message_id_different_ts_different_id ... ok
test slack::tests::slack_message_id_is_deterministic ... ok
test slack::tests::slack_message_id_no_uuid_randomness ... ok
test slack::tests::slack_send_skips_markdown_blocks_for_long_content ... ok
test slack::tests::slack_send_uses_markdown_blocks ... ok
test slack::tests::specific_allowlist_filters ... ok
test slack::tests::resolve_workspace_attachment_output_path_stays_in_workspace ... ok
test slack::tests::unicode_emoji_colon_wrapped_passthrough ... ok
test slack::tests::unicode_emoji_maps_to_slack_check_mark ... ok
test slack::tests::unicode_emoji_maps_to_slack_eyes ... ok
test slack::tests::start_typing_requires_thread_context ... ok
test slack::tests::unicode_emoji_maps_to_slack_warning ... ok
test slack::tests::wildcard_allows_everyone ... ok
test slack::tests::with_strict_mention_in_thread_sets_flag ... ok
test slack::tests::validate_slack_private_file_url_rejects_invalid_schemes_and_hosts ... ok
test slack::tests::with_thread_replies_sets_flag ... ok
test slack::tests::with_workspace_dir_sets_field ... ok
test slack::tests::persist_image_attachment_writes_bytes_without_part_leftovers ... ok
test telegram::tests::attachment_photo_content_uses_image_marker ... ok
test telegram::tests::callback_data_format_parses_correctly ... ok
test telegram::tests::callback_data_with_uuid_parses_correctly ... ok
test telegram::tests::attachment_document_content_uses_document_label ... ok
test telegram::tests::approval_timeout_defaults_to_120_and_is_overridable ... ok
test telegram::tests::ack_reactions_defaults_to_true ... ok
test telegram::tests::e2e_live_voice_transcription_and_reply_cache ... ignored, requires GROQ_API_KEY environment variable
test telegram::tests::check_media_mention_gate_accepts_and_strips_caption_mention ... ok
test telegram::tests::check_media_mention_gate_passes_dm_unchanged ... ok
test telegram::tests::check_media_mention_gate_passes_when_mention_only_disabled ... ok
test telegram::tests::check_media_mention_gate_rejects_group_media_without_mention ... ok
test telegram::tests::check_media_mention_gate_rejects_group_when_bot_username_unknown ... ok
test telegram::tests::extract_reply_context_no_reply ... ok
test telegram::tests::extract_reply_context_no_username_uses_first_name ... ok
test telegram::tests::e2e_attachment_saves_file_and_formats_content ... ok
test telegram::tests::extract_reply_context_real_reply_in_topic ... ok
test telegram::tests::extract_reply_context_skips_topic_root ... ok
test telegram::tests::extract_sender_info_with_username ... ok
test telegram::tests::extract_reply_context_text_message ... ok
test telegram::tests::extract_sender_info_without_username ... ok
test telegram::tests::extract_reply_context_voice_message ... ok
test telegram::tests::extract_reply_context_voice_with_cached_transcription ... ok
test telegram::tests::forwarded_photo_attachment_has_attribution ... ok
test telegram::tests::groq_provider_rejects_photo_with_vision_error ... ok
test telegram::tests::infer_attachment_kind_from_target_detects_document_extension ... ok
test telegram::tests::image_extensions_produce_image_marker ... ok
test telegram::tests::is_image_extension_recognizes_images ... ok
test telegram::tests::markdown_attachment_not_detected_by_multimodal_image_markers ... ok
test telegram::tests::markdown_file_never_produces_image_marker ... ok
test telegram::tests::non_approval_callback_data_is_ignored ... ok
test telegram::tests::non_image_photo_falls_back_to_document_format ... ok
test telegram::tests::parse_attachment_markers_extracts_multiple_types ... ok
test telegram::tests::parse_attachment_markers_keeps_invalid_markers_in_text ... ok
test telegram::tests::parse_attachment_metadata_detects_document ... ok
test telegram::tests::parse_attachment_metadata_detects_photo ... ok
test telegram::tests::parse_attachment_metadata_document_without_optional_fields ... ok
test telegram::tests::parse_attachment_metadata_empty_photo_array ... ok
test telegram::tests::parse_attachment_metadata_extracts_caption ... ok
test telegram::tests::parse_attachment_metadata_returns_none_for_text ... ok
test telegram::tests::parse_attachment_metadata_returns_none_for_voice ... ok
test telegram::tests::parse_path_only_attachment_rejects_sentence_text ... ok
test telegram::tests::parse_path_only_attachment_detects_existing_file ... ok
test telegram::tests::parse_update_message_allows_numeric_id_without_username ... ok
test telegram::tests::parse_update_message_extracts_thread_id_for_forum_topic ... ok
test telegram::tests::parse_update_message_forwarded_from_channel ... ok
test telegram::tests::parse_update_message_forwarded_from_user_no_username ... ok
test telegram::tests::parse_update_message_forwarded_from_user_with_username ... ok
test telegram::tests::parse_update_message_forwarded_hidden_sender ... ok
test telegram::tests::parse_update_message_includes_reply_context ... ok
test telegram::tests::parse_update_message_mention_only_group_requires_exact_mention ... ok
test telegram::tests::parse_voice_metadata_defaults_duration_to_zero ... ok
test telegram::tests::parse_update_message_mention_only_group_strips_mention_and_drops_empty ... ok
test telegram::tests::parse_voice_metadata_extracts_audio ... ok
test telegram::tests::parse_update_message_non_forwarded_unaffected ... ok
test telegram::tests::parse_update_message_uses_chat_id_as_reply_target ... ok
test telegram::tests::parse_voice_metadata_extracts_voice ... ok
test telegram::tests::parse_voice_metadata_returns_none_for_text ... ok
test telegram::tests::photo_image_marker_detected_by_multimodal ... ok
test telegram::tests::photo_image_marker_with_caption ... ok
test telegram::tests::pending_approval_oneshot_delivers_response ... ok
  💬 [telegram] from alice: second chat
  💬 [slack] from alice: thread-b question
test telegram::tests::pending_approvals_map_is_initially_empty ... ok
  ⏳ Processing message...
test telegram::tests::random_telegram_ack_reaction_is_from_pool ... ok
  ⏳ Processing message...
test orchestrator::tests::autosaved_group_conversation_memory_stays_session_scoped ... ok
test telegram::tests::sanitize_telegram_command_name_basic ... ok
test telegram::tests::sanitize_telegram_command_name_collapses_double_underscores ... ok
test telegram::tests::sanitize_telegram_command_name_empty_input ... ok
test telegram::tests::sanitize_telegram_command_name_trims_underscores ... ok
test telegram::tests::sanitize_telegram_command_name_truncates_to_32_chars ... ok
test telegram::tests::strip_tool_call_tags_cleans_extra_newlines ... ok
test telegram::tests::send_draft_returns_none_when_stream_mode_off ... ok
test telegram::tests::strip_tool_call_tags_handles_empty_input ... ok
test telegram::tests::start_typing_replaces_previous_handle ... ok
test telegram::tests::stop_typing_clears_handle ... ok
test telegram::tests::strip_tool_call_tags_handles_mismatched_close_tag ... ok
test telegram::tests::strip_tool_call_tags_handles_mixed_tags ... ok
test telegram::tests::strip_tool_call_tags_handles_multiple_tags ... ok
test telegram::tests::strip_tool_call_tags_handles_only_tags ... ok
test telegram::tests::strip_tool_call_tags_handles_unclosed_tags ... ok
test telegram::tests::strip_tool_call_tags_handles_unclosed_tool_call_with_json ... ok
test telegram::tests::strip_tool_call_tags_preserves_normal_text ... ok
test telegram::tests::strip_tool_call_tags_removes_alias_tags ... ok
test telegram::tests::strip_tool_call_tags_removes_dash_tags ... ok
test telegram::tests::strip_tool_call_tags_removes_invoke_tags ... ok
test telegram::tests::strip_tool_call_tags_removes_standard_tags ... ok
test telegram::tests::strip_tool_call_tags_removes_tool_call_tags ... ok
test telegram::tests::telegram_ack_reaction_request_shape ... ok
  🔐 Telegram pairing required. One-time bind code: 692227
     Send `/bind <code>` from your Telegram account.
  🔐 Telegram pairing required. One-time bind code: 435701
     Send `/bind <code>` from your Telegram account.
  🔐 Telegram pairing required. One-time bind code: 697614
     Send `/bind <code>` from your Telegram account.
test telegram::tests::supports_draft_updates_respects_stream_mode ... ok
test telegram::tests::telegram_api_url ... ok
test telegram::tests::telegram_api_url_send_audio ... ok
test telegram::tests::telegram_api_url_send_document ... ok
  🔐 Telegram pairing required. One-time bind code: 965559
     Send `/bind <code>` from your Telegram account.
  🔐 Telegram pairing required. One-time bind code: 147098
     Send `/bind <code>` from your Telegram account.
  🔐 Telegram pairing required. One-time bind code: 812079
     Send `/bind <code>` from your Telegram account.
test telegram::tests::telegram_api_url_send_photo ... ok
test telegram::tests::telegram_api_url_send_voice ... ok
test telegram::tests::telegram_api_url_send_video ... ok
test telegram::tests::telegram_channel_name ... ok
test telegram::tests::telegram_contains_bot_mention_finds_mention ... ok
test telegram::tests::telegram_contains_bot_mention_no_false_positives ... ok
test telegram::tests::telegram_extract_bind_code_plain_command ... ok
test telegram::tests::telegram_extract_bind_code_rejects_invalid_forms ... ok
test telegram::tests::telegram_extract_bind_code_supports_bot_mention ... ok
test telegram::tests::telegram_extract_update_message_target_parses_ids ... ok
test telegram::tests::telegram_is_group_message_detects_groups ... ok
test telegram::tests::telegram_markdown_to_html_code_block_drops_language_attribute ... ok
test telegram::tests::telegram_markdown_to_html_escapes_quotes_in_link_href ... ok
test telegram::tests::telegram_markdown_to_html_escapes_quotes_in_plain_text ... ok
test telegram::tests::telegram_max_file_download_bytes_is_20mb ... ok
test telegram::tests::telegram_message_id_different_chat_different_id ... ok
test telegram::tests::telegram_message_id_different_message_different_id ... ok
test telegram::tests::telegram_message_id_format_includes_chat_and_message_id ... ok
test telegram::tests::telegram_message_id_handles_zero_message_id ... ok
test telegram::tests::telegram_mention_only_enabled_by_config ... ok
test telegram::tests::telegram_message_id_is_deterministic ... ok
test telegram::tests::telegram_message_id_no_uuid_randomness ... ok
test telegram::tests::telegram_normalize_incoming_content_handles_multiple_mentions ... ok
test telegram::tests::telegram_normalize_incoming_content_returns_none_for_empty ... ok
test telegram::tests::telegram_normalize_incoming_content_strips_mention ... ok
  🔐 Telegram pairing required. One-time bind code: 850120
     Send `/bind <code>` from your Telegram account.
test telegram::tests::telegram_pairing_disabled_with_nonempty_allowlist ... ok
test telegram::tests::telegram_pairing_enabled_with_empty_allowlist ... ok
test telegram::tests::telegram_send_audio_nonexistent_file ... ok
test telegram::tests::register_bot_commands_handles_failure_gracefully ... ok
test telegram::tests::register_bot_commands_includes_tools_from_config ... ok
test telegram::tests::register_bot_commands_includes_skills ... ok
test telegram::tests::register_bot_commands_sends_correct_payload ... ok
test orchestrator::tests::build_memory_context_excludes_image_marker_entries ... ok
test telegram::tests::telegram_send_document_nonexistent_file ... ok
test orchestrator::tests::build_memory_context_includes_recalled_entries ... ok
test telegram::tests::telegram_send_photo_nonexistent_file ... ok
test telegram::tests::telegram_send_video_nonexistent_file ... ok
test telegram::tests::telegram_send_voice_nonexistent_file ... ok
test telegram::tests::telegram_split_at_newline ... ok
test telegram::tests::telegram_split_at_word_boundary ... ok
test telegram::tests::telegram_split_code_block_at_boundary ... ok
test telegram::tests::telegram_split_consecutive_newlines ... ok
test telegram::tests::telegram_split_emoji_at_boundary ... ok
test telegram::tests::telegram_split_empty_message ... ok
test telegram::tests::telegram_split_exact_limit ... ok
test telegram::tests::telegram_split_exactly_at_limit_no_split ... ok
test telegram::tests::telegram_split_many_short_lines ... ok
test telegram::tests::telegram_split_one_over_limit ... ok
test telegram::tests::telegram_split_only_whitespace ... ok
test telegram::tests::telegram_split_over_limit ... ok
test telegram::tests::telegram_split_preserves_content ... ok
test telegram::tests::telegram_split_short_message ... ok
test telegram::tests::telegram_split_single_long_word ... ok
test telegram::tests::telegram_split_very_long_message ... ok
test telegram::tests::telegram_user_allowed_by_numeric_id_identity ... ok
test orchestrator::tests::sender_session_ids_match_migrated_matrix_sender_rows ... ok
test telegram::tests::telegram_user_allowed_specific ... ok
test telegram::tests::telegram_user_allowed_wildcard ... ok
test telegram::tests::telegram_user_allowed_with_at_prefix_in_config ... ok
  🔐 Telegram pairing required. One-time bind code: 688469
     Send `/bind <code>` from your Telegram account.
test telegram::tests::telegram_user_case_sensitive ... ok
test telegram::tests::telegram_user_denied_empty ... ok
test telegram::tests::telegram_user_denied_when_none_of_identities_match ... ok
test telegram::tests::telegram_user_empty_string_denied ... ok
test telegram::tests::telegram_user_exact_match_not_substring ... ok
test telegram::tests::telegram_wildcard_with_specific_users ... ok
test telegram::tests::truncate_telegram_command_description_at_limit ... ok
test telegram::tests::truncate_telegram_command_description_multibyte_within_char_limit ... ok
test telegram::tests::truncate_telegram_command_description_over_limit ... ok
test telegram::tests::truncate_telegram_command_description_short ... ok
test telegram::tests::try_parse_voice_message_returns_none_when_transcription_disabled ... ok
test telegram::tests::try_parse_voice_message_rejects_unauthorized_sender_before_download ... ok
test telegram::tests::typing_handle_starts_as_none ... ok
test telegram::tests::try_parse_voice_message_skips_when_duration_exceeds_limit ... ok
test telegram::tests::update_draft_rate_limit_short_circuits_network ... ok
test telegram::tests::with_ack_reactions_false_disables_reactions ... ok
test telegram::tests::update_draft_utf8_truncation_is_safe_for_multibyte_text ... ok
test telegram::tests::with_ack_reactions_true_keeps_reactions ... ok
test telegram::tests::with_transcription_sets_config_when_enabled ... ok
test telegram::tests::with_workspace_dir_sets_field ... ok
test telegram::tests::with_transcription_skips_when_disabled ... ok
test transcription::tests::backward_compat_config_defaults_unchanged ... ok
test transcription::tests::local_whisper_misconfigured_section_fails_manager_construction ... ok
  💬 [telegram] from alice: summarize this
  💬 [slack] from U123: second question
  ⏳ Processing message...
  ⏳ Processing message...
test transcription::tests::local_whisper_propagates_http_error ... ok
test transcription::tests::local_whisper_registered_when_config_present ... ok
test transcription::tests::local_whisper_propagates_non_json_http_error ... ok
test transcription::tests::local_whisper_rejects_empty_bearer_token ... ok
test transcription::tests::local_whisper_rejects_empty_url ... ok
test transcription::tests::local_whisper_rejects_invalid_url ... ok
test transcription::tests::local_whisper_rejects_missing_bearer_token ... ok
test transcription::tests::local_whisper_rejects_non_http_url ... ok
test transcription::tests::local_whisper_rejects_oversized_audio ... ok
test transcription::tests::local_whisper_rejects_unsupported_format ... ok
test transcription::tests::local_whisper_rejects_zero_max_audio_bytes ... ok
test transcription::tests::local_whisper_rejects_zero_timeout ... ok
test transcription::tests::local_whisper_sends_bearer_auth_header ... ok
test transcription::tests::local_whisper_returns_text_from_response ... ok
test transcription::tests::manager_creation_with_default_config ... ok
test transcription::tests::manager_default_provider_from_config ... ok
test transcription::tests::manager_registers_groq_with_key ... ok
test transcription::tests::manager_registers_multiple_providers ... ok
test transcription::tests::mime_for_audio_case_insensitive ... ok
test transcription::tests::mime_for_audio_maps_accepted_formats ... ok
test transcription::tests::manager_rejects_unconfigured_provider ... ok
  🤖 Reply (42ms): echo: hello
test transcription::tests::mime_for_audio_rejects_unknown ... ok
test transcription::tests::normalize_audio_filename_no_extension ... ok
test transcription::tests::normalize_audio_filename_preserves_accepted ... ok
test transcription::tests::normalize_audio_filename_rewrites_oga ... ok
test orchestrator::tests::process_channel_message_cancels_scoped_typing_task ... ok
test transcription::tests::openai_default_provider_uses_openai_config ... ok
test transcription::tests::rejects_missing_api_key ... ok
test transcription::tests::rejects_unsupported_audio_format ... ok
test transcription::tests::rejects_oversized_audio ... ok
test transcription::tests::validate_audio_accepts_supported_format ... ok
test transcription::tests::validate_audio_normalizes_oga ... ok
test transcription::tests::uses_config_api_key_without_groq_env ... ok
test transcription::tests::validate_audio_rejects_oversized ... ok
test transcription::tests::validate_audio_rejects_unsupported_format ... ok
test transcription::tests::validate_audio_still_enforces_25mb_cap ... ok
test tts::tests::piper_not_registered_when_config_is_none ... ok
test tts::tests::tts_config_defaults ... ok
test tts::tests::piper_provider_creation ... ok
test tts::tests::tts_manager_creation_with_defaults ... ok
test tts::tests::tts_manager_max_text_length_zero_uses_default ... ok
test tts::tests::tts_manager_with_edge_provider ... ok
test tts::tests::tts_manager_with_piper_provider ... ok
test tts::tests::tts_rejects_empty_text ... ok
test tts::tests::tts_rejects_empty_text_for_piper ... ok
test tts::tests::tts_rejects_text_exceeding_max_length ... ok
test tts::tests::tts_rejects_unknown_provider ... ok
test twitter::tests::test_dedup ... ok
test twitter::tests::test_config_serde_defaults ... ok
test twitter::tests::test_config_serde ... ok
test twitter::tests::test_name ... ok
test twitter::tests::test_split_tweet_text_long ... ok
test twitter::tests::test_dedup_empty_id ... ok
test twitter::tests::test_split_tweet_text_no_spaces ... ok
test twitter::tests::test_split_tweet_text_short ... ok
test twitter::tests::test_strip_at_mention_multiple ... ok
test twitter::tests::test_strip_at_mention_no_mention ... ok
test twitter::tests::test_strip_at_mention_only ... ok
test twitter::tests::test_strip_at_mention_single ... ok
test twitter::tests::test_user_allowed_specific ... ok
test twitter::tests::test_user_allowed_wildcard ... ok
test twitter::tests::test_user_denied_empty ... ok
test util::tests::parse_approval_reply_accepts_canonical_forms ... ok
test util::tests::new_approval_token_is_6_char_alphanumeric ... ok
test util::tests::parse_approval_reply_rejects_bad_input ... ok
test util::tests::parse_attachment_markers_all_kinds ... ok
test util::tests::parse_attachment_markers_case_insensitive_kind ... ok
test util::tests::parse_attachment_markers_extracts_known_kinds ... ok
test util::tests::parse_attachment_markers_no_markers ... ok
test util::tests::parse_attachment_markers_preserves_empty_target ... ok
test util::tests::parse_attachment_markers_preserves_unknown_kinds ... ok
test wati::tests::extract_host_uses_url_parser ... ok
test wati::tests::wati_build_target_already_prefixed ... ok
test wati::tests::wati_build_target_with_tenant ... ok
test wati::tests::wati_build_target_without_tenant ... ok
test wati::tests::wati_channel_name ... ok
test wati::tests::wati_extract_sender_absent_returns_none ... ok
test wati::tests::wati_extract_sender_not_in_allowlist_returns_none ... ok
test wati::tests::wati_filename_audio_type ... ok
test wati::tests::wati_filename_voice_type ... ok
test wati::tests::wati_manager_none_and_warn_on_init_failure ... ok
test wati::tests::wati_manager_none_when_not_configured ... ok
test wati::tests::wati_manager_some_when_valid_config ... ok
test wati::tests::wati_number_allowed_empty ... ok
test wati::tests::wati_number_allowed_exact ... ok
test wati::tests::wati_number_allowed_wildcard ... ok
test wati::tests::wati_parse_alternative_field_names ... ok
test wati::tests::wati_parse_audio_as_message_uses_transcript_as_content ... ok
test wati::tests::wati_parse_empty_payload ... ok
test wati::tests::wati_parse_from_field_fallback ... ok
test wati::tests::wati_parse_message_text_fallback ... ok
test wati::tests::wati_parse_normalizes_phone ... ok
test wati::tests::wati_parse_owner_field_as_from_me ... ok
test wati::tests::wati_parse_skip_from_me ... ok
test wati::tests::wati_parse_skip_no_text ... ok
test wati::tests::wati_parse_timestamp_iso ... ok
test wati::tests::wati_parse_timestamp_milliseconds ... ok
test wati::tests::wati_parse_timestamp_seconds ... ok
test wati::tests::wati_parse_valid_message ... ok
test wati::tests::wati_try_transcribe_blocks_host_mismatch ... ok
test wati::tests::wati_try_transcribe_returns_none_when_manager_none ... ok
test wati::tests::wati_try_transcribe_returns_none_when_no_media_url ... ok
test webhook::tests::default_path ... ok
test webhook::tests::incoming_payload_deserializes_all_fields ... ok
test webhook::tests::incoming_payload_without_thread ... ok
test webhook::tests::outgoing_payload_omits_none_fields ... ok
test webhook::tests::outgoing_payload_serializes_content ... ok
test webhook::tests::path_normalized ... ok
test wati::tests::wati_try_transcribe_returns_none_on_media_download_failure ... ok
test webhook::tests::send_method_default ... ok
test webhook::tests::send_method_put ... ok
test webhook::tests::verify_signature_missing_header ... ok
test webhook::tests::verify_signature_invalid ... ok
test webhook::tests::verify_signature_no_secret ... ok
test webhook::tests::verify_signature_valid ... ok
test wecom::tests::test_config_serde_defaults ... ok
test wecom::tests::test_config_serde ... ok
test wecom::tests::test_name ... ok
test wecom::tests::test_user_allowed_specific ... ok
test wecom::tests::test_user_allowed_wildcard ... ok
test wecom::tests::test_user_denied_empty ... ok
test wati::tests::wati_transcribes_audio_via_local_whisper ... ok
test wecom::tests::test_webhook_url ... ok
test whatsapp::tests::approval_timeout_defaults_to_300_and_is_overridable ... ok
test whatsapp::tests::whatsapp_channel_fields_stored_correctly ... ok
test whatsapp::tests::whatsapp_channel_name ... ok
test whatsapp::tests::pending_approvals_are_shared_across_instances ... ok
test whatsapp::tests::whatsapp_compile_empty_vec ... ok
test whatsapp::tests::whatsapp_compile_skips_empty_patterns ... ok
test whatsapp::tests::whatsapp_default_no_mention_patterns ... ok
test whatsapp::tests::whatsapp_compile_skips_invalid_patterns ... ok
test whatsapp::tests::whatsapp_compile_valid_patterns ... ok
test whatsapp::tests::whatsapp_dm_mention_group_passes_through ... ok
test whatsapp::tests::whatsapp_dm_mention_rejects_dm_without_match ... ok
test whatsapp::tests::whatsapp_empty_text_skipped ... ok
test whatsapp::tests::whatsapp_dm_mention_accepts_and_strips_in_dm ... ok
test whatsapp::tests::whatsapp_group_mention_accepts_and_strips_in_group ... ok
test whatsapp::tests::whatsapp_group_mention_case_insensitive_group_match ... ok
test whatsapp::tests::whatsapp_group_mention_dm_not_stripped ... ok
test whatsapp::tests::whatsapp_group_mention_dm_passes_through_without_match ... ok
test whatsapp::tests::whatsapp_group_mention_drops_mention_only_group_message ... ok
test whatsapp::tests::whatsapp_group_mention_mixed_group_messages ... ok
test whatsapp::tests::whatsapp_group_mention_phone_pattern_in_group ... ok
test whatsapp::tests::whatsapp_is_group_message_empty_group_id ... ok
test whatsapp::tests::whatsapp_is_group_message_with_group_id ... ok
test whatsapp::tests::whatsapp_is_group_message_without_context ... ok
test whatsapp::tests::whatsapp_no_patterns_passes_all_group_messages ... ok
test whatsapp::tests::whatsapp_number_allowed_case_sensitive ... ok
test whatsapp::tests::whatsapp_number_allowed_exact ... ok
test whatsapp::tests::whatsapp_number_allowed_multiple_numbers ... ok
test whatsapp::tests::whatsapp_number_allowed_wildcard ... ok
test whatsapp::tests::whatsapp_number_denied_empty ... ok
test whatsapp::tests::whatsapp_parse_audio_message_skipped ... ok
test whatsapp::tests::whatsapp_parse_changes_not_array ... ok
test whatsapp::tests::whatsapp_parse_contacts_message_skipped ... ok
test whatsapp::tests::whatsapp_parse_document_message_skipped ... ok
test whatsapp::tests::whatsapp_parse_empty_changes_array ... ok
test whatsapp::tests::whatsapp_parse_empty_entry_array ... ok
test whatsapp::tests::whatsapp_parse_empty_messages_array ... ok
test whatsapp::tests::whatsapp_parse_empty_payload ... ok
test whatsapp::tests::whatsapp_parse_entry_not_array ... ok
test whatsapp::tests::whatsapp_parse_invalid_timestamp_uses_current ... ok
test whatsapp::tests::whatsapp_parse_location_message_skipped ... ok
test whatsapp::tests::whatsapp_parse_messages_not_array ... ok
test whatsapp::tests::whatsapp_parse_missing_changes_array ... ok
test whatsapp::tests::whatsapp_parse_missing_entry_array ... ok
test whatsapp::tests::whatsapp_parse_missing_from_field ... ok
test whatsapp::tests::whatsapp_parse_missing_messages_array ... ok
test whatsapp::tests::whatsapp_parse_missing_text_body ... ok
test whatsapp::tests::whatsapp_parse_missing_timestamp_uses_current ... ok
test whatsapp::tests::whatsapp_parse_missing_value ... ok
test whatsapp::tests::whatsapp_parse_mixed_authorized_unauthorized ... ok
test whatsapp::tests::whatsapp_group_mention_strips_from_group_content ... ok
test whatsapp::tests::whatsapp_parse_multiple_changes ... ok
test whatsapp::tests::whatsapp_parse_multiple_entries ... ok
test whatsapp::tests::whatsapp_parse_multiple_messages ... ok
test whatsapp::tests::whatsapp_parse_newlines_preserved ... ok
test whatsapp::tests::whatsapp_parse_non_text_message_skipped ... ok
test whatsapp::tests::whatsapp_parse_normalizes_phone_with_plus ... ok
test whatsapp::tests::whatsapp_parse_null_text_body ... ok
test whatsapp::tests::whatsapp_parse_phone_already_has_plus ... ok
test whatsapp::tests::whatsapp_parse_reaction_message_skipped ... ok
test whatsapp::tests::whatsapp_parse_special_characters ... ok
test whatsapp::tests::whatsapp_parse_status_update_ignored ... ok
test whatsapp::tests::whatsapp_parse_sticker_message_skipped ... ok
test whatsapp::tests::whatsapp_parse_unauthorized_number ... ok
test whatsapp::tests::whatsapp_parse_unicode_message ... ok
test whatsapp::tests::whatsapp_parse_valid_text_message ... ok
test whatsapp::tests::whatsapp_parse_video_message_skipped ... ok
test whatsapp::tests::whatsapp_parse_very_long_message ... ok
test whatsapp::tests::whatsapp_parse_whitespace_only_message_skipped ... ok
test whatsapp::tests::whatsapp_group_mention_rejects_group_message_without_match ... ok
test whatsapp::tests::whatsapp_strip_at_end ... ok
test whatsapp::tests::whatsapp_strip_at_name ... ok
test whatsapp::tests::whatsapp_strip_collapses_whitespace ... ok
test whatsapp::tests::whatsapp_strip_multiple_occurrences ... ok
test whatsapp::tests::whatsapp_strip_mid_sentence ... ok
test whatsapp::tests::whatsapp_strip_name_without_at ... ok
test whatsapp::tests::whatsapp_strip_phone_pattern ... ok
test whatsapp::tests::whatsapp_strip_returns_none_for_whitespace_only ... ok
test whatsapp::tests::whatsapp_strip_returns_none_when_only_mention ... ok
test whatsapp::tests::whatsapp_text_matches_empty_patterns ... ok
test whatsapp::tests::whatsapp_text_matches_at_name ... ok
test whatsapp::tests::whatsapp_text_matches_case_insensitive ... ok
test whatsapp::tests::whatsapp_text_matches_multiple_patterns ... ok
test whatsapp::tests::whatsapp_text_matches_name_only ... ok
test whatsapp::tests::whatsapp_verify_token ... ok
test whatsapp::tests::whatsapp_text_matches_phone_pattern ... ok
test whatsapp::tests::whatsapp_with_dm_mention_patterns_compiles ... ok
test whatsapp::tests::whatsapp_with_group_mention_patterns_compiles ... ok
test whatsapp::tests::whatsapp_text_matches_no_match ... ok
test orchestrator::tests::supervised_listener_marks_error_and_restarts_on_failures ... ok
test orchestrator::acp_server::tests::session_stop_finds_session_during_active_prompt_turn ... ok
test orchestrator::tests::supervised_listener_refreshes_health_while_running ... ok
  🤖 Reply (251ms): response-2
  🤖 Reply (251ms): response-2
test orchestrator::tests::message_dispatch_interrupts_in_flight_slack_request_and_preserves_context ... ok
test orchestrator::tests::message_dispatch_interrupts_in_flight_telegram_request_and_preserves_context ... ok
  🤖 Reply (304ms): echo: thread-a question
test discord::tests::cancel_draft_cleans_up_tracking ... ok
  🤖 Reply (303ms): echo: thread-b question
test orchestrator::tests::message_dispatch_different_threads_do_not_cancel_each_other ... ok
  🤖 Reply (363ms): echo: first chat
  🤖 Reply (363ms): echo: second chat
test orchestrator::tests::message_dispatch_interrupt_scope_is_same_sender_same_chat ... ok
  🤖 Reply (503ms): echo: hello
  🤖 Reply (503ms): echo: world
test orchestrator::tests::message_dispatch_processes_messages_in_parallel ... ok
test telegram::tests::telegram_send_document_bytes_builds_correct_form ... ok
test telegram::tests::telegram_send_document_bytes_empty_chat_id ... ok
test telegram::tests::telegram_send_document_bytes_empty_filename ... ok
test telegram::tests::telegram_send_photo_by_url_builds_correct_json ... ok
test telegram::tests::telegram_send_document_by_url_builds_correct_json ... ok
test telegram::tests::telegram_send_document_bytes_empty_file ... ok
test telegram::tests::telegram_send_photo_bytes_builds_correct_form ... ok
test telegram::tests::finalize_draft_invalid_message_id_falls_back_to_chunk_send ... ok
test telegram::tests::telegram_send_document_bytes_with_caption ... ok
test telegram::tests::telegram_send_photo_bytes_with_caption ... ok
  🤖 Reply (1001ms): ok
test orchestrator::tests::process_channel_message_precheck_timeout_fails_open_to_reply ... ok
test qq::tests::test_get_token_refreshes_expired_cache ... ok

test result: ok. 1250 passed; 0 failed; 1 ignored; 0 measured; 0 filtered out; finished in 4.00s

     Running unittests src/main.rs (target/debug/deps/operant-2db6c30f52053699)

running 589 tests
Configuration check found 2 issue(s):
/home/ishanp/.operant/operant.toml
  • Model is set to 'gpt-4' (the default). Consider explicitly setting a model (e.g. gpt-4o).
  • No API key configured. Set OPENAI_API_KEY or configure it in the config file.
test cmd_config::tests::coerce_boolean_values ... ok
test cmd_config::tests::coerce_fallback_to_string ... ok
test cmd_config::tests::coerce_float_value ... ok
test autonomous::tests::todo_ledger_parses_sections ... ok
test autonomous::tests::state_fingerprint_changes_with_failure_signature ... ok
test cmd_config::tests::coerce_integer_value ... ok
test cmd_config::tests::handle_path_does_not_panic ... ok
test cmd_config::tests::set_creates_missing_intermediate_objects ... ok
test cmd_config::tests::handle_check_default_config_emits_warnings ... ok
test cmd_config::tests::set_empty_key_is_rejected ... ok
test cmd_config::tests::set_single_key_modifies_json_object ... ok
test commands::tests::test_approve_deny_gateway_only ... ok
test commands::tests::test_agents_command_exists ... ok
test commands::tests::test_all_categories_have_commands ... ok
test commands::tests::test_all_commands_returns_all_canonicals ... ok
test commands::tests::test_background_aliases ... ok
test commands::tests::test_blueprint_alias_bp ... ok
test commands::tests::test_browser_command_exists ... ok
test commands::tests::test_branch_alias_fork ... ok
test autonomous::tests::publish_changes_runs_git_steps_in_order ... ok
test commands::tests::test_build_command_map_includes_aliases ... ok
test commands::tests::test_command_category_display ... ok
test commands::tests::test_build_command_map_includes_canonical ... ok
test commands::tests::test_command_def_cli_only ... ok
test commands::tests::test_build_command_map_size ... ok
test commands::tests::test_command_def_gateway_only ... ok
test commands::tests::test_command_def_new ... ok
test commands::tests::test_command_category_try_from_str ... ok
test autonomous::tests::failed_commit_blocks_push ... ok
test commands::tests::test_command_def_with_aliases ... ok
test commands::tests::test_command_def_with_args ... ok
test commands::tests::test_command_def_with_config_gate ... ok
test commands::tests::test_compress_command_exists ... ok
test commands::tests::test_config_gate_on_skills ... ok
test commands::tests::test_config_gate_on_verbose ... ok
test commands::tests::test_commands_by_category_order ... ok
test commands::tests::test_cron_command_exists ... ok
test commands::tests::test_debug_command_exists ... ok
test commands::tests::test_core_commands_present ... ok
test commands::tests::test_gateway_config_gate_default_none ... ok
test commands::tests::test_personality_command_exists ... ok
test autonomous::tests::failure_record_pauses_at_threshold ... ok
test commands::tests::test_format_help_text_contains_aliases ... ok
test commands::tests::test_reasoning_command_exists ... ok
test commands::tests::test_platforms_alias_gateway ... ok
test commands::tests::test_format_help_text_includes_descriptions ... ok
test commands::tests::test_format_help_text_includes_commands ... ok
version: 2
client:
  base_url: https://api.openai.com/v1
  api_key: null
  additional_api_keys: []
  timeout_secs: 60
  max_context_length: 128000
  rate_limit:
    max_retries: 3
    base_delay_secs: 5
    max_delay_secs: 60
    bucket_capacity: 60
    bucket_refill_rate: 1.0
agent:
  model: gpt-4
  max_iterations: 90
  tool_timeout_secs: 30
  request_timeout_secs: 120
  system_prompt: null
  stream: true
  context_window: 128000
  max_healing_attempts: 3
  show_reasoning: true
  tool_progress: auto
  session_reset: never
  context_compression: false
  context_compression_threshold: 0.5
  max_consecutive_tool_only: 90
  fallback_models: []
  fallback_on_errors: true
autonomous:
  interval_secs: 300
  todo_path: TODO.md
  status_path: autonomous-status.toml
  test_command: cargo test --workspace
  git_remote: origin
  git_branch: agent-dev
  commit_message: Auto-commit by operant-rs
  command_timeout_secs: 900
  max_failures_per_state: 3
logging:
  level: info
  format: pretty
  log_file: null
  with_target: false
  with_thread_ids: false
  with_file: false
  with_line_number: false
tui:
  theme: opencode
  rich_output: true
  show_tool_calls: true
  show_iterations: true
  landing_title: HERMES
  prompt_placeholder: Ask anything... "Fix a TODO in the codebase"
  refresh_rate_ms: 80
  compact_width: 96
  medium_width: 120
mcp:
  autoload: true
  servers: []
skills:
  root_dir: /home/ishanp/.operant/skills
  autoload: true
  template_name: new-skill
  template_description: Describe what this skill does.
gateway:
  telegram_enabled: false
  telegram_token: null
  telegram_api_base: https://api.telegram.org
  discord_enabled: false
  discord_token: null
  discord_api_base: https://discord.com/api/v10
  slack_enabled: false
  slack_token: null
  slack_api_base: https://slack.com/api
  whatsapp_enabled: false
  whatsapp_token: null
  email_enabled: false
  email_smtp_host: null
  email_smtp_user: null
  email_smtp_pass: null
  webhooks_enabled: false
  webhooks_addr: null
  sms_twilio_enabled: false
  admins: []
  streaming_transport: auto
  telegram_proxy: null
  telegram_bot_username: null
  telegram_dm_topics_enabled: false
plugins:
  plugin_dirs:
  - /home/ishanp/.operant/plugins
tools:
  registry_timeout_secs: 30
  event_channel_size: 100
  browser_binary_path: null
  web:
    search_url: https://lite.duckduckgo.com/lite/?q={query}
    search_timeout_secs: 15
    fetch_timeout_secs: 30
    user_agent: Mozilla/5.0 (compatible; OperantAgent/0.1)
    default_results: 10
    max_results: 20
    preferred_provider: duckduckgo
    tavily_api_key: null
    exa_api_key: null
    searxng_base_url: null
  http:
    timeout_secs: 30
  terminal:
    max_timeout_secs: 300
    max_output_bytes: 1000000
    docker:
      image: nikolaik/python-nodejs:python3.11-nodejs20
      volumes: []
      env: {}
      cpu: 1.0
      memory_mb: 5120
    ssh:
      host: null
      user: null
      port: 22
      key_path: null
  code_execution:
    default_timeout_secs: 60
    max_timeout_secs: 300
  stt:
    groq_api_key: null
    openai_api_key: null
    groq_model: whisper-large-v3-turbo
    openai_model: whisper-1
  disabled_tools: []
  disabled_toolsets: []
  aft_enabled: false
  igs_enabled: false
  lifeos_enabled: false
tts:
  provider: kokoro
  enabled: false
  voice: null
memory:
  provider: tdg
  enabled: true
  tdg_db_path: null
  tdg_lean: null
  hindsight_api_url: null
  hindsight_bank_id: null
  hindsight_budget: null
browser:
  provider: lightpanda
vision:
  provider: null
  model: null
  base_url: null
  api_key: null
credential_pool:
  strategy: null
  enabled: false
  strategies: {}
terminal_backend: local
auxiliary_models:
  vision: null
  compression: null
  web_extract: null
  image_gen: null
  embeddings: null
  search: null
  memory: null
  code_execution: null
  reasoning: null
database_path: /home/ishanp/.operant/database.db

test commands::tests::test_registry_commands_by_category ... ok
test commands::tests::test_format_help_text_includes_categories ... ok
test commands::tests::test_registry_execute_registered_handler ... ok
test commands::tests::test_registry_execute_resolves_alias ... ok
test commands::tests::test_registry_new_is_not_empty ... ok
test commands::tests::test_registry_execute_unknown ... ok
test commands::tests::test_registry_execute_unhandled_returns_fallback ... ok
test commands::tests::test_registry_register_handler_rejects_unknown ... ok
test commands::tests::test_registry_register_handler_known ... ok
test commands::tests::test_registry_resolve ... ok
test commands::tests::test_retry_command_exists ... ok
test commands::tests::test_resolve_with_leading_whitespace ... ok
test commands::tests::test_resolve_canonical ... ok
test commands::tests::test_rollback_command_exists ... ok
test commands::tests::test_sessions_command_exists ... ok
test commands::tests::test_resolve_alias ... ok
test commands::tests::test_resolve_unknown ... ok
test cmd_config::tests::config_subcommand_show_does_not_panic ... ok
test commands::tests::test_resolve_with_slash ... ok
test commands::tests::test_slash_completions_alias_match ... ok
test commands::tests::test_slash_completions_no_match ... ok
test commands::tests::test_slash_completions_empty_prefix ... ok
test commands::tests::test_static_registry_count_gte_70 ... ok
test commands::tests::test_static_registry_has_exit ... ok
test commands::tests::test_slash_completions_partial_match ... ok
test commands::tests::test_registry_format_help ... ok
test commands::tests::test_snapshot_alias_snap ... ok
test commands::tests::test_static_registry_has_help ... ok
test commands::tests::test_static_registry_not_empty ... ok
test commands::tests::test_stop_command_exists ... ok
test commands::tests::test_undo_command_exists ... ok
test commands::tests::test_usage_command_exists ... ok
test commands::tests::test_suggestions_alias_suggest ... ok
test commands::tests::test_statusbar_alias_sb ... ok
test commands::tests::test_version_command_exists ... ok
test config::tests::test_default_config_has_all_sections ... ok
test config::tests::test_default_config_version_is_set ... ok
test config::tests::test_expand_no_vars ... ok
test config::tests::test_expand_with_default ... ok
test config::tests::test_expand_unset_var_empty ... ok
test config::tests::test_dotenv_quoted_values ... ok
test config::tests::test_operant_env_overrides_model ... ok
test config::tests::test_expand_multiple_vars ... ok
test config::tests::test_to_app_config_maps_fields ... ok
test config::tests::test_expand_recursive ... ok
test config::tests::test_expand_simple_var ... ok
test env_store::tests::test_get_missing ... ok
test gateway_commands::tests::test_all_cmds_have_category ... ok
test config::tests::test_load_dotenv_file ... ok
test gateway_commands::tests::test_admin_allowed ... ok
test gateway_commands::tests::test_admin_gate ... ok
test config::tests::test_operant_env_overrides_log_level ... ok
test config::tests::test_expand_mixed_content ... ok
test gateway_commands::tests::test_resolve_case_insensitive ... ok
test gateway_commands::tests::test_resolve_alias ... ok
test gateway_commands::tests::test_handle_unknown ... ok
test gateway_commands::tests::test_resolve_no_slash ... ok
test gateway_commands::tests::test_resolve_slash_command ... ok
test gateway_commands::tests::test_resolve_unknown ... ok
test gateway_commands::tests::test_help_contains_categories ... ok
test gateway_commands::tests::test_resolve_with_args ... ok
test env_store::tests::test_preserves_other_keys ... ok
test gateway_runner::tests::test_build_adapters_all_disabled ... ok
test gateway_runner::tests::test_gateway_config_from_appconfig_fields ... ok
test env_store::tests::test_remove_value ... ok
test gateway_commands::tests::test_telegram_json_valid ... ok
test gateway_runner::turn_state_tests::check_interrupted_turns_returns_empty_when_no_dir ... ok
test gateway_runner::turn_state_tests::sanitize_channel_id_strips_path_separators ... ok
test env_store::tests::test_save_and_get ... ok
test mcp_serve::tests::test_initialize_falls_back_on_unknown_version ... ok
test mcp_serve::tests::test_initialize_negotiates_2025_version ... ok
test mcp_serve::tests::test_initialize_response ... ok
test gateway_runner::turn_state_tests::save_turn_state_writes_one_file_per_channel ... ok
test gateway_runner::turn_state_tests::check_interrupted_turns_skips_complete_status ... ok
test gateway_runner::turn_state_tests::concurrent_channels_do_not_overwrite_each_other ... ok
test mcp_serve::tests::test_ping_response ... ok
test mcp_serve::tests::test_mcp_tool_definition ... ok
test mcp_serve::tests::test_resources_list ... ok
test mcp_serve::tests::test_resources_read_unknown ... ok
test gateway_runner::tests::test_build_adapters_multi_platform ... ok
test gateway_runner::tests::test_build_adapters_telegram_enabled ... ok
test mcp_serve::tests::test_resources_read_valid ... ok
test mcp_serve::tests::test_full_mcp_lifecycle ... ok
test mcp_serve::tests::test_tools_call_missing_name ... ok
test mcp_serve::tests::test_tools_call_calculator ... ok
test mcp_serve::tests::test_unknown_method ... ok
test mcp_serve::tests::test_tools_call_success ... ok
test plugins_install::tests::test_derive_plugin_name_from_owner_repo ... ok
test mcp_serve::tests::test_tools_call_unknown_tool ... ok
test mcp_serve::tests::test_write_response_serialization ... ok
test plugins_install::tests::test_derive_plugin_name_from_url ... ok
test plugins_install::tests::test_derive_plugin_name_single ... ok
test plugins_install::tests::test_derive_plugin_name_with_trailing_slash ... ok
test mcp_serve::tests::test_tools_list ... ok
test plugins_install::tests::test_list_plugins_empty_dir ... ok
test plugins_install::tests::test_resolve_git_url_git_ssh ... ok
test plugins_install::tests::test_remove_nonexistent_plugin ... ok
test plugins_install::tests::test_list_plugins_with_entries ... ok
test plugins_install::tests::test_resolve_git_url_https ... ok
test plugins_install::tests::test_resolve_git_url_owner_repo_shorthand ... ok
test plugins_install::tests::test_remove_plugin ... ok
test plugins_install::tests::test_resolve_git_url_single_name ... ok
test plugins_install::tests::test_validate_plugin_missing_manifest ... ok
test plugins_install::tests::test_validate_plugin_with_init_py ... ok
test plugins_install::tests::test_validate_plugin_with_plugin_yaml ... ok
test provider::tests::all_existing_providers_are_present ... ok
test plugins_install::tests::test_validate_plugin_yaml_missing_name ... ok
test provider::tests::all_providers_have_non_empty_names ... ok
test provider::tests::custom_registry_fallback_chain ... ok
test provider::tests::custom_registry_register_and_get ... ok
test provider::tests::global_registry_alias_resolution ... ok
test provider::tests::global_registry_get_direct ... ok
test provider::tests::global_registry_get_via_alias ... ok
test provider::tests::infer_from_url ... ok
test provider::tests::global_registry_has_all_providers ... ok
test provider::tests::lookup_by_display ... ok
test provider::tests::lookup_by_name ... ok
test provider::tests::new_providers_are_present ... ok
test provider::tests::primary_env_var_is_in_env_vars_list ... ok
test provider::tests::names_are_unique ... ok
test provider::tests::provider_count ... ok
test provider::tests::provider_profile_default_methods ... ok
test provider::tests::provider_profile_static_bridge ... ok
test provider::tests::static_provider_profile_fallback_models ... ok
test tests::log_file_overrides_sink ... ok
test tests::rich_tui_without_log_file_uses_sink ... ok
test plugins_install::tests::test_check_git_available ... ok
test tests::load_memory_manager_reads_existing_memory_file ... ok
test tests::autonomous_subcommand_parses ... ok
test tui::app::tests::test_f12_toggles_debug_overlay ... ok
test tui::app::tests::test_bash_prefix_allowlist_after_p_key ... ok
test tui::app::tests::test_drop_pending_images_with_notice_warns_and_clears ... ok
test tests::run_autonomous_flag_parses ... ok
test tui::app::tests::test_clear_slash_command_clears_messages ... ok
test tui::app::tests::test_context_menu_fork_targets_clicked_message ... ok
test tui::app::tests::test_done_message_used_when_no_streaming ... ok
test tui::app::tests::test_normalize_char_no_shift_returns_unchanged ... ok
test tui::app::tests::test_exit_slash_command_sets_quit_flag ... ok
test tui::app::tests::test_normalize_char_other_modifiers_ignored ... ok
test tui::app::tests::test_normalize_char_shift_already_shifted_chars_unchanged ... ok
test tui::app::tests::test_normalize_char_shift_numbers ... ok
test tui::app::tests::test_normalize_char_shift_symbols ... ok
test tui::app::tests::test_normalize_char_shift_uppercase_letters ... ok
test tui::app::tests::test_normalize_char_shift_with_other_modifiers ... ok
test tui::app::tests::test_f12_works_even_with_input ... ok
test tui::app::tests::test_done_with_streaming_uses_streamed_text ... ok
test tui::app::tests::test_bash_prefix_allowlist_via_enter_on_p_option ... ok
test tui::app::tests::test_drop_pending_images_with_notice_noop_when_empty ... ok
test tui::app::tests::test_bash_command_not_allowed_by_default ... ok
test tui::app::tests::test_feedback_survey_removed ... ok
test tui::app::tests::test_debug_hub_records_errors ... ok
test tui::app::tests::test_ctrl_a_shortcut_opens_model_picker ... ok
test tui::app::tests::test_debug_hub_records_frames ... ok
test tui::app::tests::test_bash_prefix_allowlist_non_prefix_option_does_not_add ... ok
test tui::app::tests::test_mcp_subcommand_is_not_intercepted ... ok
test tui::app::tests::test_ctrl_k_shortcut_opens_command_palette_even_with_input ... ok
test tui::app::tests::test_help_slash_command_toggles ... ok
test tui::app::tests::test_fast_slash_command_toggles_fast_mode ... ok
test tui::app::tests::test_help_slash_command_opens_overlay ... ok
test tui::app::tests::test_model_slash_command_opens_picker ... ok
test tui::app::tests::test_output_style_cycles ... ok
test tui::app::tests::test_overlay_flags_matches_debug_snapshot_keys ... ok
test tui::app::tests::test_permission_dialog_enter_sends_selected_option_response ... ok
test tui::app::tests::test_permission_dialog_n_sends_deny ... ok
test tui::ask_user_dialog::tests::word_wrap_ascii_unchanged ... ok
test tui::ask_user_dialog::tests::word_wrap_uses_display_width_not_bytes ... ok
test tui::app::tests::test_permission_dialog_no_tx_does_not_panic ... ok
test tui::banner::tests::banner_lines_compact_width_returns_four_lines ... ok
test tui::banner::tests::banner_lines_narrow_returns_one_line_fallback ... ok
test tui::banner::tests::banner_lines_full_width_returns_eight_lines ... ok
test tui::banner::tests::full_art_is_seven_lines_uniform_width ... ok
test tui::banner::tests::compact_art_is_four_lines ... ok
test tui::banner::tests::pick_art_responsive_thresholds ... ok
test tui::bypass_permissions_dialog::tests::bypass_dialog_defaults_hidden ... ok
test tui::bypass_permissions_dialog::tests::bypass_dialog_dismiss ... ok
test tui::bypass_permissions_dialog::tests::bypass_dialog_navigate ... ok
test tui::bypass_permissions_dialog::tests::bypass_dialog_navigate_wraps ... ok
test tui::app::tests::test_permission_dialog_uppercase_y_sends_allow_session ... ok
test tui::app::tests::test_permission_dialog_y_sends_allow_once ... ok
test tui::app::tests::test_permission_dialog_esc_sends_deny ... ok
test tui::bypass_permissions_dialog::tests::bypass_dialog_show_sets_visible ... ok
test tui::context_viz::tests::context_viz_defaults_hidden ... ok
test tui::app::tests::test_question_mark_shortcut_types_into_non_empty_prompt ... ok
test tui::app::tests::test_stubs_eliminated_no_mcp_manager_field ... ok
test tui::app::tests::test_question_mark_shortcut_opens_help_with_shift_modifier ... ok
test tui::debug::debug_hub::tests::hub_records_errors ... ok
test tui::debug::debug_hub::tests::hub_records_frames ... ok
test tui::context_viz::tests::context_viz_toggle ... ok
test tui::bypass_permissions_dialog::tests::bypass_dialog_hidden_renders_nothing ... ok
test tui::app::tests::test_right_click_targets_row_message_instead_of_last_message ... ok
test tui::app::tests::test_stubs_eliminated_no_file_history_field ... ok
test tui::app::tests::test_streaming_agent_events_commit_message ... ok
test tui::debug::debug_hub::tests::new_from_env_respects_flag ... ok
test tui::debug::debug_hub::tests::overlay_toggle ... ok
test tui::debug::event_bus::tests::disabled_bus_drops_events ... ok
test tui::debug::event_bus::tests::enabled_at_runtime ... ok
test tui::debug::event_bus::tests::snapshot_json_is_valid_array ... ok
test tui::dialog_select::tests::close_hides ... ok
test gateway_runner::tests::test_gateway_start_stop_with_disabled_platforms ... ok
test tui::context_viz::tests::context_viz_hidden_renders_nothing ... ok
test tui::dialog_select::tests::filter_pop_restores ... ok
test tui::dialog_select::tests::home_and_end_jump_to_edges ... ok
test tui::debug::event_bus::tests::ring_buffer_evicts_oldest ... ok
test tui::app::tests::test_question_mark_shortcut_closes_help_with_shift_modifier ... ok
test tui::dialog_select::tests::move_down_and_up_wrap ... ok
test tui::dialog_select::tests::new_state_is_hidden ... ok
test tui::dialog_select::tests::page_up_and_down ... ok
test tui::dialog_select::tests::filter_reduces_results ... ok
test tui::dialog_select::tests::open_sets_visible ... ok
test tui::dialog_select::tests::selected_returns_correct_item ... ok
test tui::app::tests::test_tasks_slash_command_is_an_alias_for_agents ... ok
test tui::dialogs::tests::bash_with_prefix_has_five_options ... ok
test tui::dialogs::tests::bash_without_prefix_has_four_options ... ok
test tui::dialogs::tests::file_read_has_three_options ... ok
test tui::dialogs::tests::file_write_has_four_options ... ok
test tui::dialogs::tests::from_reason_no_newline ... ok
test tui::app::tests::test_token_warning_threshold_resets_when_usage_drops ... ok
test tui::dialogs::tests::from_reason_splits_on_newline ... ok
test tui::dialogs::tests::mcp_approval_confirm_closes_and_returns_choice ... ok
test tui::dialogs::tests::mcp_approval_key_digit_shortcuts ... ok
test tui::dialogs::tests::mcp_approval_key_enter_confirms ... ok
test tui::dialogs::tests::mcp_approval_key_esc_denies ... ok
test tui::dialogs::tests::mcp_approval_key_n_denies ... ok
test tui::dialogs::tests::mcp_approval_key_navigation_returns_none ... ok
test tui::dialogs::tests::mcp_approval_new_is_invisible ... ok
test tui::dialogs::tests::mcp_approval_select_next_and_prev ... ok
test tui::dialogs::tests::mcp_approval_show_populates_state ... ok
test tui::dialogs::tests::mcp_approval_tool_list_capped_at_five_in_display ... ok
test tui::dialogs::tests::powershell_reason_drops_duplicate_command_line ... ok
test tui::dialogs::tests::powershell_reason_uses_reason_body_only ... ok
test tui::app::tests::test_usage_total_tokens_not_dropped ... ok
test tui::app::tests::test_usage_event_pushes_token_warning_notification ... ok
test tui::dialogs::tests::powershell_reason_without_duplicate_line_keeps_explanation ... ok
test tui::dialogs::tests::standard_permission_request_has_four_options ... ok
test tui::dialogs::tests::truncate_str_exceeds_limit ... ok
test tui::dialogs::tests::truncate_str_within_limit ... ok
test tui::dialogs::tests::word_wrap_hard_breaks_token_longer_than_width ... ok
test tui::dialogs::tests::word_wrap_long_text_splits ... ok
test tui::dialogs::tests::word_wrap_mixed_short_and_long_tokens ... ok
test tui::dialogs::tests::word_wrap_short_text_unchanged ... ok
test tui::diff_viewer::tests::build_diff_lines_inline_diff_for_adjacent_pair ... ok
test tui::diff_viewer::tests::build_inline_diff_spans_equal_content ... ok
test tui::diff_viewer::tests::build_inline_diff_spans_highlights_changed_word ... ok
test tui::diff_viewer::tests::diff_viewer_collapse_initializes_false ... ok
test tui::diff_viewer::tests::diff_viewer_set_turn_diff_resets_collapsed ... ok
test tui::diff_viewer::tests::diff_viewer_toggle_collapse_empty_files_no_panic ... ok
test tui::diff_viewer::tests::diff_viewer_toggle_collapse_selected ... ok
test tui::diff_viewer::tests::diff_viewer_toggle_collapse_twice_restores ... ok
test tui::diff_viewer::tests::file_stats_binary_renders_badge ... ok
test tui::app::tests::test_usage_falls_back_to_sum_when_total_is_zero ... ok
test tui::diff_viewer::tests::file_stats_new_file_renders_badge ... ok
test tui::diff_viewer::tests::format_gutter_both_line_numbers ... ok
test tui::diff_viewer::tests::format_gutter_old_only ... ok
test tui::diff_viewer::tests::format_gutter_new_only ... ok
test tui::diff_viewer::tests::parse_unified_diff_existing_file_not_new ... ok
test tui::diff_viewer::tests::parse_unified_diff_new_file_flag ... ok
test tui::diff_viewer::tests::truncate_spans_to_width_cuts_mid_span ... ok
test tui::diff_viewer::tests::truncate_spans_to_width_exact ... ok
test tui::dialog_select::tests::render_keeps_short_list_items_visible_when_selection_moves_down ... ok
test tui::export_dialog::tests::export_dialog_open ... ok
test tui::export_dialog::tests::export_dialog_toggle ... ok
test tui::export_dialog::tests::export_dialog_defaults_hidden ... ok
test tui::dialog_select::tests::render_noop_when_hidden ... ok
test tui::free_mode_dialog::tests::can_submit_requires_at_least_one_key ... ok
test tui::free_mode_dialog::tests::defaults_hidden ... ok
test tui::free_mode_dialog::tests::insert_and_backspace_target_active_field ... ok
test tui::free_mode_dialog::tests::mask_key_hides_all_but_last_four ... ok
test tui::free_mode_dialog::tests::move_next_wraps ... ok
test tui::free_mode_dialog::tests::move_prev_wraps ... ok
test tui::free_mode_dialog::tests::open_seeds_existing_keys_and_skips_to_first_empty ... ok
test tui::free_mode_dialog::tests::open_starts_on_first_empty_field ... ok
test tui::free_mode_dialog::tests::scroll_offset_follows_active ... ok
test tui::free_mode_dialog::tests::take_values_returns_only_non_empty_trimmed_pairs_and_closes ... ok
test tui::bypass_permissions_dialog::tests::bypass_dialog_renders_without_panic ... ok
test tui::bypass_permissions_dialog::tests::bypass_dialog_shows_both_options ... ok
test tui::image_paste::tests::encode_image_base64_missing_file_returns_none ... ok
test tui::image_paste::tests::make_temp_png_produces_unique_names ... ok
test tui::image_paste::tests::pasted_image_clone ... ok
test tui::image_paste::tests::encode_image_base64_roundtrip ... ok
test tui::input::tests::parse_no_args ... ok
test tui::image_paste::tests::png_dimensions_invalid_data_returns_none ... ok
test tui::input::tests::parse_non_slash ... ok
test tui::image_paste::tests::png_dimensions_valid_header ... ok
test tui::input::tests::parse_with_args ... ok
test tui::input::tests::slash_command_detection ... ok
test tui::input_history::tests::append_skips_empty_input ... ok
test tui::input_history::tests::load_missing_file_returns_empty ... ok
test tui::input_history::tests::append_dedupes_consecutive_duplicates ... ok
test tui::input_history::tests::append_then_load_roundtrip ... ok
test tui::mcp_view::tests::mcp_view_open_resets_error_expanded ... ok
test tui::mcp_view::tests::mcp_view_state_defaults ... ok
test tui::mcp_view::tests::mcp_view_toggle_error_detail ... ok
test tui::messages::tests::extract_goal_objective_returns_none_for_subcommands_and_empty ... ok
test tui::messages::tests::extract_goal_slash_objective_folds_trailing_lines_into_objective ... ok
test tui::messages::tests::extract_goal_slash_objective_handles_typed_user_message ... ok
test tui::messages::tests::goal_objective_renders_goal_active_block_not_user_command ... ok
test tui::messages::tests::goal_subcommands_render_as_normal_user_command ... ok
test tui::messages::tests::goal_with_tokens_flag_strips_flag_from_objective ... ok
test tui::messages::tests::test_normalize_markdown_newlines_specific ... ok
test tui::app::tests::test_vim_slash_command_toggles_vim ... ok
test tui::export_dialog::tests::export_dialog_hidden_renders_nothing ... ok
test tui::messages::tests::test_render_bash_input_line ... ok
test tui::messages::tests::test_render_bash_output_block_no_overflow ... ok
test tui::messages::tests::test_render_bash_output_block ... ok
test tui::messages::tests::test_render_collapsed_read_search_no_hidden ... ok
test tui::messages::tests::test_render_collapsed_read_search_with_hidden ... ok
test tui::messages::tests::test_render_system_api_error_long_message_shows_expand_hint ... ok
test tui::messages::tests::test_render_system_api_error_short_message ... ok
test tui::messages::tests::test_render_system_api_error_with_retry ... ok
test tui::dialog_select::tests::render_does_not_panic ... ok
test tui::app::tests::test_command_palette_opens_via_ctrl_k ... ok
test tui::messages::tests::test_render_user_memory_input ... ok
test tui::messages::tests::test_render_task_assignment ... ok
test tui::messages::tests::test_render_task_assignment_truncates_desc_at_5_lines ... ok
test tui::model_picker::tests::close_clears_state ... ok
test tui::messages::tests::test_render_user_command ... ok
test tui::model_picker::tests::confirm_empty_filter_returns_none ... ok
test tui::messages::tests::test_render_tool_result_success_uses_30_lines ... ok
test tui::messages::tests::test_render_user_local_command_output_no_overflow ... ok
test tui::model_picker::tests::confirm_returns_id_and_closes ... ok
test tui::model_picker::tests::default_models_are_populated ... ok
test tui::model_picker::tests::effort_cycles_correctly ... ok
test tui::model_picker::tests::default_model_for_provider_anthropic_bare ... ok
test tui::model_picker::tests::filter_reduces_results ... ok
test tui::messages::tests::test_render_user_local_command_output_with_overflow ... ok
test tui::model_picker::tests::haiku_has_no_effort ... ok
test tui::model_picker::tests::default_model_for_provider_unknown_falls_back ... ok
test tui::model_picker::tests::open_marks_current_model ... ok
test tui::model_picker::tests::open_unknown_model_selects_first ... ok
test tui::model_picker::tests::default_model_for_provider_openai ... ok
test tui::context_viz::tests::context_viz_renders_without_panic ... ok
test tui::model_picker::tests::open_with_fast_mode_tracks_locked_model ... ok
test tui::model_picker::tests::models_for_provider_openai ... ok
test tui::model_picker::tests::models_for_provider_anthropic ... ok
test tui::model_picker::tests::models_for_provider_unknown_returns_default ... ok
test tui::model_picker::tests::open_with_title_updates_dialog_title ... ok
test tui::hooks_config_menu::tests::hooks_menu_renders_opaque_event_list ... ok
test tui::model_picker::tests::opus_supports_max_effort ... ok
test tui::model_picker::tests::pop_filter_char_removes_last ... ok
test tui::model_picker::tests::select_next_wraps ... ok
test tui::mcp_view::tests::mcp_view_closed_renders_nothing ... ok
test tui::model_picker::tests::select_prev_wraps ... ok
test tui::notifications::tests::current_prefers_latest_notification ... ok
test tui::notifications::tests::dismiss_by_id ... ok
test tui::notifications::tests::duplicate_notification_is_refreshed_not_duplicated ... ok
test tui::notifications::tests::persistent_notification_survives_tick ... ok
test tui::model_picker::tests::render_noop_when_hidden ... ok
test tui::model_picker::tests::set_models_replaces_list ... ok
test tui::notifications::tests::push_and_current ... ok
test tui::notifications::tests::tick_removes_expired ... ok
test tui::osc8::tests::enabled_respects_env_var ... ok
test tui::osc8::tests::write_hits_emits_osc8_envelope ... ok
test tui::osc8::tests::write_hits_no_output_when_empty ... ok
test tui::osc8::tests::no_urls_no_hits ... ok
test tui::overlays::tests::history_entry_legacy_has_no_timestamp ... ok
test tui::osc8::tests::detects_www_and_normalizes_to_https ... ok
test tui::overlays::tests::history_entry_relative_time_days ... ok
test tui::osc8::tests::detects_simple_http_url ... ok
test tui::overlays::tests::history_entry_relative_time_hours ... ok
test tui::overlays::tests::history_entry_relative_time_just_now ... ok
test tui::overlays::tests::help_overlay_filter ... ok
test tui::overlays::tests::help_overlay_close_resets_state ... ok
test tui::overlays::tests::history_entry_relative_time_minutes ... ok
test tui::overlays::tests::history_search_current_entry ... ok
test tui::overlays::tests::history_search_navigation ... ok
test tui::osc8::tests::keeps_balanced_paren_inside_url ... ok
test tui::osc8::tests::strips_trailing_period_and_paren ... ok
test tui::osc8::tests::handles_share_url_with_hash_fragment ... ok
test tui::overlays::tests::history_search_with_timestamps_stores_snapshot ... ok
test tui::model_picker::tests::render_does_not_panic ... ok
test tui::osc8::tests::two_urls_one_line ... ok
test tui::overlays::tests::message_selector_navigate ... ok
test tui::overlays::tests::history_search_update_matches ... ok
test tui::overlays::tests::message_selector_open_selects_last ... ok
test tui::overlays::tests::modal_search_line_separates_leading_space_from_cursor ... ok
test tui::overlays::tests::rewind_flow_accept_closes ... ok
test tui::overlays::tests::help_overlay_toggle ... ok
test tui::overlays::tests::rewind_flow_confirm_advances_step ... ok
test tui::overlays::tests::rewind_flow_reject_returns_to_selector ... ok
test tui::overlays::tests::subseq_score_returns_correct_positions_for_substring ... ok
test tui::overlays::tests::subseq_score_some_for_exact_subsequence ... ok
test tui::overlays::tests::subseq_score_none_for_non_subsequence ... ok
test tui::overlays::tests::subseq_score_substring_beats_subsequence ... ok
test tui::overlays::tests::subseq_score_sorts_correctly_in_overlay ... ok
test tui::prompt_input::tests::accept_suggestion_file_ref_after_text_preserves_prefix ... ok
test tui::prompt_input::tests::accept_suggestion_file_ref_at_start ... ok
test tui::prompt_input::tests::accept_suggestion_file_ref_preserves_tail ... ok
test tui::prompt_input::tests::backspace_at_start_is_noop ... ok
test tui::prompt_input::tests::backspace_removes_previous_char ... ok
test tui::prompt_input::tests::clear_resets_state ... ok
test tui::export_dialog::tests::export_dialog_renders_without_panic ... ok
test tui::prompt_input::tests::command_escape_cancels ... ok
test tui::prompt_input::tests::accept_suggestion_fills_text ... ok
test tui::prompt_input::tests::command_line_accumulates_chars ... ok
test tui::prompt_input::tests::command_line_backspace_pops ... ok
test tui::prompt_input::tests::command_line_empty_backspace_cancels ... ok
test tui::prompt_input::tests::command_line_mode_enter ... ok
test tui::prompt_input::tests::command_noh_clears_search ... ok
test tui::prompt_input::tests::command_q_sets_quit_flag ... ok
test tui::prompt_input::tests::cursor_visual_pos_counts_wide_characters ... ok
test tui::prompt_input::tests::delete_removes_char_at_cursor ... ok
test tui::prompt_input::tests::dot_repeat_after_visual_delete ... ok
test tui::prompt_input::tests::dot_repeat_noop_when_no_action ... ok
test tui::prompt_input::tests::dot_repeat_delete_char ... ok
test tui::prompt_input::tests::dot_repeat_replace_char ... ok
test tui::prompt_input::tests::file_autocomplete_detects_symlinks ... ok
test tui::prompt_input::tests::file_autocomplete_format_filenames ... ok
test tui::prompt_input::tests::file_autocomplete_returns_fileref_source ... ok
test tui::prompt_input::tests::has_active_file_ref_after_space ... ok
test tui::prompt_input::tests::file_autocomplete_at_requires_word_boundary ... ok
test tui::prompt_input::tests::has_active_file_ref_at_start ... ok
test tui::prompt_input::tests::has_active_file_ref_email_not_boundary ... ok
test tui::prompt_input::tests::file_autocomplete_with_whitespace_prefix ... ok
test tui::prompt_input::tests::has_active_file_ref_no_at ... ok
test tui::prompt_input::tests::file_autocomplete_slash_commands_still_work ... ok
test tui::prompt_input::tests::history_draft_restored ... ok
test tui::prompt_input::tests::history_navigation_up_down ... ok
test tui::prompt_input::tests::insert_char_updates_cursor ... ok
test tui::prompt_input::tests::insert_newline_works ... ok
test tui::prompt_input::tests::is_empty_trims_whitespace ... ok
test tui::prompt_input::tests::macro_record_and_replay ... ok
test tui::prompt_input::tests::macro_replay_empty_register ... ok
test tui::prompt_input::tests::macro_replay_via_at ... ok
test tui::prompt_input::tests::macro_via_vim_command ... ok
test tui::prompt_input::tests::mark_jump_nonexistent_is_noop ... ok
test tui::prompt_input::tests::mark_clamped_when_text_shortened ... ok
test tui::prompt_input::tests::mark_set_and_jump ... ok
test tui::prompt_input::tests::mark_via_vim_command ... ok
test tui::prompt_input::tests::motion_E_basic ... ok
test tui::prompt_input::tests::motion_G_basic ... ok
test tui::prompt_input::tests::motion_W_B_basic ... ok
test tui::prompt_input::tests::motion_b_basic ... ok
test tui::prompt_input::tests::motion_e_basic ... ok
test tui::prompt_input::tests::motion_find_char_bigF ... ok
test tui::prompt_input::tests::motion_find_char_f ... ok
test tui::prompt_input::tests::motion_find_char_t ... ok
test tui::prompt_input::tests::motion_first_nonblank_basic ... ok
test tui::prompt_input::tests::motion_gg_basic ... ok
test tui::prompt_input::tests::motion_w_basic ... ok
test tui::prompt_input::tests::paste_counter_increments ... ok
test tui::prompt_input::tests::move_left_right ... ok
test tui::prompt_input::tests::paste_large_content_placeholder ... ok
test tui::prompt_input::tests::paste_small_content_inline ... ok
test tui::prompt_input::tests::paste_large_multiline_placeholder ... ok
test tui::prompt_input::tests::paste_three_lines_triggers_placeholder ... ok
test tui::prompt_input::tests::paste_two_lines_inline ... ok
test tui::prompt_input::tests::prompt_input_undo_restores_text ... ok
test tui::prompt_input::tests::prompt_input_visual_yank ... ok
test tui::prompt_input::tests::readonly_blocks_insert ... ok
test tui::prompt_input::tests::register_delete_to_named ... ok
test tui::prompt_input::tests::register_yank_and_paste ... ok
test tui::prompt_input::tests::register_yank_method ... ok
test tui::prompt_input::tests::search_N_finds_prev ... ok
test tui::prompt_input::tests::search_escape_cancels ... ok
test tui::prompt_input::tests::render_cursor_after_wide_character ... ok
test tui::prompt_input::tests::search_finds_match_and_moves_cursor ... ok
test tui::prompt_input::tests::search_mode_enter ... ok
test tui::prompt_input::tests::search_n_finds_next ... ok
test tui::prompt_input::tests::take_returns_and_clears ... ok
test tui::prompt_input::tests::token_estimate_rough ... ok
test tui::prompt_input::tests::vim_key_D_delete_to_eol ... ok
test tui::prompt_input::tests::suggestion_next_cycles ... ok
test tui::prompt_input::tests::vim_key_G_last_line ... ok
test tui::prompt_input::tests::vim_key_W_motion ... ok
test tui::prompt_input::tests::typeahead_case_insensitive ... ok
test tui::prompt_input::tests::typeahead_full_match ... ok
test tui::prompt_input::tests::vim_key_X_delete_before_cursor ... ok
test tui::prompt_input::tests::typeahead_slash_prefix_matches ... ok
test tui::prompt_input::tests::vim_key_count_motion ... ok
test tui::prompt_input::tests::vim_key_cw_change_word_enters_insert ... ok
test tui::prompt_input::tests::vim_key_dd_deletes_line ... ok
test tui::prompt_input::tests::vim_key_e_motion ... ok
test tui::prompt_input::tests::vim_key_dw_delete_word ... ok
test tui::prompt_input::tests::vim_key_find_f ... ok
test tui::prompt_input::tests::vim_key_gg_first_line ... ok
test tui::prompt_input::tests::vim_key_o_open_line_below ... ok
test tui::prompt_input::tests::vim_key_r_replace_char ... ok
test tui::prompt_input::tests::vim_key_semicolon_repeat_find ... ok
test tui::prompt_input::tests::vim_key_tilde_toggle_case ... ok
test tui::prompt_input::tests::vim_mode_labels ... ok
test tui::prompt_input::tests::vim_mode_new_labels ... ok
test tui::prompt_input::tests::visual_line_delete ... ok
test tui::prompt_input::tests::visual_line_escape_returns_normal ... ok
test tui::prompt_input::tests::visual_line_mode_enter ... ok
test tui::prompt_input::tests::visual_line_yank ... ok
test tui::rustle::tests::rustle_lines_returns_5_lines ... ok
test tui::session_browser::tests::cancel_browse_closes ... ok
test tui::session_browser::tests::cancel_rename_goes_to_browse ... ok
test tui::messages::tests::test_tui_render_bug_reproduce ... ok
test tui::session_browser::tests::confirm_rename_empty_returns_none ... ok
test tui::session_browser::tests::confirm_rename_returns_pair ... ok
test tui::session_browser::tests::fmt_cost_formats ... ok
test tui::session_browser::tests::new_starts_hidden ... ok
test tui::session_browser::tests::open_populates_and_shows ... ok
test tui::session_browser::tests::rename_char_editing ... ok
test tui::session_browser::tests::select_next_wraps_to_start ... ok
test tui::session_browser::tests::select_prev_wraps_to_end ... ok
test tui::session_browser::tests::selected_session_correct ... ok
test tui::session_browser::tests::start_rename_prefills_title ... ok
test tui::session_browser::tests::truncate_display_trims ... ok
test tui::session_browser::tests::render_noop_when_hidden ... ok
test tui::settings_screen::tests::all_entries_returns_expected_settings ... ok
test tui::settings_screen::tests::cycle_enum_entry_wraps_around ... ok
test tui::settings_screen::tests::settings_screen_new_has_sensible_defaults ... ok
test tui::settings_screen::tests::search_filters_entries_correctly ... ok
test tui::slash_usage::tests::frequency_breaks_recency_tie ... ok
test tui::slash_usage::tests::recently_used_floats_to_top ... ok
test tui::slash_usage::tests::tick_works ... ok
test tui::slash_usage::tests::unused_commands_keep_declaration_order ... ok
test tui::stats_dialog::tests::test_add_model_usage_accumulates_same_model ... ok
test tui::settings_screen::tests::toggle_bool_entry_flips_value ... ok
test tui::stats_dialog::tests::test_add_model_usage_multiple_models ... ok
test tui::stats_dialog::tests::test_add_model_usage_new_model ... ok
test tui::stats_dialog::tests::test_build_model_breakdown_sorted_by_cost_desc ... ok
test tui::stats_dialog::tests::test_consecutive_dates_helper ... ok
test tui::stats_dialog::tests::test_heatmap_color_max ... ok
test tui::stats_dialog::tests::test_heatmap_color_mid ... ok
test tui::stats_dialog::tests::test_model_breakdown_totals ... ok
test tui::diff_viewer::tests::diff_viewer_collapse_renders_without_panic ... ok
test tui::stats_dialog::tests::test_streak_consecutive_days ... ok
test tui::session_browser::tests::render_does_not_panic ... ok
test tui::stats_dialog::tests::test_heatmap_color_zero ... ok
test tui::stats_dialog::tests::test_streak_empty ... ok
test tui::stats_dialog::tests::test_streak_gap_resets_current ... ok
test tui::stats_dialog::tests::test_streak_longer_tail_wins_longest ... ok
test tui::stats_dialog::tests::test_streak_single_day ... ok
test tui::theme_screen::tests::theme_navigation_wraps ... ok
test tui::voice_mode_notice::tests::voice_notice_auto_dismiss_on_enable ... ok
test tui::voice_mode_notice::tests::voice_notice_dismiss ... ok
test tui::voice_mode_notice::tests::voice_notice_hidden_when_already_enabled ... ok
test tui::voice_mode_notice::tests::voice_notice_hidden_when_not_available ... ok
test tui::voice_mode_notice::tests::voice_notice_show_when_available_not_enabled ... ok
test tui::voice_mode_notice::tests::voice_notice_not_rendered_when_invisible ... ok
test tui::voice_mode_notice::tests::voice_notice_render_smoke ... ok
test tui::mcp_view::tests::mcp_view_footer_renders_auth_hotkey ... ok
test tui::mcp_view::tests::mcp_view_renders_without_panic ... ok
test tui::mcp_view::tests::mcp_view_error_expanded_renders_error_detail ... ok
test tui::theme_screen::tests::theme_screen_renders_current_theme ... ok
test tui::app::tests::test_interactive_multi_step_simulation ... ok
test tui::app::tests::test_dialog_open_close_scenarios ... ok
test autonomous::tests::persisted_pause_state_survives_restart_until_workspace_changes ... ok
test autonomous::tests::autonomous_tick_updates_disposable_repo_and_status_report ... ok

test result: ok. 589 passed; 0 failed; 0 ignored; 0 measured; 0 filtered out; finished in 1.76s

     Running unittests src/lib.rs (target/debug/deps/operant_config-36527073a434ab2b)

running 638 tests
test api_error::tests::classify_provider_fallback_dangling ... ok
test api_error::tests::classify_falls_back_to_validation_failed ... ok
test api_error::tests::classify_unknown_property ... ok
test api_error::tests::code_str_round_trip ... ok
test api_error::tests::display_includes_code_and_path ... ok
test api_error::tests::http_status_matches_intent ... ok
test api_error::tests::from_validation_picks_dangling_code_for_matching_message ... ok
test api_error::tests::path_not_found_carries_path ... ok
test api_error::tests::from_validation_uses_message ... ok
test api_error::tests::secret_test_forbidden_carries_path ... ok
test comment_writer::tests::build_comment_prefix_empty_strips ... ok
test comment_writer::tests::build_comment_prefix_preserves_multi_blank_lines ... ok
test comment_writer::tests::build_comment_prefix_appends_to_blank ... ok
test comment_writer::tests::build_comment_prefix_handles_multiline_comment ... ok
test comment_writer::tests::build_comment_prefix_replaces_existing_comment ... ok
test cost::types::tests::cost_record_creation ... ok
test cost::types::tests::token_usage_calculation ... ok
test cost::tracker::tests::budget_check_when_disabled ... ok
test cost::tracker::tests::invalid_budget_estimate_is_rejected ... ok
test cost::tracker::tests::cost_tracker_initialization ... ok
test cost::tracker::tests::budget_exceeded_daily_limit ... ok
test cost::tracker::tests::record_usage_and_get_summary ... ok
test cost::types::tests::token_usage_negative_or_non_finite_prices_are_clamped ... ok
test domain_matcher::tests::malformed_domain_pattern_is_rejected ... ok
test cost::types::tests::token_usage_zero_tokens ... ok
test domain_matcher::tests::exact_match_works ... ok
test domain_matcher::tests::category_preset_expands_and_matches ... ok
test domain_matcher::tests::wildcard_match_works ... ok
test domain_matcher::tests::non_matching_domain_returns_false ... ok
test helpers::tests::parse_string_array_empty_input_gives_empty_array ... ok
test helpers::tests::parse_string_array_quote_in_value_is_literal ... ok
test helpers::tests::parse_string_array_single_value ... ok
test cost::tracker::tests::summary_by_model_is_session_scoped ... ok
test helpers::tests::parse_string_array_splits_on_comma ... ok
test domain_matcher::tests::unknown_category_is_rejected ... ok
test cost::tracker::tests::malformed_lines_are_ignored_while_loading ... ok
test pairing::tests::constant_time_eq_different ... ok
test pairing::tests::constant_time_eq_same ... ok
test pairing::tests::generate_code_is_6_digits ... ok
test pairing::tests::generate_code_is_not_deterministic ... ok
test pairing::tests::hash_token_differs_for_different_inputs ... ok
test pairing::tests::hash_token_is_deterministic ... ok
test pairing::tests::generate_token_has_prefix_and_hex_payload ... ok
test pairing::tests::hash_token_produces_64_hex_chars ... ok
test pairing::tests::new_guard_generates_code_when_no_tokens ... ok
test pairing::tests::new_guard_no_code_when_pairing_disabled ... ok
test pairing::tests::is_authenticated_when_pairing_disabled ... ok
test pairing::tests::is_token_hash_detects_hash_vs_plaintext ... ok
test pairing::tests::is_authenticated_with_prehashed_token ... ok
test pairing::tests::localhost_variants_not_public ... ok
test pairing::tests::lockout_is_per_client ... ok
test pairing::tests::is_authenticated_with_valid_token ... ok
test pairing::tests::failed_attempt_sweep_prunes_expired_clients ... ok
test pairing::tests::real_ip_is_public ... ok
test pairing::tests::correct_code_resets_failed_attempts ... ok
test pairing::tests::brute_force_lockout_after_max_attempts ... ok
test pairing::tests::tokens_returns_hashes ... ok
test pairing::tests::lockout_returns_remaining_seconds ... ok
test pairing::tests::zero_zero_is_public ... ok
test platform::docker::tests::docker_build_shell_command_includes_network_flag ... ok
test platform::docker::tests::docker_build_shell_command_includes_read_only_flag ... ok
test platform::docker::tests::docker_build_shell_command_includes_runtime_flags ... ok
test platform::docker::tests::docker_no_memory_flag_when_not_configured ... ok
test pairing::tests::try_pair_wrong_code ... ok
test pairing::tests::new_guard_no_code_when_tokens_exist ... ok
test pairing::tests::try_pair_correct_code ... ok
test platform::docker::tests::docker_refuses_root_mount ... ok
test pairing::tests::is_authenticated_with_invalid_token ... ok
test platform::docker::tests::docker_runtime_memory_budget ... ok
test pairing::tests::pair_then_authenticate ... ok
test platform::docker::tests::docker_runtime_name ... ok
test platform::native::tests::native_has_filesystem_access ... ok
test platform::native::tests::native_builds_shell_command ... ok
test platform::docker::tests::docker_workspace_allowlist_blocks_outside_paths ... ok
test platform::native::tests::native_has_shell_access ... ok
test platform::native::tests::native_memory_budget_unlimited ... ok
test platform::native::tests::native_name ... ok
test platform::native::tests::native_supports_long_running ... ok
test pairing::tests::successful_pair_resets_only_requesting_client_state ... ok
test platform::native::tests::native_storage_path_contains_operant ... ok
test policy::tests::absolute_path_in_allowed_root_permitted_when_workspace_only ... ok
test pairing::tests::try_pair_empty_code ... ok
test policy::tests::absolute_path_inside_workspace_allowed_when_workspace_only ... ok
test policy::tests::absolute_paths_allowed_when_not_workspace_only ... ok
test policy::tests::absolute_paths_blocked_when_workspace_only ... ok
test policy::tests::action_tracker_clone_is_independent ... ok
test policy::tests::action_tracker_records_actions ... ok
test policy::tests::action_tracker_starts_at_zero ... ok
test policy::tests::autonomy_default_is_supervised ... ok
test policy::tests::autonomy_serde_roundtrip ... ok
test policy::tests::allowed_roots_permits_paths_outside_workspace ... ok
test policy::tests::can_act_full_true ... ok
test policy::tests::can_act_readonly_false ... ok
test policy::tests::can_act_supervised_true ... ok
test policy::tests::checklist_default_forbidden_paths_comprehensive ... ok
test policy::tests::checklist_default_policy_is_workspace_only ... ok
test policy::tests::checklist_all_system_dirs_blocked ... ok
test policy::tests::checklist_null_byte_injection_blocked ... ok
test policy::tests::checklist_resolved_path_must_be_in_workspace ... ok
test policy::tests::checklist_root_path_blocked ... ok
test policy::tests::checklist_sensitive_dotfiles_blocked ... ok
test policy::tests::checklist_workspace_only_blocks_absolute_outside_workspace ... ok
test policy::tests::command_injection_backtick_blocked ... ok
test policy::tests::command_injection_dollar_brace_blocked ... ok
test policy::tests::command_injection_dollar_brace_unquoted_blocked ... ok
test policy::tests::command_injection_dollar_paren_blocked ... ok
test policy::tests::command_injection_plain_dollar_var_blocked ... ok
test policy::tests::command_injection_process_substitution_blocked ... ok
test policy::tests::command_risk_high_for_dangerous_commands ... ok
test policy::tests::command_risk_low_for_read_commands ... ok
test policy::tests::command_risk_medium_for_mutating_commands ... ok
test policy::tests::default_policy_has_sane_values ... ok
test policy::tests::dotfile_in_workspace_allowed ... ok
test policy::tests::empty_path_allowed ... ok
test policy::tests::enforce_tool_operation_act_blocked_in_readonly_mode ... ok
test policy::tests::enforce_tool_operation_act_uses_rate_budget ... ok
test policy::tests::enforce_tool_operation_read_allowed_in_readonly_mode ... ok
test policy::tests::forbidden_path_argument_allows_safe_device_redirect_targets ... ok
test policy::tests::forbidden_path_argument_allows_safe_option_assignment_paths ... ok
test policy::tests::forbidden_path_argument_allows_safe_short_option_attached_paths ... ok
test policy::tests::forbidden_path_argument_allows_workspace_relative_paths ... ok
test policy::tests::forbidden_path_argument_blocks_unsafe_redirect_targets ... ok
test policy::tests::forbidden_path_argument_detects_absolute_path ... ok
test policy::tests::forbidden_path_argument_detects_input_redirection_paths ... ok
test policy::tests::forbidden_path_argument_detects_option_assignment_paths ... ok
test policy::tests::forbidden_path_argument_detects_parent_dir_reference ... ok
test policy::tests::forbidden_path_argument_detects_short_option_attached_paths ... ok
test policy::tests::forbidden_path_argument_detects_tilde_user_paths ... ok
test policy::tests::forbidden_paths_blocked ... ok
test policy::tests::from_config_creates_fresh_tracker ... ok
test policy::tests::from_config_full_autonomy_overrides_workspace_only ... ok
test policy::tests::from_config_maps_all_fields ... ok
test policy::tests::from_config_normalizes_allowed_roots ... ok
test policy::tests::from_config_supervised_preserves_workspace_only ... ok
test policy::tests::full_autonomy_still_respects_forbidden_paths ... ok
test policy::tests::command_with_env_var_prefix ... ok
test policy::tests::command_injection_semicolon_blocked ... ok
test policy::tests::empty_command_blocked ... ok
test policy::tests::command_injection_semicolon_no_space ... ok
test policy::tests::empty_allowlist_blocks_everything ... ok
test policy::tests::command_injection_dollar_brace_literal_inside_single_quotes_allowed ... ok
test policy::tests::command_newline_injection_blocked ... ok
test policy::tests::command_injection_tee_blocked ... ok
test policy::tests::allowlist_supports_explicit_executable_paths ... ok
test policy::tests::custom_allowlist ... ok
test policy::tests::command_with_absolute_path_extracts_basename ... ok
test policy::tests::command_injection_or_chain_blocked ... ok
test policy::tests::allowlist_supports_wildcard_entry ... ok
test policy::tests::command_injection_and_chain_blocked ... ok
test policy::tests::command_env_var_prefix_with_allowed_cmd ... ok
test policy::tests::command_injection_background_chain_blocked ... ok
test policy::tests::command_injection_dollar_paren_literal_inside_single_quotes_allowed ... ok
test policy::tests::command_with_pipes_validates_all_segments ... ok
test policy::tests::blocked_commands_basic ... ok
test policy::tests::command_injection_redirect_blocked ... ok
test policy::tests::full_autonomy_still_uses_allowlist ... ok
test policy::tests::git_dash_c_uppercase_is_allowed ... ok
test policy::tests::is_path_allowed_blocks_null_bytes ... ok
test policy::tests::is_path_allowed_blocks_url_encoded_traversal ... ok
test policy::tests::is_rate_limited_reflects_count ... ok
test policy::tests::allowed_commands_basic ... ok
test policy::tests::heredoc_and_herestring_allowed ... ok
test policy::tests::is_under_allowed_root_matches_allowed_roots ... ok
test policy::tests::is_under_allowed_root_returns_false_for_empty_roots ... ok
test policy::tests::path_home_tilde_ssh ... ok
test policy::tests::path_symlink_style_absolute ... ok
test policy::tests::path_traversal_blocked ... ok
test policy::tests::path_traversal_double_dot_in_filename ... ok
test policy::tests::command_argument_injection_blocked ... ok
test policy::tests::path_traversal_encoded_dots ... ok
test policy::tests::path_var_run_blocked ... ok
test policy::tests::path_with_null_byte_blocked ... ok
test policy::tests::per_sender_tracker_global_key_fallback ... ok
test policy::tests::per_sender_tracker_is_exhausted_reads_without_spurious_insert ... ok
test policy::tests::per_sender_tracker_isolates_counts ... ok
test policy::tests::package_manager_install_blocked ... ok
test policy::tests::prompt_summary_includes_allowed_commands ... ok
test policy::tests::prompt_summary_includes_allowed_roots ... ok
test policy::tests::prompt_summary_includes_autonomy_level ... ok
test policy::tests::prompt_summary_includes_forbidden_paths ... ok
test policy::tests::prompt_summary_includes_rate_limit ... ok
test policy::tests::interpreter_inline_eval_blocked ... ok
test policy::tests::prompt_summary_includes_risk_controls ... ok
test policy::tests::prompt_summary_includes_workspace_boundary_when_workspace_only ... ok
test policy::tests::prompt_summary_omits_workspace_boundary_when_not_workspace_only ... ok
test policy::tests::rate_limit_exactly_at_boundary ... ok
test policy::tests::rate_limit_zero_blocks_everything ... ok
test policy::tests::readonly_blocks_all_commands ... ok
test policy::tests::readonly_blocks_even_safe_commands ... ok
test policy::tests::quoted_semicolons_do_not_split_sqlite_command ... ok
test policy::tests::quoted_ampersand_and_redirect_literals_are_not_treated_as_operators ... ok
test policy::tests::record_action_allows_within_limit ... ok
test policy::tests::record_action_blocks_over_limit ... ok
test policy::tests::rate_limit_high_allows_many ... ok
test policy::tests::relative_paths_allowed ... ok
test policy::tests::resolve_tool_path_expands_tilde ... ok
test policy::tests::resolve_tool_path_joins_relative ... ok
test policy::tests::resolve_tool_path_keeps_absolute ... ok
test policy::tests::resolve_tool_path_normalizes_workspace_prefixed_relative_paths ... ok
test policy::tests::resolved_path_blocks_root_escape ... ok
test policy::tests::resolved_path_blocks_outside_workspace ... ok
test policy::tests::resolved_path_violation_message_includes_allowed_roots_guidance ... ok
test policy::tests::runtime_config_paths_are_protected ... ok
test policy::tests::resolved_path_blocks_symlink_escape ... ok
test policy::tests::specific_allowlist_still_runs_shell_guard ... ok
test policy::tests::safe_redirect_to_dev_stderr_allowed ... ok
test policy::tests::specific_allowlist_with_block_true_still_runs_shell_guard ... ok
test policy::tests::supervised_allows_listed_commands ... ok
test policy::tests::safe_interpreter_usage_allowed ... ok
test policy::tests::safe_redirect_to_dev_zero_allowed ... ok
test policy::tests::unquoted_semicolon_after_quoted_sql_still_splits_commands ... ok
test policy::tests::safe_redirect_to_dev_stdout_allowed ... ok
test policy::tests::validate_command_allows_explicitly_listed_high_risk ... ok
test policy::tests::redirect_helper_unit_tests ... ok
test policy::tests::validate_command_blocks_high_risk_via_wildcard ... ok
test policy::tests::validate_command_blocks_non_listed_high_risk_when_another_is_allowed ... ok
test policy::tests::validate_command_allows_wget_when_explicitly_listed ... ok
test policy::tests::validate_command_explicit_rm_bypasses_high_risk_block ... ok
test policy::tests::validate_command_full_mode_skips_medium_risk_approval_gate ... ok
test policy::tests::safe_redirect_to_dev_null_allowed ... ok
test policy::tests::safe_file_descriptor_redirect_allowed ... ok
test policy::tests::validate_command_high_risk_still_needs_approval_in_supervised ... ok
test policy::tests::validate_command_pipe_needs_all_segments_explicitly_allowed ... ok
test policy::tests::validate_command_rejects_background_chain_bypass ... ok
test policy::tests::wildcard_blocked_still_runs_shell_guard ... ok
test policy::tests::validate_command_requires_approval_for_medium_risk ... ok
test policy::tests::wildcard_unblocked_allows_backticks ... ok
test policy::tests::wildcard_unblocked_allows_dollar_brace ... ok
test policy::tests::wildcard_unblocked_allows_dollar_paren ... ok
test policy::tests::wildcard_unblocked_allows_pipes_and_chains ... ok
test policy::tests::wildcard_unblocked_allows_process_substitution ... ok
test policy::tests::wildcard_unblocked_readonly_still_blocked ... ok
test policy::tests::wildcard_with_block_high_risk_false_allows_everything ... ok
test policy::tests::workspace_files_are_not_runtime_config_paths ... ok
test policy::tests::wildcard_with_block_high_risk_true_still_blocks ... ok
test policy::tests::workspace_only_false_allows_resolved_outside_workspace ... ok
test policy::tests::workspace_only_true_blocks_resolved_outside_workspace ... ok
test schema::tests::agent_config_defaults ... ok
test schema::tests::autonomy_config_default ... ok
test schema::tests::apply_env_overrides_preserves_user_supplied_fallback_key ... ok
test schema::tests::browser_config_default_enabled ... ok
test schema::tests::backfill_enabled_no_op_when_section_absent ... ok
test schema::tests::channel_approval_timeout_secs_defaults_to_300 ... ok
test schema::tests::agent_config_deserializes ... ok
test schema::tests::auto_approve_merges_user_entries_with_defaults ... ok
test schema::tests::auto_approve_defaults_when_no_autonomy_section ... ok
test schema::tests::auto_approve_no_duplicates ... ok
test schema::tests::autonomy_section_is_not_silently_ignored ... ok
test schema::tests::channels_default_has_no_whatsapp ... ok
test schema::tests::channels_default_has_no_imessage_matrix ... ok
test schema::tests::auto_approve_empty_list_gets_defaults ... ok
test schema::tests::channels_default_has_no_nextcloud_talk ... ok
test schema::tests::browser_config_backward_compat_missing_section ... ok
test schema::tests::browser_config_serde_roundtrip ... ok
test schema::tests::checklist_autonomy_default_is_workspace_scoped ... ok
test schema::tests::checklist_gateway_default_blocks_public_bind ... ok
test schema::tests::checklist_gateway_default_no_tokens ... ok
test schema::tests::checklist_gateway_cli_default_host_is_localhost ... ok
test schema::tests::checklist_gateway_default_requires_pairing ... ok
test schema::tests::backfill_enabled_respects_explicit_false ... ok
test schema::tests::coerce_for_set_prop_object_rejects_non_object ... ok
test schema::tests::coerce_for_set_prop_object_round_trips_pricing_payload ... ok
test schema::tests::combined_pricing_merges_per_provider_into_provider_slash_model_key ... ok
test schema::tests::combined_pricing_passes_through_when_no_per_provider_pricing ... ok
test schema::tests::combined_pricing_skips_provider_with_no_model ... ok
test schema::tests::composio_config_default_disabled ... ok
test schema::tests::checklist_gateway_backward_compat_no_gateway_section ... ok
test schema::tests::combined_pricing_top_level_wins_on_conflict ... ok
test schema::tests::combined_pricing_skips_provider_with_empty_model ... ok
test schema::tests::composio_config_enable_alias_supported ... ok
test schema::tests::channels_with_imessage_and_matrix ... ok
test schema::tests::backfill_enabled_works_with_toml_comments ... ok
test schema::tests::checklist_gateway_serde_roundtrip ... ok
test schema::tests::channels_with_whatsapp ... ok
test schema::tests::composio_config_partial_toml ... ok
test schema::tests::composio_config_serde_roundtrip ... ok
test schema::tests::config_default_has_composio_and_secrets ... ok
test schema::tests::config_dir_creation_error_mentions_openrc_and_path ... ok
test schema::tests::config_default_has_sane_values ... ok
test schema::tests::composio_config_backward_compat_missing_section ... ok
test schema::tests::backfill_enabled_activates_channel_without_explicit_enabled ... ok
test schema::tests::config_defaults_cron_when_section_missing ... ok
test schema::tests::config_minimal_toml_uses_defaults ... ok
test schema::tests::config_set_secret_dispatches_to_matrix_child ... ok
test schema::tests::config_set_secret_dispatches_to_child ... ok
test schema::tests::config_set_secret_unknown_fails ... ok
test schema::tests::config_tree_traversal_discovers_nested_secrets ... ok
test schema::tests::config_validate_accepts_default_service_when_allowed_services_empty ... ok
test schema::tests::config_validate_accepts_google_workspace_allowed_operations ... ok
test schema::tests::config_validate_rejects_duplicate_google_workspace_allowed_operations ... ok
test schema::tests::config_validate_rejects_operation_service_not_in_allowed_services ... ok
test schema::tests::config_validate_rejects_unknown_service_when_allowed_services_empty ... ok
test schema::tests::cost_config_includes_enforcement ... ok
test schema::tests::cost_enforcement_config_defaults ... ok
test schema::tests::cron_config_default ... ok
test schema::tests::create_map_key_inserts_default_provider ... ok
test schema::tests::cron_config_serde_roundtrip ... ok
test schema::tests::create_map_key_rejects_unknown_section ... ok
test schema::tests::discord_config_default_interrupt_on_new_message_is_false ... ok
test schema::tests::discord_config_deserializes_with_allowed_users ... ok
test schema::tests::config_without_transcription_uses_defaults ... ok
test schema::tests::discord_config_optional_guild ... ok
test schema::tests::discord_config_serde ... ok
test schema::tests::discord_config_toml_backward_compat ... ok
test schema::tests::config_with_swarms_section_deserializes ... ok
test schema::tests::create_map_key_inserts_default_mcp_server ... ok
test schema::tests::encrypt_no_op_on_disabled_store ... ok
test schema::tests::discord_config_deserializes_interrupt_on_new_message_true ... ok
test schema::tests::encrypt_skips_already_encrypted ... ok
test schema::tests::enum_variants_callback_returns_values ... ok
test schema::tests::encrypt_decrypt_roundtrip_via_macro ... ok
test schema::tests::docker_config_template_is_parseable ... ok
test schema::tests::discord_config_deserializes_without_allowed_users ... ok
test schema::tests::deserialized_matrix_set_prop_round_trips_vec_string ... ok
test schema::tests::ensure_bootstrap_files_does_not_overwrite_existing ... ok
test schema::tests::env_override_api_key_fallback ... ok
test schema::tests::env_override_empty_values_ignored ... ok
test schema::tests::env_override_gateway_host ... ok
test schema::tests::env_override_glm_api_key_for_regional_aliases ... ok
test pairing::tests::failed_attempt_state_is_bounded_by_max_clients ... ok
test schema::tests::channel_approval_timeout_secs_explicit_override ... ok
test schema::tests::env_override_api_key ... ok
test schema::tests::channels_default ... ok
test schema::tests::ensure_bootstrap_files_creates_missing_files ... ok
test schema::tests::env_override_invalid_port_ignored ... ok
test schema::tests::env_override_model ... ok
test schema::tests::config_roundtrip_with_transcription ... ok
test schema::tests::env_override_model_fallback ... ok
test schema::tests::env_override_host_fallback ... ok
test schema::tests::env_override_provider ... ok
test schema::tests::env_override_provider_fallback_does_not_replace_non_default_provider ... ok
test schema::tests::default_path_under_config_dir_respects_operant_config_dir ... ok
test schema::tests::env_override_port_fallback ... ok
test schema::tests::env_override_open_skills_enabled_and_dir ... ok
test schema::tests::env_override_open_skills_enabled_invalid_value_keeps_existing_value ... ok
test schema::tests::env_override_gateway_port ... ok
test schema::tests::env_override_provider_fallback ... ok
test schema::tests::env_override_model_provider_alias ... ok
test schema::tests::expand_tilde_path_expands_tilde_when_home_set ... ok
test schema::tests::config_toml_roundtrip ... ok
test schema::tests::env_override_proxy_scope_environment_applies_process_env ... ok
test schema::tests::expand_tilde_path_handles_absolute_path ... ok
test schema::tests::expand_tilde_path_handles_relative_path ... ok
test schema::tests::env_override_proxy_scope_services ... ok
test schema::tests::feishu_config_deserializes_without_optional_fields ... ok
test schema::tests::env_override_reasoning_effort ... ok
test schema::tests::extra_headers_defaults_to_empty ... ok
test schema::tests::feishu_config_serde ... ok
test schema::tests::env_override_reasoning_enabled ... ok
test schema::tests::gateway_config_default_values ... ok
test schema::tests::extra_headers_parses_from_toml ... ok
test schema::tests::env_override_reasoning_invalid_value_ignored ... ok
test schema::tests::get_prop_unknown_path_fails ... ok
test schema::tests::get_prop_returns_values_by_path ... ok
test schema::tests::feishu_config_toml_roundtrip ... ok
test schema::tests::env_override_require_pairing ... ok
test schema::tests::google_workspace_allowed_operations_accept_valid_entries ... ok
test schema::tests::google_workspace_allowed_operations_allow_same_resource_different_sub_resource ... ok
test schema::tests::google_workspace_allowed_operations_deserialize_from_toml ... ok
test schema::tests::google_workspace_allowed_operations_reject_duplicate_methods_within_entry ... ok
test schema::tests::google_workspace_allowed_operations_deserialize_without_sub_resource ... ok
test schema::tests::env_override_storage_provider_config ... ok
test schema::tests::google_workspace_allowed_operations_reject_duplicate_service_resource_sub_resource_entries ... ok
test schema::tests::google_workspace_allowed_operations_reject_invalid_sub_resource_characters ... ok
test schema::tests::heartbeat_config_default ... ok
test schema::tests::env_override_reasoning_effort_legacy_codex_env ... ok
test schema::tests::google_workspace_allowed_operations_require_methods ... ok
test schema::tests::http_request_config_default_has_correct_values ... ok
test schema::tests::config_schema_export_contains_expected_contract_shape ... ok
test schema::tests::imessage_config_empty_contacts ... ok
test schema::tests::imessage_config_serde ... ok
test schema::tests::heartbeat_config_parses_delivery_aliases ... ok
test schema::tests::env_override_temperature ... ok
test schema::tests::imessage_config_wildcard ... ok
test schema::tests::init_defaults_instantiates_none_sections ... ok
test schema::tests::env_override_temperature_out_of_range_ignored ... ok
test schema::tests::init_defaults_skips_already_set ... ok
test schema::tests::hashmap_nested_encrypt_decrypt_traverses_values ... ok
test schema::tests::lark_config_defaults_to_lark_endpoint ... ok
test schema::tests::env_override_web_search_config ... ok
test schema::tests::lark_config_deserializes_without_optional_fields ... ok
test schema::tests::lark_config_serde ... ok
test schema::tests::lark_config_with_wildcard_allowed_users ... ok
test schema::tests::env_override_web_search_invalid_values_ignored ... ok
test schema::tests::env_override_workspace ... ok
test schema::tests::lark_config_toml_roundtrip ... ok
test schema::tests::line_config_allowlist_policy ... ok
test schema::tests::line_config_defaults ... ok
test schema::tests::env_override_zai_api_key_for_regional_aliases ... ok
test schema::tests::line_config_open_policies ... ok
test schema::tests::line_config_group_disabled ... ok
test schema::tests::env_override_zero_claw_provider_overrides_non_default_provider ... ok
test schema::tests::map_key_sections_discovers_providers_models ... ok
test schema::tests::line_config_toml_roundtrip ... ok
test schema::tests::matrix_config_backward_compatible_without_session_hints ... ok
test schema::tests::matrix_config_reply_in_thread_defaults_to_true ... ok
test schema::tests::matrix_config_serde ... ok
test schema::tests::matrix_secret_fields_empty_not_set ... ok
test schema::tests::matrix_secret_fields_discovered ... ok
test schema::tests::mattermost_config_default_interrupt_on_new_message_is_false ... ok
test schema::tests::mcp_config_default_disabled_with_empty_servers ... ok
test schema::tests::matrix_config_toml_roundtrip ... ok
test schema::tests::memory_config_default_hygiene_settings ... ok
test schema::tests::memory_config_pgvector_defaults ... ok
test schema::tests::mattermost_config_deserializes_interrupt_on_new_message_true ... ok
test schema::tests::model_provider_config_ollama_tuning_fields_default_to_none ... ok
test schema::tests::mcp_transport_serde_roundtrip_lowercase ... ok
test schema::tests::memory_config_pgvector_defaults_when_omitted ... ok
test schema::tests::mcp_servers_addable_via_create_map_key_and_per_entry_props ... ok
test schema::tests::model_provider_config_ollama_tuning_fields_roundtrip ... ok
test schema::tests::nevis_config_debug_redacts_client_secret ... ok
test schema::tests::nevis_config_validate_accepts_valid_enabled_config ... ok
test schema::tests::nevis_config_validate_disabled_accepts_empty_fields ... ok
test schema::tests::nevis_config_validate_rejects_empty_instance_url ... ok
test schema::tests::nevis_config_validate_rejects_empty_client_id ... ok
test schema::tests::nevis_config_validate_rejects_empty_realm ... ok
test schema::tests::nevis_config_validate_rejects_local_without_jwks ... ok
test schema::tests::nevis_config_validate_rejects_invalid_token_validation ... ok
test schema::tests::nevis_config_validate_rejects_zero_session_timeout ... ok
test schema::tests::nextcloud_talk_config_defaults_optional_fields ... ok
test schema::tests::nextcloud_talk_config_serde ... ok
test schema::tests::nested_get_set_prop_traverses_config_tree ... ok
test schema::tests::observability_config_default ... ok
test schema::tests::pacing_config_defaults_are_all_none_or_empty ... ok
test schema::tests::pacing_config_absent_preserves_defaults ... ok
test schema::tests::pacing_config_serde_defaults_match_manual_default ... ok
test schema::tests::parse_extra_headers_env_basic ... ok
test schema::tests::parse_extra_headers_env_allows_empty_value ... ok
test schema::tests::pacing_config_deserializes_from_toml ... ok
test schema::tests::parse_extra_headers_env_empty_string ... ok
test schema::tests::parse_extra_headers_env_skips_empty_key ... ok
test schema::tests::parse_extra_headers_env_skips_malformed ... ok
test schema::tests::parse_extra_headers_env_trailing_comma ... ok
test schema::tests::init_defaults_then_set_prop_round_trips_vec_string ... ok
test schema::tests::parse_extra_headers_env_whitespace_trimming ... ok
test schema::tests::parse_extra_headers_env_with_url_value ... ok
test schema::tests::peripheral_board_config_defaults ... ok
test schema::tests::peripherals_config_default_disabled ... ok
test schema::tests::memory_config_pgvector_roundtrip ... ok
test schema::tests::prop_is_secret_routes_through_hashmap_keyed_paths ... ok
test schema::tests::prop_fields_returns_typed_entries ... ok
test schema::tests::peripherals_config_toml_roundtrip ... ok
test schema::tests::prop_is_secret_static_check ... ok
test schema::tests::proxy_config_scope_services_requires_entries_when_enabled ... ok
test schema::tests::fallback_round_trips_through_load_apply_serialize ... ok
test schema::tests::provider_timeout_secs_parses_from_toml ... ok
test schema::tests::persist_active_workspace_marker_is_cleared_for_default_config_dir ... ok
test schema::tests::runtime_config_default ... ok
test schema::tests::runtime_proxy_client_cache_reuses_default_profile_key ... ok
test schema::tests::runtime_reasoning_effort_deserializes ... ok
test schema::tests::runtime_reasoning_effort_rejects_invalid_values ... ok
test schema::tests::runtime_reasoning_enabled_deserializes ... ok
test schema::tests::new_config_file_has_restricted_permissions ... ok
test schema::tests::load_or_init_env_workspace_override_takes_priority_over_marker ... ok
test schema::tests::config_save_and_load_tmpdir ... ok
test schema::tests::config_save_encrypts_nested_credentials ... ok
test schema::tests::search_mode_defaults_to_hybrid_when_omitted ... ok
test schema::tests::search_mode_serde_roundtrip ... ok
test schema::tests::search_mode_config_deserialization ... ok
test schema::tests::secrets_config_default_encrypts ... ok
test schema::tests::secrets_config_backward_compat_missing_section ... ok
test schema::tests::secrets_config_serde_roundtrip ... ok
test schema::tests::security_defaults_are_backward_compatible ... ok
test schema::tests::security_toml_parses_otp_and_estop_sections ... ok
test schema::tests::security_validation_rejects_invalid_domain_glob ... ok
test schema::tests::security_validation_rejects_unknown_domain_category ... ok
test schema::tests::save_sets_config_permissions_on_new_file ... ok
test schema::tests::security_validation_rejects_zero_token_ttl ... ok
test schema::tests::set_prop_bool ... ok
test schema::tests::set_prop_bool_rejects_invalid ... ok
test schema::tests::set_prop_enum_rejects_invalid ... ok
test schema::tests::set_prop_option_string_set_and_clear ... ok
test schema::tests::set_prop_enum ... ok
test schema::tests::set_prop_pricing_rejects_non_object_string_payload ... ok
test schema::tests::set_prop_round_trips_per_provider_pricing_object ... ok
test schema::tests::set_prop_string ... ok
test schema::tests::hashmap_property_paths_preserve_url_like_keys ... ok
test schema::tests::set_prop_unknown_path_fails ... ok
test schema::tests::set_prop_u64_rejects_invalid ... ok
test schema::tests::set_secret_unknown_name_fails ... ok
test schema::tests::set_runtime_proxy_config_clears_runtime_proxy_client_cache ... ok
test schema::tests::set_secret_updates_field ... ok
test schema::tests::signal_config_defaults ... ok
test schema::tests::set_prop_u64 ... ok
test schema::tests::signal_config_serde ... ok
test schema::tests::signal_config_toml_roundtrip ... ok
test schema::tests::skills_install_suggestions_config_accepts_hyphen_alias ... ok
test schema::tests::skills_install_suggestions_config_deserializes_enabled ... ok
test schema::tests::config_save_atomic_cleanup ... ok
test schema::tests::slack_config_deserializes_explicit_bot_token ... ok
test schema::tests::slack_config_deserializes_interrupt_on_new_message ... ok
test schema::tests::slack_config_deserializes_thread_replies ... ok
test schema::tests::slack_config_deserializes_with_allowed_users ... ok
test schema::tests::slack_config_deserializes_with_channel_ids ... ok
test schema::tests::slack_config_deserializes_with_mention_only ... ok
test schema::tests::slack_config_deserializes_without_allowed_users ... ok
test schema::tests::slack_config_deserializes_without_bot_token ... ok
test schema::tests::slack_config_toml_with_channel_ids ... ok
test schema::tests::slack_config_toml_without_channel_ids_defaults_empty ... ok
test schema::tests::storage_provider_config_defaults ... ok
test schema::tests::channel_secret_telegram_bot_token_roundtrip ... ok
test schema::tests::storage_provider_dburl_alias_deserializes ... ok
test schema::tests::swarm_config_deserializes_full ... ok
test schema::tests::swarm_strategy_roundtrip ... ok
test schema::tests::swarm_config_deserializes_with_defaults ... ok
test schema::tests::telegram_config_ack_reactions_channel_overrides_top_level ... ok
test schema::tests::sync_directory_handles_existing_directory ... ok
test schema::tests::telegram_config_ack_reactions_falls_back_to_top_level ... ok
test schema::tests::telegram_config_ack_reactions_false_deserializes ... ok
test schema::tests::telegram_config_ack_reactions_missing_defaults_to_none ... ok
test schema::tests::telegram_config_defaults_stream_off ... ok
test schema::tests::telegram_config_ack_reactions_true_deserializes ... ok
test schema::tests::telegram_config_serde ... ok
test schema::tests::transcription_config_defaults ... ok
test schema::tests::validate_accepts_default_precheck ... ok
test schema::tests::toml_supports_model_provider_and_model_alias_fields ... ok
test schema::tests::validate_accepts_local_whisper_as_transcription_default_provider ... ok
test schema::tests::validate_accepts_precheck_model_override ... ok
test schema::tests::validate_mcp_config_allows_max_timeout_exactly ... ok
test schema::tests::validate_accepts_valid_temperature ... ok
test schema::tests::validate_mcp_config_empty_servers_ok ... ok
test schema::tests::validate_mcp_config_rejects_duplicate_names ... ok
test schema::tests::validate_mcp_config_rejects_empty_name ... ok
test schema::tests::validate_mcp_config_rejects_http_without_url ... ok
test schema::tests::validate_mcp_config_rejects_invalid_url ... ok
test schema::tests::validate_mcp_config_rejects_non_http_scheme ... ok
test schema::tests::validate_mcp_config_rejects_sse_without_url ... ok
test schema::tests::validate_mcp_config_rejects_stdio_with_empty_command ... ok
test schema::tests::validate_mcp_config_rejects_timeout_exceeding_max ... ok
test schema::tests::validate_mcp_config_rejects_whitespace_name ... ok
test schema::tests::validate_mcp_config_rejects_zero_timeout ... ok
test schema::tests::validate_mcp_config_valid_http_ok ... ok
test schema::tests::validate_mcp_config_valid_sse_ok ... ok
test schema::tests::validate_mcp_config_valid_stdio_ok ... ok
test schema::tests::nevis_client_secret_encrypt_decrypt_roundtrip ... ok
test schema::tests::validate_rejects_negative_temperature ... ok
test schema::tests::validate_rejects_out_of_range_temperature ... ok
test schema::tests::validate_rejects_precheck_empty_model ... ok
test schema::tests::validate_rejects_precheck_timeout_zero ... ok
test schema::tests::every_enum_variant_is_settable ... ok
test schema::tests::validate_rejects_unknown_transcription_default_provider ... ok
test schema::tests::validate_rejects_unpublished_jira_actions ... ok
test schema::tests::vec_secret_encrypt_decrypt_traverses_elements ... ok
test schema::tests::webhook_config_with_secret ... ok
test schema::tests::webhook_config_without_secret ... ok
test schema::tests::whatsapp_config_backend_type_cloud_precedence_when_ambiguous ... ok
test schema::tests::whatsapp_config_backend_type_web ... ok
test schema::tests::whatsapp_config_deserializes_without_allowed_numbers ... ok
test schema::tests::whatsapp_config_serde ... ok
test schema::tests::whatsapp_config_toml_roundtrip ... ok
test schema::tests::save_restricts_existing_world_readable_config_to_owner_only ... ok
test schema::tests::whatsapp_config_wildcard_allowed ... ok
test secrets::tests::corrupt_hex_returns_error ... ok
test secrets::tests::decrypt_and_migrate_fails_on_corrupt_legacy_hex ... ok
test schema::tests::world_readable_config_is_detectable ... ok
test secrets::tests::decrypt_and_migrate_handles_empty_secret ... ok
test secrets::tests::decrypt_and_migrate_handles_unicode ... ok
test secrets::tests::decrypt_and_migrate_returns_none_for_enc2 ... ok
test secrets::tests::decrypt_and_migrate_returns_none_for_plaintext ... ok
test secrets::tests::decrypt_and_migrate_upgrades_legacy_xor ... ok
test secrets::tests::decrypt_and_migrate_wrong_key_produces_garbage_or_fails ... ok
test secrets::tests::decrypt_error_message_mentions_secret_key ... ok
test secrets::tests::decrypt_plaintext_passthrough ... ok
test secrets::tests::different_stores_same_dir_interop ... ok
test secrets::tests::disabled_store_returns_plaintext ... ok
test secrets::tests::encrypt_decrypt_roundtrip ... ok
test secrets::tests::encrypt_empty_returns_empty ... ok
test secrets::tests::encrypting_same_value_produces_different_ciphertext ... ok
test secrets::tests::generate_random_key_correct_length ... ok
test secrets::tests::generate_random_key_has_no_uuid_fixed_bits ... ok
test secrets::tests::generate_random_key_not_all_zeros ... ok
test secrets::tests::hex_decode_invalid_chars_fails ... ok
test secrets::tests::hex_decode_odd_length_fails ... ok
test secrets::tests::hex_roundtrip ... ok
test secrets::tests::is_encrypted_detects_prefix ... ok
test secrets::tests::is_secure_encrypted_detects_enc2_only ... ok
test secrets::tests::key_file_created_on_first_encrypt ... ok
test secrets::tests::key_file_has_restricted_permissions ... ok
test secrets::tests::legacy_xor_decrypt_still_works ... ok
test secrets::tests::decrypt_and_migrate_handles_long_secret ... ok
test secrets::tests::migrated_value_is_tamper_resistant ... ok
test secrets::tests::migration_produces_different_ciphertext_each_time ... ok
test secrets::tests::needs_migration_detects_legacy_prefix ... ok
test secrets::tests::takeown_runs_before_icacls_on_windows ... ok
test secrets::tests::tampered_ciphertext_detected ... ok
test secrets::tests::truncated_ciphertext_returns_error ... ok
test secrets::tests::two_random_keys_differ ... ok
test secrets::tests::unicode_secret_roundtrip ... ok
test secrets::tests::windows_icacls_grant_arg_preserves_valid_characters ... ok
test secrets::tests::windows_icacls_grant_arg_rejects_empty_username ... ok
test secrets::tests::windows_icacls_grant_arg_trims_username ... ok
test secrets::tests::wrong_key_detected ... ok
test secrets::tests::xor_cipher_empty_key ... ok
test secrets::tests::xor_cipher_roundtrip ... ok
test typed_value::tests::bool_field_accepts_legacy_string ... ok
test typed_value::tests::bool_field_rejects_non_bool_string ... ok
test typed_value::tests::empty_array_valid_for_string_array ... ok
test typed_value::tests::integer_field_rejects_float ... ok
test typed_value::tests::null_resets_to_default_regardless_of_kind ... ok
test typed_value::tests::string_array_rejects_non_array ... ok
test typed_value::tests::string_array_rejects_non_string_element_with_index ... ok
test typed_value::tests::unknown_kind_falls_back_to_string_form ... ok
test workspace::tests::workspace_manager_create_and_list ... ok
test secrets::tests::long_secret_roundtrip ... ok
test workspace::tests::workspace_manager_create_rejects_invalid_name ... ok
test workspace::tests::workspace_manager_create_rejects_duplicate ... ok
test workspace::tests::workspace_manager_load_profiles_blocking_handles_missing_dir ... ok
test workspace::tests::workspace_manager_export_redacts_credentials ... ok
test workspace::tests::workspace_manager_load_profiles_from_disk ... ok
test workspace::tests::workspace_manager_load_profiles_blocking_matches_async ... ok
test workspace::tests::workspace_manager_switch_nonexistent_fails ... ok
test workspace::tests::workspace_profile_domain_allowlist_empty_allows_all ... ok
test workspace::tests::workspace_profile_domain_allowlist_enforced ... ok
test workspace::tests::workspace_manager_switch_and_active ... ok
test workspace::tests::workspace_profile_effective_namespaces ... ok
test workspace::tests::workspace_profile_tool_restriction_check ... ok
test schema::tests::load_or_init_decrypts_feishu_channel_secrets ... ok
test schema::tests::load_or_init_workspace_override_uses_workspace_root_for_config ... ok
test schema::tests::load_or_init_workspace_override_keeps_existing_legacy_config ... ok
test schema::tests::load_or_init_workspace_suffix_uses_legacy_config_layout ... ok
test schema::tests::load_or_init_uses_persisted_active_workspace_marker ... ok
test schema::tests::load_or_init_logs_existing_config_as_initialized ... ok
test schema::tests::model_provider_profile_responses_uses_openai_codex_and_openai_key ... ok
test schema::tests::model_provider_profile_maps_to_custom_endpoint ... ok
test schema::tests::resolve_default_model_prefers_fallback_then_first_available ... ok
test schema::tests::resolve_runtime_config_dirs_falls_back_to_default_layout ... ok
test schema::tests::resolve_runtime_config_dirs_uses_active_workspace_marker ... ok
test schema::tests::resolve_runtime_config_dirs_uses_env_config_dir_first ... ok
test schema::tests::resolve_runtime_config_dirs_uses_env_workspace_first ... ok
test schema::tests::save_repairs_bare_config_filename_using_runtime_resolution ... ok
test schema::tests::set_prop_then_get_prop_round_trips_for_fallback ... ok
test schema::tests::slack_apply_env_overrides_populates_bot_token_from_env ... ok
test schema::tests::slack_apply_env_overrides_prefers_operant_prefix ... ok
test schema::tests::slack_apply_env_overrides_preserves_config_supplied_bot_token ... ok
test schema::tests::validate_ollama_cloud_model_accepts_remote_endpoint_and_env_key ... ok
test schema::tests::validate_ollama_cloud_model_requires_remote_api_url ... ok
test schema::tests::validate_rejects_unknown_model_provider_wire_api ... ok
test schema::tests::every_prop_is_gettable_and_settable ... ok

test result: ok. 638 passed; 0 failed; 0 ignored; 0 measured; 0 filtered out; finished in 0.38s

     Running unittests src/lib.rs (target/debug/deps/operant_core-4f9e04995c617cb9)

running 959 tests
test accessibility::tests::test_empty_nodes_returns_error ... ok
test accessibility::tests::test_interactive_roles ... ok
test acp::tests::test_agent_state_display ... ok
test accessibility::tests::test_find_by_ref ... ok
test accessibility::tests::test_nested_tree ... ok
test accessibility::tests::test_simple_button_tree ... ok
test accessibility::tests::test_heading_and_paragraph ... ok
test accessibility::tests::test_ignored_nodes_filtered ... ok
test accessibility::tests::test_textbox_with_value ... ok
test acp::tests::test_parse_request_invalid ... ok
test acp::tests::test_command_missing_param ... ok
test acp::tests::test_command ... ok
test acp::server::tests::test_write_response_to_vec ... ok
test acp::tests::test_serialize_response ... ok
test acp::tests::test_parse_request_valid ... ok
test acp::tests::test_ping ... ok
test acp::tests::test_status ... ok
test acp::tests::test_stop ... ok
test acp::tests::test_unknown_method ... ok
test aft_bridge::tests::get_target_triple_returns_valid_triple ... ok
test aft_bridge::tests::request_json_format_matches_aft_protocol ... ok
test aft_bridge::tests::bridge_pool_returns_same_bridge_for_same_root ... ok
test agent::clients::openai::tests::stream_tool_call_index_handles_multiple_indexes_in_parallel ... ok
test agent::clients::openai::tests::stream_tool_call_index_reuses_id_across_events ... ok
test agent::clients::openai::tests::stream_tool_call_index_synthesizes_stable_id_when_first_delta_has_no_id ... ok
test agent::clients::openai::tests::streaming_tool_call_function_with_missing_name_deserializes ... ok
test agent::fallback::tests::auth_error_no_fallback_attempted ... ok
test agent::fallback::tests::all_models_fail_returns_last_error ... ok
test agent::fallback::tests::empty_fallback_list_passthrough ... ok
test agent::fallback::tests::fallback_disabled_passthrough ... ok
test agent::fallback::tests::fallback_disabled_still_returns_errors ... ok
test agent::fallback::tests::multiple_fallbacks_second_succeeds ... ok
test agent::fallback::tests::non_retryable_error_mid_chain_stops_fallback ... ok
test agent::fallback::tests::non_retryable_error_no_fallback_attempted ... ok
test agent::fallback::tests::primary_fails_fallback1_succeeds ... ok
test agent::fallback::tests::primary_succeeds_no_fallback_attempted ... ok
test agent::fallback::tests::rate_limit_triggers_fallback ... ok
test agent::model_client::tests::test_chat_request_clone ... ok
test agent::model_client::tests::test_chat_request_empty_messages ... ok
test agent::fallback::tests::same_model_request_fields_preserved ... ok
test agent::model_client::tests::test_chat_request_new ... ok
test agent::model_client::tests::test_chat_request_with_stream ... ok
test agent::model_client::tests::test_chat_request_with_tools ... ok
test agent::model_client::tests::test_stream_chunk_clone ... ok
test agent::model_client::tests::test_stream_chunk_creation ... ok
test agent::model_client::tests::test_stream_chunk_with_tool_calls ... ok
test agent::tests::agent_event_tool_permission_request_variant ... ok
test agent::tests::extract_tool_calls_from_choice_handles_non_streaming_calls ... ok
test agent::tests::extract_tool_calls_from_choice_ignores_empty_entries ... ok
test agent::tests::merge_stream_tool_call_appends_incremental_arguments ... ok
test agent::tests::strip_reasoning_tags_removes_supported_markers ... ok
test agent::tests::test_extract_text_from_event ... ok
test agent::tests::test_default_config ... ok
test agent::tests::think_router_does_not_split_multibyte_characters ... ok
test agent::tests::think_router_falls_back_to_content_for_unclosed_reasoning ... ok
test agent::tests::think_router_splits_inline_think_blocks ... ok
test agent::tests::tool_call_router_hides_split_tool_call_open_tag ... ok
test agent::tests::tool_call_router_hides_xml_from_visible_content ... ok
test agent::tests::tool_call_router_keeps_plain_text_streaming ... ok
test agent::tests::tool_permission_response_variants ... ok
test approval::tests::test_check_hardline_blocklist_wildcard ... ok
test approval::tests::test_check_tool_approval_mode_off ... ok
test approval::tests::test_default_mode_is_smart ... ok
test approval::tests::test_case_insensitive_matching ... ok
test approval::tests::test_check_hardline_blocklist_sysadmin ... ok
test approval::tests::test_hardline_crypto_abuse ... ok
test approval::tests::test_check_hardline_blocklist_exposure ... ok
test approval::tests::test_hardline_dangerous_commands ... ok
test approval::tests::test_check_tool_approval_terminal_blocked ... ok
test approval::tests::test_hardline_wildcard_abuse_recursive ... ok
test approval::tests::test_mode_manual_always_requires_approval ... ok
test approval::tests::test_hardline_privilege_escalation ... ok
test approval::tests::test_mode_off_always_allows ... ok
test approval::tests::test_hardline_wildcard_abuse ... ok
test approval::tests::test_check_hardline_blocklist_service_disruption ... ok
test approval::tests::test_requires_approval_blocked_different ... ok
test approval::tests::test_risk_level_ordering ... ok
test approval::tests::test_set_mode ... ok
test approval::tests::test_hardline_infra_exfil ... ok
test approval::tests::test_verdict_allowed ... ok
test approval::tests::test_verdict_blocked ... ok
test approval::tests::test_hardline_data_destruction ... ok
test browser_provider::tests::test_browserbase_requires_keys ... ok
test browser_provider::tests::test_default_is_lightpanda ... ok
test approval::tests::test_check_hardline_blocklist_none ... ok
test browser_provider::tests::test_firecrawl_requires_key ... ok
test browser_provider::tests::test_unknown_falls_back_to_lightpanda ... ok
test client::tests::assistant_without_tool_calls_does_not_pad_reasoning_content ... ok
test client::tests::assistant_tool_calls_without_reasoning_pads_reasoning_content ... ok
test client::tests::build_chat_request_includes_only_max_tokens_when_temperature_none ... ok
test client::tests::build_chat_request_includes_max_tokens_and_temperature_when_set ... ok
test client::tests::build_chat_request_omits_max_tokens_and_temperature_when_none ... ok
test client::tests::classify_400_as_non_transient_provider ... ok
test client::tests::classify_401_as_authentication ... ok
test client::tests::classify_403_as_authentication ... ok
test client::tests::classify_429_as_rate_limited ... ok
test approval::tests::test_hardline_network_abuse ... ok
test client::tests::classify_429_parses_retry_after ... ok
test client::tests::classify_500_as_provider ... ok
test client::tests::classify_502_as_transient_provider ... ok
test client::tests::classify_http_error_invalid_body_does_not_panic ... ok
test client::tests::classify_http_error_parses_retry_after_string ... ok
test client::tests::streaming_parser_handles_crlf_events ... ok
test client::tests::streaming_parser_handles_partial_final_event ... ok
test client::tests::test_assistant_message_with_reasoning_serializes_reasoning_content ... ok
test client::tests::test_assistant_message_with_tool_calls_and_reasoning ... ok
test client::tests::test_message_to_value ... ok
test client::tests::test_reasoning_context_alias_deserializes ... ok
test client::tests::test_tool_message ... ok
test client::tests::user_and_tool_messages_never_get_reasoning_pad ... ok
test client::tests::with_reasoning_drops_empty_string ... ok
test client::tests::with_reasoning_preserves_whitespace_pad ... ok
test client::tests::test_client_from_env ... ok
test config::tests::default_path_discovery_prefers_local_operant_toml ... ok
test config::tests::env_overrides_apply_after_file_values ... ok
test config::tests::explicit_path_overrides_defaults ... ok
test config::tests::invalid_toml_returns_field_aware_error ... ok
test config::tests::example_toml_parses ... ok
test context_files::tests::load_context_dir_reads_md_and_txt_only ... ok
test context_files::tests::load_workspace_context_walks_to_git_root ... ok
test context_management::tests::decay_render_preserves_system_message ... ok
test context_management::tests::decay_render_truncates_old_messages ... ok
test context_files::tests::scan_context_content_blocks_prompt_injection ... ok
test context_management::tests::estimate_tokens_basic ... ok
test context_management::tests::evict_never_removes_system_prompt ... ok
test context_management::tests::evict_preserves_recency_reserve ... ok
test context_management::tests::evict_to_budget_noop_when_under_budget ... ok
test context_management::tests::evict_to_budget_removes_tool_results_first ... ok
test context_management::tests::manage_context_combines_decay_and_evict ... ok
test credential_pool::tests::test_add_and_list ... ok
test credential_pool::tests::test_auth_type_as_str ... ok
test credential_pool::tests::test_auth_type_default ... ok
test credential_pool::tests::test_credential_available ... ok
test credential_pool::tests::test_create_pool_from_entries ... ok
test credential_pool::tests::test_credential_default ... ok
test credential_pool::tests::test_credential_expired ... ok
test credential_pool::tests::test_debug_format ... ok
test credential_pool::tests::test_different_strategies ... ok
test credential_pool::tests::test_exhausted_ttl ... ok
test credential_pool::tests::test_get_by_id ... ok
test credential_pool::tests::test_get_nonexistent ... ok
test credential_pool::tests::test_has_available ... ok
test credential_pool::tests::test_has_credentials ... ok
test credential_pool::tests::test_invalidate_all_exhausted ... ok
test credential_pool::tests::test_invalidate_and_rotate ... ok
test credential_pool::tests::test_mark_used ... ok
test credential_pool::tests::test_new_pool_is_empty ... ok
test credential_pool::tests::test_peek ... ok
test credential_pool::tests::test_peek_empty ... ok
test credential_pool::tests::test_remove ... ok
test credential_pool::tests::test_remove_nonexistent ... ok
test credential_pool::tests::test_reset_statuses ... ok
test credential_pool::tests::test_seed_from_config ... ok
test credential_pool::tests::test_select_fill_first ... ok
test credential_pool::tests::test_select_from_empty_pool ... ok
test credential_pool::tests::test_set_strategy ... ok
test credential_pool::tests::test_strategy_default ... ok
test credential_pool::tests::test_serialize_deserialize ... ok
test credential_pool::tests::test_strategy_from_str ... ok
test credential_pool::tests::test_update ... ok
test credential_pool::tests::test_update_nonexistent ... ok
test context_files::tests::truncate_context_is_char_safe ... ok
test agent::tests::build_messages_injects_long_term_memory ... ok
test approval::tests::test_check_tool_approval_terminal_dangerous ... ok
test approval::tests::test_dangerous_file_operations ... ok
test database::tests::test_add_remove_tags ... ok
test database::tests::test_checkpoint_delete ... ok
test approval::tests::test_dangerous_network_scan ... ok
test database::tests::test_checkpoint_get_by_hash ... ok
test database::tests::test_contains_cjk ... ok
test database::tests::test_checkpoint_duplicate_overwrite ... ok
test database::tests::test_checkpoint_store_and_list ... ok
test database::tests::test_checkpoint_list_empty ... ok
test database::tests::test_clear_all_tool_states ... ok
test database::tests::test_compression_lock_acquire_release ... ok
test database::tests::test_compression_locks ... ok
test approval::tests::test_check_dangerous_eval ... ok
test approval::tests::test_dangerous_execution ... ok
test database::tests::test_database_path ... ok
test database::tests::test_delete_metadata ... ok
test database::tests::test_delete_session_cascade ... ok
test approval::tests::test_dangerous_permission ... ok
test database::tests::test_event_operations ... ok
test database::tests::test_duplicate_tags ... ok
test database::tests::test_find_sessions_by_tag ... ok
test database::tests::test_get_metadata_nonexistent ... ok
test database::tests::test_get_events_by_type ... ok
test database::tests::test_get_active_sessions ... ok
test database::tests::test_get_recent_sessions ... ok
test database::tests::test_fts_search ... ok
test database::tests::test_get_recent_sessions_empty ... ok
test database::tests::test_get_session_count ... ok
test database::tests::test_merge_sessions ... ok
test database::tests::test_metadata_crud ... ok
test approval::tests::test_check_dangerous_ssh ... ok
test database::tests::test_merge_sessions_basic ... ok
test database::tests::test_record_event_and_get ... ok
test database::tests::test_save_and_get_message_full ... ok
test database::tests::test_save_and_get_session_full ... ok
test approval::tests::test_empty_command ... ok
test approval::tests::test_check_dangerous_none ... ok
test approval::tests::test_whitespace_command ... ok
test approval::tests::test_special_characters ... ok
test approval::tests::test_check_tool_approval_terminal_safe ... ok
test approval::tests::test_check_tool_approval_file_write ... ok
test approval::tests::test_mode_smart_allows_ls ... ok
test approval::tests::test_check_tool_approval_mode_manual ... ok
test approval::tests::test_mode_smart_allows_safe_commands ... ok
test approval::tests::test_dangerous_docker ... ok
test approval::tests::test_check_dangerous_docker_mount ... ok
test approval::tests::test_partial_match_safety ... ok
test database::tests::test_save_get_session_full_roundtrip ... ok
test database::tests::test_with_retry_ok ... ok
test distillation::tests::distills_facts_and_persists_memory ... ok
test database::tests::test_save_get_message_full_roundtrip ... ok
test distillation::tests::parses_strict_json_array ... ok
test distillation::tests::rejects_non_array_distillation_output ... ok
test error::tests::test_authentication_not_transient_not_self_healing ... ok
test error::tests::test_error_classification ... ok
test error::tests::test_extract_provider_message_fallback ... ok
test error::tests::test_extract_provider_message_nested_error ... ok
test error::tests::test_extract_provider_message_non_json ... ok
test error::tests::test_extract_provider_message_simple ... ok
test error::tests::test_provider_400_is_not_transient_but_self_healing ... ok
test error::tests::test_extract_provider_message_with_type ... ok
test error::tests::test_provider_500_is_transient_and_self_healing ... ok
test database::tests::test_schema_version_tracking ... ok
test error::tests::test_provider_user_message_extracted ... ok
test error::tests::test_rate_limited_is_transient_not_self_healing ... ok
test gateway::tests::test_admin_command_help ... ok
test gateway::tests::test_admin_command_broadcast ... ok
test gateway::tests::test_admin_command_channels_empty ... ok
test gateway::tests::test_admin_command_sessions_empty ... ok
test gateway::tests::test_admin_command_unauthorized ... ok
test gateway::tests::test_admin_command_unknown ... ok
test gateway::tests::test_channel_directory_duplicate_fails ... ok
test gateway::tests::test_channel_directory_is_admin ... ok
test gateway::tests::test_channel_directory_list_and_remove ... ok
test gateway::tests::test_channel_directory_register_and_get ... ok
test gateway::tests::test_channel_type_equality ... ok
test gateway::tests::test_chunk_text_exact_boundary ... ok
test gateway::tests::test_chunk_text_code_block_preservation ... ok
test gateway::tests::test_chunk_text_small_message_no_split ... ok
test gateway::tests::test_chunk_text_newline_split_preference ... ok
test gateway::tests::test_chunk_text_multi_chunk_with_suffix_indicators ... ok
test gateway::tests::test_chunk_text_utf16_emoji_handling ... ok
test gateway::tests::test_concurrent_session_access ... ok
test gateway::tests::test_chunk_text_word_boundary_splitting ... ok
test gateway::tests::test_discord_adapter_disabled ... ok
test gateway::tests::test_format_startup_message ... ok
test gateway::tests::test_incoming_message ... ok
test gateway::tests::test_gateway_stats ... ok
test gateway::tests::test_gateway_config ... ok
test gateway::tests::test_outgoing_message ... ok
test gateway::tests::test_session_operant_lookup ... ok
test gateway::tests::test_session_store_close_and_update ... ok
test gateway::tests::test_session_store_create_and_get ... ok
test gateway::tests::test_session_store_find ... ok
test gateway::tests::test_session_store_list ... ok
test gateway::tests::test_slack_adapter_disabled ... ok
test gateway::tests::test_utf16_len_ascii ... ok
test gateway::tests::test_telegram_adapter_disabled ... ok
test gateway::tests::test_telegram_adapter_health_check_default ... ok
test gateway::tests::test_utf16_len_emoji ... ok
test gateway::tests::test_utf16_len_mixed ... ok
test gateway::tests::test_webhook_adapter_health ... ok
test gateway_markdown::slack_tests::test_slack_bold ... ok
test gateway_markdown::slack_tests::test_slack_code_block_preserved ... ok
test gateway_markdown::slack_tests::test_slack_code_preserved ... ok
test gateway_markdown::slack_tests::test_slack_italic ... ok
test gateway_markdown::slack_tests::test_slack_mixed ... ok
test gateway_markdown::slack_tests::test_slack_strike ... ok
test database::tests::test_search_messages_fts_basic ... ok
test database::tests::test_search_messages_fts_no_match ... ok
test database::tests::test_search_cjk_fallback ... ok
test gateway_markdown::tests::test_ampersand_escaping ... ok
test gateway_markdown::tests::test_bold_not_inside_code ... ok
test gateway_markdown::tests::test_bold_not_inside_code_block ... ok
test gateway_markdown::tests::test_bold ... ok
test gateway_markdown::tests::test_empty_text ... ok
test gateway_markdown::tests::test_blockquote ... ok
test gateway_markdown::tests::test_bold_and_italic_nested ... ok
test gateway_markdown::tests::test_html_escaping ... ok
test gateway_markdown::tests::test_inline_code ... ok
test gateway_markdown::tests::test_header ... ok
test gateway_markdown::tests::test_plain_text_no_markdown ... ok
test gateway_markdown::tests::test_italic ... ok
test gateway_markdown::tests::test_mixed_formatting ... ok
test gateway_pipeline::tests::hook_event_matches_non_command ... ok
test gateway_pipeline::tests::hook_event_matches_wildcard ... ok
test gateway_markdown::tests::test_link ... ok
test gateway_pipeline::tests::pipeline_allows_when_no_filters ... ok
test gateway_markdown::tests::test_strikethrough ... ok
test database::tests::test_search_sessions_basic ... ok
test gateway_markdown::tests::test_code_block ... ok
test database::tests::test_search_messages_fts_with_session_filter ... ok
test database::tests::test_search_sessions_limit ... ok
test gateway_pipeline::tests::hook_registry_register_and_emit ... ok
test gateway_session::tests::test_get_or_create_creates_new ... ok
test database::tests::test_session_management ... ok
test gateway_session::tests::test_hash_chat_id_deterministic ... ok
test gateway_session::tests::test_hash_sender_id_deterministic ... ok
test gateway_session::tests::test_hash_chat_id_various_lengths ... ok
test gateway_session::tests::test_hash_sender_id_different_inputs ... ok
test gateway_session::tests::test_hash_sender_id_not_reversible ... ok
test gateway_session::tests::test_is_shared_dm ... ok
test gateway_session::tests::test_is_shared_group_no_isolation ... ok
test database::tests::test_session_tags_in_summary ... ok
test gateway_session::tests::test_is_shared_multi_user_session ... ok
test gateway_session::tests::test_close_session ... ok
test database::tests::test_wal_mode_init ... ok
test gateway_session::tests::test_pii_hashing ... ok
test database::tests::test_state_meta_overwrite ... ok
test gateway_session::tests::test_force_new_always_creates ... ok
test database::tests::test_update_session_title_empty ... ok
test gateway_session::tests::test_force_new_session ... ok
test database::tests::test_update_session_title ... ok
test gateway_session::tests::test_session_key_dm ... ok
test gateway_session::tests::test_session_key_dm_no_chat_id ... ok
test gateway_session::tests::test_session_key_dm_with_thread ... ok
test gateway_session::tests::test_session_key_empty_platform ... ok
test gateway_session::tests::test_get_or_create_returns_existing ... ok
test gateway_session::tests::test_session_key_group ... ok
test gateway_session::tests::test_session_key_group_no_isolation ... ok
test gateway_session::tests::test_session_key_group_per_user_isolation ... ok
test gateway_session::tests::test_get_or_create_returns_same_session ... ok
test gateway_session::tests::test_session_key_group_vs_dm ... ok
test gateway_session::tests::test_session_key_special_chars ... ok
test gateway_session::tests::test_session_key_thread_isolated ... ok
test gateway_session::tests::test_session_key_thread_shared ... ok
test gateway_session::tests::test_session_source_description ... ok
test gateway_session::tests::test_session_source_from_dict ... ok
test gateway_session::tests::test_session_source_from_dict_invalid ... ok
test gateway_session::tests::test_session_source_roundtrip ... ok
test gateway_session::tests::test_session_source_to_dict ... ok
test database::tests::test_state_meta ... ok
test database::tests::test_set_get_state_meta ... ok
test database::tests::test_tool_state_set_get_clear ... ok
test gateway_pipeline::tests::hook_registry_wildcard_matching ... ok
test gateway_session::tests::test_has_any_sessions_empty ... ok
test database::tests::test_tag_operations ... ok
test gateway_session::tests::test_v2_session_source_description ... ok
test database::tests::test_search_sessions_no_match ... ok
test interrupt::tests::test_check_ok_when_not_triggered ... ok
test interrupt::tests::test_check_err_when_triggered ... ok
test gateway_session::tests::test_has_any_sessions_with_entry ... ok
test interrupt::tests::test_clone_reset ... ok
test interrupt::tests::test_new_is_not_triggered ... ok
test interrupt::tests::test_clone_shares_state ... ok
test interrupt::tests::test_trigger_sets_flag ... ok
test interrupt::tests::test_reset_clears_flag ... ok
test gateway_session::tests::test_suspend_recently_active ... ok
test database::tests::test_tool_state_crud ... ok
test gateway_session::tests::test_session_update_tokens ... ok
test gateway_session::tests::test_resume_pending ... ok
test kanban::tests::test_invalid_slug_rejected ... ok
test kanban::tests::test_resolve_path_default ... ok
test gateway_session::tests::test_session_count ... ok
test kanban::tests::test_resolve_path_named ... ok
test mcp::tests::test_mcp_manager_empty ... ok
test mcp::tests::test_tool_definition ... ok
test mcp_oauth::tests::test_code_challenge_consistency ... ok
test mcp_oauth::tests::test_code_verifier_generation ... ok
test mcp_oauth::tests::test_find_free_port ... ok
test mcp_oauth::tests::test_localhost_server_port_zero ... ok
test mcp_oauth::tests::test_mcp_oauth_config_default ... ok
test mcp_oauth::tests::test_oauth_dir ... ok
test mcp_oauth::tests::test_oauth_error_conversion ... ok
test mcp_oauth::tests::test_server_hash_consistency ... ok
test gateway_session::tests::test_switch_session ... ok
test mcp_oauth::tests::test_server_hash_different_urls ... ok
test mcp_oauth::tests::test_state_generation ... ok
test mcp_oauth::tests::test_token_expired ... ok
test mcp_oauth::tests::test_token_storage_new ... ok
test mcp_oauth::tests::test_token_validity ... ok
test gateway_session::tests::test_persist_and_load ... ok
test gateway_session::tests::test_reset_session_creates_new_session ... ok
test gateway_session::tests::test_prune_old_entries ... ok
test agent::tests::process_response_parses_xml_tool_calls_in_non_stream_mode ... ok
test mcp_oauth::tests::test_token_storage_roundtrip ... ok
test memory::tests::test_deserialize_empty_content ... ok
test memory::tests::test_load_from_disk_missing_files ... ok
test gateway_session::tests::test_update_tokens ... ok
test memory::tests::test_auto_save_on_save_profile ... ok
test memory::tests::test_memory_manager_new ... ok
test memory::tests::test_auto_save_on_store ... ok
test memory::tests::test_memory_md_format_matches_python_pattern ... ok
test memory::tests::test_flush_if_dirty_skips_when_clean ... ok
test memory::tests::test_batch_stores_single_flush ... ok
test memory::tests::test_memory_serialize_deserialize_roundtrip ... ok
test memory::tests::test_profile_serialize_deserialize_roundtrip ... ok
test memory::tests::test_memory_store_write_read_files ... ok
test memory::tests::test_save_to_disk_no_op_without_storage_dir ... ok
test memory::tests::test_search ... ok
test memory::tests::test_session ... ok
test memory::tests::test_store_and_get ... ok
test memory_provider::tests::test_build_builtin ... ok
test gateway_session::tests::test_suspend_session ... ok
test memory_provider::tests::test_build_disabled_falls_back_to_builtin ... ok
test memory::tests::test_user_profile ... ok
test memory_provider::tests::test_build_removed_providers_fall_back_to_builtin ... ok
test gateway_session::tests::test_reset_mode_none_never_resets ... ok
test memory_provider::tests::test_build_unknown_falls_back_to_builtin ... ok
test models_dev::tests::test_cache_path ... ok
test models_dev::tests::test_provider_mapping ... ok
test oauth_refresh::tests::test_oauth_refresher_path ... ok
test oauth_refresh::tests::test_auth_store_roundtrip ... ok
test oauth_refresh::tests::test_urlencoding_basic ... ok
test observer::tests::console_observer_name ... ok
test observer::tests::hand_events_recordable ... ok
test memory::tests::test_with_storage_dir_save_load ... ok
test observer::tests::observer_arc_delegates ... ok
test observer::tests::observer_default_flush_works ... ok
test observer::tests::observer_event_is_clone_and_debug ... ok
test observer::tests::observer_records_events_and_metrics ... ok
test gateway_session::tests::test_suspend_and_resume ... ok
test parser::tests::test_basic_tool_call ... ok
test parser::tests::test_empty_arguments_bug ... ok
test observer::tests::observer_metric_is_clone_and_debug ... ok
test parser::tests::test_incremental_parsing ... ok
test parser::tests::test_malformed_tags ... ok
test gateway_session::tests::test_v2_close_session ... ok
test gateway_session::tests::test_v2_list_sessions ... ok
test gateway_session::tests::test_list_sessions ... ok
test parser::tests::test_nested_function_fallback ... ok
test parser::tests::test_object_arguments ... ok
test parser::tests::test_nested_json ... ok
test parser::tests::test_tool_and_parameters_fallback ... ok
test parser::tests::test_tool_call_with_newlines ... ok
test pii::tests::test_redact_chat_id ... ok
test pii::tests::test_redact_id_deterministic ... ok
test platform::tests::test_detect_shell_has_args_pattern ... ok
test platform::tests::test_detect_shell_returns_non_empty_path ... ok
test platform::tests::test_detect_shell_unix_args ... ok
test platform::tests::test_exactly_one_os_flag ... ok
test platform::tests::test_is_linux ... ok
test platform::tests::test_operant_home_respects_env ... ok
test platform::tests::test_operant_subdir_names ... ok
test platform::tests::test_operant_home_default_not_empty ... ok
test platform::tests::test_operant_subdirs_are_children_of_home ... ok
test platform::tests::test_os_name_not_empty ... ok
test platform::tests::test_platform_info_arch_known ... ok
test platform::tests::test_platform_info_consistent ... ok
test platform::tests::test_set_file_permissions_on_tempfile ... ok
test platform::tests::test_set_file_permissions_unix_mode ... ok
test gateway_session::tests::test_mark_and_clear_resume_pending ... ok
test platform::tests::test_set_secure_permissions_on_tempdir ... ok
test plugins::tests::test_discover_plugins_skips_non_existent ... ok
test plugins::tests::test_discover_plugins_empty_dir ... ok
test plugins::tests::test_disk_cleanup_handler ... ok
test plugins::tests::test_get_plugin_commands_includes_disk_cleanup ... ok
test plugins::tests::test_handle_unknown ... ok
test plugins::tests::test_plugin_command_debug ... ok
test plugins::tests::test_register_and_handle ... ok
test plugins::tests::test_discover_plugins_yaml ... ok
test plugins::tests::test_register_overwrite ... ok
test plugins::tests::test_resolve_plugin_command_case_insensitive ... ok
test plugins::tests::test_resolve_plugin_command_no_slash ... ok
test plugins::tests::test_discover_plugins_toml ... ok
test plugins::tests::test_is_plugin_command ... ok
test gateway_session::tests::test_v2_prune_empty_store ... ok
test plugins::tests::test_resolve_plugin_command_with_args ... ok
test plugins::tests::test_resolve_plugin_command_with_slash ... ok
test platform::tests::test_find_python_returns_valid_path_or_none ... ok
test profile::tests::test_normalize_profile_name ... ok
test profile::tests::test_profile_exists ... ok
test process_registry::tests::test_kill_process ... ok
test parser::tests::test_stream_parser_filters_tool_call_markup_from_visible_text ... ok
test parser::tests::test_multiple_tool_calls ... ok
test parser::tests::test_streaming_interruption_at_tag_boundary ... ok
test parser::tests::test_text_content_extraction ... ok
test rate_limiter::tests::backoff_attempt_2_equals_2x_base ... ok
test parser::tests::test_parser_finish_flushes_unclosed_text ... ok
test rate_limiter::tests::backoff_attempt_1_equals_base ... ok
test rate_limiter::tests::backoff_attempt_3_equals_4x_base ... ok
test rate_limiter::tests::backoff_caps_at_max_delay ... ok
test rate_limiter::tests::backoff_different_base_and_max ... ok
test rate_limiter::tests::parse_retry_after_missing_returns_none ... ok
test profile::tests::test_clone_profile ... ok
test rate_limiter::tests::parse_retry_after_seconds ... ok
test rate_limiter::tests::rate_limiter_allows_request_when_bucket_full ... ok
test rate_limiter::tests::rate_limiter_blocks_when_bucket_empty ... ok
test rate_limiter::tests::rate_limiter_default_works ... ok
test rate_limiter::tests::rate_limiter_drain_bucket_blocks_subsequent_calls ... ok
test rate_limiter::tests::rate_limiter_get_status_returns_default_for_unknown_model ... ok
test rate_limiter::tests::parse_retry_after_invalid_returns_none ... ok
test rate_limiter::tests::rate_limiter_record_usage_reduces_remaining ... ok
test rate_limiter::tests::token_bucket_consume_returns_false_when_empty ... ok
test rate_limiter::tests::rate_limiter_tracked_models_returns_known_keys ... ok
test rate_limiter::tests::rate_limiter_tracks_models_independently ... ok
test rate_limiter::tests::token_bucket_drain_sets_to_zero ... ok
test rate_limiter::tests::backoff_zero_attempt_returns_base ... ok
test rate_limiter::tests::token_bucket_consume_returns_true_when_available ... ok
test rate_limiter::tests::token_bucket_full_reset_instant_is_in_future ... ok
test rate_limiter::tests::token_bucket_refill_adds_tokens ... ok
test rate_limiter::tests::token_bucket_refill_does_not_exceed_capacity ... ok
test rate_limiter::tests::token_bucket_starts_full ... ok
test rate_limiter::tests::token_bucket_time_until_next_token_when_empty ... ok
test rate_limiter::tests::token_bucket_time_until_next_token_when_full ... ok
test runtime_adapter::tests::native_runtime_builds_shell_command ... ok
test runtime_adapter::tests::native_runtime_has_full_capabilities ... ok
test runtime_adapter::tests::sandboxed_runtime_rejects_shell_when_disabled ... ok
test runtime_adapter::tests::sandboxed_runtime_respects_shell_flag ... ok
test runtime_adapter::tests::serverless_runtime_has_no_capabilities ... ok
test runtime_adapter::tests::serverless_runtime_rejects_shell ... ok
test security::tests::test_is_benchmarking ... ok
test security::tests::test_is_blocked_ip_benchmark ... ok
test schema::tests::test_schema_generation ... ok
test security::tests::test_is_blocked_ip_cgnat ... ok
test security::tests::test_is_blocked_ip_link_local ... ok
test schema::tests::test_sanitize_args ... ok
test security::tests::test_is_blocked_ip_loopback ... ok
test security::tests::test_is_blocked_ip_private ... ok
test security::tests::test_is_blocked_ip_public ... ok
test security::tests::test_is_blocked_ip_v6_loopback ... ok
test security::tests::test_is_blocked_ip_v6_private ... ok
test security::tests::test_is_blocked_ip_v6_public ... ok
test security::tests::test_is_cgnat ... ok
test skill_marketplace::tests::test_is_expired_fresh ... ok
test skill_marketplace::tests::test_is_expired_stale ... ok
test skill_marketplace::tests::test_is_newer_version_basic ... ok
test skill_marketplace::tests::test_is_newer_version_short_forms ... ok
test skill_marketplace::tests::test_score_exact_name_match ... ok
test skill_marketplace::tests::test_score_partial_match ... ok
test skill_marketplace::tests::test_verify_checksum_valid ... ok
test skill_marketplace::tests::test_verify_checksum_invalid ... ok
test kanban::tests::test_delete_board ... ok
test profile::tests::test_create_and_delete_profile ... ok
test skill_usage::tests::test_archive_and_restore ... ok
test skill_usage::tests::test_bump_patch_does_not_increment_count ... ok
test profile::tests::test_get_operant_home_override ... ok
test skill_marketplace::tests::test_score_no_match ... ok
test skill_usage::tests::test_bump_use_auto_creates_record ... ok
test skill_usage::tests::test_bump_use_increments_count ... ok
test skill_usage::tests::test_default_state_is_active ... ok
test skill_usage::tests::test_get_record_mut_allows_mutation ... ok
test skill_usage::tests::test_get_by_provenance ... ok
test profile::tests::test_list_profiles_includes_default ... ok
test kanban::tests::test_cannot_delete_default ... ok
test skill_usage::tests::test_get_record_nonexistent_returns_none ... ok
test skill_usage::tests::test_lifecycle_serialization ... ok
test skill_usage::tests::test_mark_agent_created ... ok
test skill_usage::tests::test_load_nonexistent_file ... ok
test skill_usage::tests::test_new_is_empty ... ok
test skill_usage::tests::test_remove_record ... ok
test skill_usage::tests::test_bump_view_does_not_increment_count ... ok
test skill_usage::tests::test_set_state ... ok
test skill_usage::tests::test_multiple_records_independent ... ok
test skill_usage::tests::test_set_state_nonexistent_skill_returns_error ... ok
test skill_usage::tests::test_save_and_load_roundtrip ... ok
test skills::tests::test_is_available_empty_platforms_means_all ... ok
test skill_usage::tests::test_usage_record_serde_roundtrip ... ok
test skill_usage::tests::test_save_creates_parent_directory ... ok
test skills::tests::test_is_available_missing_env ... ok
test skills::tests::test_is_available_platform_match ... ok
test skills::tests::test_is_available_platform_mismatch ... ok
test skills::tests::test_parse_front_matter_no_front_matter ... ok
test skills::tests::test_load_skill_defaults ... ok
test skills::tests::test_parse_list_bare ... ok
test skills::tests::test_parse_front_matter ... ok
test skills::tests::test_parse_list_empty ... ok
test skills::tests::test_parse_list_inline ... ok
test skills::tests::test_load_skill ... ok
test skills_guard::tests::test_agent_created ... ok
test skills_guard::tests::test_builtin_dangerous_allowed_without_force ... ok
test skills_guard::tests::test_caution_agent_created_allowed ... ok
test skills::tests::test_skill_manager_create_and_delete ... ok
test skills_guard::tests::test_binary_file_detected ... ok
test skills_guard::tests::test_caution_community_blocked ... ok
test skills_guard::tests::test_caution_trusted_allowed ... ok
test skills_guard::tests::test_clean_report ... ok
test skills_guard::tests::test_common_skills_sh_prefix_typo_still_maps_to_trusted_repo ... ok
test skills::tests::test_skill_manager_load_all ... ok
test skills_guard::tests::test_community_default ... ok
test skills_guard::tests::test_critical_finding_dangerous ... ok
test skills_guard::tests::test_clean_structure ... ok
test profile::tests::test_use_profile ... ok
test skills_guard::tests::test_dangerous_agent_created_asks ... ok
test skills_guard::tests::test_dangerous_blocked_without_force ... ok
test skills_guard::tests::test_dangerous_report ... ok
test skills_guard::tests::test_detect_binary_magic_elf ... ok
test skills_guard::tests::test_detect_binary_magic_pe ... ok
test skills_guard::tests::test_evaluate_install_policy ... ok
test skills_guard::tests::test_force_overrides_caution ... ok
test skills_guard::tests::test_force_overrides_dangerous_for_agent_created ... ok
test skills_guard::tests::test_force_overrides_dangerous_for_community ... ok
test skills_guard::tests::test_force_overrides_dangerous_for_trusted ... ok
test skills_guard::tests::test_guard_scanner_new ... ok
test profile::tests::test_validate_profile_name ... ok
test skills_guard::tests::test_hash_changes_with_content ... ok
test skills_guard::tests::test_hash_deterministic ... ok
test skills_guard::tests::test_hash_directory ... ok
test skills_guard::tests::test_high_finding_caution ... ok
test skills_guard::tests::test_hash_single_file ... ok
test skills_guard::tests::test_known_chars ... ok
test skills_guard::tests::test_low_finding_caution ... ok
test skills_guard::tests::test_medium_finding_caution ... ok
test skills_guard::tests::test_no_findings_safe ... ok
test skills_guard::tests::test_no_binary_magic_for_text ... ok
test skills_guard::tests::test_official_sources_resolve_to_builtin ... ok
test skills_guard::tests::test_nonscannable_extension_skipped ... ok
test skills_guard::tests::test_safe_agent_created_allowed ... ok
test skills_guard::tests::test_safe_community_allowed ... ok
test skills_guard::tests::test_oversized_single_file ... ok
test skills_guard::tests::test_skills_sh_wrapped_trusted_repos ... ok
test skills_guard::tests::test_too_many_files ... ok
test skills_guard::tests::test_truncate_match ... ok
test skills_guard::tests::test_trusted_dangerous_blocked_without_force ... ok
test skills_guard::tests::test_trusted_repos ... ok
test database::tests::test_reconcile_adds_missing_column ... ok
test tools::aft_tools::tests::aft_bash_tool_schema_is_valid ... ok
test tools::aft_tools::tests::aft_edit_tool_schema_is_valid ... ok
test tools::aft_tools::tests::aft_outline_tool_schema_is_valid ... ok
test tools::aft_tools::tests::aft_read_tool_schema_is_valid ... ok
test tools::aft_tools::tests::aft_search_tool_schema_is_valid ... ok
test tools::aft_tools::tests::all_aft_tool_names_are_prefixed ... ok
test tools::browser_camofox_state::tests::test_camofox_state_invalid_args ... ok
test database::tests::test_reconcile_columns_adds_missing ... ok
test tools::browser_camofox_state::tests::test_camofox_state_list ... ok
test tools::browser_camofox_state::tests::test_camofox_state_unknown_operation ... ok
test tools::browser_cdp_tool::tests::test_browser_cdp_invalid_args ... ok
test tools::browser_cdp_tool::tests::test_browser_cdp_missing_env ... ok
test platform::tests::test_find_node_returns_valid_path_or_none ... ok
test tools::browser_cdp_tool::tests::test_browser_cdp_schema ... ok
test tools::browser_dialog_tool::tests::test_browser_dialog_invalid_action ... ok
test tools::browser_dialog_tool::tests::test_browser_dialog_missing_env ... ok
test tools::browser_downloader::tests::test_find_matching_asset ... ok
test tools::browser_downloader::tests::test_find_matching_asset_no_match ... ok
test tools::browser_dialog_tool::tests::test_browser_dialog_schema ... ok
test tools::browser_tool::tests::test_browser_accessibility_tree_invalid_args ... ok
test tools::browser_tool::tests::test_browser_execute_click_missing_selector ... ok
test kanban::tests::test_create_and_open_board ... ok
test tools::browser_tool::tests::test_browser_execute_invalid_args ... ok
test tools::browser_tool::tests::test_browser_accessibility_tree_missing_cdp_url ... ok
test tools::browser_tool::tests::test_browser_execute_navigate_missing_url ... ok
test tools::browser_tool::tests::test_browser_execute_type_missing_selector ... ok
test tools::browser_tool::tests::test_browser_name_and_description ... ok
test tools::browser_tool::tests::test_browser_execute_type_missing_text ... ok
test tools::browser_tool::tests::test_browser_execute_unknown_command ... ok
test tools::browser_tool::tests::test_browser_schema_has_expected_fields ... ok
test tools::browser_tool::tests::test_browser_scroll_default_direction ... ok
test tools::cdp_utils::tests::test_cdp_command_serializes_correctly ... ok
test tools::checkpoint_tool::tests::test_checkpoint_execute_unknown_action ... ok
test kanban::tests::test_task_isolation_between_boards ... ok
test tools::checkpoint_tool::tests::test_checkpoint_name_and_description ... ok
test tools::checkpoint_tool::tests::test_checkpoint_restore_missing_hash ... ok
test tools::checkpoint_tool::tests::test_checkpoint_schema_has_action_and_working_dir ... ok
test tools::clarify_tool::tests::test_clarify_empty_question ... ok
test tools::clarify_tool::tests::test_clarify_max_choices_allowed ... ok
test tools::clarify_tool::tests::test_clarify_simple_question ... ok
test tools::clarify_tool::tests::test_clarify_too_many_choices ... ok
test tools::clarify_tool::tests::test_clarify_with_choices ... ok
test tools::code_execution::tests::test_code_execution_invalid_args ... ok
test tools::code_execution::tests::test_code_execution_schema ... ok
test tools::code_execution::tests::test_code_execution_unsupported_language ... ok
test tools::code_execution::tests::test_uuid_simple_not_empty ... ok
test tools::checkpoint_tool::tests::test_checkpoint_default_action_is_list ... ok
test tools::computer_use_tool::tests::test_computer_use_invalid_action ... ok
test tools::computer_use_tool::tests::test_computer_use_missing_pid ... ok
test tools::checkpoint_tool::tests::test_checkpoint_list_with_defaults ... ok
test tools::computer_use_tool::tests::test_computer_use_schema ... ok
test tools::computer_use_tool::tests::test_computer_use_wait_succeeds ... ok
test tools::cron_tool::tests::test_cron_schema ... ok
test tools::datetime_tool::tests::test_datetime_default_execution ... ok
test tools::datetime_tool::tests::test_datetime_schema ... ok
test tools::datetime_tool::tests::test_days_to_date ... ok
test tools::datetime_tool::tests::test_datetime_with_format ... ok
test tools::datetime_tool::tests::test_format_datetime ... ok
test tools::datetime_tool::tests::test_datetime_with_timezone ... ok
test tools::datetime_tool::tests::test_is_leap_year ... ok
test tools::datetime_tool::tests::test_parse_timezone_numeric ... ok
test tools::datetime_tool::tests::test_parse_date_iso ... ok
test tools::datetime_tool::tests::test_parse_date_invalid ... ok
test tools::datetime_tool::tests::test_parse_timezone_pst ... ok
test tools::datetime_tool::tests::test_parse_timezone_utc ... ok
test tools::datetime_tool::tests::test_timestamp_default_execution ... ok
test tools::datetime_tool::tests::test_timestamp_invalid_args ... ok
test tools::datetime_tool::tests::test_timestamp_schema ... ok
test tools::datetime_tool::tests::test_timestamp_milliseconds ... ok
test tools::discord_tool::tests::test_channel_type_name ... ok
test tools::discord_tool::tests::test_discord_admin_metadata ... ok
test tools::discord_tool::tests::test_discord_admin_rejects_core_action ... ok
test tools::debug_helpers::tests::test_env_var_tool ... ok
test tools::discord_tool::tests::test_discord_admin_unknown_action_from_core ... ok
test tools::builtin::tests::test_register_builtin_tools_with_sub_agent ... ok
test tools::discord_tool::tests::test_discord_missing_params ... ok
test tools::discord_tool::tests::test_discord_no_token_returns_error ... ok
test tools::discord_tool::tests::test_discord_tool_metadata ... ok
test tools::discord_tool::tests::test_enrich_403 ... ok
test tools::builtin::tests::test_register_all_builtin_tools ... ok
test tools::discord_tool::tests::test_discord_unknown_action ... ok
test tools::discord_tool::tests::test_required_params_valid ... ok
test tools::feishu_tool::tests::test_feishu_doc_schema_has_document_id ... ok
test tools::discord_tool::tests::test_schema_actions_enum ... ok
test tools::feishu_tool::tests::test_feishu_doc_missing_document_id ... ok
test tools::feishu_tool::tests::test_feishu_doc_schema_name ... ok
test tools::feishu_tool::tests::test_feishu_doc_tool_description_not_empty ... ok
test tools::feishu_tool::tests::test_feishu_doc_tool_name ... ok
test tools::feishu_tool::tests::test_feishu_drive_missing_action ... ok
test tools::feishu_tool::tests::test_feishu_drive_missing_comment_id_for_replies ... ok
test platform::tests::test_find_rustc_available ... ok
test tools::feishu_tool::tests::test_feishu_drive_missing_content_for_add_comment ... ok
test tools::feishu_tool::tests::test_feishu_drive_missing_content_for_reply ... ok
test tools::feishu_tool::tests::test_feishu_drive_missing_file_token ... ok
test tools::feishu_tool::tests::test_feishu_drive_schema_has_required_fields ... ok
test tools::feishu_tool::tests::test_feishu_drive_tool_description_not_empty ... ok
test tools::feishu_tool::tests::test_feishu_drive_tool_name ... ok
test tools::feishu_tool::tests::test_feishu_drive_schema_name ... ok
test tools::feishu_tool::tests::test_feishu_drive_unknown_action ... ok
test tools::file_state::tests::test_compute_hash_empty_file ... ok
test tools::file_state::tests::test_compute_hash_different_content_different_hash ... ok
test tools::file_state::tests::test_compute_hash_nonexistent_file ... ok
test tools::file_state::tests::test_compute_hash_known_content ... ok
test tools::file_state::tests::test_file_state_check_nonexistent ... ok
test tools::file_state::tests::test_file_state_invalid_args ... ok
test tools::file_state::tests::test_file_state_diff_without_watch ... ok
test tools::file_state::tests::test_file_state_unknown_operation ... ok
test tools::file_state::tests::test_get_file_metadata_basic ... ok
test tools::file_state::tests::test_get_file_metadata_nonexistent ... ok
test kanban::tests::test_list_boards ... ok
test tools::file_tools::tests::test_file_list_missing_path ... ok
test tools::file_tools::tests::test_file_list_schema ... ok
test tools::file_tools::tests::test_file_read_missing_path ... ok
test tools::file_tools::tests::test_file_read_nonexistent ... ok
test tools::file_tools::tests::test_file_read_schema ... ok
test tools::file_state::tests::test_file_state_watch_and_diff ... ok
test tools::file_tools::tests::test_file_search_schema ... ok
test tools::file_tools::tests::test_file_search_missing_args ... ok
test tools::file_tools::tests::test_file_write_missing_args ... ok
test tools::file_tools::tests::test_file_write_schema ... ok
test tools::home_assistant_tool::tests::test_build_payload_data_only ... ok
test tools::home_assistant_tool::tests::test_build_payload_data_not_object ... ok
test tools::home_assistant_tool::tests::test_build_payload_entity_id_and_data ... ok
test tools::home_assistant_tool::tests::test_build_payload_empty ... ok
test tools::home_assistant_tool::tests::test_build_payload_entity_id_only ... ok
test tools::home_assistant_tool::tests::test_build_payload_entity_id_overrides_data ... ok
test tools::home_assistant_tool::tests::test_call_service_invalid_domain_with_dot ... ok
test tools::home_assistant_tool::tests::test_call_service_invalid_domain_uppercase ... ok
test tools::home_assistant_tool::tests::test_call_service_blocked_domain ... ok
test tools::home_assistant_tool::tests::test_call_service_missing_service ... ok
test tools::home_assistant_tool::tests::test_call_service_missing_domain ... ok
test tools::home_assistant_tool::tests::test_entity_id_invalid_examples ... ok
test tools::home_assistant_tool::tests::test_call_service_invalid_entity_id ... ok
test tools::home_assistant_tool::tests::test_entity_id_valid_digits_after_dot ... ok
test tools::home_assistant_tool::tests::test_call_service_invalid_data_json ... ok
test tools::home_assistant_tool::tests::test_entity_id_valid_examples ... ok
test tools::home_assistant_tool::tests::test_filter_by_area_attribute ... ok
test tools::home_assistant_tool::tests::test_call_service_invalid_domain_path_traversal ... ok
test tools::home_assistant_tool::tests::test_filter_by_area_friendly_name ... ok
test tools::home_assistant_tool::tests::test_filter_by_area_no_match_friendly_name ... ok
test tools::home_assistant_tool::tests::test_filter_by_domain ... ok
test tools::home_assistant_tool::tests::test_filter_by_domain_and_area ... ok
test tools::home_assistant_tool::tests::test_filter_empty_states ... ok
test tools::home_assistant_tool::tests::test_filter_missing_attributes ... ok
test tools::home_assistant_tool::tests::test_filter_no_domain_no_area ... ok
test tools::home_assistant_tool::tests::test_filter_no_matches ... ok
test tools::home_assistant_tool::tests::test_get_config_defaults_when_env_unset ... ok
test tools::home_assistant_tool::tests::test_get_config_strips_trailing_slash ... ok
test tools::home_assistant_tool::tests::test_get_headers_empty_token ... ok
test tools::home_assistant_tool::tests::test_get_headers_has_auth ... ok
test tools::home_assistant_tool::tests::test_get_headers_has_content_type ... ok
test tools::home_assistant_tool::tests::test_get_state_empty_entity_id ... ok
test tools::home_assistant_tool::tests::test_name_and_description ... ok
test tools::home_assistant_tool::tests::test_get_state_invalid_entity_id ... ok
test tools::home_assistant_tool::tests::test_get_state_missing_entity_id ... ok
test tools::home_assistant_tool::tests::test_parse_service_response_empty_array ... ok
test tools::home_assistant_tool::tests::test_missing_action_returns_error ... ok
test tools::home_assistant_tool::tests::test_parse_service_response_missing_fields ... ok
test tools::home_assistant_tool::tests::test_parse_service_response_not_array ... ok
test tools::home_assistant_tool::tests::test_parse_service_response_with_results ... ok
test tools::home_assistant_tool::tests::test_service_name_invalid_examples ... ok
test tools::home_assistant_tool::tests::test_service_name_valid_examples ... ok
test tools::home_assistant_tool::tests::test_schema_action_is_required ... ok
test tools::home_assistant_tool::tests::test_unknown_action_returns_error ... ok
test tools::home_assistant_tool::tests::test_schema_has_all_properties ... ok
test tools::http_tool::tests::test_http_request_invalid_args ... ok
test tools::http_tool::tests::test_http_request_invalid_url ... ok
test tools::image_generation_tool::tests::test_default_aspect_ratio ... ok
test tools::image_generation_tool::tests::test_default_model ... ok
test tools::http_tool::tests::test_http_request_schema ... ok
test tools::mcp_tool::tests::test_mcp_tool_name_and_description ... ok
test tools::mcp_tool::tests::test_mcp_tool_list_servers_empty ... ok
test tools::mcp_tool::tests::test_mcp_tool_invalid_args ... ok
test tools::image_generation_tool::tests::test_image_generation_schema ... ok
test tools::kanban_tool::tests::test_kanban_schema ... ok
test tools::memory_tools::tests::test_memory_recall_schema ... ok
test tools::memory_tools::tests::test_memory_search_schema ... ok
test tools::memory_tools::tests::test_memory_search_empty ... ok
test tools::memory_tools::tests::test_memory_recall_not_found ... ok
test tools::memory_tools::tests::test_memory_store_missing_args ... ok
test tools::memory_tools::tests::test_memory_store_schema ... ok
test tools::neutts_synth::tests::test_neutts_invalid_args ... ok
test tools::notification_tool::tests::test_approval_missing_request ... ok
test tools::memory_tools::tests::test_memory_store_and_recall ... ok
test tools::notification_tool::tests::test_approval_success ... ok
test tools::notification_tool::tests::test_approval_schema ... ok
test tools::notification_tool::tests::test_notification_missing_message ... ok
test tools::notification_tool::tests::test_notification_schema ... ok
test tools::notification_tool::tests::test_notification_success ... ok
test tools::openrouter_client::tests::test_openrouter_invalid_args ... ok
test tools::osv_check::tests::test_parse_empty ... ok
test tools::openrouter_client::tests::test_openrouter_missing_api_key ... ok
test tools::osv_check::tests::test_parse_no_package ... ok
test tools::osv_check::tests::test_parse_npx ... ok
test tools::osv_check::tests::test_parse_npx_cmd ... ok
test tools::osv_check::tests::test_parse_pipx ... ok
test tools::osv_check::tests::test_parse_uvx ... ok
test tools::osv_check::tests::test_parse_uvx_cmd ... ok
test tools::patch_tool::tests::test_fuzzy_replace_delete_content ... ok
test tools::patch_tool::tests::test_fuzzy_replace_basic ... ok
test tools::patch_tool::tests::test_fuzzy_replace_empty_find ... ok
test tools::patch_tool::tests::test_fuzzy_replace_no_match ... ok
test tools::patch_tool::tests::test_fuzzy_replace_exact_equivalent ... ok
test tools::patch_tool::tests::test_fuzzy_replace_no_trailing_newline ... ok
test tools::patch_tool::tests::test_fuzzy_replace_trailing_newline_preserved ... ok
test tools::patch_tool::tests::test_normalize_whitespace ... ok
test tools::patch_tool::tests::test_normalize_whitespace_empty ... ok
test tools::patch_tool::tests::test_normalize_whitespace_mixed_line_endings ... ok
test tools::patch_tool::tests::test_normalize_whitespace_no_change ... ok
test tools::patch_tool::tests::test_normalize_whitespace_only_whitespace ... ok
test tools::patch_tool::tests::test_patch_file_not_found ... ok
test tools::patch_tool::tests::test_patch_exact_match ... ok
test tools::patch_tool::tests::test_patch_delete_content ... ok
test tools::patch_tool::tests::test_patch_find_not_found ... ok
test tools::patch_tool::tests::test_patch_fuzzy_fallback_with_extra_whitespace ... ok
test tools::patch_tool::tests::test_patch_multiple_replacements ... ok
test tools::patch_tool::tests::test_patch_fuzzy_whitespace ... ok
test tools::patch_tool::tests::test_patch_no_trailing_newline ... ok
test tools::patch_tool::tests::test_patch_path_is_directory ... ok
test tools::send_message_tool::tests::test_chunk_message_exact_fit ... ok
test tools::neutts_synth::tests::test_neutts_deserialize ... ok
test tools::process_tool::tests::test_process_schema ... ok
test tools::send_message_tool::tests::test_chunk_message_small ... ok
test tools::send_message_tool::tests::test_execute_missing_action ... ok
test tools::send_message_tool::tests::test_execute_list ... ok
test tools::send_message_tool::tests::test_execute_send_missing_fields ... ok
test tools::send_message_tool::tests::test_tool_name_and_description ... ok
test tools::send_message_tool::tests::test_execute_unknown_action ... ok
test tools::send_message_tool::tests::test_chunk_message_roundtrip ... ok
test tools::send_message_tool::tests::test_schema_has_action_field ... ok
test tools::send_message_tool::tests::test_unknown_platform_lists_available ... ok
test tools::send_message_tool::tests::test_chunk_message_splits ... ok
test tools::debug_helpers::tests::test_system_info_tool ... ok
test tools::session_search_tool::tests::test_session_search_recent_with_empty_query ... ok
test tools::session_search_tool::tests::test_session_search_recent_mode ... ok
test tools::skills_tool::tests::test_parse_frontmatter_invalid_yaml ... ok
test tools::skills_tool::tests::test_parse_frontmatter_no_frontmatter ... ok
test tools::skills_tool::tests::test_parse_frontmatter_partial_frontmatter ... ok
test tools::skills_tool::tests::test_parse_frontmatter_with_valid_yaml ... ok
test tools::session_search_tool::tests::test_session_search_limit_clamping ... ok
test tools::skills_tool::tests::test_skill_view_execute_missing_name ... ok
test tools::skills_tool::tests::test_skill_view_name ... ok
test tools::session_search_tool::tests::test_session_search_name_and_description ... ok
test interrupt::tests::test_wait_for_interrupt_timeout ... ok
test tools::skills_tool::tests::test_skills_list_name_and_description ... ok
test tools::skills_tool::tests::test_skills_list_categories_dedup ... ok
test tools::spotify_tool::tests::test_albums_schema ... ok
test tools::spotify_tool::tests::test_devices_schema ... ok
test tools::spotify_tool::tests::test_library_schema ... ok
test tools::spotify_tool::tests::test_playback_schema ... ok
test tools::spotify_tool::tests::test_queue_schema ... ok
test tools::spotify_tool::tests::test_search_schema ... ok
test tools::spotify_tool::tests::test_playlists_schema ... ok
test tools::sub_agent_tool::tests::build_leaf_system_prompt_contains_goal ... ok
test tools::spotify_tool::tests::test_urlencoding ... ok
test tools::sub_agent_tool::tests::build_orchestrator_system_prompt_contains_delegation_info ... ok
test tools::session_search_tool::tests::test_session_search_role_filter_accepted ... ok
test tools::sub_agent_tool::tests::format_batch_results_formats_results ... ok
test tools::sub_agent_tool::tests::format_batch_results_handles_empty ... ok
test tools::sub_agent_tool::tests::format_batch_results_includes_errors ... ok
test tools::sub_agent_tool::tests::model_guard_allows_non_llama_models ... ok
test tools::sub_agent_tool::tests::model_guard_rejects_llama_models ... ok
test interrupt::tests::test_wait_for_interrupt_triggered ... ok
test tools::sub_agent_tool::tests::parse_args_accepts_object_argument ... ok
test tools::sub_agent_tool::tests::parse_args_accepts_batch_tasks ... ok
test tools::sub_agent_tool::tests::parse_args_accepts_raw_string_as_goal ... ok
test tools::sub_agent_tool::tests::parse_args_accepts_role ... ok
test tools::sub_agent_tool::tests::parse_args_rejects_empty_goal ... ok
test tools::terminal_tool::tests::test_backend_factory_local ... ok
test tools::terminal_tool::tests::test_terminal_tool_empty_command ... ok
test tools::tests::test_registry_operations ... ok
test tools::tests::test_tool_execution ... ok
test tools::tests::test_tool_not_found ... ok
test tools::todo_tool::tests::test_todo_default_session ... ok
test tools::todo_tool::tests::test_todo_empty_list ... ok
test tools::terminal_tool::tests::test_terminal_tool_command_fails ... ok
test tools::todo_tool::tests::test_todo_invalid_status ... ok
test tools::terminal_tool::tests::test_terminal_tool_working_dir ... ok
test tools::terminal_tool::tests::test_terminal_tool_direct_execution ... ok
test tools::tool_backend_helpers::tests::test_tool_backend_invalid_args ... ok
test tools::todo_tool::tests::test_todo_replace_list ... ok
test tools::todo_tool::tests::test_todo_replaces_previous ... ok
test tools::terminal_tool::tests::test_terminal_tool_shell_mode ... ok
test tools::tool_backend_helpers::tests::test_tool_backend_known ... ok
test tools::tool_backend_helpers::tests::test_tool_backend_unknown ... ok
test tools::transcription_tool::tests::test_transcription_file_not_found ... ok
test tools::transcription_tool::tests::test_transcription_invalid_args ... ok
test tools::transcription_tool::tests::test_transcription_schema ... ok
test tools::tts_registry::tests::test_builtin_name_rejected ... ok
test tools::tts_registry::tests::test_empty_name_rejected ... ok
test tools::tts_registry::tests::test_get_provider ... ok
test tools::tts_tool::tests::test_default_provider ... ok
test tools::tts_registry::tests::test_register_and_list ... ok
test tools::tts_tool::tests::test_default_voice ... ok
test tools::tts_tool::tests::test_tts_empty_text ... ok
test tools::tts_tool::tests::test_tts_invalid_args ... ok
test tools::tts_tool::tests::test_tts_schema ... ok
test tools::video_analysis_tool::tests::test_default_analysis_type ... ok
test tools::tts_tool::tests::test_tts_unknown_provider ... ok
test tools::video_analysis_tool::tests::test_video_analysis_invalid_args ... ok
test tools::video_analysis_tool::tests::test_video_analysis_schema ... ok
test tools::vision_tool::tests::test_detect_mime_type ... ok
test tools::vision_tool::tests::test_mime_from_extension ... ok
test tools::vision_tool::tests::test_is_valid_url ... ok
test tools::vision_tool::tests::test_resolve_file_path ... ok
test tools::vision_tool::tests::test_vision_tool_empty_question ... ok
test tools::vision_tool::tests::test_vision_tool_empty_url ... ok
test tools::vision_tool::tests::test_vision_tool_invalid_url ... ok
test tools::web_providers::ddg::tests::test_ddg_provider_name ... ok
test tools::web_providers::exa::tests::test_exa_provider_name ... ok
test tools::vision_tool::tests::test_vision_tool_missing_args ... ok
test tools::web_providers::searxng::tests::test_searxng_provider_name ... ok
test tools::web_providers::searxng::tests::test_urlencoding ... ok
test tools::web_providers::tavily::tests::test_tavily_provider_name ... ok
test tools::web_providers::tests::test_web_search_result_serialization ... ok
test tools::web_tools::tests::test_html_decode ... ok
test tools::web_tools::tests::test_parse_ddg_lite_results_empty ... ok
test tools::web_tools::tests::test_parse_ddg_lite_actual_ddg_format ... ok
test tools::web_tools::tests::test_parse_ddg_lite_results_with_links ... ok
test tools::web_tools::tests::test_strip_html_tags ... ok
test tools::web_tools::tests::test_web_fetch_invalid_url ... ok
test tools::web_tools::tests::test_web_search_invalid_args ... ok
test tools::web_tools::tests::test_web_fetch_schema ... ok
test tools::web_tools::tests::test_web_search_schema ... ok
test tools::xai_http::tests::test_xai_http_invalid_args ... ok
test voice::tests::test_stt_provider_parsing ... ok
test tools::xai_http::tests::test_xai_http_url_building ... ok
test tools::session_search_tool::tests::test_session_search_schema ... ok
test tools::session_search_tool::tests::test_session_search_with_query ... ok
test voice::tests::test_whisper_hallucination_filter ... ok
test tools::tts_command_provider::tests::test_template_substitution ... ok
test tools::tts_command_provider::tests::test_double_brace_escaping ... ok
test tools::terminal_tool::tests::test_terminal_tool_env_vars ... ok
test skills_guard::tests::test_trusted_source ... ok
test skills_guard::tests::test_detect_rm_rf_root ... ok
test skills_guard::tests::test_safe_skill ... ok
test skills_guard::tests::test_detect_reverse_shell ... ok
test skills_guard::tests::test_deduplication_per_pattern_per_line ... ok
test skills_guard::tests::test_detect_eval_string ... ok
test skills_guard::tests::test_single_file_scan ... ok
test skills_guard::tests::test_detect_curl_env_exfil ... ok
test skills_guard::tests::test_detect_invisible_unicode ... ok
test skills_guard::tests::test_dangerous_skill ... ok
test skills_guard::tests::test_safe_file ... ok
test skills_guard::tests::test_detect_hardcoded_secret ... ok
test skills_guard::tests::test_detect_prompt_injection ... ok
test process_registry::tests::test_list_processes ... ok
test process_registry::tests::test_spawn_and_poll ... ok
test tools::home_assistant_tool::tests::test_call_service_empty_data_is_ok ... ok

test result: ok. 959 passed; 0 failed; 0 ignored; 0 measured; 0 filtered out; finished in 7.92s

     Running tests/integration_test.rs (target/debug/deps/integration_test-59f8cc4889405d37)

running 26 tests
test test_notification_tool_missing_message_returns_error ... ok
test test_notification_tool_accepts_context_metadata ... ok
test test_notification_tool_execute_success ... ok
test test_registry_empty_returns_empty ... ok
test test_registry_get_returns_arc_tool ... ok
test test_registry_unregister ... ok
test test_registry_register_and_lookup ... ok
test test_notification_tool_with_all_fields ... ok
test test_registry_unregister_unknown ... ok
test test_registry_case_sensitive_lookup ... ok
test test_builtin_schema_name_uniqueness ... ok
test test_notification_tool_returns_expected_content ... ok
test test_registry_duplicate_overwrites ... ok
test test_registry_get_returns_none_for_unknown ... ok
test test_schema_has_non_empty_description ... ok
test test_schema_name_matches_tool_name ... ok
test test_schema_parameters_is_valid_json_schema ... ok
test test_registry_get_schemas_returns_all ... ok
test test_schema_has_required_fields ... ok
test test_schema_serializes_to_valid_json ... ok
test test_schema_deserialize_round_trip ... ok
test test_builtin_schema_name_matches_tool_name ... ok
test test_builtin_schema_has_description ... ok
test test_builtin_schema_serializes ... ok
test test_builtin_schema_parameters_are_object ... ok
test test_builtin_schema_is_valid_json_schema ... ok

test result: ok. 26 passed; 0 failed; 0 ignored; 0 measured; 0 filtered out; finished in 0.00s

     Running tests/tdg_integration.rs (target/debug/deps/tdg_integration-49274c7348d3c507)

running 0 tests

test result: ok. 0 passed; 0 failed; 0 ignored; 0 measured; 0 filtered out; finished in 0.00s

     Running tests/test_acp_stdio.rs (target/debug/deps/test_acp_stdio-bc0c15a264f4d620)

running 8 tests
test test_command_missing_param ... ok
test test_invalid_json_parse_error ... ok
test test_ping_pong ... ok
test test_command_valid ... ok
test test_round_trip_serialization ... ok
test test_status ... ok
test test_stop_triggers_shutdown ... ok
test test_unknown_method ... ok

test result: ok. 8 passed; 0 failed; 0 ignored; 0 measured; 0 filtered out; finished in 0.00s

     Running tests/test_curator.rs (target/debug/deps/test_curator-aa2371f7c4075e2e)

running 18 tests
test test_archive_nonexistent_skill_errors ... ok
test test_archive_and_restore_skill ... ok
test test_curator_state_default ... ok
test test_curator_state_serialization_roundtrip ... ok
test test_curator_engine_get_state ... ok
test test_curator_engine_load_state_existing ... ok
test test_curator_engine_load_state_default ... ok
test test_prune_archived_empty_dir ... ok
test test_list_backups_empty ... ok
test test_curator_engine_pause_resume ... ok
test test_list_archived_empty_dir ... ok
test test_curator_engine_dry_run ... ok
test test_list_archived ... ok
test test_prune_keeps_archived_skills_below_threshold ... ok
test test_full_archive_lifecycle ... ok
test test_create_backup_and_list ... ok
test test_backup_and_rollback_preserves_skills ... ok
test test_backup_restore_roundtrip ... ok

test result: ok. 18 passed; 0 failed; 0 ignored; 0 measured; 0 filtered out; finished in 0.00s

     Running unittests src/lib.rs (target/debug/deps/operant_gateway-7b78009cf0968362)

running 195 tests
test api_config::tests::collect_warnings_empty_when_fallback_unset ... ok
test api::tests::cron_api_timezone_add_rejects_invalid_timezone_as_bad_request ... ok
test api::tests::cron_api_rejects_announce_delivery_with_unsupported_channel ... ok
test api_config::tests::drift_entry_for_secret_omits_both_values ... ok
test api_config::tests::json_pointer_to_dotted_handles_empty_root ... ok
test api::tests::session_message_post_rejects_unknown_session_without_creating_it ... ok
test api::tests::session_message_post_rejects_empty_content ... ok
test api::tests::cron_api_rejects_announce_delivery_without_target ... ok
test api::tests::cron_api_run_returns_not_found_for_unknown_job ... ok
test api_config::tests::collect_warnings_surfaces_dangling_provider_fallback ... ok
test api_config::tests::compute_drift_returns_empty_when_no_disk_file ... ok
test api_config::tests::json_pointer_to_dotted_handles_pointer_form ... ok
test api_config::tests::json_pointer_to_dotted_passes_dotted_through ... ok
test api_config::tests::map_prop_error_classifies_type_mismatch ... ok
test api_config::tests::map_prop_error_classifies_unknown_property ... ok
test api_config::tests::map_prop_error_falls_back_to_validation_on_unknown_message ... ok
test api::tests::session_message_post_persists_and_broadcasts_to_session ... ok
test api_config::tests::list_entry_for_secret_omits_value_field ... ok
test api_config::tests::secret_response_only_carries_path_and_populated_flag ... ok
test api_config::tests::test_op_coercion_float_typed_value_matches_stored ... ok
test api_onboard::tests::channels_select_initializes_subsection_so_set_prop_works ... ok
test api_config::tests::test_op_coercion_string_field_no_regression ... ok
test api_config::tests::test_op_coercion_bool_typed_value_matches_stored ... ok
test api_config::tests::test_op_coercion_integer_typed_value_matches_stored ... ok
test api_onboard::tests::memory_picker_sources_from_selectable_backends ... ok
test api_config::tests::test_op_coercion_mismatched_value_correctly_fails ... ok
test api_onboard::tests::providers_picker_sources_from_list_providers ... ok
test api_onboard::tests::providers_picker_marks_configured_after_create_map_key ... ok
test api_personality::tests::no_truncation_when_under_limit ... ok
test api_personality::tests::personality_path_ignores_agent_for_now ... ok
test api_personality::tests::personality_path_joins_workspace_root ... ok
test api_personality::tests::validate_filename_accepts_allowlist ... ok
test api_personality::tests::validate_filename_rejects_traversal ... ok
test auth_rate_limit::tests::lockout_after_max_attempts ... ok
test auth_rate_limit::tests::loopback_is_exempt ... ok
test auth_rate_limit::tests::under_limit_is_ok ... ok
test node_tool::tests::node_tool_execute_node_not_connected ... ok
test node_tool::tests::node_tool_metadata ... ok
test node_tool::tests::node_tool_name_format ... ok
test node_tool::tests::node_tool_spec_generation ... ok
test node_tool::tests::node_tool_execute_success ... ok
test api_personality::tests::truncate_at_max_chars ... ok
test node_tool::tests::node_tool_rejects_unapproved_sensitive_operation ... ok
test nodes::tests::extract_node_ws_token_from_header ... ok
test nodes::tests::extract_node_ws_token_from_query ... ok
test nodes::tests::extract_node_ws_token_none_when_empty ... ok
test nodes::tests::gateway_invoke_message_serialize ... ok
test nodes::tests::gateway_message_serialize ... ok
test nodes::tests::node_capability_deserialize ... ok
test nodes::tests::node_message_register_deserialize ... ok
test nodes::tests::node_registry_all_capabilities ... ok
test nodes::tests::node_message_result_deserialize ... ok
test nodes::tests::node_registry_capacity_limit ... ok
test nodes::tests::node_registry_is_empty ... ok
test nodes::tests::node_registry_re_register_same_id ... ok
test nodes::tests::node_registry_register_and_unregister ... ok
test session_queue::tests::parallel_different_sessions ... ok
test session_queue::tests::queue_depth_reports_correctly ... ok
test session_queue::tests::serializes_same_session ... ok
test sse::tests::factory_observer_events_reach_broadcast_hook ... ok
test sse::tests::session_scoped_events_are_not_public_sse_events ... ok
test api_onboard::tests::handle_sections_derives_every_top_level_field_from_schema ... ok
test sse::tests::tool_call_event_is_broadcast_and_buffered ... ok
test sse::tests::tool_call_start_event_is_broadcast ... ok
test sse::tests::unmapped_events_are_skipped ... ok
test tests::app_state_is_clone ... ok
test tests::client_key_defaults_to_peer_addr_when_untrusted_proxy_mode ... ok
test tests::client_key_falls_back_to_peer_when_forwarded_header_invalid ... ok
test tests::client_key_uses_forwarded_ip_only_in_trusted_proxy_mode ... ok
test tests::gateway_rate_limiter_blocks_after_limit ... ok
test tests::gateway_rate_limiter_pair_and_webhook_are_independent ... ok
test tests::gateway_timeout_falls_back_to_default ... ok
test tests::idempotency_store_allows_different_keys ... ok
test api_config::tests::scrub_credentials_catches_credential_shaped_strings ... ok
test api_onboard::tests::tunnel_picker_includes_synthetic_none ... ok
test api_onboard::tests::channels_picker_walks_schema_via_init_defaults ... ok
test api_onboard::tests::channels_picker_marks_configured_after_init_defaults ... ok
test tests::idempotency_store_max_keys_clamped_to_one ... ok
test tests::idempotency_store_rapid_duplicate_rejected ... ok
test tests::idempotency_store_rejects_duplicate_key ... ok
test tests::is_needs_onboarding_err_detects_marker_from_helper ... ok
test tests::is_needs_onboarding_err_detects_via_substring ... ok
test tests::is_needs_onboarding_err_ignores_unrelated_errors ... ok
test tests::long_running_request_timeout_default_is_ten_minutes ... ok
test tests::long_running_request_timeout_falls_back_to_default ... ok
test tests::metrics_endpoint_returns_hint_when_prometheus_is_disabled ... ok
test tests::needs_onboarding_for_flags_empty_model ... ok
test tests::needs_onboarding_for_flags_whitespace_only_model ... ok
test tests::needs_onboarding_for_passes_real_model ... ok
test tests::nextcloud_talk_webhook_rejects_invalid_signature ... ok
test tests::idempotency_store_eviction_preserves_newest ... ok
test tests::needs_onboarding_channel_reply_resolves_via_fluent ... ok
test tests::normalize_max_keys_preserves_nonzero_values ... ok
test tests::normalize_max_keys_uses_fallback_for_zero ... ok
test tests::paircode_recovery_command_includes_alternate_port ... ok
test tests::paircode_recovery_command_includes_specific_host_when_needed ... ok
test tests::nextcloud_talk_webhook_returns_not_found_when_not_configured ... ok
test tests::paircode_recovery_curl_preserves_path_prefix ... ok
test tests::nextcloud_talk_webhook_returns_before_llm_call_completes ... ok
test tests::paircode_recovery_curl_targets_running_instance ... ok
test tests::idempotency_store_bounded_cardinality_evicts_oldest_key ... ok
test tests::rate_limiter_bounded_cardinality_evicts_oldest_key ... ok
test tests::rate_limiter_exact_boundary_at_max_keys ... ok
test tests::rate_limiter_independent_keys_tracked_separately ... ok
test api::tests::cron_api_timezone_add_persists_explicit_timezone ... ok
test tests::rate_limiter_single_key_max_allows_one_request ... ok
test tests::rate_limiter_sweep_removes_stale_entries ... ok
test api::tests::cron_api_timezone_patch_rejects_invalid_timezone_as_bad_request ... ok
test tests::rate_limiter_zero_limit_always_allows ... ok
test api::tests::cron_api_accepts_agent_jobs ... ok
test tests::require_localhost_accepts_ipv4_loopback ... ok
test tests::require_localhost_accepts_ipv6_loopback ... ok
test tests::rate_limiter_concurrent_access_safe ... ok
test tests::require_localhost_rejects_non_loopback_ipv4 ... ok
test api::tests::cron_api_shell_roundtrip_includes_delivery ... ok
test tests::require_localhost_rejects_non_loopback_ipv6 ... ok
test tests::security_body_limit_is_64kb ... ok
test tests::security_timeout_default_is_30_seconds ... ok
test tests::webhook_body_requires_message_field ... ok
test tests::webhook_memory_key_is_unique ... ok
test tests::webhook_secret_hash_is_deterministic_and_nonempty ... ok
test tests::webhook_autosave_stores_distinct_keys_per_request ... ok
test tests::webhook_idempotency_skips_duplicate_provider_calls ... ok
test tests::webhook_session_id_accepts_valid ... ok
test tests::webhook_secret_hash_accepts_valid_header ... ok
test tests::webhook_session_id_rejects_empty ... ok
test tests::webhook_secret_hash_rejects_invalid_header ... ok
test tests::webhook_session_id_rejects_invalid_chars ... ok
test tests::webhook_session_id_rejects_missing ... ok
test tests::webhook_session_id_rejects_oversized ... ok
test tests::webhook_session_id_trims_whitespace ... ok
test tests::webhook_secret_hash_rejects_missing_header ... ok
test tests::whatsapp_memory_key_includes_sender_and_message_id ... ok
test tests::whatsapp_query_fields_are_optional ... ok
test session_queue::tests::idle_eviction ... ok
test tests::idempotency_store_accepts_after_ttl_expires ... ok
test tests::whatsapp_signature_empty_header ... ok
test tests::whatsapp_signature_empty_body ... ok
test tests::whatsapp_signature_case_sensitive_prefix ... ok
test tests::whatsapp_signature_invalid_hex ... ok
test tests::whatsapp_signature_extra_bytes ... ok
test tests::whatsapp_signature_invalid_wrong_secret ... ok
test tests::whatsapp_signature_missing_prefix ... ok
test tests::whatsapp_signature_invalid_wrong_body ... ok
test tests::whatsapp_signature_json_payload ... ok
test tests::whatsapp_signature_truncated_hex ... ok
test tests::whatsapp_signature_valid ... ok
test tests::whatsapp_signature_unicode_body ... ok
test tls::tests::test_client_auth_config_defaults ... ok
test tls::tests::test_config_defaults_deserialization ... ok
test tls::tests::test_empty_cert_file_produces_error ... ok
test tls::tests::test_cert_fingerprint_matching ... ok
test tls::tests::test_invalid_cert_path_produces_clear_error ... ok
test tls::tests::test_invalid_key_path_produces_clear_error ... ok
test tls::tests::test_build_server_config_with_pinning ... ok
test tls::tests::test_build_server_config_client_auth_optional ... ok
test tls::tests::test_build_server_config_with_client_auth ... ok
test tls::tests::test_build_server_config_no_client_auth ... ok
test tls::tests::test_fingerprint_differs_for_different_certs ... ok
test ws::tests::extract_ws_token_from_authorization_header ... ok
test tls::tests::test_disabled_client_auth_skipped ... ok
test ws::tests::extract_ws_token_from_query_param ... ok
test ws::tests::extract_ws_token_from_subprotocol ... ok
test ws::tests::extract_ws_token_precedence_header_over_subprotocol ... ok
test ws::tests::extract_ws_token_precedence_subprotocol_over_query ... ok
test ws::tests::extract_ws_token_returns_none_when_empty ... ok
test ws::tests::extract_ws_token_skips_empty_header_value ... ok
test ws::tests::extract_ws_token_skips_empty_query_param ... ok
test ws::tests::extract_ws_token_subprotocol_with_multiple_entries ... ok
test tls::tests::test_load_valid_cert_and_key ... ok
test ws::tests::mid_turn_client_msg_breaks_on_stream_end_close_or_err ... ok
test ws::tests::resolve_session_cwd_rejects_missing_directory ... ok
test ws::tests::resolve_session_cwd_uses_default_workspace_without_request ... ok
test ws::tests::session_scoped_events_only_match_their_session ... ok
test ws::tests::needs_onboarding_ws_error_points_to_onboard ... ok
test ws::tests::needs_onboarding_ws_error_uses_current_configured_model ... ok
test ws::tests::resolve_session_cwd_uses_requested_cwd ... ok
test ws::tests::mid_turn_disconnect_cancel_unblocks_joined_turn ... ok
test api_config::tests::compute_drift_returns_empty_when_in_memory_matches_disk ... ok
test api_config::tests::compute_drift_surfaces_mismatched_non_secret_field ... ok
test api::tests::cron_api_timezone_patch_sets_timezone_without_schedule_change ... ok
test api_config::tests::compute_drift_detects_external_edit_to_field ... ok
test api::tests::cron_api_timezone_patch_clears_timezone_with_explicit_signal ... ok
test api::tests::cron_api_run_executes_shell_job_and_records_run ... ok
test api::tests::cron_api_timezone_patch_replaces_timezone_when_provided ... ok
test api::tests::cron_api_timezone_patch_schedule_preserves_existing_timezone ... ok
test api_config::tests::apply_comments_writes_decoration_to_existing_value ... ok
test tests::idempotency_store_concurrent_access_safe ... ok
test api_config::tests::apply_comments_clears_existing_comment_when_passed_empty ... ok
test tests::persist_pairing_tokens_writes_config_tokens ... ok
test api::tests::session_message_post_waits_for_session_queue_before_append ... ok
test session_queue::tests::queue_depth_limit ... ok
test tests::rate_limiter_allows_after_window_expires ... ok
test tests::rate_limiter_rapid_burst_then_cooldown ... ok
test session_queue::tests::timeout_returns_error ... ok

test result: ok. 195 passed; 0 failed; 0 ignored; 0 measured; 0 filtered out; finished in 1.03s

     Running unittests src/lib.rs (target/debug/deps/operant_hardware-10608e77236b3d37)

running 81 tests
test device::tests::alias_prefix_arduino ... ok
test device::tests::alias_prefix_esp ... ok
test device::tests::alias_prefix_nucleo ... ok
test device::tests::alias_prefix_pico_variants ... ok
test device::tests::alias_prefix_rpi ... ok
test device::tests::alias_prefix_unknown ... ok
test device::tests::device_capabilities_default_all_false ... ok
test device::tests::device_kind_display ... ok
test device::tests::device_kind_from_vid_known ... ok
test device::tests::device_kind_from_vid_unknown ... ok
test device::tests::device_port_none_without_path ... ok
test device::tests::device_port_returns_device_path ... ok
test device::tests::register_sets_kind_from_vid ... ok
test device::tests::registry_aliases_returns_all ... ok
test device::tests::registry_all_returns_every_device ... ok
test device::tests::registry_assigns_sequential_aliases ... ok
test device::tests::registry_context_none_without_transport ... ok
test device::tests::registry_default_is_empty ... ok
test device::tests::registry_get_device_by_alias ... ok
test device::tests::registry_get_is_alias_for_get_device ... ok
test device::tests::registry_prompt_summary_empty ... ok
test device::tests::registry_summary_empty_when_no_devices ... ok
test device::tests::registry_prompt_summary_with_devices ... ok
test device::tests::registry_summary_one_liner_per_device ... ok
test device::tests::registry_unknown_alias_returns_none ... ok
test gpio::tests::gpio_read_spec_is_valid ... ok
test gpio::tests::gpio_tools_factory_returns_two ... ok
test gpio::tests::gpio_read_missing_params ... ok
test gpio::tests::gpio_read_success ... ok
test gpio::tests::gpio_read_device_error ... ok
test gpio::tests::gpio_read_low ... ok
test gpio::tests::gpio_read_transport_disconnected ... ok
test gpio::tests::gpio_write_device_error ... ok
test gpio::tests::gpio_write_spec_is_valid ... ok
test gpio::tests::gpio_write_invalid_value ... ok
test gpio::tests::gpio_write_success ... ok
test gpio::tests::gpio_write_missing_params ... ok
test gpio::tests::gpio_write_low ... ok
test gpio::tests::gpio_write_transport_disconnected ... ok
test gpio::tests::gpio_write_unknown_device ... ok
test loader::tests::plugin_tools_dir_returns_path_ending_in_operant_tools ... ok
test loader::tests::load_one_plugin_fails_on_parse_error ... ok
test peripherals::tests::list_configured_boards_when_disabled_returns_empty ... ok
test peripherals::tests::list_configured_boards_when_enabled_but_no_boards ... ok
test manifest::tests::manifest_empty_parameters_default_to_empty_vec ... ok
test peripherals::tests::create_peripheral_tools_returns_empty_when_disabled ... ok
test manifest::tests::manifest_parses_minimal_toml ... ok
test loader::tests::load_one_plugin_fails_on_missing_name ... ok
test loader::tests::load_one_plugin_succeeds_for_valid_manifest ... ok
test peripherals::tests::list_configured_boards_when_enabled_with_boards ... ok
test protocol::tests::zc_command_serialization_roundtrip ... ok
test protocol::tests::zc_command_simple_has_empty_params ... ok
test loader::tests::scan_plugin_dir_skips_broken_manifests_without_panicking ... ok
test manifest::tests::manifest_parses_full_toml_with_transport_and_defaults ... [registry] loaded built-in: gpio_write
ok
[registry] loaded built-in: gpio_write
[registry] loaded built-in: gpio_write
[registry] loaded built-in: gpio_read
[registry] loaded built-in: gpio_read
[registry] loaded built-in: gpio_read
test protocol::tests::zc_command_wire_format_matches_spec ... [registry] scanning ~/.operant/tools...
[registry] scanning ~/.operant/tools...
[registry] scanning ~/.operant/tools...
[registry] loaded built-in: gpio_write
[registry] loaded built-in: gpio_read
ok
[registry] loaded built-in: gpio_write
[registry] 2 tools available
[registry] 2 tools available
[registry] loaded built-in: gpio_read
[registry] 2 tools available
[registry] scanning ~/.operant/tools...
[registry] scanning ~/.operant/tools...
test protocol::tests::zc_response_error_roundtrip ... ok
[registry] 2 tools available
[registry] 2 tools available
test protocol::tests::zc_response_from_firmware_json ... ok
test registry::tests::lookup_unknown_returns_none ... ok
test subprocess::tests::execute_timeout_kills_process_and_returns_error ... ignored, slow: waits SUBPROCESS_TIMEOUT_SECS (~10 s) to elapse — run manually
test protocol::tests::zc_response_missing_optional_fields ... ok
test protocol::tests::zc_response_success_roundtrip ... ok
test registry::tests::known_boards_not_empty ... ok
test registry::tests::lookup_nucleo_f401re ... ok
test subprocess::tests::schema_parameterless_tool_has_empty_required ... ok
test subprocess::tests::name_and_description_come_from_manifest ... ok
test subprocess::tests::schema_reflects_parameter_definitions ... ok
test tests::empty_dir_returns_empty_string ... ok
test tests::device_profile_loaded_for_matching_alias ... ok
test tests::device_profile_skipped_for_non_matching_alias ... ok
test tests::hardware_md_only_returns_its_content ... ok
test tests::skills_loaded_and_sorted ... ok
test tool_registry::tests::tool_error_display ... ok
test tool_registry::tests::list_returns_sorted_tool_names ... ok
test tool_registry::tests::load_registers_builtin_gpio_tools ... ok
test tool_registry::tests::dispatch_unknown_tool_returns_error ... ok
test transport::tests::transport_error_display ... ok
test transport::tests::transport_kind_display ... ok
test transport::tests::transport_kind_equality ... ok
test tool_registry::tests::schemas_returns_valid_json_schema_array ... ok
test tool_registry::tests::schemas_are_sorted_by_name ... ok
test subprocess::tests::execute_successful_subprocess ... ok

test result: ok. 80 passed; 0 failed; 1 ignored; 0 measured; 0 filtered out; finished in 0.00s

     Running unittests src/lib.rs (target/debug/deps/operant_infra-ede18dd86d87c82c)

running 64 tests
test session_backend::tests::session_metadata_is_constructible ... ok
test session_backend::tests::session_query_defaults ... ok
test debounce::tests::passthrough_when_disabled ... ok
test session_sqlite::tests::get_session_metadata_returns_none_for_missing ... ok
test session_sqlite::tests::clear_messages_empty_returns_zero ... ok
test session_sqlite::tests::clear_messages_then_append_works ... ok
test session_sqlite::tests::cleanup_stale_removes_old_sessions ... ok
test session_sqlite::tests::get_session_metadata_matches_list ... ok
test session_sqlite::tests::clear_messages_does_not_affect_other_sessions ... ok
test session_sqlite::tests::clear_messages_removes_rows_keeps_metadata ... ok
test session_sqlite::tests::round_trip_sqlite ... ok
test session_sqlite::tests::session_state_idle_to_running ... ok
test session_store::tests::append_is_truly_append_only ... ok
test session_store::tests::clear_messages_does_not_affect_other_sessions ... ok
test session_store::tests::clear_messages_empty_returns_zero ... ok
test session_store::tests::clear_messages_then_append_works ... ok
test session_store::tests::clear_messages_truncates_file ... ok
test session_store::tests::compact_removes_corrupt_lines ... ok
test session_store::tests::delete_session_nonexistent_returns_false ... ok
test session_store::tests::delete_session_removes_jsonl_file ... ok
test session_store::tests::delete_session_via_trait ... ok
test session_store::tests::get_session_metadata_returns_correct_count ... ok
test session_store::tests::get_session_metadata_returns_none_for_missing ... ok
test session_store::tests::handles_corrupt_lines_gracefully ... ok
test session_store::tests::key_sanitization ... ok
test session_store::tests::list_sessions_returns_keys ... ok
test session_store::tests::load_nonexistent_session_returns_empty ... ok
test session_store::tests::remove_last_drops_final_message ... ok
test session_store::tests::remove_last_empty_returns_false ... ok
test session_store::tests::restart_simulation_matches_when_caller_pre_sanitizes ... ok
test session_store::tests::round_trip_append_and_load ... ok
test session_store::tests::sanitize_session_key_is_idempotent ... ok
test session_store::tests::session_backend_trait_works_via_dyn ... ok
test session_sqlite::tests::session_state_migration_preserves_data ... ok
test stall_watchdog::tests::is_stalled_after_timeout ... ok
test debounce::tests::single_message_fires_after_window ... ok
test debounce::tests::different_senders_independent ... ok
test stall_watchdog::tests::touch_prevents_stall ... ok
test tests::make_session_backend_jsonl_round_trips_through_session_store ... ok
test session_sqlite::tests::get_session_state_nonexistent ... ok
test session_sqlite::tests::list_sessions_sqlite ... ok
test session_sqlite::tests::delete_session_returns_false_for_missing ... ok
test session_sqlite::tests::migrate_from_jsonl_imports_and_renames ... ok
test session_sqlite::tests::set_session_name_persists ... ok
test session_sqlite::tests::get_session_metadata_returns_full_metadata ... ok
test session_sqlite::tests::session_state_running_to_error ... ok
test session_sqlite::tests::session_state_running_to_idle ... ok
test session_sqlite::tests::metadata_tracks_counts ... ok
test session_sqlite::tests::remove_last_empty_sqlite ... ok
test session_sqlite::tests::empty_name_clears_to_none ... ok
test session_sqlite::tests::sessions_without_name_return_none ... ok
test session_sqlite::tests::list_running_sessions_returns_running_only ... ok
test session_sqlite::tests::delete_session_removes_all_data ... ok
test session_sqlite::tests::remove_last_sqlite ... ok
test session_sqlite::tests::fts5_update_trigger_syncs_index ... ok
test session_sqlite::tests::list_stuck_sessions_detects_old_running ... ok
test session_sqlite::tests::set_session_name_updates_existing ... ok
test session_sqlite::tests::fts5_search_finds_content ... ok
test tests::make_session_backend_unknown_value_falls_back_to_sqlite ... ok
test tests::make_session_backend_sqlite_round_trips_through_sqlite_db ... ok
test tests::make_session_backend_sqlite_imports_legacy_jsonl_on_first_open ... ok
test debounce::tests::multiple_messages_concatenated ... ok
test stall_watchdog::tests::callback_fires_on_stall ... ok
test stall_watchdog::tests::stop_prevents_callback ... ok

test result: ok. 64 passed; 0 failed; 0 ignored; 0 measured; 0 filtered out; finished in 2.04s

     Running unittests src/lib.rs (target/debug/deps/operant_macros-9656911fd9c74c59)

running 6 tests
test tests::derive_category_from_prefix ... ok
test tests::snake_to_kebab_converts_underscores ... ok
test tests::has_serde_skip_no_serde_attr ... ok
test tests::has_serde_skip_with_other_attrs ... ok
test tests::has_serde_skip_detects_skip ... ok
test tests::has_serde_skip_ignores_other_serde_attrs ... ok

test result: ok. 6 passed; 0 failed; 0 ignored; 0 measured; 0 filtered out; finished in 0.00s

     Running unittests src/lib.rs (target/debug/deps/operant_memory-6d4ce42342f3b168)

running 291 tests
test backend::tests::classify_known_backends ... ok
test backend::tests::classify_unknown_backend ... ok
test backend::tests::postgres_profile_is_optional_non_sqlite_backend ... ok
test backend::tests::lucid_profile_is_sqlite_based_optional_backend ... ok
test backend::tests::selectable_backends_are_ordered_for_onboarding ... ok
test backend::tests::unknown_profile_preserves_extensibility_defaults ... ok
test chunker::tests::empty_text ... ok
test chunker::tests::chunk_count_reasonable ... ok
test chunker::tests::deeply_nested_headings_ignored ... ok
test chunker::tests::fts5_special_chars_in_content ... ok
test chunker::tests::heading_at_end_of_text ... ok
test chunker::tests::heading_sections ... ok
test chunker::tests::headings_only_no_body ... ok
test chunker::tests::indexes_are_sequential ... ok
test chunker::tests::max_tokens_one ... ok
test chunker::tests::max_tokens_zero ... ok
test chunker::tests::multiple_blank_lines_between_paragraphs ... ok
test chunker::tests::no_content_loss ... ok
test chunker::tests::only_newlines_and_whitespace ... ok
test chunker::tests::single_heading_no_content ... ok
test chunker::tests::single_short_paragraph ... ok
test chunker::tests::unicode_content ... ok
test chunker::tests::preserves_heading_in_split_sections ... ok
test chunker::tests::respects_max_tokens ... ok
test conflict::tests::jaccard_disjoint_strings ... ok
test conflict::tests::jaccard_empty_strings ... ok
test conflict::tests::find_text_conflicts_filters_correctly ... ok
test conflict::tests::jaccard_identical_strings ... ok
test conflict::tests::jaccard_partial_overlap ... ok
test chunker::tests::very_long_single_line_no_newlines ... ok
test consolidation::tests::fallback_truncates_cjk_text_without_panic ... ok
test consolidation::tests::fallback_on_malformed_response ... ok
test consolidation::tests::fallback_truncates_long_text ... ok
test consolidation::tests::parse_json_with_null_memory ... ok
test consolidation::tests::parse_json_wrapped_in_code_block ... ok
test consolidation::tests::parse_valid_json_response ... ok
test decay::tests::core_memories_are_never_decayed ... ok
test decay::tests::no_score_entry_is_unchanged ... ok
test decay::tests::one_half_life_halves_score ... ok
test decay::tests::recent_entry_score_barely_changes ... ok
test decay::tests::two_half_lives_quarters_score ... ok
test decay::tests::unparseable_timestamp_is_unchanged ... ok
test embeddings::tests::embeddings_url_custom_full_endpoint ... ok
test embeddings::tests::embeddings_url_non_v1_api_path_uses_raw_suffix ... ok
test embeddings::tests::embeddings_url_base_with_v1_no_duplicate ... ok
test embeddings::tests::embeddings_url_openrouter ... ok
test embeddings::tests::factory_custom_empty_url ... ok
test embeddings::tests::embeddings_url_standard_openai ... ok
test embeddings::tests::factory_custom_url ... ok
test embeddings::tests::factory_empty_string_returns_noop ... ok
test embeddings::tests::factory_none ... ok
test embeddings::tests::factory_openai ... ok
test embeddings::tests::factory_openai_no_api_key ... ok
test embeddings::tests::factory_openrouter ... ok
test embeddings::tests::factory_unknown_provider_returns_noop ... ok
test embeddings::tests::noop_embed_empty_batch ... ok
test embeddings::tests::noop_embed_multiple_texts ... ok
test embeddings::tests::noop_embed_one_returns_error ... ok
test embeddings::tests::noop_name ... ok
test embeddings::tests::noop_embed_returns_empty ... ok
test embeddings::tests::openai_trailing_slash_stripped ... ok
test embeddings::tests::openai_dimensions_custom ... ok
test audit::tests::audited_memory_delegates_correctly ... ok
test importance::tests::boost_capped_at_point_two ... ok
test importance::tests::keywords_boost_importance ... ok
test importance::tests::conversation_category_has_low_base_score ... ok
test hygiene::tests::archives_old_session_files ... ok
test audit::tests::audited_memory_logs_store_operation ... ok
test hygiene::tests::archives_old_daily_memory_files ... ok
test hygiene::tests::purges_old_memory_archives ... ok
test importance::tests::weighted_final_score_formula ... ok
test hygiene::tests::skips_second_run_within_cadence_window ... ok
test audit::tests::audited_memory_logs_recall_operation ... ok
test knowledge_graph::tests::node_type_roundtrip ... ok
test audit::tests::audited_memory_prune_works ... ok
test knowledge_graph::tests::relation_roundtrip ... ok
test importance::tests::core_category_has_high_base_score ... ok
test markdown::tests::markdown_empty_count ... ok
test markdown::tests::markdown_empty_recall ... ok
test markdown::tests::markdown_forget_is_noop ... ok
test markdown::tests::markdown_health_check ... ok
test markdown::tests::markdown_name ... ok
test markdown::tests::markdown_count ... ok
test markdown::tests::markdown_list_by_category ... ok
test markdown::tests::markdown_recall_keyword ... ok
test namespaced::tests::namespaced_memory_delegates_correctly ... ok
test markdown::tests::markdown_recall_no_match ... ok
test namespaced::tests::namespaced_memory_enforces_namespace_on_store ... ok
test namespaced::tests::namespaced_memory_prevents_cross_namespace_access ... ok
test markdown::tests::markdown_store_daily ... ok
test markdown::tests::markdown_store_core ... ok
test none::tests::none_memory_is_noop ... ok
test policy::tests::category_quota_enforced ... ok
test policy::tests::default_policy_allows_everything ... ok
test policy::tests::namespace_quota_enforced ... ok
test policy::tests::per_category_retention_overrides_default ... ok
test policy::tests::read_only_namespace_blocks_writes ... ok
test markdown::tests::markdown_recall_star_query_returns_recent_entries ... ok
test qdrant::tests::category_to_str_maps_known_categories ... ok
test qdrant::tests::memory_payload_serializes_correctly ... ok
test qdrant::tests::parse_category_maps_known_and_custom_values ... ok
test qdrant::tests::memory_payload_skips_none_session_id ... ok
test response_cache::tests::cache_key_deterministic ... ok
test response_cache::tests::cache_key_varies_by_model ... ok
test response_cache::tests::cache_key_varies_by_prompt ... ok
test response_cache::tests::cache_key_varies_by_system_prompt ... ok
test response_cache::tests::expired_entry_returns_none ... ok
test response_cache::tests::cache_handles_zero_max_entries ... ok
test response_cache::tests::hit_count_incremented ... ok
test response_cache::tests::cache_concurrent_reads_no_panic ... ok
test response_cache::tests::lru_eviction ... ok
test response_cache::tests::clear_wipes_all ... ok
test response_cache::tests::miss_returns_none ... ok
test response_cache::tests::lru_eviction_keeps_most_recent ... ok
test retrieval::tests::cache_key_includes_all_params ... ok
test response_cache::tests::overwrite_same_key ... ok
test response_cache::tests::stats_empty_cache ... ok
test retrieval::tests::pipeline_cache_invalidation ... ok
test retrieval::tests::pipeline_caches_results ... ok
test retrieval::tests::pipeline_returns_empty_from_none_backend ... ok
test snapshot::tests::export_no_db_returns_zero ... ok
test snapshot::tests::hydrate_no_snapshot_returns_zero ... ok
test snapshot::tests::parse_snapshot_empty ... ok
test snapshot::tests::parse_snapshot_basic ... ok
test response_cache::tests::put_and_get ... ok
test snapshot::tests::parse_snapshot_multiline_content ... ok
test sqlite::tests::category_roundtrip_custom_with_spaces ... ok
test sqlite::tests::category_roundtrip_empty_custom ... ok
test sqlite::tests::content_hash_deterministic ... ok
test sqlite::tests::content_hash_different_inputs ... ok
test sqlite::tests::content_hash_empty_string ... ok
test sqlite::tests::content_hash_unicode ... ok
test response_cache::tests::tokens_saved_calculated ... ok
test knowledge_graph::tests::get_node_missing_returns_none ... ok
test knowledge_graph::tests::max_nodes_limit_enforced ... ok
test knowledge_graph::tests::add_node_returns_unique_id ... ok
test response_cache::tests::unicode_prompt_handling ... ok
test knowledge_graph::tests::get_node_returns_stored_data ... ok
test snapshot::tests::should_hydrate_only_when_needed ... ok
test knowledge_graph::tests::add_edge_rejects_missing_node ... ok
test knowledge_graph::tests::add_edge_creates_relationship ... ok
test knowledge_graph::tests::expert_ranking_by_authored_contributions ... ok
test knowledge_graph::tests::stats_reports_correct_counts ... ok
test knowledge_graph::tests::query_by_tags_filters_correctly ... ok
test knowledge_graph::tests::query_by_similarity_returns_ranked_results ... ok
test knowledge_graph::tests::subgraph_traversal_collects_connected_nodes ... ok
test snapshot::tests::export_and_hydrate_roundtrip ... ok
test lucid::tests::lucid_name ... ok
test lucid::tests::failure_cooldown_avoids_repeated_lucid_calls ... ok
test lucid::tests::recall_skips_lucid_when_local_hits_are_enough ... ok
test lucid::tests::store_succeeds_when_lucid_missing ... ok
test lucid::tests::recall_merges_lucid_and_local_results ... ok
test sqlite::tests::content_hash_long_input ... ok
test sqlite::tests::cross_session_recall_isolation ... ok
test sqlite::tests::export_empty_database_returns_empty_vec ... ok
test sqlite::tests::export_no_filter_returns_all_entries ... ok
test sqlite::tests::export_preserves_field_integrity ... ok
test sqlite::tests::export_with_category_filter ... ok
test sqlite::tests::export_with_combined_filters ... ok
test sqlite::tests::export_ordering_is_chronological ... ok
test sqlite::tests::export_with_namespace_filter ... ok
test sqlite::tests::export_with_session_id_filter ... ok
test sqlite::tests::export_with_time_range ... ok
test sqlite::tests::forget_and_re_store_same_key ... ok
test sqlite::tests::forget_then_recall_no_ghost_results ... ok
test sqlite::tests::fts5_bm25_ranking ... ok
test sqlite::tests::fts5_multi_word_query ... ok
test sqlite::tests::fts5_syncs_on_delete ... ok
test sqlite::tests::fts5_syncs_on_insert ... ok
test hygiene::tests::prunes_old_conversation_rows_in_sqlite_backend ... ok
test sqlite::tests::fts5_syncs_on_update ... ok
test sqlite::tests::list_custom_category ... ok
test sqlite::tests::list_empty_db ... ok
test sqlite::tests::list_with_session_filter ... ok
test sqlite::tests::open_with_timeout_store_recall_unchanged ... ok
test sqlite::tests::open_with_timeout_succeeds_when_fast ... ok
test sqlite::tests::recall_empty_query_returns_recent_entries ... ok
test sqlite::tests::recall_limit_one ... ok
test sqlite::tests::recall_limit_zero ... ok
test sqlite::tests::recall_matches_by_key_not_just_content ... ok
test sqlite::tests::recall_no_session_filter_returns_all ... ok
test sqlite::tests::recall_prefix_wildcard_like_fallback_keeps_token_prefix ... ok
test sqlite::tests::recall_prefix_wildcard_like_fallback_overfetches_filtered_rows ... ok
test sqlite::tests::recall_results_have_scores ... ok
test sqlite::tests::recall_respects_limit ... ok
test sqlite::tests::recall_single_character_query ... ok
test sqlite::tests::recall_star_query_returns_recent_entries ... ok
test sqlite::tests::recall_unicode_query ... ok
test sqlite::tests::recall_whitespace_query_returns_recent_entries ... ok
test sqlite::tests::recall_with_asterisk_in_query ... ok
test sqlite::tests::recall_with_parentheses_in_query ... ok
test sqlite::tests::recall_with_quotes_in_query ... ok
test sqlite::tests::recall_with_sql_injection_attempt ... ok
test sqlite::tests::reindex_empty_db ... ok
test sqlite::tests::reindex_rebuilds_fts ... ok
test sqlite::tests::reindex_twice_is_safe ... ok
test sqlite::tests::migrates_legacy_session_ids_to_sanitized_form ... ok
test sqlite::tests::schema_has_embedding_cache ... ok
test sqlite::tests::schema_has_fts5_table ... ok
test sqlite::tests::schema_memories_has_embedding_column ... ok
test sqlite::tests::schema_migration_tolerates_concurrent_initialization ... ok
test sqlite::tests::schema_triple_open ... ok
test sqlite::tests::search_mode_hybrid_default ... ok
test sqlite::tests::sqlite_category_roundtrip ... ok
test sqlite::tests::sqlite_concurrent_read_write_no_panic ... ok
test sqlite::tests::sqlite_concurrent_writes_no_data_loss ... ok
test sqlite::tests::sqlite_count_empty ... ok
test sqlite::tests::sqlite_forget ... ok
test sqlite::tests::sqlite_forget_nonexistent ... ok
test sqlite::tests::sqlite_get_nonexistent ... ok
test sqlite::tests::sqlite_health ... ok
test sqlite::tests::sqlite_list_all ... ok
test lucid::tests::recall_handles_lucid_cold_start_delay_within_timeout ... ok
test sqlite::tests::sqlite_list_by_category ... ok
test sqlite::tests::sqlite_name ... ok
test sqlite::tests::sqlite_purge_namespace_empty_namespace_is_noop ... ok
test sqlite::tests::schema_idempotent_reopen ... ok
test sqlite::tests::sqlite_purge_namespace_preserves_other_namespaces ... ok
test sqlite::tests::schema_migration_idempotent_on_reopen ... ok
test sqlite::tests::sqlite_purge_namespace_removes_all_matching_entries ... ok
test sqlite::tests::search_mode_bm25_only ... ok
test tests::assistant_autosave_key_detection_matches_legacy_patterns ... ok
test tests::autosave_content_filter_drops_cron_and_distilled_noise ... ok
test tests::effective_backend_name_prefers_storage_override ... ok
test sqlite::tests::search_mode_embedding_only ... ok
test tests::factory_markdown ... ok
test tests::factory_none_uses_noop_memory ... ok
test tests::factory_postgres_without_feature_gives_clear_error ... ok
test sqlite::tests::sqlite_purge_namespace_returns_count ... ok
test tests::factory_unknown_falls_back_to_markdown ... ok
test sqlite::tests::sqlite_purge_session_empty_session_is_noop ... ok
test tests::migration_factory_none_is_rejected ... ok
test tests::resolve_embedding_config_falls_back_when_hint_is_missing ... ok
test tests::resolve_embedding_config_falls_back_when_route_is_invalid ... ok
test tests::resolve_embedding_config_uses_base_config_when_model_is_not_hint ... ok
test tests::resolve_embedding_config_uses_embedding_provider_env_key_not_default_provider_key ... ok
test tests::resolve_embedding_config_uses_matching_route_with_api_key_override ... ok
test tests::user_autosave_key_detection_matches_per_turn_patterns ... ok
test vector::tests::bytes_to_vec_non_aligned_truncates ... ok
test vector::tests::bytes_to_vec_three_bytes_returns_empty ... ok
test vector::tests::cosine_both_zero_vectors ... ok
test vector::tests::cosine_empty_returns_zero ... ok
test vector::tests::cosine_high_dimensional ... ok
test vector::tests::cosine_identical_vectors ... ok
test vector::tests::cosine_infinity_returns_zero_or_finite ... ok
test vector::tests::cosine_mismatched_lengths ... ok
test vector::tests::cosine_nan_returns_zero ... ok
test vector::tests::cosine_negative_values ... ok
test vector::tests::cosine_opposite_vectors_clamped ... ok
test vector::tests::cosine_orthogonal_vectors ... ok
test vector::tests::cosine_similar_vectors ... ok
test vector::tests::cosine_single_element ... ok
test vector::tests::cosine_zero_vector ... ok
test vector::tests::hybrid_merge_deduplicates ... ok
test vector::tests::hybrid_merge_duplicate_ids_in_same_source ... ok
test vector::tests::hybrid_merge_empty_inputs ... ok
test vector::tests::hybrid_merge_keyword_only ... ok
test vector::tests::hybrid_merge_large_bm25_normalization ... ok
test sqlite::tests::session_id_migration_leaves_null_rows_untouched ... ok
test vector::tests::hybrid_merge_limit_zero ... ok
test vector::tests::hybrid_merge_negative_keyword_scores ... ok
test vector::tests::hybrid_merge_single_item ... ok
test vector::tests::hybrid_merge_respects_limit ... ok
test vector::tests::hybrid_merge_vector_only ... ok
test vector::tests::hybrid_merge_zero_weights ... ok
test vector::tests::vec_bytes_empty ... ok
test vector::tests::vec_bytes_roundtrip ... ok
test vector::tests::vec_bytes_roundtrip_nan_preserves_bits ... ok
test vector::tests::vec_bytes_roundtrip_special_values ... ok
test sqlite::tests::sqlite_purge_session_preserves_other_sessions ... ok
test sqlite::tests::sqlite_purge_session_removes_all_matching_entries ... ok
test sqlite::tests::sqlite_purge_session_returns_count ... ok
test sqlite::tests::sqlite_db_persists ... ok
test sqlite::tests::sqlite_recall_keyword ... ok
test sqlite::tests::sqlite_recall_multi_keyword ... ok
test sqlite::tests::sqlite_recall_no_match ... ok
test sqlite::tests::sqlite_reindex_idempotent ... ok
test sqlite::tests::sqlite_reindex_preserves_data ... ok
test sqlite::tests::sqlite_store_and_get ... ok
test sqlite::tests::sqlite_store_upsert ... ok
test sqlite::tests::store_and_recall_with_session_id ... ok
test sqlite::tests::store_content_with_newlines_and_tabs ... ok
test sqlite::tests::store_empty_content ... ok
test sqlite::tests::store_empty_key ... ok
test sqlite::tests::store_unicode_and_emoji ... ok
test sqlite::tests::store_very_long_content ... ok
test sqlite::tests::with_embedder_noop ... ok
test tests::factory_lucid ... ok
test tests::factory_sqlite ... ok
test tests::migration_factory_lucid ... ok
test sqlite::tests::session_id_migration_is_idempotent ... ok

test result: ok. 291 passed; 0 failed; 0 ignored; 0 measured; 0 filtered out; finished in 0.34s

     Running unittests src/lib.rs (target/debug/deps/operant_plugins-69d857caaa095ff9)

running 39 tests
SKIP: image_gen_fal.wasm not found (build the plugin first)
test host::tests::test_empty_plugin_dir ... ok
test host::tests::test_remove_nonexistent_returns_error ... ok
test host::tests::test_get_plugin ... ok
test host::tests::test_skill_plugin_missing_skills_dir_is_rejected ... ok
test host::tests::test_discover_with_manifest ... ok
test runtime::tests::host_context_permission_check ... ok
test runtime::tests::integration::execute_invalid_size ... ok
test host::tests::test_non_skill_plugin_without_wasm_path_is_rejected ... ok
test host::tests::test_remove_plugin ... ok
test runtime::tests::integration::execute_invalid_model_traversal ... ok
test runtime::tests::integration::execute_missing_prompt ... ok
test host::tests::test_skill_plugin_rejects_skill_without_skill_md ... ok
test runtime::tests::http_request_serde_roundtrip ... ok
test host::tests::test_skill_plugin_does_not_appear_in_tool_or_channel_lists ... ok
test runtime::tests::integration::execute_missing_api_key_exercises_env_read_host_fn ... ok
test host::tests::test_skill_plugin_rejects_skill_without_required_frontmatter ... ok
test host::tests::test_tool_plugins_filter ... ok
test host::tests::test_skill_only_plugin_discovers_without_wasm_path ... ok
test runtime::tests::integration::execute_without_env_read_permission_fails ... ok
test runtime::tests::integration::load_and_read_metadata ... ok
test runtime::tests::tool_metadata_serde ... ok
test signature::tests::test_canonical_manifest_without_signature_fields ... ok
test signature::tests::test_enforce_policy_disabled_mode ... ok
test signature::tests::test_enforce_policy_permissive_allows_unsigned ... ok
test runtime::tests::plugin_tool_result_serde ... ok
test signature::tests::test_canonical_manifest_strips_signature_fields ... ok
test signature::tests::test_hex_roundtrip ... ok
test signature::tests::test_enforce_policy_strict_rejects_unsigned ... ok
test signature::tests::test_signature_mode_default_is_disabled ... ok
test signature::tests::test_enforce_policy_strict_rejects_invalid_signature ... ok
test signature::tests::test_public_key_hex_matches_generate ... ok
test signature::tests::test_enforce_policy_strict_rejects_untrusted ... ok
test signature::tests::test_manifest_with_signature_fields_verifies ... ok
test signature::tests::test_enforce_policy_strict_accepts_valid_signature ... ok
test signature::tests::test_verify_untrusted_publisher ... ok
test signature::tests::test_sign_and_verify_roundtrip ... ok
test signature::tests::test_verify_rejects_tampered_manifest ... ok
test signature::tests::test_verify_rejects_wrong_key ... ok
test runtime::tests::missing_wasm_file_returns_error ... ok

test result: ok. 39 passed; 0 failed; 0 ignored; 0 measured; 0 filtered out; finished in 0.00s

     Running unittests src/lib.rs (target/debug/deps/operant_providers-ae010cc95e71b502)

running 915 tests
test anthropic::tests::anthropic_model_omits_temperature_matches_opus_4_7 ... ok
test anthropic::tests::anthropic_model_omits_temperature_skips_other_models ... ok
test anthropic::tests::apply_cache_to_last_message_text ... ok
test anthropic::tests::apply_cache_empty_messages ... ok
test anthropic::tests::apply_cache_to_last_message_does_not_affect_tool_use ... ok
test anthropic::tests::apply_cache_to_last_message_tool_result ... ok
test anthropic::tests::capabilities_returns_vision_and_native_tools ... ok
test anthropic::tests::cache_control_serializes_correctly ... ok
test anthropic::tests::chat_request_serializes_with_system ... ok
test anthropic::tests::chat_request_serializes_without_system ... ok
test anthropic::tests::chat_response_empty_content ... ok
test anthropic::tests::chat_response_multiple_blocks ... ok
test anthropic::tests::chat_response_deserializes ... ok
test anthropic::tests::chat_fails_without_key ... ok
test anthropic::tests::chat_with_system_fails_without_key ... ok
test anthropic::tests::apply_auth_uses_x_api_key_for_regular_tokens ... ok
test anthropic::tests::convert_messages_with_image_marker_data_uri ... ok
test anthropic::tests::apply_auth_uses_bearer_and_beta_for_setup_tokens ... ok
test anthropic::tests::convert_messages_preserves_multi_turn_history ... ok
test anthropic::tests::convert_messages_merges_consecutive_tool_results ... ok
test anthropic::tests::convert_messages_with_only_image_marker ... ok
test anthropic::tests::convert_messages_without_image_marker ... ok
test anthropic::tests::convert_messages_no_adjacent_same_role ... ok
test anthropic::tests::convert_tools_single_tool_gets_cache ... ok
test anthropic::tests::convert_tools_adds_cache_to_last_tool ... ok
test anthropic::tests::creates_with_custom_base_url ... ok
test anthropic::tests::convert_messages_large_system_prompt ... ok
test anthropic::tests::creates_with_empty_key ... ok
test anthropic::tests::creates_with_key ... ok
test anthropic::tests::creates_with_whitespace_key ... ok
test anthropic::tests::creates_without_key ... ok
test anthropic::tests::custom_base_url_trims_trailing_slash ... ok
test anthropic::tests::convert_messages_small_system_prompt_uses_blocks_with_cache ... ok
test anthropic::tests::default_base_url_when_none_provided ... ok
test anthropic::tests::detects_auth_from_jwt_shape ... ok
test anthropic::tests::image_content_serializes_correctly ... ok
test anthropic::tests::native_chat_request_serializes_with_temperature_when_some ... ok
test anthropic::tests::native_chat_request_serializes_without_temperature_when_none ... ok
test anthropic::tests::native_content_text_with_cache_control ... ok
test anthropic::tests::native_chat_request_with_blocks_system ... ok
test anthropic::tests::native_content_text_without_cache_control ... ok
test anthropic::tests::native_content_tool_result_with_cache_control ... ok
test anthropic::tests::native_content_tool_use_without_cache_control ... ok
test anthropic::tests::native_response_parses_without_usage ... ok
test anthropic::tests::native_response_parses_usage ... ok
test anthropic::tests::native_tool_spec_without_cache_control ... ok
test anthropic::tests::native_tool_spec_with_cache_control ... ok
test anthropic::tests::setup_token_detection_works ... ok
test anthropic::tests::should_cache_conversation_boundary ... ok
test anthropic::tests::should_cache_conversation_short ... ok
test anthropic::tests::should_cache_conversation_long ... ok
test anthropic::tests::should_cache_system_boundary ... ok
test anthropic::tests::should_cache_system_large_prompt ... ok
test anthropic::tests::should_cache_system_small_prompt ... ok
test anthropic::tests::system_prompt_blocks_variant_serializes ... ok
test anthropic::tests::system_prompt_blocks_without_cache_control ... ok
test anthropic::tests::system_prompt_string_variant_serializes ... ok
test anthropic::tests::temperature_range_serializes ... ok
test auth::anthropic_token::tests::detect_default_for_api_prefix ... ok
test auth::anthropic_token::tests::detect_jwt_like_as_authorization ... ok
test auth::anthropic_token::tests::detect_prefers_override ... ok
test auth::anthropic_token::tests::parse_kind_from_metadata ... ok
test anthropic::tests::warmup_without_key_is_noop ... ok
test auth::gemini_oauth::tests::extract_email_from_id_token ... ok
test auth::gemini_oauth::tests::parse_code_from_raw ... ok
test auth::gemini_oauth::tests::parse_code_from_url ... ok
test auth::gemini_oauth::tests::pkce_generates_valid_state ... ok
test auth::oauth_common::tests::parse_query_params_basic ... ok
test auth::oauth_common::tests::parse_query_params_empty ... ok
test auth::gemini_oauth::tests::authorize_url_contains_required_params ... ok
test auth::oauth_common::tests::parse_query_params_encoded ... ok
test auth::oauth_common::tests::pkce_challenge_is_sha256_of_verifier ... ok
test auth::oauth_common::tests::pkce_generation_is_valid ... ok
test auth::oauth_common::tests::random_base64url_length ... ok
test auth::oauth_common::tests::url_decode_basic ... ok
test auth::oauth_common::tests::url_encode_basic ... ok
test auth::oauth_common::tests::url_encode_decode_roundtrip ... ok
test auth::openai_oauth::tests::extract_account_id_from_jwt_payload ... ok
test auth::openai_oauth::tests::parse_redirect_accepts_raw_code ... ok
test auth::openai_oauth::tests::parse_redirect_rejects_error_without_code ... ok
test auth::openai_oauth::tests::parse_redirect_rejects_state_mismatch ... ok
test auth::openai_oauth::tests::parse_redirect_url_extracts_code ... ok
test auth::openai_oauth::tests::pkce_generation_is_valid ... ok
test auth::profiles::tests::profile_id_format ... ok
test auth::profiles::tests::token_expiry_math ... ok
test auth::tests::normalize_provider_aliases ... ok
test azure_openai::tests::auth_header_uses_api_key_not_bearer ... ok
test auth::tests::select_profile_prefers_override_then_active_then_default ... ok
test azure_openai::tests::capabilities_reports_native_tools_and_vision ... ok
test azure_openai::tests::chat_with_system_fails_without_key ... ok
test azure_openai::tests::chat_fails_without_key ... ok
test azure_openai::tests::request_serializes_with_system_message ... ok
test azure_openai::tests::native_response_parses_usage ... ok
test azure_openai::tests::chat_with_tools_fails_without_key ... ok
test azure_openai::tests::request_serializes_without_system ... ok
test azure_openai::tests::response_deserializes_empty_choices ... ok
test azure_openai::tests::creates_without_credential ... ok
test azure_openai::tests::custom_api_version_stored ... ok
test azure_openai::tests::creates_with_credential ... ok
test azure_openai::tests::response_deserializes_single_choice ... ok
test azure_openai::tests::tool_call_response_parsing ... ok
test azure_openai::tests::url_construction_custom_version ... ok
test azure_openai::tests::url_construction_default_version ... ok
test azure_openai::tests::response_deserializes_multiple_choices ... ok
test azure_openai::tests::tool_call_response_without_id_generates_uuid ... ok
test azure_openai::tests::url_construction_preserves_resource_and_deployment ... ok
test bedrock::tests::bearer_token_from_env ... ok
test bedrock::tests::bedrock_model_omits_temperature_matches_opus_4_7 ... ok
test bedrock::tests::bearer_token_precedence ... ok
test azure_openai::tests::warmup_is_noop ... ok
test azure_openai::tests::supports_native_tools_returns_true ... ok
test anthropic::tests::chat_with_tools_sends_full_history_and_native_tools ... ok
test bedrock::tests::bedrock_model_omits_temperature_skips_other_models ... ok
test azure_openai::tests::supports_vision_returns_true ... ok
test bedrock::tests::cache_point_serializes ... ok
test bedrock::tests::cache_credentials_stores_and_retrieves ... ok
test bedrock::tests::cached_credentials_returns_none_when_empty ... ok
test bedrock::tests::cached_credentials_returns_none_when_expired ... ok
test bedrock::tests::build_authorization_header_includes_security_token_in_signed_headers ... ok
test bedrock::tests::canonical_uri_encodes_colon ... ok
test bedrock::tests::cached_credentials_returns_some_when_valid ... ok
test bedrock::tests::build_authorization_header_format ... ok
test bedrock::tests::canonical_uri_no_colon_unchanged ... ok
test bedrock::tests::capabilities_reports_native_tool_calling ... ok
test bedrock::tests::content_block_cache_point_serializes ... ok
test bedrock::tests::consecutive_tool_results_merged_into_single_message ... ok
test bedrock::tests::content_block_text_serializes_as_flat_string ... ok
test bedrock::tests::content_block_tool_use_serializes_with_nested_object ... ok
test bedrock::tests::content_block_text_round_trips ... ok
test auth::profiles::tests::atomic_write_replaces_file ... ok
test bedrock::tests::converse_request_serializes_without_system ... ok
test bedrock::tests::converse_response_empty_output ... ok
test bedrock::tests::converse_response_deserializes_tool_use ... ok
test bedrock::tests::converse_response_deserializes_text ... ok
test bedrock::tests::converse_response_parses_without_usage ... ok
test bedrock::tests::converse_response_parses_usage ... ok
test bedrock::tests::convert_messages_assistant_tool_calls_parsed ... ok
test bedrock::tests::convert_messages_empty_assistant_gets_placeholder ... ok
test bedrock::tests::convert_messages_plain_assistant_text ... ok
test bedrock::tests::convert_messages_system_extracted ... ok
test bedrock::tests::convert_messages_tool_role_to_tool_result ... ok
test bedrock::tests::convert_messages_user_and_assistant ... ok
test bedrock::tests::convert_tools_to_converse_empty_returns_none ... ok
test bedrock::tests::convert_tools_to_converse_formats_correctly ... ok
test auth::profiles::tests::store_roundtrip_with_encryption ... ok
test bedrock::tests::creates_with_bearer_token ... ok
test bedrock::tests::credentials_host_formats_correctly ... ok
test bedrock::tests::creates_without_credentials ... ok
test bedrock::tests::derive_signing_key_known_test_vector ... ok
test bedrock::tests::endpoint_url_formats_correctly ... ok
test bedrock::tests::derive_signing_key_structure ... ok
test bedrock::tests::endpoint_url_keeps_raw_colon ... ok
test bedrock::tests::extract_tool_call_id_tries_multiple_field_names ... ok
test bedrock::tests::fallback_recovers_tool_use_id_from_assistant ... ok
test bedrock::tests::fallback_tool_result_emits_tool_result_block_not_text ... ok
test bedrock::tests::hmac_sha256_known_input ... ok
test bedrock::tests::inference_config_serializes_with_temperature_when_some ... ok
test bedrock::tests::inference_config_serializes_without_temperature_when_none ... ok
test bedrock::tests::is_expired_returns_false_when_future ... ok
test bedrock::tests::is_expired_returns_false_when_no_expiry ... ok
test bedrock::tests::is_expired_returns_true_when_past ... ok
test bedrock::tests::is_expired_returns_true_within_skew_window ... ok
test bedrock::tests::parse_aws_config_default_profile ... ok
test bedrock::tests::parse_aws_config_ignores_comments ... ok
test bedrock::tests::parse_aws_config_missing_credential_process ... ok
test bedrock::tests::parse_aws_config_named_profile ... ok
test bedrock::tests::parse_aws_config_nonexistent_profile ... ok
test bedrock::tests::parse_tool_result_accepts_alternate_id_fields ... ok
test bedrock::tests::sanitize_preserves_non_empty_text_blocks ... ok
test bedrock::tests::sanitize_removes_empty_text_blocks ... ok
test bedrock::tests::sha256_hex_empty_string ... ok
test bedrock::tests::sha256_hex_known_input ... ok
test bedrock::tests::should_cache_conversation_long ... ok
test bedrock::tests::should_cache_conversation_short ... ok
test bedrock::tests::should_cache_system_boundary ... ok
test bedrock::tests::should_cache_system_large_prompt ... ok
test bedrock::tests::should_cache_system_small_prompt ... ok
test bedrock::tests::warmup_without_credentials_is_noop ... ok
test claude_code::tests::echo_provider_uses_unique_script_paths ... ok
test claude_code::tests::should_forward_model_standard ... ok
test claude_code::tests::should_not_forward_default_model ... ok
test claude_code::tests::validate_temperature_allows_any_finite_value ... ok
test claude_code::tests::validate_temperature_rejects_non_finite ... ok
test claude_code::tests::invoke_missing_binary_returns_error ... ok
test compatible::tests::api_response_parses_usage ... ok
test compatible::tests::api_response_parses_without_usage ... ok
test compatible::tests::capabilities_reports_native_tool_calling ... ok
test compatible::tests::capabilities_reports_vision_for_qwen_compatible_provider ... ok
test compatible::tests::chat_completions_url_base_with_v1 ... ok
test compatible::tests::chat_completions_url_glm ... ok
test compatible::tests::chat_completions_url_custom_full_endpoint ... ok
test compatible::tests::chat_completions_url_minimax ... ok
test compatible::tests::chat_completions_url_opencode ... ok
test compatible::tests::chat_completions_url_opencode_go ... ok
test compatible::tests::chat_completions_url_standard_openai ... ok
test compatible::tests::chat_completions_url_requires_exact_suffix_match ... ok
test compatible::tests::chat_completions_url_trailing_slash ... ok
test compatible::tests::chat_completions_url_volcengine_ark ... ok
test compatible::tests::chat_completions_url_without_v1 ... ok
test compatible::tests::chat_completions_url_zai ... ok
test compatible::tests::convert_messages_for_native_keeps_user_image_markers_as_text_when_disabled ... ok
test compatible::tests::convert_messages_for_native_maps_tool_result_payload ... ok
test compatible::tests::convert_messages_for_native_reasoning_content_serialized_only_when_present ... ok
test compatible::tests::creates_with_key ... ok
test compatible::tests::creates_without_key ... ok
test compatible::tests::convert_messages_for_native_no_reasoning_content_when_absent ... ok
test compatible::tests::convert_messages_for_native_round_trips_reasoning_content ... ok
test compatible::tests::custom_auth_style ... ok
test compatible::tests::default_timeout_is_120s ... ok
test compatible::tests::extra_headers_default_empty ... ok
test compatible::tests::flatten_system_messages_drops_empty_system_messages ... ok
test compatible::tests::flatten_system_messages_inserts_synthetic_user_when_no_user_exists ... ok
test compatible::tests::chat_without_key_attempts_request ... ok
test compatible::tests::extra_headers_combined_with_user_agent ... ok
test compatible::tests::flatten_system_messages_inserts_user_when_missing ... ok
test compatible::tests::flatten_system_messages_keeps_system_only_at_start_without_user_merge ... ok
test compatible::tests::flatten_system_messages_merges_into_first_user ... ok
test compatible::tests::flatten_system_messages_merges_into_first_user_and_removes_system_roles ... ok
test compatible::tests::http_client_without_extra_headers_or_user_agent ... ok
test compatible::tests::minimax_provider_supports_native_tool_calling_with_system_merge ... ok
test compatible::tests::http_client_with_extra_headers_builds_successfully ... ok
test compatible::tests::native_chat_request_omits_stream_options_when_none ... ok
test compatible::tests::chat_with_tools_without_key_attempts_request ... ok
test compatible::tests::native_tool_schema_unsupported_detection_is_precise ... ok
test compatible::tests::native_chat_request_mistral_serializes_matching_valid_tool_call_ids ... ok
test compatible::tests::native_chat_request_with_tools_includes_stream_options ... ok
test compatible::tests::native_tool_schema_unsupported_detects_groq_tool_validation_error ... ok
test compatible::tests::no_responses_fallback_constructor_keeps_native_tool_calling_enabled ... ok
test compatible::tests::non_zai_provider_omits_tool_stream_regardless_of_streaming ... ok
test compatible::tests::non_zai_tool_requests_omit_tool_stream ... ok
test compatible::tests::normalize_model_ids_trims_filters_and_sorts ... ok
test compatible::tests::parse_chat_response_body_reports_sanitized_snippet ... ok
test compatible::tests::parse_native_response_custom_mistral_endpoint_normalizes_tool_call_id ... ok
test compatible::tests::parse_native_response_captures_reasoning_content ... ok
test compatible::tests::parse_native_response_mistral_avoids_id_collision_after_normalization ... ok
test compatible::tests::parse_native_response_mistral_generates_valid_id_when_missing ... ok
test bedrock::tests::from_credential_process_parses_json_output ... ok
test compatible::tests::parse_native_response_mistral_normalizes_invalid_tool_call_id ... ok
test compatible::tests::parse_native_response_none_reasoning_content_for_normal_model ... ok
test compatible::tests::parse_native_response_preserves_tool_call_id ... ok
test compatible::tests::parse_sse_line_accepts_reasoning_alias ... ok
test compatible::tests::parse_sse_line_done_sentinel ... ok
test compatible::tests::parse_sse_chunk_with_tool_call_delta ... ok
test compatible::tests::parse_sse_line_with_both_prefers_content ... ok
test compatible::tests::parse_sse_line_with_content ... ok
test compatible::tests::parse_sse_line_with_empty_content_and_reasoning_alias ... ok
test compatible::tests::parse_sse_line_with_empty_content_falls_back_to_reasoning ... ok
test compatible::tests::normalize_messages_for_upstream_rewrites_local_image_path_to_data_uri ... ok
test compatible::tests::parse_sse_line_with_reasoning_content ... ok
test compatible::tests::prompt_guided_tool_fallback_injects_system_instruction ... ok
test compatible::tests::proxy_tool_event_done_sentinel_returns_none ... ok
test compatible::tests::proxy_tool_event_no_data_prefix_returns_none ... ok
test compatible::tests::proxy_tool_event_non_json_returns_none ... ok
test compatible::tests::proxy_tool_event_standard_openai_chunk_returns_none ... ok
test compatible::tests::proxy_tool_result_missing_fields_uses_defaults ... ok
test compatible::tests::proxy_tool_result_valid ... ok
test compatible::tests::proxy_tool_start_missing_arguments_defaults ... ok
test compatible::tests::proxy_tool_start_missing_name_returns_none ... ok
test compatible::tests::proxy_tool_start_valid ... ok
test compatible::tests::reasoning_content_both_absent_returns_empty ... ok
test compatible::tests::reasoning_content_fallback_when_content_empty ... ok
test compatible::tests::reasoning_content_fallback_when_content_missing ... ok
test compatible::tests::reasoning_content_fallback_when_content_null ... ok
test compatible::tests::reasoning_content_ignored_by_normal_models ... ok
test compatible::tests::reasoning_content_not_used_when_content_present ... ok
test compatible::tests::reasoning_effort_only_applies_to_openai_and_selected_codex_models ... ok
test compatible::tests::reasoning_content_used_when_content_only_think_tags ... ok
test compatible::tests::request_serializes_correctly ... ok
test compatible::tests::request_serializes_with_tools ... ok
test compatible::tests::response_deserializes ... ok
test compatible::tests::response_empty_choices ... ok
test compatible::tests::response_message_accepts_reasoning_alias_on_non_stream_path ... ok
test compatible::tests::response_message_canonical_reasoning_content_still_works ... ok
test compatible::tests::response_message_with_both_keys_prefers_canonical_reasoning_content ... ok
test compatible::tests::response_message_with_only_alias_populates_canonical_field ... ok
test compatible::tests::response_with_no_tool_calls_has_empty_vec ... ok
test compatible::tests::response_with_multiple_tool_calls ... ok
test compatible::tests::round_trip_reasoning_extraction_accepts_alias ... ok
test compatible::tests::response_with_tool_calls_deserializes ... ok
test compatible::tests::stream_delta_with_both_keys_prefers_canonical_reasoning_content ... ok
test compatible::tests::stream_tool_call_accumulator_combines_deltas ... ok
test compatible::tests::stream_tool_call_accumulator_mistral_normalizes_invalid_id ... ok
test compatible::tests::strip_native_tool_messages_coalesces_adjacent_assistants ... ok
test compatible::tests::strip_native_tool_messages_drops_empty_assistant_tool_calls ... ok
test compatible::tests::strip_native_tool_messages_drops_empty_narration_cleanly ... ok
test compatible::tests::strip_native_tool_messages_passthrough_when_native_tool_calling_enabled ... ok
test compatible::tests::all_compatible_providers_attempt_request_without_key ... ok
test claude_code::tests::chat_with_history_multi_turn_includes_all_messages ... ok
test compatible::tests::strip_native_tool_messages_preserves_regular_messages ... ok
test compatible::tests::strip_think_tags_drops_tail_for_unclosed_block ... ok
test compatible::tests::strip_native_tool_messages_removes_tool_and_tool_calls ... ok
test compatible::tests::strip_think_tags_drops_unclosed_block_suffix ... ok
test compatible::tests::strip_think_tags_removes_multiple_blocks_with_surrounding_text ... ok
test compatible::tests::strips_trailing_slash ... ok
test compatible::tests::to_message_content_converts_image_markers_to_openai_parts ... ok
test compatible::tests::to_message_content_keeps_markers_as_text_when_user_image_parts_disabled ... ok
test compatible::tests::to_message_content_keeps_plain_text_for_non_user_roles ... ok
test compatible::tests::tool_call_function_arguments_falls_back_to_parameters_object ... ok
test compatible::tests::tool_call_function_arguments_prefers_nested_function_field ... ok
test compatible::tests::tool_call_function_name_falls_back_to_top_level_name ... ok
test compatible::tests::tool_call_none_fields_omitted_from_json ... ok
test compatible::tests::tool_call_with_compat_fields_serializes_them ... ok
test compatible::tests::user_agent_and_vision_constructor_preserves_capability_flags ... ok
test compatible::tests::tool_specs_convert_to_openai_format ... ok
test compatible::tests::user_agent_constructor_keeps_native_tool_calling_enabled ... ok
test compatible::tests::with_extra_headers_sets_headers ... ok
test compatible::tests::with_timeout_secs_overrides_default ... ok
test compatible::tests::x_api_key_auth_style ... ok
test compatible::tests::z_ai_host_enables_tool_stream_for_custom_profiles ... ok
test compatible::tests::zhipu_jwt_auth_style_applies_correctly ... ok
test compatible::tests::zai_tool_requests_enable_tool_stream ... ok
test compatible::tests::zhipu_jwt_produces_valid_three_part_token ... ok
test compatible::tests::zhipu_jwt_header_is_correct ... ok
test compatible::tests::zhipu_jwt_payload_contains_api_key_and_timestamps ... ok
test compatible::tests::zhipu_jwt_rejects_invalid_key_format ... ok
test compatible::tests::zhipu_jwt_signature_is_verifiable ... ok
test copilot::tests::api_response_parses_usage ... ok
test compatible::tests::warmup_without_key_attempts_connection ... ok
test copilot::tests::api_response_parses_without_usage ... ok
test copilot::tests::copilot_headers_include_required_fields ... ok
test copilot::tests::default_interval_and_expiry ... ok
test copilot::tests::cache_starts_empty ... ok
test copilot::tests::empty_token_treated_as_none ... ok
test copilot::tests::new_with_token ... ok
test copilot::tests::new_without_token ... ok
test copilot::tests::supports_native_tools ... ok
test copilot::tests::to_api_content_non_user_returns_text ... ok
test copilot::tests::to_api_content_user_plain_returns_text ... ok
test copilot::tests::to_api_content_user_with_image_returns_parts ... ok
test gemini::tests::api_key_url_includes_key_query_param ... ok
test gemini::tests::api_key_url_uses_public_endpoint ... ok
test gemini::tests::auth_source_explicit_key ... ok
test gemini::tests::api_key_request_does_not_set_bearer_header ... ok
test gemini::tests::auth_source_none_without_credentials ... ok
test gemini::tests::auth_source_oauth ... ok
test gemini::tests::build_parts_empty_string_returns_single_text_part ... ok
test gemini::tests::build_parts_extracts_data_uri_as_inline_part ... ok
test gemini::tests::build_parts_ignores_non_data_uri_markers ... ok
test gemini::tests::build_parts_image_only_still_produces_inline_part ... ok
test gemini::tests::build_parts_multiple_images ... ok
test gemini::tests::build_parts_plain_text_returns_single_text_part ... ok
test gemini::tests::chat_contents_append_tool_instructions_to_system_prompt ... ok
test gemini::tests::chat_contents_create_system_prompt_from_tool_instructions ... ok
test gemini::tests::chat_with_history_maps_roles_correctly ... ok
test gemini::tests::content_with_mixed_parts_serializes_correctly ... ok
test gemini::tests::creds_deserialize_accepts_camel_case_fields ... ok
test gemini::tests::creds_deserialize_with_expiry_date ... ok
test gemini::tests::empty_parts_returns_none ... ok
test gemini::tests::empty_usage_metadata_maps_to_none ... ok
test gemini::tests::error_response_deserialization ... ok
test gemini::tests::extract_client_id_from_id_token_prefers_aud_claim ... ok
test gemini::tests::extract_client_id_from_id_token_returns_none_for_invalid_tokens ... ok
test gemini::tests::extract_client_id_from_id_token_uses_azp_when_aud_missing ... ok
test gemini::tests::discover_oauth_cred_paths_does_not_panic ... ok
test gemini::tests::internal_request_includes_model ... ok
test gemini::tests::internal_request_includes_project ... ok
test gemini::tests::gemini_cli_dir_returns_path ... ok
test gemini::tests::internal_request_omits_generation_config_when_none ... ok
test gemini::tests::internal_response_deserialization ... ok
test gemini::tests::internal_response_deserialize_nested ... ok
test gemini::tests::internal_response_thinking_model ... ok
test gemini::tests::model_name_formatting ... ok
test gemini::tests::multiple_text_parts_concatenated ... ok
test gemini::tests::non_thinking_response_unaffected ... ok
test gemini::tests::normalize_non_empty_trims_and_filters ... ok
test gemini::tests::oauth_refresh_form_omits_client_credentials_when_missing ... ok
test gemini::tests::oauth_refresh_form_uses_provided_client_credentials ... ok
test gemini::tests::oauth_retry_detection_for_generation_config_rejection ... ok
test gemini::tests::oauth_url_uses_internal_endpoint ... ok
test gemini::tests::part_inline_serializes_as_inline_data_object ... ok
test gemini::tests::oauth_request_wraps_payload_in_request_envelope ... ok
test gemini::tests::oauth_request_uses_bearer_auth_header ... ok
test gemini::tests::part_text_constructor_accepts_string_and_str ... ok
test gemini::tests::part_text_serializes_as_text_object ... ok
test gemini::tests::request_serialization ... ok
test gemini::tests::response_deserialization ... ok
test gemini::tests::provider_creates_with_key ... ok
test gemini::tests::response_parses_without_usage_metadata ... ok
test gemini::tests::response_parses_usage_metadata ... ok
test gemini::tests::response_usage_metadata_maps_to_token_usage ... ok
test gemini::tests::thinking_only_response_falls_back_to_thinking_text ... ok
test claude_code::tests::chat_with_history_multi_turn_without_system ... ok
test gemini::tests::provider_creates_without_key ... ok
test gemini::tests::provider_rejects_empty_key ... ok
test gemini::tests::rotate_oauth_without_alternatives_returns_false ... ok
test gemini::tests::thinking_response_extracts_non_thinking_text ... ok
test claude_code::tests::chat_with_history_rejects_non_finite_temperature ... ok
test gemini::tests::thought_signature_only_parts_skipped ... ok
test gemini::tests::try_load_cli_token_derives_client_id_from_id_token_when_missing ... ok
test gemini::tests::warmup_cli_oauth_skips_validation ... ok
test gemini::tests::warmup_managed_oauth_requires_auth_service ... ok
test gemini::tests::warmup_oauth_is_noop ... ok
test gemini::tests::wrapped_response_prefers_inner_usage_metadata ... ok
test gemini::tests::warmup_without_key_is_noop ... ok
test gemini::tests::wrapped_response_preserves_outer_usage_metadata ... ok
test gemini_cli::tests::build_cli_args_uses_prompt_flag_with_empty_token_default_model ... ok
test gemini_cli::tests::build_cli_args_forwards_explicit_model_after_prompt ... ok
test gemini_cli::tests::should_forward_model_standard ... ok
test gemini_cli::tests::should_not_forward_default_model ... ok
test gemini_cli::tests::validate_temperature_allows_defaults ... ok
test gemini_cli::tests::validate_temperature_rejects_custom_value ... ok
test gemini_cli::tests::invoke_missing_binary_returns_error ... ok
test kilocli::tests::should_forward_model_standard ... ok
test kilocli::tests::should_not_forward_default_model ... ok
test kilocli::tests::validate_temperature_allows_defaults ... ok
test kilocli::tests::invoke_missing_binary_returns_error ... ok
test kilocli::tests::validate_temperature_rejects_custom_value ... ok
test llamacpp::error_sanitization_tests::parse_error_includes_sanitized_snippet ... ok
test llamacpp::error_sanitization_tests::parse_error_redacts_api_key_shaped_values ... ok
test llamacpp::strip_tests::none_in_none_out ... ok
test llamacpp::strip_tests::passthrough_when_no_tools_section ... ok
test llamacpp::strip_tests::strips_leading_section ... ok
test llamacpp::strip_tests::strips_middle_section ... ok
test llamacpp::strip_tests::strips_trailing_section ... ok
test llamacpp::tool_schema_tests::empty_model_sanitizes_tool_schema ... ok
test llamacpp::tool_schema_tests::gemma4_alias_sanitizes_tool_schema ... ok
test llamacpp::tool_schema_tests::gemma4_sanitizes_tool_schema ... ok
test llamacpp::url_tests::bare_host_gets_v1_prefix ... ok
test llamacpp::tool_schema_tests::non_gemma_models_keep_openai_cleaned_tool_schema ... ok
test llamacpp::url_tests::chat_completions_derives_sibling ... ok
test llamacpp::url_tests::custom_path_appends_responses ... ok
test llamacpp::url_tests::explicit_responses_url_passthrough ... ok
test llamacpp::url_tests::v1_path_appends_responses ... ok
test multimodal::tests::count_image_markers_ignores_stale_tool_results ... ok
test multimodal::tests::extract_ollama_image_payload_supports_data_uris ... ok
test multimodal::tests::parse_image_markers_collapses_line_wrapped_path ... ok
test multimodal::tests::parse_image_markers_extracts_multiple_markers ... ok
test multimodal::tests::parse_image_markers_image_only_message_becomes_empty ... ok
test multimodal::tests::parse_image_markers_keeps_invalid_empty_marker ... ok
test multimodal::tests::parse_image_markers_leaves_placeholder_markers_as_literal_text ... ok
test multimodal::tests::parse_image_markers_preserves_spaces_in_path ... ok
test multimodal::tests::parse_image_markers_strips_markers_leaving_caption ... ok
test multimodal::tests::prepare_messages_preserves_native_tool_json_when_image_is_skipped ... ok
test multimodal::tests::prepare_messages_normalizes_tool_message_local_image_to_data_uri ... ok
test multimodal::tests::prepare_messages_normalizes_local_image_to_data_uri ... ok
test multimodal::tests::prepare_messages_skips_remote_url_when_disabled ... ok
test multimodal::tests::prepare_messages_keeps_successful_images_when_some_are_skipped ... ok
test multimodal::tests::prepare_messages_strips_stale_prompt_tool_result_images ... ok
test multimodal::tests::prepare_messages_preserves_native_tool_json_with_mixed_images ... ok
test multimodal::tests::prepare_messages_strips_stale_native_tool_result_images ... ok
test multimodal::tests::prepare_messages_preserves_native_tool_result_json_shape ... ok
test multimodal::tests::prepare_messages_trims_excess_images_from_older_messages ... ok
test multimodal::tests::prepare_messages_strips_stale_tool_image_while_normalizing_current_user_image ... ok
test multimodal::tests::skipped_images_do_not_consume_image_budget ... ok
test claude_code::tests::chat_with_history_single_user_message ... ok
test multimodal::tests::trim_old_images_counts_latest_tool_messages ... ok
test multimodal::tests::trim_old_images_empty_messages ... ok
test multimodal::tests::trim_old_images_interleaved_roles ... ok
test multimodal::tests::trim_old_images_multi_image_message_stripped_as_unit ... ok
test multimodal::tests::trim_old_images_no_trimming_when_exactly_at_limit ... ok
test multimodal::tests::prepare_messages_trims_then_normalizes_surviving_images ... ok
test multimodal::tests::trim_old_images_no_trimming_when_under_limit ... ok
test multimodal::tests::trim_old_images_replaces_image_only_message ... ok
test multimodal::tests::trim_old_images_skips_assistant_messages ... ok
test multimodal::tests::trim_old_images_strips_multiple_oldest_messages ... ok
test ollama::tests::api_response_parses_eval_counts ... ok
test ollama::tests::api_response_parses_without_eval_counts ... ok
test ollama::tests::capabilities_disable_native_tools_and_enable_vision ... ok
test ollama::tests::build_chat_request_with_think_emits_explicit_options ... ok
test ollama::tests::cloud_suffix_strips_model_name ... ok
test ollama::tests::cloud_suffix_with_local_endpoint_errors ... ok
test ollama::tests::cloud_suffix_without_api_key_errors ... ok
test ollama::tests::convert_messages_extracts_images_from_user_marker ... ok
test ollama::tests::convert_messages_maps_tool_result_call_id_to_tool_name ... ok
test ollama::tests::custom_url_no_trailing_slash ... ok
test ollama::tests::convert_messages_parses_native_assistant_tool_calls ... ok
test ollama::tests::custom_url_strips_api_chat_suffix ... ok
test ollama::tests::custom_url_strips_api_suffix ... ok
test ollama::tests::custom_url_trailing_slash ... ok
test ollama::tests::default_url ... ok
test ollama::tests::effective_content_falls_back_to_thinking_field ... ok
test ollama::tests::effective_content_prefers_content_over_thinking ... ok
test ollama::tests::effective_content_returns_none_when_both_empty ... ok
test ollama::tests::effective_content_strips_think_and_returns_rest ... ok
test ollama::tests::effective_content_uses_thinking_when_content_is_think_only ... ok
test ollama::tests::empty_url_uses_empty ... ok
test ollama::tests::extract_tool_name_handles_nested_tool_call ... ok
test multimodal::tests::prepare_messages_skips_oversized_local_image ... ok
test ollama::tests::extract_tool_name_handles_normal_call ... ok
test ollama::tests::extract_tool_name_handles_prefixed_name ... ok
test ollama::tests::fallback_text_for_empty_content_without_thinking_is_generic ... ok
test ollama::tests::local_endpoint_auth_disabled_even_with_key ... ok
test ollama::tests::format_tool_calls_produces_valid_json ... ok
test ollama::tests::normalize_response_text_rejects_think_only_content ... ok
test ollama::tests::normalize_response_text_rejects_whitespace_only_content ... ok
test multimodal::tests::strip_media_markers_leaves_plain_text_untouched ... ok
test ollama::tests::normalize_response_text_strips_think_tags ... ok
test ollama::tests::qwen_think_with_tool_call_in_content_preserved ... ok
test ollama::tests::qwen_thinking_field_with_tool_call_xml_extracted ... ok
test ollama::tests::remote_endpoint_auth_enabled_when_key_present ... ok
test ollama::tests::remote_endpoint_with_api_suffix_still_allows_cloud_models ... ok
test multimodal::tests::strip_media_markers_replaces_image_local_path ... ok
test ollama::tests::request_includes_default_num_ctx_and_num_predict ... ok
test multimodal::tests::strip_media_markers_preserves_unrelated_brackets ... ok
test ollama::tests::request_includes_overridden_tuning ... ok
test ollama::tests::request_includes_think_when_reasoning_configured ... ok
test multimodal::tests::strip_media_markers_replaces_image_data_uri ... ok
test ollama::tests::request_omits_think_when_reasoning_not_configured ... ok
test multimodal::tests::strip_media_markers_is_case_insensitive ... ok
test ollama::tests::response_deserializes ... ok
test ollama::tests::response_with_empty_content ... ok
test ollama::tests::response_with_missing_content_defaults_to_empty ... ok
test ollama::tests::response_with_thinking_field_extracts_content ... ok
test ollama::tests::response_with_tool_calls_parses_correctly ... ok
test ollama::tests::retry_path_carries_options ... ok
test ollama::tests::strip_think_tags_handles_unclosed_block ... ok
test ollama::tests::strip_think_tags_preserves_text_without_tags ... ok
test ollama::tests::strip_think_tags_removes_multiple_blocks ... ok
test ollama::tests::strip_think_tags_removes_single_block ... ok
test ollama::tests::strip_think_tags_returns_empty_for_think_only ... ok
test ollama::tests::temperature_override_replaces_per_call_temperature ... ok
test ollama::tests::temperature_override_unset_passes_per_call_temperature ... ok
test openai::tests::adjust_temperature_for_gpt5_chat_latest_models ... ok
test openai::tests::adjust_temperature_for_gpt5_models ... ok
test openai::tests::adjust_temperature_for_o1_models ... ok
test openai::tests::adjust_temperature_for_o3_models ... ok
test multimodal::tests::strip_media_markers_replaces_all_supported_kinds ... ok
test openai::tests::adjust_temperature_for_o4_models ... ok
test openai::tests::adjust_temperature_handles_edge_cases ... ok
test openai::tests::adjust_temperature_preserves_for_standard_models ... ok
test openai::tests::chat_fails_without_key ... ok
test openai::tests::chat_with_system_fails_without_key ... ok
test openai::tests::chat_with_tools_fails_without_key ... ok
test openai::tests::convert_messages_no_reasoning_content_when_absent ... ok
test openai::tests::creates_with_empty_key ... ok
test openai::tests::convert_messages_round_trips_reasoning_content ... ok
test openai::tests::chat_with_tools_rejects_invalid_tool_shape ... ok
test openai::tests::creates_with_key ... ok
test openai::tests::creates_without_key ... ok
test claude_code::tests::chat_with_history_single_user_with_system ... ok
test openai::tests::native_message_includes_reasoning_content_when_some ... ok
test openai::tests::native_message_omits_reasoning_content_when_none ... ok
test openai::tests::native_response_parses_usage ... ok
test openai::tests::native_response_parses_without_usage ... ok
test openai::tests::native_response_reasoning_content_fallback ... ok
test openai::tests::native_response_reasoning_content_ignored_when_content_present ... ok
test openai::tests::native_tool_spec_deserializes_from_openai_format ... ok
test openai::tests::parse_native_response_none_reasoning_content_for_normal_model ... ok
test openai::tests::parse_native_response_captures_reasoning_content ... ok
test openai::tests::reasoning_content_fallback_empty_content ... ok
test openai::tests::reasoning_content_fallback_null_content ... ok
test openai::tests::reasoning_content_not_used_when_content_present ... ok
test openai::tests::request_serializes_with_system_message ... ok
test openai::tests::response_deserializes_empty_choices ... ok
test openai::tests::request_serializes_without_system ... ok
test openai::tests::response_deserializes_multiple_choices ... ok
test openai::tests::response_deserializes_single_choice ... ok
test openai::tests::response_with_unicode ... ok
test openai_codex::tests::build_responses_input_handles_image_markers ... ok
test openai_codex::tests::build_responses_input_handles_multiple_images ... ok
test openai::tests::warmup_without_key_is_noop ... ok
test openai_codex::tests::build_responses_input_maps_tool_outputs ... ok
test openai_codex::tests::build_responses_input_maps_content_types_by_role ... ok
test openai_codex::tests::build_responses_input_preserves_text_only_messages ... ok
test openai_codex::tests::build_responses_input_maps_native_assistant_tool_calls ... ok
test openai_codex::tests::build_responses_input_uses_default_instructions_without_system ... ok
test openai_codex::tests::build_responses_url_appends_suffix_for_base_url ... ok
test openai_codex::tests::build_responses_url_keeps_existing_responses_endpoint ... ok
test openai_codex::tests::build_responses_input_replays_reasoning_item_before_tool_result ... ok
test openai_codex::tests::clamp_reasoning_effort_adjusts_known_models ... ok
test openai_codex::tests::convert_tools_opts_out_of_responses_strict_mode ... ok
test openai::tests::response_with_long_content ... ok
test openai_codex::tests::capabilities_includes_vision ... ok
test openai_codex::tests::decode_utf8_stream_chunks_handles_multibyte_split_across_chunks ... ok
test openai_codex::tests::constructor_enables_custom_endpoint_key_mode ... ok
test openai_codex::tests::default_responses_url_detector_handles_equivalent_urls ... ok
test openai_codex::tests::default_state_dir_is_non_empty ... ok
test openai_codex::tests::extracts_nested_output_text ... ok
test openai_codex::tests::extracts_output_text_first ... ok
test openai_codex::tests::parse_responses_body_allows_sse_markers_inside_json_text ... ok
test openai_codex::tests::parse_responses_body_rejects_json_without_text_or_tool_calls ... ok
test openai_codex::tests::parse_responses_body_preserves_reasoning_items_for_tool_calls ... ok
test openai_codex::tests::parse_responses_body_rejects_unrecognized_sse_without_payload ... ok
test openai_codex::tests::parse_sse_turn_falls_back_to_completed_response ... ok
test openai_codex::tests::parse_sse_turn_collects_function_calls ... ok
test openai_codex::tests::parse_sse_turn_reads_output_text_delta ... ok
test openai_codex::tests::resolve_instructions_uses_default_when_blank ... ok
test openai_codex::tests::resolve_instructions_uses_default_when_missing ... ok
test openai_codex::tests::resolve_instructions_uses_system_prompt_when_present ... ok
test openai_codex::tests::provider_does_not_advertise_streaming_until_live_sse_is_wired ... ok
test openrouter::tests::assistant_message_serializes_as_plain_string ... ok
test openrouter::tests::cache_control_absent_on_user_image_text_part ... ok
test openrouter::tests::capabilities_report_vision_support ... ok
test openrouter::tests::chat_request_serializes_history_messages ... ok
test openrouter::tests::chat_request_serializes_with_system_and_user ... ok
test openrouter::tests::chat_with_history_fails_without_key ... ok
test openrouter::tests::chat_with_system_fails_without_key ... ok
test openrouter::tests::convert_messages_no_reasoning_content_when_absent ... ok
test openrouter::tests::chat_with_tools_fails_without_key ... ok
test openrouter::tests::convert_messages_parses_assistant_tool_call_payload ... ok
test openrouter::tests::convert_messages_parses_tool_result_payload ... ok
test openrouter::tests::convert_messages_round_trips_reasoning_content ... ok
test openrouter::tests::convert_tools_preserves_skill_namespaced_names_with_double_underscore ... ok
test openrouter::tests::convert_tools_returns_none_when_all_invalid ... ok
test openrouter::tests::convert_tools_skips_invalid_names ... ok
test openrouter::tests::creates_with_key ... ok
test openrouter::tests::creates_without_key ... ok
test openrouter::tests::default_timeout_is_120 ... ok
test openrouter::tests::extra_body_adds_new_top_level_keys ... ok
test openrouter::tests::extra_body_empty_object_produces_unchanged_request ... ok
test openrouter::tests::extra_body_merges_at_top_level_not_nested ... ok
test openrouter::tests::extra_body_none_produces_unchanged_request ... ok
test openrouter::tests::extra_body_overrides_existing_keys ... ok
test openrouter::tests::extra_body_with_nested_provider_routing ... ok
test openrouter::tests::falls_back_to_default_timeout_for_zero ... ok
test openrouter::tests::full_native_request_serializes_system_as_blocks_user_as_string ... ok
test openrouter::tests::invalid_openai_tool_names ... ok
test openrouter::tests::native_chat_request_omits_stream_when_none ... ok
test openrouter::tests::native_chat_request_serializes_stream_true ... ok
test openrouter::tests::native_message_includes_reasoning_content_when_some ... ok
test openrouter::tests::native_message_omits_reasoning_content_when_none ... ok
test openai_codex::tests::codex_does_not_retry_failed_http_status ... ok
test openai_codex::tests::codex_does_not_retry_stream_api_error_events ... ok
test openrouter::tests::native_response_deserializes_reasoning_content ... ok
test openrouter::tests::native_response_deserializes_with_text_and_tool_calls ... ok
test openrouter::tests::native_response_deserializes_with_tool_calls ... ok
test openrouter::tests::native_response_maps_cached_tokens_into_token_usage ... ok
test openrouter::tests::native_response_maps_none_when_prompt_tokens_details_absent ... ok
test openrouter::tests::native_response_parses_usage ... ok
test openrouter::tests::native_response_parses_without_usage ... ok
test openrouter::tests::parse_chat_response_body_reports_sanitized_snippet ... ok
test openrouter::tests::parse_native_response_body_reports_sanitized_snippet ... ok
test openrouter::tests::parse_native_response_captures_reasoning_content ... ok
test openrouter::tests::parse_native_response_converts_to_chat_response ... ok
test openrouter::tests::parse_native_response_none_reasoning_content_for_normal_model ... ok
test openrouter::tests::response_deserializes_empty_choices ... ok
test openrouter::tests::response_deserializes_single_choice ... ok
test openrouter::tests::supports_streaming_returns_true ... ok
test openrouter::tests::stream_chat_disabled_options_returns_final ... ok
test openrouter::tests::supports_streaming_tool_events_returns_true ... ok
test openrouter::tests::stream_chat_without_key_returns_error_event ... ok
test openrouter::tests::system_message_serializes_as_content_block_with_cache_control ... ok
test openrouter::tests::to_message_content_converts_image_markers_to_openai_parts ... ok
test openrouter::tests::tool_message_serializes_as_plain_string ... ok
test openai_codex::tests::codex_retries_non_streaming_when_stream_contains_malformed_frame_after_text ... ok
test openrouter::tests::usage_info_deserializes_empty_prompt_tokens_details ... ok
test openrouter::tests::usage_info_deserializes_prompt_tokens_details ... ok
test openrouter::tests::usage_info_deserializes_without_prompt_tokens_details ... ok
test openrouter::tests::usage_info_deserializes_zero_cached_tokens_as_some_zero ... ok
test openrouter::tests::user_message_without_images_serializes_as_plain_string ... ok
test openrouter::tests::uses_configured_timeout_when_provided ... ok
test openrouter::tests::valid_openai_tool_names ... ok
test openrouter::tests::with_extra_body_sets_value ... ok
test openrouter::tests::with_timeout_secs_overrides_default ... ok
test openrouter::tests::warmup_without_key_is_noop ... ok
test reliable::tests::auth_error_detects_common_patterns ... ok
test reliable::tests::aggregated_error_marks_non_retryable_model_mismatch_with_details ... ok
test reliable::tests::auth_rotation_cycles_keys ... ok
test reliable::tests::auth_rotation_returns_none_when_empty ... ok
test reliable::tests::chat_delegates_to_inner_provider ... ok
test reliable::tests::chat_preserves_native_tools_support ... ok
test openai_codex::tests::codex_retries_non_streaming_when_stream_decode_fails ... ok
test reliable::tests::chat_returns_aggregated_error_when_all_providers_fail ... ok
test reliable::tests::chat_skips_non_retryable_errors ... ok
test reliable::tests::chat_tries_model_failover_on_failure ... ok
test reliable::tests::compute_backoff_caps_at_30s ... ok
test reliable::tests::chat_with_history_truncates_on_context_overflow ... ok
test reliable::tests::compute_backoff_falls_back_to_base ... ok
test reliable::tests::compute_backoff_uses_retry_after ... ok
test reliable::tests::context_window_error_is_not_non_retryable ... ok
test reliable::tests::context_overflow_with_no_history_to_truncate_bails_immediately ... ok
test reliable::tests::context_window_error_aborts_retries_and_model_fallbacks ... ok
test reliable::tests::is_context_window_exceeded_detects_llamacpp ... ok
test reliable::tests::fallback_records_provider_fallback_info ... ok
test reliable::tests::llm_payload_trace_json_preserves_roles_and_content ... ok
test reliable::tests::llm_payload_trace_requires_explicit_opt_in ... ok
test reliable::tests::model_failover_tries_fallback_model ... ok
test reliable::tests::model_failover_all_models_fail ... ok
test reliable::tests::non_retryable_detects_401 ... ok
test reliable::tests::no_model_fallbacks_behaves_like_before ... ok
test reliable::tests::non_retryable_detects_403 ... ok
test reliable::tests::non_retryable_detects_404 ... ok
test reliable::tests::non_retryable_does_not_flag_408 ... ok
test reliable::tests::non_retryable_detects_common_patterns ... ok
test reliable::tests::non_retryable_does_not_flag_429 ... ok
test reliable::tests::non_retryable_does_not_flag_500 ... ok
test reliable::tests::non_retryable_does_not_flag_502 ... ok
test reliable::tests::non_retryable_rate_limit_detects_insufficient_balance ... ok
test reliable::tests::non_retryable_rate_limit_detects_plan_restricted_model ... ok
test reliable::tests::non_retryable_rate_limit_does_not_flag_generic_429 ... ok
test reliable::tests::non_retryable_returns_false_for_tool_schema_400 ... ok
test reliable::tests::non_retryable_rate_limit_skips_retries_for_plan_errors ... ok
test reliable::tests::non_retryable_returns_true_for_other_400_errors ... ok
test reliable::tests::parse_retry_after_float ... ok
test reliable::tests::parse_retry_after_integer ... ok
test reliable::tests::non_retryable_skips_retries_for_401 ... ok
test reliable::tests::parse_retry_after_missing ... ok
test reliable::tests::parse_retry_after_space_separator ... ok
test reliable::tests::parse_retry_after_with_underscore_separator ... ok
test reliable::tests::parse_retry_after_zero ... ok
test reliable::tests::rate_limited_detection ... ok
test reliable::tests::rate_limited_false_for_generic_error ... ok
test reliable::tests::returns_aggregated_error_when_all_providers_fail ... ok
test reliable::tests::skips_retries_on_non_retryable_error ... ok
test reliable::tests::stream_chat_errors_when_no_provider_supports_tool_events ... ok
test reliable::tests::stream_chat_payload_trace_reaches_streaming_call_sites ... ok
test reliable::tests::stream_chat_payload_trace_requires_explicit_opt_in ... ok
test reliable::tests::stream_chat_payload_trace_uses_selected_tool_event_provider ... ok
test reliable::tests::stream_chat_prefers_provider_with_tool_event_support ... ok
test reliable::tests::stream_chat_with_history_delegates_to_streaming_provider ... ok
test reliable::tests::stream_chat_with_history_errors_when_no_provider_supports_streaming ... ok
test reliable::tests::stream_chat_with_history_skips_non_streaming_providers ... ok
test reliable::tests::succeeds_without_retry ... ok
test reliable::tests::supports_vision_reflects_first_provider_not_any_fallback ... ok
test reliable::tests::system_chat_messages_preserve_optional_system_prompt ... ok
test reliable::tests::tool_schema_error_detects_groq_validation_failure ... ok
test reliable::tests::tool_schema_error_detects_invalid_tool_call ... ok
test reliable::tests::tool_schema_error_detects_not_found_in_tool_list ... ok
test reliable::tests::tool_schema_error_detects_not_in_request ... ok
test reliable::tests::tool_schema_error_ignores_unrelated_errors ... ok
test reliable::tests::truncate_for_context_drops_oldest_non_system ... ok
test reliable::tests::truncate_for_context_preserves_system_and_last_message ... ok
test router::tests::chat_with_system_passes_system_prompt ... ok
test router::tests::chat_with_tools_delegates_to_resolved_provider ... ok
test router::tests::chat_with_tools_routes_hint_correctly ... ok
test router::tests::cost_optimized_falls_back_when_no_pricing ... ok
test router::tests::cost_optimized_prefers_lower_total_cost ... ok
test router::tests::cost_optimized_respects_tools_requirement ... ok
test router::tests::cost_optimized_respects_vision_requirement ... ok
test router::tests::cost_optimized_selects_cheapest_provider ... ok
test router::tests::cost_optimized_strategy_score ... ok
test router::tests::cost_optimized_with_single_route ... ok
test router::tests::non_hint_model_uses_default_provider ... ok
test router::tests::resolve_preserves_model_for_non_hints ... ok
test router::tests::resolve_strips_hint_prefix ... ok
test router::tests::routes_fast_hint ... ok
test router::tests::routes_hint_to_correct_provider ... ok
test router::tests::skips_routes_with_unknown_provider ... ok
test router::tests::stream_chat_routes_hint_with_structured_tool_events ... ok
test router::tests::stream_chat_with_history_routes_hint_to_correct_provider_and_model ... ok
test router::tests::supports_streaming_returns_true_when_any_provider_supports_it ... ok
test router::tests::supports_vision_reflects_default_provider_not_any_route ... ok
test router::tests::supports_vision_true_when_default_provider_supports_vision ... ok
test router::tests::unknown_hint_falls_back_to_default ... ok
test router::tests::warmup_calls_all_providers ... ok
test telnyx::tests::chat_request_serializes ... ok
test telnyx::tests::chat_response_deserializes ... ok
test telnyx::tests::creates_provider_with_key ... ok
test telnyx::tests::creates_provider_without_key ... ok
test telnyx::tests::model_constants_are_valid ... ok
test telnyx::tests::models_response_deserializes ... ok
test telnyx::tests::resolve_key_from_parameter ... ok
test telnyx::tests::resolve_key_trims_whitespace ... ok
test tests::api_key_prefix_correct_match ... ok
test tests::api_key_prefix_cross_provider_mismatch ... ok
test tests::api_key_prefix_unknown_key_format_skips ... ok
test tests::api_key_prefix_unknown_provider_skips ... ok
test tests::atomic_chat_capabilities ... ok
test tests::atomic_chat_is_listed_as_local_provider ... ok
test tests::canonical_china_provider_name_maps_regional_aliases ... ok
test tests::configured_provider_base_url_ignores_empty_runtime_url ... ok
test tests::deepseek_provider_keeps_vision_disabled ... ok
test tests::env_provider_url_overrides_api_url ... ok
test tests::factory_aihubmix ... ok
test tests::factory_all_providers_create_successfully ... ok
test tests::factory_anthropic ... ok
test tests::factory_anthropic_custom_empty_url_errors ... ok
test tests::factory_anthropic_custom_invalid_url_errors ... ok
test tests::factory_anthropic_custom_no_key ... ok
test tests::factory_anthropic_custom_trailing_slash ... ok
test tests::factory_anthropic_custom_unsupported_scheme_errors ... ok
test tests::factory_anthropic_custom_url ... ok
test tests::factory_astrai ... ok
test tests::factory_atomic_chat_aliases ... ok
test tests::factory_atomic_chat_allows_missing_key ... ok
test tests::factory_avian ... ok
test tests::factory_bedrock ... ok
test tests::factory_claude_code ... ok
test tests::factory_cloudflare ... ok
test openrouter::tests::abort_on_drop_cancels_long_running_task ... ok
test tests::factory_cohere ... ok
test tests::factory_codex_oauth_aliases ... ok
test tests::factory_custom_empty_url_errors ... ok
test tests::factory_custom_invalid_url_errors ... ok
test tests::factory_custom_localhost ... ok
test tests::factory_custom_no_key ... ok
test tests::factory_copilot ... ok
test tests::factory_custom_trims_whitespace ... ok
test tests::factory_custom_unsupported_scheme_errors ... ok
test tests::factory_custom_url ... ok
test tests::factory_deepmyst ... ok
test tests::factory_deepseek ... ok
test tests::factory_empty_name_errors ... ok
test tests::factory_doubao ... ok
test tests::factory_fireworks ... ok
test tests::factory_gemini_cli ... ok
test tests::factory_github_models ... ok
test tests::factory_glm ... ok
test tests::factory_groq ... ok
test tests::factory_groq_disables_native_tools_by_default ... ok
test tests::factory_groq_honors_native_tools_override_true ... ok
test tests::factory_groq_native_tools_override_false_keeps_disable ... ok
test tests::factory_kilocli ... ok
test tests::factory_kimi_code ... ok
test tests::factory_llamacpp ... ok
test tests::factory_lmstudio ... ok
test tests::factory_manifest ... ok
test tests::factory_minimax ... ok
test tests::factory_minimax_supports_native_tool_calling ... ok
test tests::factory_mistral ... ok
test tests::factory_moonshot ... ok
test tests::factory_morph ... ok
test tests::factory_novita ... ok
test tests::factory_nvidia ... ok
test tests::factory_ollama ... ok
test tests::factory_openai ... ok
test tests::factory_gemini ... ok
test tests::factory_opencode ... ok
test tests::factory_openai_codex ... ok
test tests::factory_opencode_go ... ok
test tests::factory_openrouter ... ok
test tests::factory_osaurus ... ok
test tests::factory_osaurus_custom_url ... ok
test tests::factory_osaurus_uses_default_key_when_none ... ok
test tests::factory_perplexity ... ok
test tests::factory_qianfan ... ok
test tests::factory_qwen ... ok
test tests::factory_sglang ... ok
test tests::factory_siliconflow ... ok
test tests::factory_synthetic ... ok
test tests::factory_together ... ok
test tests::factory_telnyx ... ok
test tests::factory_unknown_provider_errors ... ok
test tests::factory_venice ... ok
test tests::factory_vercel ... ok
test tests::factory_vllm ... ok
test tests::factory_xai ... ok
test tests::factory_zai ... ok
test tests::glm_provider_supports_vision ... ok
test tests::listed_providers_and_aliases_are_constructible ... ok
test tests::listed_providers_have_unique_ids_and_aliases ... ok
test tests::lmstudio_runtime_options_apply_base_url_and_merge_system_messages ... ok
test tests::ollama_cloud_with_custom_url ... ok
test tests::ollama_runtime_overrides_default_to_none_temperature_override ... ok
test tests::ollama_runtime_overrides_populate_tuning_struct ... ok
test tests::ollama_with_custom_url ... ok
test tests::parse_provider_profile_anthropic_custom_not_split ... ok
test tests::parse_provider_profile_custom_url_not_split ... ok
test tests::parse_provider_profile_empty_profile_ignored ... ok
test tests::parse_provider_profile_extra_colons_kept ... ok
test tests::parse_provider_profile_plain_name ... ok
test tests::parse_provider_profile_with_profile ... ok
test tests::provider_http_client_trusts_both_webpki_and_native_roots ... ok
test tests::provider_runtime_options_default_has_empty_extra_headers ... ok
test tests::provider_runtime_options_extra_headers_passed_through ... ok
test tests::provider_runtime_options_from_config_propagates_lmstudio_system_merge_without_base_url ... ok
test tests::provider_runtime_options_from_config_propagates_native_tools ... ok
test tests::qwen_provider_supports_vision ... ok
test tests::regional_alias_predicates_cover_expected_variants ... ok
test tests::regional_endpoint_aliases_map_to_expected_urls ... ok
test tests::resilient_fallback_includes_osaurus ... ok
test tests::resilient_fallback_mixed_chain ... ok
test anthropic::tests::streaming_usage_emitted_before_final ... ok
test anthropic::tests::streaming_usage_omitted_when_provider_does_not_send_usage ... ok
test tests::resilient_fallback_resolves_own_credential ... ok
test tests::resilient_fallback_supports_custom_url ... ok
test tests::resilient_provider_errors_for_invalid_primary ... ok
test tests::resilient_provider_ignores_duplicate_and_invalid_fallbacks ... ok
test reliable::tests::chat_with_history_retries_then_recovers ... ok
test reliable::tests::chat_with_history_falls_back ... ok
test tests::resolve_provider_credential_bedrock_returns_bearer_token_from_env ... ok
test tests::resolve_provider_credential_bedrock_uses_internal_credential_path ... ok
test reliable::tests::falls_back_after_retries_exhausted ... ok
test reliable::tests::retries_then_recovers ... ok
test reliable::tests::chat_retries_and_recovers ... ok
test bedrock::tests::env_vars_take_precedence_over_credential_process ... ok
test bedrock::tests::chat_fails_without_credentials ... ok
test claude_code::tests::new_defaults_to_claude ... ok
test claude_code::tests::new_ignores_blank_env_override ... ok
test claude_code::tests::new_uses_env_override ... ok
test gemini_cli::tests::new_defaults_to_gemini ... ok
test gemini_cli::tests::new_ignores_blank_env_override ... ok
test gemini_cli::tests::new_uses_env_override ... ok
test kilocli::tests::new_defaults_to_kilo ... ok
test tests::resolve_provider_credential_osaurus_env ... ok
test kilocli::tests::new_uses_env_override ... ok
test tests::resolve_provider_credential_placeholder_ignores_generic_api_key_fallback ... ok
test openai_codex::tests::resolve_reasoning_effort_uses_legacy_env_when_unconfigured ... ok
test tests::resolve_provider_credential_siliconflow_env ... ok
test tests::resolve_provider_credential_uses_minimax_oauth_env_for_placeholder ... ok
test tests::github_models_does_not_consume_github_token ... ok
test tests::resolve_qwen_oauth_context_placeholder_does_not_use_dashscope_fallback ... ok
test tests::resolve_provider_credential_prefers_explicit_argument ... ok
test tests::sanitize_handles_delimiter_boundaries ... ok
test tests::sanitize_handles_json_wrapped_key ... ok
test tests::sanitize_keeps_bare_prefix ... ok
test tests::sanitize_no_secret_no_change ... ok
test tests::sanitize_preserves_unicode_boundaries ... ok
test tests::sanitize_scrubs_multiple_prefixes ... ok
test tests::sanitize_scrubs_sk_prefix ... ok
test tests::sanitize_short_prefix_then_real_key ... ok
test tests::sanitize_sk_proj_comment_then_real_key ... ok
test tests::resilient_fallback_with_profile_syntax ... ok
test tests::resolve_provider_credential_aihubmix_env ... ok
test tests::sanitize_truncates_after_scrub ... ok
test tests::sanitize_truncates_long_error ... ok
test tests::resolve_provider_credential_deepmyst_env ... ok
test tests::resolve_provider_credential_falls_back_to_minimax_api_key_for_placeholder ... ok
test tests::scrub_github_fine_grained_pat ... ok
test tests::resolve_provider_credential_github_models_env ... ok
test tests::scrub_github_oauth_token ... ok
test tests::resolve_provider_credential_morph_env ... ok
test tests::resolve_provider_credential_opencode_go_env ... ok
test tests::scrub_github_personal_access_token ... ok
test kilocli::tests::new_ignores_blank_env_override ... ok
test tests::scrub_github_user_token ... ok
test openai_codex::tests::resolve_reasoning_effort_prefers_configured_override ... ok
test tests::vercel_gateway_base_url_matches_public_gateway_endpoint ... ok
test openai_codex::tests::resolve_responses_url_prefers_explicit_endpoint_env ... ok
test openai_codex::tests::resolve_responses_url_uses_provider_api_url_override ... ok
test tests::resolve_provider_credential_volcengine_env ... ok
test tests::resilient_fallback_mixed_profiles_and_custom ... ok
test tests::resolve_qwen_oauth_context_prefers_explicit_override ... ok
test tests::resolve_qwen_oauth_context_reads_cached_credentials_file ... ok
test tests::resolve_qwen_oauth_context_uses_env_token_and_resource_url ... ok

test result: ok. 915 passed; 0 failed; 0 ignored; 0 measured; 0 filtered out; finished in 3.01s

     Running unittests src/lib.rs (target/debug/deps/operant_robot_kit-5118b90d7f20b7c0)

running 0 tests

test result: ok. 0 passed; 0 failed; 0 ignored; 0 measured; 0 filtered out; finished in 0.00s

     Running unittests src/lib.rs (target/debug/deps/operant_runtime-6ab6accfc8504974)

running 1704 tests
test agent::agent::tests::empty_excluded_tools_preserves_all ... ok
test agent::agent::tests::excluded_tools_filters_matching_tools ... ok
I will echo the message.test agent::agent::tests::excluded_tools_preserves_non_excluded ... ok
test agent::agent::tests::builder_allowed_tools_some_filters_tools ... ok
test agent::agent::tests::builder_allowed_tools_none_keeps_all_tools ... ok
test agent::agent::tests::excluded_tools_then_skill_registration_end_to_end ... ok
test agent::agent::tests::register_skill_tools_adds_skill_tools_to_registry ... ok
test agent::agent::tests::register_skill_tools_skips_shadowed_builtins ... ok
test agent::agent::tests::direct_agent_cron_add_does_not_trust_model_supplied_approved_arg ... ok
test agent::agent::tests::direct_agent_shell_keeps_runtime_approval_from_always_allowlist ... ok
test agent::agent::tests::direct_agent_shell_does_not_trust_model_supplied_approved_arg ... ok
test agent::agent::tests::direct_agent_tool_execution_requests_acp_approval ... ok
test agent::agent::tests::direct_agent_shell_marks_args_approved_after_backchannel_approval ... ok
test agent::agent::tests::direct_agent_tool_execution_denies_when_acp_rejects ... ok
test agent::agent::tests::seed_history_prepends_system_and_skips_system_from_seed ... ok
test agent::agent::tests::session_cwd_keeps_workspace_in_allowed_roots ... ok
test agent::agent::tests::trim_history_does_not_leave_orphan_tool_results ... ok
test agent::agent::tests::pre_executed_tool_results_keep_ids_when_calls_overlap ... ok
test agent::classifier::tests::classify_with_decision_exposes_priority_of_matched_rule ... ok
test agent::classifier::tests::disabled_returns_none ... ok
test agent::classifier::tests::empty_rules_returns_none ... ok
test agent::classifier::tests::keyword_match_case_insensitive ... ok
test agent::classifier::tests::length_constraints ... ok
test agent::agent::tests::turn_routes_with_hint_when_query_classification_matches ... ok
test agent::classifier::tests::no_match_returns_none ... ok
test agent::agent::tests::turn_streamed_pre_cancelled_token_emits_balanced_agent_start_end ... ok
test agent::classifier::tests::pattern_match_case_sensitive ... ok
test agent::classifier::tests::priority_ordering ... ok
test agent::context_analyzer::tests::empty_history_iteration_one ... ok
test agent::context_analyzer::tests::combined_keywords_merge_tools ... ok
test agent::context_analyzer::tests::iteration_one_includes_last_tools ... ok
test agent::context_analyzer::tests::iteration_zero_returns_empty_suggestions ... ok
test agent::agent::tests::turn_without_tools_returns_text ... ok
test agent::context_analyzer::tests::memory_keywords_suggest_memory_tools ... ok
test agent::context_analyzer::tests::shell_keywords_suggest_shell_tool ... ok
test agent::context_compressor::tests::test_align_boundary_backward_backs_up_past_tool_call_assistant ... ok
test agent::context_compressor::tests::test_align_boundary_backward_noop_on_plain_assistant ... ok
test agent::agent::tests::native_agent_prompt_omits_duplicate_tools_section ... ok
test agent::context_analyzer::tests::keyword_extraction_from_assistant_message ... ok
test agent::context_compressor::tests::test_align_boundary_forward_noop ... ok
test agent::context_compressor::tests::test_align_boundary_forward_skips_tool ... ok
test agent::context_compressor::tests::test_build_transcript ... ok
test agent::context_compressor::tests::test_build_summarizer_transcript_keeps_image_markers_for_vision_provider ... ok
test agent::context_compressor::tests::test_build_transcript_truncates ... ok
test agent::context_compressor::tests::test_config_defaults ... ok
test agent::context_compressor::tests::test_config_serde_defaults ... ok
test agent::agent::tests::turn_streamed_normalizes_user_image_markers_before_provider_call ... ok
test agent::context_compressor::tests::test_estimate_tokens ... ok
test agent::context_compressor::tests::test_estimate_tokens_empty ... ok
test agent::context_compressor::tests::test_config_serde_override ... ok
test agent::context_compressor::tests::test_fast_trim_config_defaults ... ok
test agent::agent::tests::turn_normalizes_user_image_markers_before_provider_call ... ok
test agent::context_compressor::tests::test_fast_trim_disabled_when_zero ... ok
test agent::context_compressor::tests::test_fast_trim_skips_exempt_tools ... ok
test agent::context_compressor::tests::test_fast_trim_skips_images ... ok
test agent::context_compressor::tests::test_fast_trim_skips_non_tool_messages ... ok
test agent::context_compressor::tests::test_fast_trim_protects_first_and_last_n ... ok
test agent::context_compressor::tests::test_fast_trim_skips_small_results ... ok
test agent::context_compressor::tests::test_next_probe_tier ... ok
test agent::context_compressor::tests::test_repair_tool_pairs_no_false_positives ... ok
test agent::context_compressor::tests::test_repair_tool_pairs_removes_orphaned ... ok
test agent::context_compressor::tests::test_truncate_chars ... ok
test agent::cost::tests::different_models_under_same_provider_are_independent ... ok
test agent::cost::tests::different_providers_for_same_model_are_independent ... ok
test agent::cost::tests::first_sighting_returns_true ... ok
test agent::cost::tests::empty_strings_dedup_independently ... ok
test agent::cost::tests::lookup_pricing_bare_model_fallback_when_no_qualified_entry ... ok
test agent::cost::tests::lookup_pricing_disambiguates_two_providers_serving_same_model ... ok
test agent::cost::tests::lookup_pricing_returns_none_when_no_tier_matches ... ok
test agent::cost::tests::lookup_pricing_provider_qualified_beats_bare_model ... ok
test agent::cost::tests::second_sighting_same_pair_returns_false ... ok
test agent::cost::tests::lookup_pricing_suffix_fallback_for_slash_bearing_model_ids ... ok
test agent::dispatcher::tests::native_to_provider_messages_includes_reasoning_content ... ok
test agent::dispatcher::tests::native_to_provider_messages_omits_reasoning_content_when_none ... ok
test agent::dispatcher::tests::xml_dispatcher_parses_tool_calls ... ok
test agent::dispatcher::tests::xml_dispatcher_strips_think_before_tool_call ... ok
test agent::dispatcher::tests::native_dispatcher_roundtrip ... ok
test agent::dispatcher::tests::native_format_results_keeps_tool_call_id ... ok
test agent::dispatcher::tests::xml_dispatcher_think_only_returns_no_calls ... ok
test agent::dispatcher::tests::xml_to_provider_messages_ignores_reasoning_content ... ok
test agent::eval::tests::auto_classify_maps_tiers_to_hints ... ok
test agent::agent::tests::narration_with_tool_calls_produces_no_consecutive_assistant_entries ... ok
test agent::agent::tests::turn_with_native_dispatcher_handles_tool_results_variant ... ok
test agent::agent::tests::turn_streamed_passes_tool_specs_to_provider ... ok
test agent::eval::tests::complex_code_fence ... ok
test agent::dispatcher::tests::xml_format_results_contains_tool_result_tags ... ok
test agent::agent::tests::streaming_narration_with_tool_calls_produces_no_consecutive_assistant_entries ... ok
test agent::eval::tests::cop_out_response_penalized ... ok
test agent::eval::tests::complex_multiple_reasoning_keywords ... ok
test agent::eval::tests::complex_long_message ... ok
test agent::eval::tests::code_query_without_code_response_penalized ... ok
test agent::eval::tests::cost_optimized_hint_default ... ok
test agent::eval::tests::empty_response_scores_low ... ok
test agent::eval::tests::good_response_scores_high ... ok
test agent::eval::tests::max_retries_defaults ... ok
test agent::eval::tests::no_retry_when_already_complex ... ok
test agent::eval::tests::retry_hint_escalation ... ok
test agent::eval::tests::simple_short_message ... ok
test agent::eval::tests::standard_medium_message ... ok
test agent::eval::tests::standard_short_with_one_keyword ... ok
test agent::history::tests::truncate_tool_result_does_not_split_image_marker_at_head_boundary ... ok
test agent::history::tests::truncate_tool_result_does_not_split_image_marker_at_tail_boundary ... ok
test agent::history::tests::truncate_tool_result_keeps_complete_marker_in_head ... ok
test agent::history_pruner::tests::consecutive_assistant_with_tool_calls_stripped ... ok
test agent::history_pruner::tests::mismatched_tool_id_is_removed ... ok
test agent::context_compressor::tests::compress_if_needed_strips_image_markers_before_non_vision_summarization ... ok
test agent::history_pruner::tests::orphan_tool_at_start_is_removed ... ok
test agent::context_compressor::tests::test_build_summarizer_transcript_strips_image_markers_for_non_vision_provider ... ok
test agent::history_pruner::tests::multi_tool_call_batch_preserved ... ok
test agent::history::tests::canonicalize_tool_result_media_markers_preserves_existing_markers ... ok
test agent::history_pruner::tests::orphan_tool_from_trimmed_channel_history ... ok
test agent::history_pruner::tests::orphan_tool_in_middle_after_collapsed_pair ... ok
test agent::history_pruner::tests::orphan_tool_not_fooled_by_id_in_summary_text ... ok
test agent::history_pruner::tests::prune_collapses_multi_tool_group ... ok
test agent::history_pruner::tests::phase2_budget_respects_protected_tool_messages ... ok
test agent::history_pruner::tests::prune_collapses_tool_pairs ... ok
test agent::history_pruner::tests::prune_disabled_is_noop ... ok
test agent::history::tests::canonicalize_tool_result_media_markers_ignores_missing_paths ... ok
test agent::history_pruner::tests::prune_drops_oldest_when_over_budget ... ok
test agent::history_pruner::tests::prune_does_not_evict_protected_tool_when_group_straddles_keep_recent ... ok
test agent::history_pruner::tests::prune_drops_tool_group_atomically ... ok
test agent::history_pruner::tests::prune_empty_messages ... ok
test agent::history::tests::canonicalize_tool_result_media_markers_wraps_existing_local_image_path ... ok
test agent::history_pruner::tests::prune_never_orphans_tool_use ... ok
test agent::history_pruner::tests::prune_preserves_system_and_recent ... ok
test agent::history_pruner::tests::prune_protects_recent_tool_groups ... ok
test agent::history_pruner::tests::prune_under_budget_no_change ... ok
test agent::history_pruner::tests::tool_without_parseable_id_kept_if_assistant_has_tool_calls ... ok
test agent::history_pruner::tests::valid_tool_pair_preserved ... ok
test agent::loop_::tests::autosave_memory_key_has_prefix_and_uniqueness ... ok
test agent::history_pruner::tests::prune_under_realistic_token_pressure_preserves_tool_pairing ... ok
test agent::context_compressor::tests::test_build_summarizer_transcript_strips_all_attachment_kinds_for_non_vision_provider ... ok
test agent::loop_::tests::build_native_assistant_history_from_parsed_calls_omits_reasoning_content_when_none ... ok
test agent::loop_::tests::build_native_assistant_history_from_parsed_calls_includes_reasoning_content ... ok
test agent::loop_::tests::build_native_assistant_history_includes_reasoning_content ... ok
test agent::loop_::tests::build_tool_instructions_empty_registry_returns_empty ... ok
test agent::loop_::tests::build_native_assistant_history_omits_reasoning_content_when_none ... ok
test agent::loop_::tests::constants_bounds_are_compile_time_checked ... ok
test agent::loop_::tests::consume_provider_streaming_response_accumulates_split_reasoning_chunks ... ok
test agent::loop_::tests::consume_provider_streaming_response_captures_reasoning_content ... ok
test agent::loop_::tests::detect_tool_call_parse_issue_flags_malformed_payloads ... ok
test agent::loop_::tests::detect_tool_call_parse_issue_ignores_normal_text ... ok
test agent::loop_::tests::emergency_trim_nothing_to_drop ... ok
test agent::loop_::tests::emergency_trim_preserves_recent ... ok
test agent::loop_::tests::emergency_trim_preserves_system ... ok
test agent::loop_::tests::estimate_history_tokens_empty ... ok
test agent::loop_::tests::estimate_history_tokens_multiple_messages ... ok
test agent::loop_::tests::estimate_history_tokens_single_message ... ok
test agent::loop_::tests::estimate_tokens_empty_history ... ok
test agent::loop_::tests::build_tool_instructions_includes_all_tools ... ok
test agent::loop_::tests::estimate_tokens_multiple_messages ... ok
test agent::loop_::tests::estimate_tokens_large_tool_result ... ok
test agent::loop_::tests::cost_tracking_enforces_budget ... ok
test agent::loop_::tests::estimate_tokens_single_message ... ok
test agent::context_compressor::tests::test_parse_context_limit_openai ... ok
test agent::loop_::tests::fast_trim_protects_recent_messages ... ok
test agent::loop_::tests::fast_trim_skips_non_tool_messages ... ok
test agent::loop_::tests::fast_trim_small_tool_results_unchanged ... ok
test agent::loop_::tests::filter_by_allowed_tools_empty_list_excludes_all ... ok
test agent::loop_::tests::filter_by_allowed_tools_none_passes_all ... ok
test agent::loop_::tests::filter_by_allowed_tools_unknown_names_silently_ignored ... ok
test agent::loop_::tests::filter_by_allowed_tools_some_restricts_to_listed ... ok
test agent::loop_::tests::filter_tool_specs_always_group_includes_matching_mcp_tool ... ok
test agent::loop_::tests::filter_tool_specs_dynamic_group_excluded_on_no_keyword_match ... ok
test agent::loop_::tests::filter_tool_specs_dynamic_group_included_on_keyword_match ... ok
test agent::loop_::tests::filter_tool_specs_dynamic_keyword_match_is_case_insensitive ... ok
test agent::loop_::tests::filter_tool_specs_no_groups_returns_all ... ok
test agent::loop_::tests::glob_match_exact_no_wildcard ... ok
test agent::loop_::tests::glob_match_prefix_wildcard ... ok
test agent::loop_::tests::glob_match_star_matches_everything ... ok
test agent::loop_::tests::interactive_session_state_adds_missing_system_prompt ... ok
test agent::loop_::tests::interactive_session_state_round_trips_history ... ok
test agent::loop_::tests::load_interactive_session_heals_orphaned_tool_result ... ok
test agent::loop_::tests::load_interactive_session_merges_non_leading_system_messages ... ok
test agent::loop_::tests::load_interactive_session_replaces_empty_system_messages_with_fallback ... ok
test agent::loop_::tests::parse_tool_calls_cross_alias_close_tag_with_glm_shortened ... ok
test agent::loop_::tests::non_native_system_prompt_with_no_tools_contains_zero_tool_protocol ... ok
test agent::loop_::tests::parse_tool_calls_cross_alias_close_tag_with_json ... ok
test agent::loop_::tests::parse_tool_calls_file_read_shortened_in_cross_alias ... ok
test agent::loop_::tests::parse_tool_calls_attribute_style_in_tags ... ok
test agent::loop_::tests::native_tools_system_prompt_contains_zero_xml ... ok
test agent::loop_::tests::parse_tool_calls_glm_shortened_body_in_matched_tags ... ok
test agent::loop_::tests::parse_tool_calls_glm_yaml_style_in_tags ... ok
test agent::loop_::tests::parse_tool_calls_handles_qwen_think_with_multiple_tool_calls ... ok
test agent::loop_::tests::parse_tool_calls_multiple_formats_mixed ... ok
test agent::loop_::tests::parse_tool_calls_nested_xml_tags_handled ... ok
test agent::loop_::tests::parse_tool_calls_handles_unclosed_tool_call_tag ... ok
test agent::loop_::tests::parse_tool_calls_special_characters_in_arguments ... ok
test agent::loop_::tests::parse_tool_calls_strips_think_before_tool_call ... ok
test agent::loop_::tests::parse_tool_calls_unclosed_glm_shortened_no_close_tag ... ok
test agent::loop_::tests::parse_tool_calls_text_before_cross_alias ... ok
test agent::loop_::tests::execute_one_tool_normalizes_empty_success_output ... ok
test agent::loop_::tests::execute_one_tool_resolves_unique_activated_tool_suffix ... ok
test agent::loop_::tests::cost_tracking_is_noop_without_scope ... ok
test agent::loop_::tests::resolve_display_text_hides_raw_payload_for_tool_only_turns ... ok
test agent::loop_::tests::resolve_display_text_keeps_plain_text_for_tool_turns ... ok
test agent::loop_::tests::cost_tracking_records_usage_when_scoped ... ok
test agent::loop_::tests::resolve_display_text_uses_response_text_for_final_turns ... ok
test agent::loop_::tests::execute_one_tool_does_not_panic_on_utf8_boundary ... ok
test agent::loop_::tests::resolve_display_text_uses_response_text_for_native_tool_turns ... ok
test agent::loop_::tests::parse_tool_calls_very_large_arguments_no_panic ... ok
test agent::loop_::tests::run_tool_call_loop_accepts_valid_multimodal_request_flow ... ok
test agent::loop_::tests::autosave_memory_keys_preserve_multiple_turns ... ok
test agent::loop_::tests::run_tool_call_loop_consumes_provider_stream_for_final_response ... ok
test agent::loop_::tests::run_tool_call_loop_empty_image_markers_use_default_provider ... ok
test agent::loop_::tests::run_tool_call_loop_multiple_images_trigger_vision_routing ... ok
test agent::loop_::tests::build_context_excludes_conversation_when_flag_set ... ok
test agent::context_compressor::tests::test_parse_context_limit_none ... ok
test agent::loop_::tests::run_tool_call_loop_no_images_uses_default_provider ... ok
test agent::loop_::tests::run_tool_call_loop_no_vision_provider_config_preserves_error ... ok
test agent::context_compressor::tests::test_parse_context_limit_anthropic ... ok
test agent::context_compressor::tests::test_parse_context_limit_llamacpp ... ok
test agent::agent::tests::from_config_passes_extra_headers_to_custom_provider ... ok
test agent::context_compressor::tests::test_parse_context_limit_rejects_small ... ok
test agent::loop_::tests::parse_tool_calls_whitespace_only_returns_empty_calls ... ok
test agent::loop_::tests::parse_tool_calls_strips_think_only_returns_empty ... ok
test agent::loop_::tests::parse_tool_calls_empty_input_returns_empty ... ok
test agent::loop_::tests::run_tool_call_loop_native_mode_preserves_fallback_tool_call_ids ... ok
test agent::loop_::tests::parse_tool_calls_empty_json_object_in_tag ... ok
test agent::loop_::tests::parse_tool_calls_closing_tag_only_returns_text ... ok
test agent::loop_::tests::parse_tool_calls_handles_empty_tool_calls_array ... ok
test agent::loop_::tests::parse_tool_calls_truncated_json_no_panic ... ok
test agent::loop_::tests::run_tool_call_loop_deduplicates_repeated_tool_calls ... ok
test agent::loop_::tests::run_tool_call_loop_injects_channel_delivery_defaults_for_cron_add ... ok
test agent::loop_::tests::run_tool_call_loop_dedup_exempt_allows_repeated_calls ... ok
test agent::loop_::tests::agent_turn_executes_activated_tool_from_wrapper ... ok
test agent::loop_::tests::parse_tool_calls_text_with_embedded_json_not_extracted ... ok
test agent::loop_::tests::run_tool_call_loop_dedup_exempt_only_affects_listed_tools ... ok
test agent::loop_::tests::run_tool_call_loop_allows_low_risk_shell_in_non_interactive_mode ... ok
test agent::loop_::tests::run_tool_call_loop_relays_native_tool_call_text_via_on_delta ... ok
test agent::loop_::tests::scrub_credentials_empty_input ... ok
test agent::loop_::tests::run_tool_call_loop_vision_provider_creation_failure ... ok
test agent::loop_::tests::run_tool_call_loop_vision_provider_without_model_falls_back ... ok
test agent::loop_::tests::shared_budget_decrement_logic ... ok
test agent::loop_::tests::scrub_credentials_no_sensitive_data ... ok
test agent::loop_::tests::shared_budget_none_has_no_effect ... ok
test agent::loop_::tests::should_execute_tools_in_parallel_returns_false_for_single_call ... ok
test agent::loop_::tests::scrub_credentials_short_values_not_redacted ... ok
test agent::loop_::tests::run_tool_call_loop_streams_native_tool_events_without_chat_fallback ... ok
test agent::loop_::tests::should_execute_tools_in_parallel_returns_false_when_approval_is_required ... ok
test agent::loop_::tests::strip_think_tags_handles_unclosed_block ... ok
test agent::loop_::tests::should_execute_tools_in_parallel_returns_true_when_cli_has_no_interactive_approvals ... ok
test agent::loop_::tests::strip_think_tags_preserves_text_without_tags ... ok
test agent::loop_::tests::strip_think_tags_removes_multiple_blocks ... ok
test agent::loop_::tests::strip_think_tags_removes_single_block ... ok
test agent::loop_::tests::scrub_credentials_redacts_json_api_key ... ok
test agent::loop_::tests::scrub_credentials_multibyte_chars_no_panic ... ok
test agent::loop_::tests::trim_history_empty_history ... ok
test agent::loop_::tests::trim_history_exactly_at_limit ... ok
test agent::loop_::tests::trim_history_preserves_system_prompt ... ok
test agent::loop_::tests::trim_history_removes_oldest_non_system ... ok
test agent::loop_::tests::tool_loop_normalizes_non_leading_system_messages_before_provider_request ... ok
test agent::loop_::tests::trim_history_preserves_role_ordering ... ok
test agent::loop_::tests::trim_history_system_only ... ok
test agent::loop_::tests::tools_to_openai_format_produces_valid_schema ... ok
test agent::loop_::tests::trim_history_noop_when_within_limit ... ok
test agent::loop_::tests::trim_history_with_only_system_prompt ... ok
test agent::loop_::tests::trim_history_with_no_system_prompt ... ok
test agent::loop_::tests::scrub_credentials_redacts_bearer_token ... ok
test agent::loop_::tests::truncate_tool_message_plain_text_fallback ... ok
test agent::loop_::tests::truncate_tool_message_short_passthrough ... ok
test agent::loop_::tests::truncate_tool_result_exact_boundary ... ok
test agent::loop_::tests::truncate_tool_result_short_passthrough ... ok
test agent::loop_::tests::truncate_tool_result_preserves_head_tail_ratio ... ok
test agent::loop_::tests::truncate_tool_result_truncates_with_marker ... ok
test agent::loop_::tests::truncate_tool_result_utf8_boundary_safety ... ok
test agent::loop_::tests::truncate_tool_result_very_small_max ... ok
test agent::loop_::tests::run_tool_call_loop_surfaces_tool_failure_reason_in_on_delta ... ok
test agent::loop_detector::tests::disabled_detector_always_returns_ok ... ok
test agent::loop_detector::tests::exact_repeat_block_at_threshold_plus_one ... ok
test agent::loop_::tests::truncate_tool_message_preserves_json_structure ... ok
test agent::loop_detector::tests::exact_repeat_break_at_threshold_plus_two ... ok
test agent::loop_detector::tests::exact_repeat_resets_on_different_call ... ok
test agent::loop_::tests::truncate_tool_result_zero_disables ... ok
test agent::loop_detector::tests::exact_repeat_takes_priority_over_no_progress ... ok
test agent::loop_detector::tests::exact_repeat_warning_at_threshold ... ok
test agent::loop_detector::tests::hash_value_is_key_order_independent ... ok
test agent::loop_detector::tests::hash_value_nested_key_order_independent ... ok
test agent::loop_detector::tests::no_progress_escalates_to_block_and_break ... ok
test agent::loop_detector::tests::no_progress_not_triggered_when_all_args_identical ... ok
test agent::loop_detector::tests::no_progress_not_triggered_when_results_differ ... ok
test agent::loop_detector::tests::no_progress_warning_at_five_different_args_same_result ... ok
test agent::loop_detector::tests::ping_pong_escalates_with_more_cycles ... ok
test agent::loop_detector::tests::ping_pong_not_triggered_for_same_tool ... ok
test agent::loop_detector::tests::ping_pong_detects_alternation_with_varying_args ... ok
test agent::loop_detector::tests::ping_pong_warning_at_four_cycles ... ok
test agent::loop_detector::tests::window_eviction_prevents_stale_pattern_detection ... ok
test agent::loop_detector::tests::window_size_limits_memory ... ok
test agent::memory_loader::tests::default_loader_formats_context ... ok
test agent::memory_loader::tests::default_loader_skips_legacy_assistant_autosave_entries ... ok
test agent::memory_loader::tests::default_loader_skips_user_autosave_entries ... ok
test agent::personality::tests::empty_workspace_yields_empty_profile ... ok
test agent::personality::tests::get_returns_none_for_missing_file ... ok
test agent::personality::tests::load_personality_files_custom_subset ... ok
test agent::personality::tests::load_personality_reads_existing_files ... ok
test agent::personality::tests::load_personality_records_missing_files ... ok
test agent::personality::tests::load_personality_treats_empty_files_as_missing ... ok
test agent::personality_templates::tests::bootstrap_is_not_a_template ... ok
test agent::personality::tests::render_produces_markdown_sections ... ok
test agent::personality_templates::tests::excluding_memory_drops_memory_md ... ok
test agent::personality_templates::tests::default_preset_covers_every_editable_file ... ok
test agent::personality_templates::tests::substitutes_agent_name_into_soul ... ok
test agent::personality_templates::tests::unknown_filename_returns_none ... ok
test agent::personality_templates::tests::excluding_memory_picks_no_memory_agents_variant ... ok
test agent::prompt::tests::datetime_section_includes_timestamp_and_timezone ... ok
test agent::prompt::tests::safety_section_full_autonomy_omits_approval_instructions ... ok
test agent::prompt::tests::identity_section_with_aieos_includes_workspace_files ... ok
test agent::prompt::tests::prompt_builder_assembles_sections ... ok
test agent::prompt::tests::safety_section_includes_security_summary_when_present ... ok
test agent::prompt::tests::safety_section_omits_security_policy_when_none ... ok
test agent::prompt::tests::safety_section_supervised_includes_approval_instructions ... ok
test agent::prompt::tests::prompt_builder_inlines_and_escapes_skills ... ok
test agent::prompt::tests::prompt_builder_omits_tool_sections_when_no_tools_available ... ok
test agent::prompt::tests::skills_section_compact_mode_omits_instructions_but_keeps_tools ... ok
test agent::prompt::tests::prompt_builder_skips_tools_section_for_native_tool_specs ... ok
test agent::prompt::tests::skills_section_includes_instructions_and_tools ... ok
test agent::personality::tests::load_personality_truncates_large_files ... ok
test agent::tests::builder_fails_without_provider ... ok
test agent::tests::conversation_message_serialization_roundtrip ... ok
test agent::personality::tests::render_truncated_file_shows_notice ... ok
test agent::tests::native_dispatcher_returns_empty_instructions ... ok
test agent::tests::native_dispatcher_handles_stringified_arguments ... ok
test agent::tests::clear_history_resets_conversation ... ok
test agent::tests::multi_turn_maintains_growing_history ... ok
test agent::tests::history_contains_all_expected_entries_after_tool_loop ... ok
test agent::tests::native_dispatcher_sends_tool_specs ... ok
test agent::tests::run_single_delegates_to_turn ... ok
test agent::tests::history_trims_after_max_messages ... ok
test agent::tests::native_dispatcher_converts_tool_results_to_tool_messages ... ok
test agent::tests::native_format_results_maps_tool_call_ids ... ok
Let me check...test agent::tests::system_prompt_injected_on_first_turn ... ok
test agent::loop_::tests::run_tool_call_loop_returns_structured_error_for_non_vision_provider ... ok
test agent::tests::system_prompt_not_duplicated_on_second_turn ... ok
test agent::tests::turn_handles_none_text_response ... ok
test agent::tests::turn_propagates_provider_error ... ok
test agent::tests::turn_executes_single_tool_then_returns ... ok
test agent::tests::turn_handles_unknown_tool_gracefully ... ok
test agent::tests::turn_preserves_text_alongside_tool_calls ... ok
test agent::tests::turn_handles_empty_text_response ... ok
test agent::loop_::tests::run_tool_call_loop_routed_streaming_uses_live_provider_deltas_once ... ok
test agent::loop_::tests::run_tool_call_loop_streaming_path_preserves_tool_loop_semantics ... ok
test agent::tests::turn_handles_multiple_tools_in_one_response ... ok
test agent::tests::turn_handles_multi_step_tool_chain ... ok
test agent::tests::turn_recovers_from_tool_error ... ok
test agent::tests::xml_dispatcher_converts_history_to_provider_messages ... ok
test agent::tests::turn_bails_out_at_max_iterations ... ok
test agent::tests::xml_dispatcher_generates_tool_instructions ... ok
test agent::tests::xml_dispatcher_does_not_send_tool_specs ... ok
test agent::tests::xml_dispatcher_handles_empty_tool_call_tag ... ok
test agent::loop_::tests::run_tool_call_loop_preserves_explicit_cron_delivery_none ... ok
test agent::tests::xml_dispatcher_handles_nested_json ... ok
test agent::tests::turn_returns_text_when_no_tools_called ... ok
test agent::tests::turn_with_no_effective_tools_still_strips_reasoning_tags ... ok
test agent::tests::xml_dispatcher_handles_unclosed_tool_call ... ok
test agent::tests::turn_recovers_from_tool_failure ... ok
test agent::tests::turn_with_no_effective_tools_does_not_send_empty_native_tool_specs ... ok
test agent::tests::xml_dispatcher_omits_tool_instructions_without_tools ... ok
test agent::tests::turn_with_no_effective_tools_treats_xml_tool_call_as_text ... ok
test agent::tests::xml_format_results_includes_status_and_output ... ok
test agent::thinking::tests::apply_thinking_level_high_adds_step_by_step ... ok
test agent::thinking::tests::apply_thinking_level_max_is_most_thorough ... ok
test agent::thinking::tests::apply_thinking_level_medium_is_neutral ... ok
test agent::thinking::tests::apply_thinking_level_off_is_concise ... ok
test agent::thinking::tests::clamp_temperature_above_maximum ... ok
test agent::thinking::tests::clamp_temperature_below_minimum ... ok
test agent::thinking::tests::clamp_temperature_within_range ... ok
test agent::thinking::tests::parse_directive_extracts_level_and_remaining_message ... ok
test agent::thinking::tests::parse_directive_handles_directive_only ... ok
test agent::thinking::tests::parse_directive_not_triggered_mid_message ... ok
test agent::tests::xml_format_results_wraps_local_image_paths ... ok
test agent::thinking::tests::parse_directive_returns_none_for_invalid_level ... ok
test agent::tests::xml_dispatcher_parses_and_loops ... ok
test agent::thinking::tests::parse_directive_returns_none_for_no_directive ... ok
test agent::thinking::tests::parse_directive_strips_leading_whitespace ... ok
test agent::thinking::tests::resolve_default_config_uses_medium ... ok
test agent::thinking::tests::resolve_falls_back_to_config_default ... ok
test agent::thinking::tests::resolve_inline_directive_takes_priority ... ok
test agent::thinking::tests::resolve_session_override_takes_priority_over_config ... ok
test agent::thinking::tests::thinking_level_from_str_aliases ... ok
test agent::thinking::tests::thinking_level_from_str_canonical_names ... ok
test agent::thinking::tests::thinking_level_from_str_case_insensitive ... ok
test agent::thinking::tests::thinking_level_from_str_invalid_returns_none ... ok
test agent::thinking::tests::thinking_config_default_level_deserializes ... ok
test agent::thinking::tests::thinking_level_serializes_lowercase ... ok
test agent::tool_receipts::tests::fabricated_receipt_fails_verification ... ok
test agent::thinking::tests::thinking_config_deserializes_from_toml ... ok
test agent::tool_receipts::tests::malformed_receipt_fails_verification ... ok
test agent::tool_receipts::tests::generate_now_produces_valid_receipt ... ok
test agent::tool_receipts::tests::new_generates_random_key ... ok
test agent::tool_receipts::tests::receipt_format_parseable ... ok
test agent::tool_receipts::tests::receipt_from_different_tool_fails ... ok
test agent::tool_receipts::tests::receipt_generation_deterministic ... ok
test agent::tool_receipts::tests::receipt_verification_fails_tampered_name ... ok
test agent::tool_receipts::tests::receipt_verification_fails_wrong_key ... ok
test agent::tool_receipts::tests::receipt_verification_fails_tampered_result ... ok
test agent::tool_receipts::tests::receipt_verification_succeeds ... ok
test agent::tool_receipts::tests::receipt_with_modified_args_fails ... ok
test approval::tests::always_ask_overrides_auto_approve ... ok
test approval::tests::always_ask_overrides_session_allowlist ... ok
test approval::tests::always_ask_tools_always_prompt ... ok
test approval::tests::always_response_adds_to_session_allowlist ... ok
test approval::tests::approval_request_serde ... ok
test approval::tests::approval_response_serde_roundtrip ... ok
test approval::tests::audit_log_contains_timestamp_and_channel ... ok
test approval::tests::audit_log_records_decisions ... ok
test approval::tests::auto_approve_tools_skip_prompt ... ok
test approval::tests::channel_always_approve_maps_to_always ... ok
test approval::tests::channel_approval_request_serde_roundtrip ... ok
test approval::tests::channel_approval_response_serde_roundtrip ... ok
test approval::tests::channel_approve_maps_to_yes ... ok
test approval::tests::channel_deny_maps_to_no ... ok
test approval::tests::full_autonomy_never_prompts ... ok
test approval::tests::interactive_manager_reports_interactive ... ok
test approval::tests::non_interactive_allows_default_auto_approve_tools ... ok
test approval::tests::non_interactive_always_ask_tools_need_approval ... ok
test approval::tests::non_interactive_always_ask_overrides_session_allowlist ... ok
test approval::tests::non_interactive_auto_approve_tools_skip_approval ... ok
test approval::tests::non_interactive_backchannel_shell_requires_outer_approval ... ok
test approval::tests::non_interactive_denies_unknown_tools ... ok
test approval::tests::non_interactive_manager_reports_non_interactive ... ok
test approval::tests::non_interactive_full_autonomy_never_needs_approval ... ok
test approval::tests::non_interactive_readonly_never_needs_approval ... ok
test approval::tests::non_interactive_session_allowlist_still_works ... ok
test approval::tests::non_interactive_shell_skips_outer_approval_by_default ... ok
test approval::tests::non_interactive_unknown_tools_need_approval_in_supervised ... ok
test approval::tests::non_interactive_weather_is_auto_approved ... ok
test approval::tests::readonly_never_prompts ... ok
test approval::tests::summarize_args_keeps_non_secret_values ... ok
test approval::tests::summarize_args_non_object ... ok
test approval::tests::summarize_args_object ... ok
test approval::tests::summarize_args_redaction_is_case_insensitive_and_substring_aware ... ok
test approval::tests::summarize_args_truncates_long_values ... ok
test approval::tests::summarize_args_redacts_known_secret_key_names ... ok
test approval::tests::summarize_args_unicode_safe_truncation ... ok
test approval::tests::unknown_tool_needs_approval_in_supervised ... ok
test cli_input::tests::interact_text_allows_empty_when_requested ... ok
test approval::tests::yes_response_does_not_add_to_allowlist ... ok
test cli_input::tests::interact_text_reprompts_when_empty_is_not_allowed ... ok
test cli_input::tests::interact_text_returns_default_for_blank_input ... ok
test cli_input::tests::interact_text_returns_typed_value_without_newline ... ok
test cli_input::tests::trim_trailing_line_ending_strips_newlines ... ok
test cron::schedule::tests::next_run_for_schedule_supports_every_and_at ... ok
test cron::schedule::tests::normalize_expression_does_not_modify_6_field ... ok
test agent::loop_::tests::strip_tool_result_blocks_returns_empty_for_only_tags ... ok
test cron::schedule::tests::normalize_expression_applies_weekday_fix_to_5_field ... ok
test agent::loop_::tests::strip_tool_result_blocks_preserves_clean_text ... ok
test cron::schedule::tests::normalize_weekday_field_passes_through_wildcards_and_names ... ok
test cron::schedule::tests::next_run_for_schedule_supports_timezone ... ok
test cron::schedule::tests::normalize_weekday_field_translates_ranges ... ok
test cron::schedule::tests::normalize_weekday_field_translates_standard_crontab_values ... ok
test cron::schedule::tests::normalize_weekday_field_translates_lists ... ok
test cron::schedule::tests::no_tz_defaults_to_local_timezone ... ok
test cron::schedule::tests::normalize_weekday_field_translates_steps ... ok
test cron::schedule::tests::weekday_0_means_sunday ... ok
test cron::schedule::tests::weekday_1_5_does_not_fire_on_saturday_or_sunday ... ok
test cron::schedule::tests::weekday_1_5_schedules_monday_through_friday ... ok
test cron::schedule::tests::weekday_7_means_sunday ... ok
test cron::scheduler::tests::build_cron_shell_command_uses_sh_non_login ... ok
test cron::scheduler::tests::high_frequency_every_interval_below_threshold_is_flagged ... ok
test cron::scheduler::tests::high_frequency_daily_cron_is_not_flagged ... ok
test cron::scheduler::tests::high_frequency_every_interval_at_threshold_is_not_flagged ... ok
test cron::scheduler::tests::high_frequency_every_5min_cron_is_not_flagged ... ok
test cron::scheduler::tests::high_frequency_every_4min_cron_is_flagged ... ok
test cron::scheduler::tests::deliver_if_configured_handles_none_mode ... ok
test cron::scheduler::tests::high_frequency_shell_job_is_never_flagged ... ok
test cron::scheduler::tests::deliver_announcement_returns_ok_when_no_handler_registered ... ok
test cron::scheduler::tests::build_cron_shell_command_executes_successfully ... ok
test agent::loop_::tests::run_tool_call_loop_skips_oversized_image_payload ... ok
test cron::scheduler::tests::broadcast_handles_no_subscribers ... ok
test cron::scheduler::tests::broadcast_sends_cron_result_on_success ... ok
test cron::scheduler::tests::persist_job_result_success_deletes_one_shot ... ok
test cron::scheduler::tests::persist_job_result_success_deletes_one_shot_shell_job ... ok
test cron::scheduler::tests::process_due_jobs_marks_component_ok_even_when_idle ... ok
test cron::scheduler::tests::run_agent_job_blocks_rate_limited ... ok
test cron::scheduler::tests::run_agent_job_blocks_readonly_mode ... ok
test cron::scheduler::tests::persist_job_result_uses_one_write_connection_for_failed_one_shot_disable ... ok
test cron::scheduler::tests::run_job_command_blocks_disallowed_command ... ok
test cron::scheduler::tests::run_job_command_blocks_forbidden_option_assignment_path_argument ... ok
test cron::scheduler::tests::persist_job_result_uses_one_write_connection_for_recurring_job ... ok
test cron::scheduler::tests::run_job_command_blocks_forbidden_path_argument ... ok
test cron::scheduler::tests::run_job_command_blocks_forbidden_short_option_attached_path_argument ... ok
test cron::scheduler::tests::run_job_command_blocks_input_redirection_path_bypass ... ok
test cron::scheduler::tests::run_job_command_blocks_rate_limited ... ok
test cron::scheduler::tests::run_job_command_blocks_readonly_mode ... ok
test cron::scheduler::tests::run_job_command_blocks_tilde_user_path_argument ... ok
test agent::loop_::tests::build_context_ignores_legacy_assistant_autosave_entries ... ok
test cron::scheduler::tests::run_job_command_success ... ok
test cron::scheduler::tests::run_job_command_failure ... ok
test cron::store::tests::add_agent_job_rejects_invalid_announce_delivery ... ok
test cron::scheduler::tests::broadcast_none_skips_without_error ... ok
test cron::store::tests::add_job_accepts_five_field_expression ... ok
test cron::scheduler::tests::persist_job_result_at_schedule_without_delete_after_run_is_disabled ... ok
test cron::scheduler::tests::persist_job_result_failure_disables_one_shot_shell_job ... ok
test cron::scheduler::tests::persist_job_result_failure_disables_one_shot ... ok
test cron::store::tests::add_shell_job_rejects_invalid_delivery_mode ... ok
test cron::store::tests::add_agent_job_persists_allowed_tools ... ok
test cron::store::tests::declarative_config_parses_from_toml ... ok
test cron::scheduler::tests::persist_job_result_records_run_and_reschedules_shell_job ... ok
test cron::scheduler::tests::persist_job_result_delivery_stubbed_succeeds ... ok
test cron::store::tests::empty_declarative_sync_on_empty_workspace_does_not_initialize_cron_db ... ok
test cron::scheduler::tests::persist_job_result_delivery_failure_best_effort_marks_degraded ... ok
test agent::loop_::tests::build_context_ignores_user_autosave_entries ... ok
test cron::scheduler::tests::persist_job_result_falls_back_to_disable_when_auto_delete_history_insert_fails ... ok
test cron::scheduler::tests::persist_job_result_falls_back_to_state_update_when_history_prune_fails ... ok
test cron::scheduler::tests::persist_job_result_rolls_back_run_history_when_job_state_update_fails ... ok
test cron::store::tests::read_only_queries_on_empty_workspace_do_not_initialize_cron_db ... ok
test cron::scheduler::tests::persist_job_result_prunes_run_history_and_updates_last_fields ... ok
✅ Removed cron job de95e3d6-a603-4667-8e6a-cebe5868103f
test cron::scheduler::tests::catch_up_queries_all_overdue_jobs_ignoring_max_tasks ... ok
test cron::store::tests::add_shell_job_persists_delivery ... ok
test cron::store::tests::job_type_from_sql_rejects_invalid_value ... ok
test cron::store::tests::job_type_from_sql_reads_valid_value ... ok
test cron::store::tests::add_list_remove_roundtrip ... ok
test cron::store::tests::add_shell_job_marks_at_schedule_for_auto_delete ... ok
test cron::store::tests::migration_falls_back_to_legacy_expression ... ok
test cron::scheduler::tests::run_job_command_times_out ... ok
test cron::store::tests::first_write_initializes_schema_and_follow_up_reads_work ... ok
test agent::tests::auto_save_stores_only_user_messages_in_memory ... ok
test cron::store::tests::read_existing_old_schema_db_migrates_before_querying_new_columns ... ok
test cron::store::tests::all_overdue_jobs_excludes_disabled_jobs ... ok
test cron::store::tests::record_run_truncates_large_output ... ok
test cron::store::tests::sync_validates_agent_job_requires_prompt ... ok
test cron::store::tests::sync_agent_job_inserts_correctly ... ok
test cron::store::tests::sync_validates_shell_job_requires_command ... ok
test cron::types::tests::deserialize_every_from_string ... ok
test cron::types::tests::deserialize_invalid_string_returns_error ... ok
test cron::types::tests::deserialize_schedule_from_object ... ok
test cron::types::tests::deserialize_schedule_from_string ... ok
test cron::types::tests::deserialize_schedule_string_with_tz ... ok
test cron::types::tests::job_type_try_from_accepts_known_values_case_insensitive ... ok
test cron::types::tests::job_type_try_from_rejects_invalid_values ... ok
test cron::validate_delivery_tests::validate_delivery_accepts_webhook_with_thread_id ... ok
test cron::validate_delivery_tests::validate_delivery_accepts_webhook_without_thread_id ... ok
test cron::validate_delivery_tests::validate_delivery_rejects_unknown_channel ... ok
test daemon::tests::auto_detect_none_when_no_channels ... ok
test daemon::tests::auto_detect_telegram_when_configured ... ok
test daemon::tests::detects_dingtalk_as_supervised_channel ... ok
test daemon::tests::detects_mattermost_as_supervised_channel ... ok
test daemon::tests::detects_nextcloud_talk_as_supervised_channel ... ok
test daemon::tests::detects_no_supervised_channels ... ok
test daemon::tests::detects_qq_as_supervised_channel ... ok
test daemon::tests::detects_supervised_channels_present ... ok
test cron::store::tests::due_jobs_respects_scheduler_max_tasks_limit ... ok
test daemon::tests::resolve_delivery_accepts_telegram_configuration ... ok
test daemon::tests::resolve_delivery_none_when_unset ... ok
test daemon::tests::resolve_delivery_rejects_unsupported_channel ... ok
test cron::store::tests::all_overdue_jobs_ignores_max_tasks_limit ... ok
test daemon::tests::resolve_delivery_requires_channel_configuration ... ok
test daemon::tests::resolve_delivery_requires_target_field ... ok
test daemon::tests::resolve_delivery_requires_to_field ... ok
test daemon::tests::state_file_path_uses_config_directory ... ok
✅ Removed cron job 5a855a12-b780-4569-84f2-a11602e2e215
test cron::store::tests::reschedule_after_run_disables_at_schedule_job_on_failure ... ok
test cron::store::tests::reschedule_after_run_disables_at_schedule_job ... ok
test daemon::tests::webhook_only_config_is_supervised ... ok
test cron::store::tests::record_and_prune_runs ... ok
test cron::store::tests::reschedule_after_run_truncates_last_output ... ok
test doctor::tests::config_validation_accepts_custom_provider ... ok
test cron::store::tests::reschedule_after_run_persists_last_status_and_last_run ... ok
test doctor::tests::config_validation_accepts_valid_temperature ... ok
test doctor::tests::config_validation_catches_bad_temperature ... ok
test doctor::tests::config_validation_catches_malformed_custom_provider ... ok
test doctor::tests::config_validation_catches_unknown_provider ... ok
test doctor::tests::config_validation_reports_delegate_agents_in_sorted_order ... ok
test cron::store::tests::due_jobs_filters_by_timestamp_and_enabled ... ok
test doctor::tests::config_validation_warns_bad_custom_fallback ... ok
test doctor::tests::config_validation_warns_empty_embedding_route_model ... ok
test doctor::tests::config_validation_warns_empty_model_route ... ok
test doctor::tests::config_validation_warns_bad_fallback ... ok
test doctor::tests::config_validation_warns_invalid_embedding_route_provider ... ok
test doctor::tests::diag_item_icons ... ok
test doctor::tests::parse_df_available_mb_uses_last_data_line ... ok
test doctor::tests::config_validation_warns_no_channels ... ok
test doctor::tests::config_validation_warns_missing_embedding_hint_target ... ok
test cron::store::tests::sync_inserts_new_declarative_job ... ok
test doctor::tests::truncate_for_display_preserves_utf8_boundaries ... ok
test doctor::tests::provider_validation_checks_custom_url_shape ... ok
test doctor::tests::workspace_probe_path_is_hidden_and_unique ... ok
test health::tests::bump_component_restart_increments_counter ... ok
test heartbeat::engine::tests::adaptive_backoff_respects_min ... ok
test health::tests::mark_component_error_then_ok_clears_last_error ... ok
test heartbeat::engine::tests::adaptive_backs_off_on_failures ... ok
test health::tests::mark_component_ok_initializes_component_state ... ok
test heartbeat::engine::tests::adaptive_uses_base_when_no_failures ... ok
test heartbeat::engine::tests::adaptive_uses_min_for_high_priority ... ok
test health::tests::snapshot_json_contains_registered_component_fields ... ok
test heartbeat::engine::tests::engine_exposes_shared_metrics ... ok
test heartbeat::engine::tests::decision_prompt_includes_all_tasks ... ok
test heartbeat::engine::tests::metrics_ema_smoothing ... ok
test cron::store::tests::remove_job_cascades_run_history ... ok
test heartbeat::engine::tests::metrics_record_failure_resets_successes ... ok
test heartbeat::engine::tests::metrics_record_success_updates_fields ... ok
test cron::store::tests::sync_every_schedule_works ... ok
test heartbeat::engine::tests::parse_decision_run_multiple ... ok
test heartbeat::engine::tests::parse_decision_run_out_of_range_ignored ... ok
test heartbeat::engine::tests::parse_decision_run_single ... ok
test heartbeat::engine::tests::parse_decision_run_zero_ignored ... ok
test heartbeat::engine::tests::parse_decision_skip ... ok
test heartbeat::engine::tests::parse_decision_skip_with_reason ... ok
test heartbeat::engine::tests::parse_mixed_structured_and_legacy ... ok
test heartbeat::engine::tests::parse_task_completed ... ok
test heartbeat::engine::tests::parse_task_with_high_priority ... ok
test heartbeat::engine::tests::collect_runnable_tasks_sorts_by_priority ... ok
test heartbeat::engine::tests::ensure_heartbeat_file_creates_file ... ok
test heartbeat::engine::tests::parse_task_with_low_paused ... ok
test heartbeat::engine::tests::ensure_heartbeat_file_does_not_overwrite ... ok
test heartbeat::engine::tests::parse_task_without_metadata_defaults ... ok
test heartbeat::engine::tests::parse_tasks_basic ... ok
test heartbeat::engine::tests::parse_tasks_bullet_with_content_after_spaces ... ok
test heartbeat::engine::tests::parse_tasks_dash_without_space_ignored ... ok
test heartbeat::engine::tests::parse_tasks_empty_content ... ok
test heartbeat::engine::tests::parse_tasks_mixed_markdown ... ok
test heartbeat::engine::tests::parse_tasks_many_tasks ... ok
test heartbeat::engine::tests::parse_tasks_only_comments ... ok
test heartbeat::engine::tests::parse_tasks_single_task ... ok
test heartbeat::engine::tests::parse_tasks_trailing_space_bullet_trimmed_to_dash ... ok
test heartbeat::engine::tests::parse_tasks_unicode ... ok
test heartbeat::engine::tests::parse_tasks_with_leading_whitespace ... ok
test heartbeat::engine::tests::priority_ordering ... ok
test heartbeat::engine::tests::runnable_filters_paused_and_completed ... ok
test heartbeat::engine::tests::task_display_format ... ok
test heartbeat::engine::tests::run_returns_immediately_when_disabled ... ok
test heartbeat::engine::tests::tick_returns_zero_when_no_file ... ok
test heartbeat::tests::ensure_heartbeat_file_creates_expected_file ... ok
test heartbeat::tests::heartbeat_engine_is_constructible_via_module_export ... ok
test heartbeat::engine::tests::tick_counts_tasks_from_file ... ok
test hooks::builtin::command_logger::tests::logs_tool_calls ... ok
test hooks::builtin::webhook_audit::tests::before_tool_call_captures_args_when_enabled ... ok
test hooks::builtin::webhook_audit::tests::before_tool_call_skips_non_matching_tools ... ok
test hooks::builtin::webhook_audit::tests::before_tool_call_concurrent_same_tool_no_data_loss ... ok
test hooks::builtin::webhook_audit::tests::empty_patterns_matches_nothing ... ok
test hooks::builtin::webhook_audit::tests::glob_empty_pattern ... ok
test hooks::builtin::webhook_audit::tests::glob_exact_match ... ok
test hooks::builtin::webhook_audit::tests::glob_star_matches_everything ... ok
test hooks::builtin::webhook_audit::tests::before_tool_call_skips_when_include_args_false ... ok
test hooks::builtin::webhook_audit::tests::glob_wildcard_middle ... ok
test hooks::builtin::webhook_audit::tests::glob_wildcard_prefix ... ok
test hooks::builtin::webhook_audit::tests::glob_wildcard_suffix ... ok
test hooks::builtin::webhook_audit::tests::matches_any_pattern_works ... ok
test hooks::builtin::webhook_audit::tests::truncate_args_over_limit ... ok
test hooks::builtin::webhook_audit::tests::on_after_tool_call_skips_empty_url ... ok
test hooks::builtin::webhook_audit::tests::truncate_args_within_limit ... ok
test hooks::builtin::webhook_audit::tests::on_after_tool_call_skips_non_matching ... ok
test hooks::builtin::webhook_audit::tests::truncate_args_zero_means_no_limit ... ok
test hooks::builtin::webhook_audit::tests::validate_url_accepts_https_public ... ok
test hooks::builtin::webhook_audit::tests::validate_url_rejects_http_non_localhost ... ok
test hooks::builtin::webhook_audit::tests::validate_url_rejects_link_local ... ok
test hooks::builtin::webhook_audit::tests::validate_url_rejects_loopback_ipv4 ... ok
test hooks::builtin::webhook_audit::tests::validate_url_rejects_loopback_ipv6 ... ok
test hooks::builtin::webhook_audit::tests::validate_url_rejects_non_http_scheme ... ok
test hooks::builtin::webhook_audit::tests::validate_url_rejects_private_rfc1918 ... ok
test hooks::runner::tests::modifying_hook_can_cancel ... ok
test hooks::runner::tests::modifying_hook_pipelines_data ... ok
test hooks::runner::tests::register_and_sort_by_priority ... ok
test hooks::traits::tests::default_priority_is_zero ... ok
test hooks::runner::tests::void_hooks_fire_all_handlers ... ok
test hooks::traits::tests::default_modifying_hooks_pass_through ... ok
test hooks::traits::tests::hook_result_is_cancel ... ok
test i18n::tests::cli_string_formats_external_args ... ok
test i18n::tests::detect_locale_defaults_to_en_without_config ... ok
test i18n::tests::argumented_cli_strings_fall_back_from_disk_to_builtin_locale ... ok
test i18n::tests::normalize_locale_strips_encoding ... ok
test cron::store::tests::sync_empty_removes_all_declarative_jobs ... ok
test i18n::tests::english_descriptions_are_embedded ... ok
test i18n::tests::unknown_locale_falls_back_to_english ... ok
test agent::tests::auto_save_disabled_does_not_store ... ok
test heartbeat::store::tests::truncates_large_output ... ok
test identity::tests::aieos_identity_parse_empty_object ... ok
test i18n::tests::zh_cn_wechat_translations_preserve_machine_facing_tokens ... ok
test identity::tests::aieos_identity_parse_full ... ok
test identity::tests::aieos_identity_parse_minimal ... ok
test identity::tests::aieos_identity_parse_null_values ... ok
test identity::tests::aieos_to_system_prompt_empty_identity ... ok
test identity::tests::aieos_to_system_prompt_minimal ... ok
test cron::store::tests::sync_removes_stale_declarative_jobs ... ok
test identity::tests::aieos_to_system_prompt_no_sections ... ok
test identity::tests::is_aieos_configured_false_no_config ... ok
test identity::tests::aieos_to_system_prompt_sorts_hashmap_sections_for_determinism ... ok
test identity::tests::is_aieos_configured_false_openclaw_format ... ok
test identity::tests::aieos_to_system_prompt_full ... ok
test identity::tests::is_aieos_configured_true_with_inline ... ok
test identity::tests::is_aieos_configured_true_with_path ... ok
test identity::tests::load_aieos_identity_from_file_supports_generator_shape ... ok
test integrations::registry::tests::all_categories_represented ... ok
test integrations::registry::tests::browser_active_when_enabled_via_integration_descriptor ... ok
test identity::tests::parse_aieos_identity_supports_official_generator_shape ... ok
test i18n::tests::zh_cn_cli_strings_load_from_builtin_source ... ok
test integrations::registry::tests::channel_entries_carry_per_field_metadata_from_schema ... ok
test integrations::registry::tests::builtin_tool_integrations_always_active ... ok
test doctor::tests::environment_check_finds_git ... ok
test integrations::registry::tests::cron_active_when_enabled_via_integration_descriptor ... ok
test integrations::registry::tests::imessage_active_when_configured ... ok
test integrations::registry::tests::matrix_active_when_configured ... ok
test integrations::registry::tests::platforms_match_compile_time_constants ... ok
test integrations::registry::tests::no_duplicate_names ... ok
test integrations::registry::tests::registry_has_entries ... ok
test integrations::registry::tests::telegram_active_when_configured ... ok
test integrations::registry::tests::telegram_available_when_not_configured ... ok
test heartbeat::store::tests::record_and_list_runs ... ok
test migration::tests::backup_returns_none_when_no_files ... ok
test migration::tests::backup_creates_timestamped_directory ... ok
test migration::tests::normalize_key_handles_empty_string ... ok
test migration::tests::normalize_key_trims_whitespace ... ok
test migration::tests::migration_target_rejects_none_backend ... ok
test cron::store::tests::sync_updates_existing_declarative_job ... ok
test migration::tests::parse_category_case_insensitive ... ok
test migration::tests::parse_category_handles_all_variants ... ok
test integrations::registry::tests::regional_provider_aliases_activate_expected_ai_integrations ... ok
test migration::tests::parse_structured_markdown_line ... ok
test migration::tests::parse_structured_markdown_rejects_empty_key ... ok
test heartbeat::store::tests::run_stats_counts_correctly ... ok
test migration::tests::parse_structured_markdown_rejects_empty_value ... ok
test migration::tests::parse_structured_markdown_rejects_no_stars ... ok
test migration::tests::parse_unstructured_markdown_generates_key ... ok
test cron::store::tests::sync_does_not_delete_imperative_jobs ... ok
test nodes::transport::tests::constant_time_eq_correctness ... ok
test nodes::transport::tests::node_transport_verify_incoming_bad_timestamp_header ... ok
test nodes::transport::tests::sign_request_deterministic ... ok
test nodes::transport::tests::node_transport_construction ... ok
test nodes::transport::tests::sign_request_different_nonce_different_signature ... ok
test nodes::transport::tests::node_transport_verify_incoming_valid ... ok
test nodes::transport::tests::verify_request_accepts_valid_signature ... ok
test nodes::transport::tests::verify_request_rejects_expired_timestamp ... ok
test nodes::transport::tests::verify_request_rejects_tampered_payload ... ok
test observability::dora::tests::change_failure_rate_all_failures ... ok
test nodes::transport::tests::verify_request_rejects_wrong_secret ... ok
test observability::dora::tests::change_failure_rate_calculation ... ok
test observability::dora::tests::default_impl_works ... ok
test observability::dora::tests::change_failure_rate_zero_failures ... ok
test observability::dora::tests::deployment_frequency_counts ... ok
test observability::dora::tests::different_windows_return_correct_window_duration ... ok
test observability::dora::tests::empty_collector_returns_none_rates ... ok
test observability::dora::tests::lead_time_calculation ... ok
test observability::dora::tests::lead_time_ignores_none_entries ... ok
test observability::dora::tests::mttr_calculation ... ok
test observability::dora::tests::mttr_none_when_no_recoveries ... ok
test observability::dora::tests::record_failure_convenience ... ok
test observability::dora::tests::rapid_deployments ... ok
test i18n::tests::skills_install_cli_strings_format_from_fluent ... ok
test observability::log::tests::log_observer_all_events_no_panic ... ok
test observability::log::tests::log_observer_all_metrics_no_panic ... ok
test migration::tests::migration_skips_empty_content ... ok
test observability::log::tests::log_observer_hand_events_no_panic ... ok
test observability::log::tests::log_observer_hand_metrics_no_panic ... ok
🔎 Dry run: OpenClaw migration preview
  Source: /tmp/.tmpXCPT2L
  Target: /tmp/.tmpIHfkPH
  Candidates: 1
test observability::dora::tests::recovery_ring_buffer_eviction ...     - from sqlite:   1
    - from markdown: 0

Run without --dry-run to import these entries.
ok
test observability::log::tests::log_observer_name ... ok
test observability::dora::tests::ring_buffer_eviction ... ok
test observability::multi::tests::multi_empty_no_panic ... ok
test observability::multi::tests::multi_fans_out_events ... ok
test observability::dora::tests::thread_safety_basic ... ok
test observability::multi::tests::multi_fans_out_flush ... ok
test observability::multi::tests::multi_fans_out_metrics ... ok
test observability::multi::tests::multi_name ... ok
test observability::noop::tests::noop_flush_does_not_panic ... ok
test observability::noop::tests::noop_hand_events_do_not_panic ... ok
test observability::noop::tests::noop_hand_metrics_do_not_panic ... ok
test observability::noop::tests::noop_name ... ok
test observability::noop::tests::noop_record_event_does_not_panic ... ok
test observability::noop::tests::noop_record_metric_does_not_panic ... ok
test observability::runtime_trace::tests::resolve_trace_path_relative_joins_workspace ... ok
test observability::runtime_trace::tests::storage_mode_parses_known_values ... ok
test observability::tests::broadcast_hook_does_not_receive_metrics ... ok
test migration::tests::sqlite_reader_supports_legacy_value_column ... ok
test observability::runtime_trace::tests::find_event_by_id_returns_match ... ok
test observability::tests::broadcast_hook_receives_events_from_factory_observer ... ok
test observability::tests::broadcast_hook_unset_means_only_primary_runs ... ok
test observability::tests::dropping_newer_scoped_broadcast_hook_restores_older_live_hook ... ok
test observability::tests::factory_empty_string_falls_back_to_noop ... ok
test observability::tests::factory_garbage_falls_back_to_noop ... ok
test observability::tests::factory_log_returns_log ... ok
test observability::tests::factory_none_returns_noop ... ok
test observability::tests::factory_noop_returns_noop ... ok
test observability::runtime_trace::tests::rolling_mode_keeps_latest_entries ... ok
test observability::tests::factory_observer_downcasts_through_tee ... ok
test observability::tests::factory_opentelemetry_alias ... ok
test observability::tests::factory_otel_returns_otel ... ok
test observability::tests::factory_otlp_alias ... ok
test observability::tests::factory_prometheus_returns_prometheus ... ok
test observability::tests::factory_unknown_falls_back_to_noop ... ok
test observability::tests::factory_verbose_returns_verbose ... ok
test observability::tests::scoped_broadcast_hook_guard_clears_installed_hook_on_drop ... ok
test heartbeat::store::tests::prunes_old_runs ... ok
> Thinking
> Send (provider=test observability::tests::scoped_broadcast_hook_guard_preserves_replacement_hook ... openrouterok, model=claude
, messages=3)
< Receive (success=true, duration_ms=12)
> Tool shell
< Tool shell (success=true, duration_ms=2)
< Complete
test observability::traits::tests::hand_event_and_metric_are_cloneable ... ok
test observability::traits::tests::hand_events_recordable ... ok
test observability::traits::tests::hand_metrics_recordable ... ok
test observability::traits::tests::observer_default_flush_and_as_any_work ... ok
test observability::traits::tests::observer_event_and_metric_are_cloneable ... ok
test observability::traits::tests::observer_records_events_and_metrics ... ok
test observability::verbose::tests::verbose_hand_events_do_not_panic ... ok
test observability::verbose::tests::verbose_events_do_not_panic ... ok
test observability::verbose::tests::verbose_name ... ok
test onboard::field_visibility::tests::azure_excludes_hide_for_non_azure ... ok
test onboard::field_visibility::tests::azure_excludes_keep_for_azure ... ok
test onboard::field_visibility::tests::is_excluded_handles_sub_table_marker ... ok
test onboard::field_visibility::tests::memory_excludes_hide_inactive_backends ... ok
test onboard::field_visibility::tests::excluded_paths_for_memory_uses_active_backend ... ok
test onboard::field_visibility::tests::openai_specific_excludes_for_non_openai ... ok
test onboard::field_visibility::tests::excluded_paths_for_provider_prefix ... ok
test onboard::field_visibility::tests::openai_specific_kept_for_openai_family ... ok
test onboard::field_visibility::tests::providers_models_key_extracts_simple_segment ... ok

# Channels

# Channels

# Channels
test cron::store::tests::update_job_persists_allowed_tools_patch ... ok
test onboard::field_visibility::tests::apply_provider_trait_defaults_skips_user_overrides ... ok
test onboard::tests::discover_openai_compat_models_reports_not_found ... ok
test onboard::field_visibility::tests::apply_provider_trait_defaults_populates_ollama_base_url ... ok
test onboard::tests::discover_openai_compat_models_rejects_malformed_json ... ok
test onboard::tests::discover_openai_compat_models_parses_valid_models_payload ... ok
  Fetching models from /v1/models...

# Providers

Paste an API key (e.g. `sk-ant-…` for Anthropic, `sk-…` for OpenAI) when prompted. For OAuth-based providers run: operant auth login --provider <name>


# Providers

Paste an API key (e.g. `sk-ant-…` for Anthropic, `sk-…` for OpenAI) when prompted. For OAuth-based providers run: operant auth login --provider <name>

test onboard::tests::discover_openai_compat_models_reports_server_error ... ok
test onboard::tests::discover_openai_compat_models_reports_unauthorized ... ok

# Providers

Paste an API key (e.g. `sk-ant-…` for Anthropic, `sk-…` for OpenAI) when prompted. For OAuth-based providers run: operant auth login --provider <name>


# Providers

Paste an API key (e.g. `sk-ant-…` for Anthropic, `sk-…` for OpenAI) when prompted. For OAuth-based providers run: operant auth login --provider <name>

test i18n::tests::wechat_cli_strings_format_from_fluent ... ok
test onboard::tests::section_has_signal_hardware_tracks_enabled_flag ... ok
test onboard::tests::section_has_signal_memory_and_tunnel_are_marker_only ... ok
test onboard::tests::section_has_signal_providers_requires_fallback_and_models ... ok
test onboard::tests::section_has_signal_workspace_tracks_enabled_flag ... ok
test onboard::tests::skip_gate_enters_when_force_flag_set ... ok
test onboard::tests::skip_gate_enters_when_unmarked_and_no_signal ... ok
test onboard::tests::mark_completed_is_dedupe_safe ... ok
test onboard::tests::skip_gate_skips_when_marked_and_user_declines ... ok
test onboard::tests::skip_gate_skips_when_signal_present_and_user_declines ... ok
test platform::tests::factory_cloudflare_errors ... ok
test platform::tests::factory_docker ... ok
test platform::tests::factory_empty_errors ... ok

# Workspace
  Workspace directory: /tmp/.tmpDSkX75/workspace
test onboard::tests::prompt_model_unknown_provider_with_base_url_discovers_models ... ok
test platform::tests::factory_native ... ok
test platform::tests::factory_unknown_errors ... ok
test rag::tests::hardware_rag_load_empty_dir ... ok
test rag::tests::hardware_rag_load_and_retrieve ... ok
test rag::tests::infer_board_from_path_nucleo ... ok
🛟 Backup created: /tmp/.tmp6uTdCG/memory/migrations/openclaw-20260718-191005
test rag::tests::infer_board_generic_none ... ok
test rag::tests::parse_pin_aliases_empty ... ok
test rag::tests::parse_pin_aliases_key_value ... ok
test rag::tests::parse_pin_aliases_table ... ok
test routines::engine::tests::add_and_remove_routine ... ok
test routines::engine::tests::dispatch_enforces_cooldown ... ok
test routines::engine::tests::dispatch_fires_matching_routine ... ok
test routines::engine::tests::dispatch_multiple_routines_match ... ok
test routines::engine::tests::dispatch_returns_no_match ... ok
test routines::engine::tests::dispatch_skips_disabled_routine ... ok
test routines::engine::tests::glob_pattern_dispatch ... ok
test routines::engine::tests::load_routines_missing_file ... ok
test routines::engine::tests::load_routines_from_toml_file ... ok
test routines::engine::tests::reset_cooldowns_clears_state ... ok
test routines::engine::tests::routine_action_serde_roundtrip ... ok
test routines::event_matcher::tests::default_strategy_is_exact ... ok

## Anthropic
test routines::event_matcher::tests::exact_match_works ... ok

Turn on multi-workspace profiles — each named engagement gets its own memory, secrets, and audit directories so work for one client/project never bleeds into another. Leave off for single-workspace mode where everything lives under `~/.operant/workspace`.

test routines::event_matcher::tests::glob_match_works ... ok
test routines::event_matcher::tests::invalid_glob_returns_false ... ok
test routines::event_matcher::tests::invalid_regex_returns_false ... ok

## Custom OpenAI-compatible endpoint
test routines::event_matcher::tests::matches_any_returns_true_on_first_hit ... ok

## Custom OpenAI-compatible endpoint

## Custom OpenAI-compatible endpoint › Authentication
test migration::tests::dry_run_does_not_write ... ok
test routines::event_matcher::tests::source_mismatch_never_matches ... ok
test security::audit::tests::audit_event_new_creates_unique_id ... ok

## Anthropic
test security::audit::tests::audit_event_serializes_to_json ... ok
test security::audit::tests::audit_event_with_action ... ok
test security::audit::tests::audit_event_with_actor ... ok
test routines::engine::tests::regex_pattern_dispatch ... ok
test security::audit::tests::audit_logger_disabled_does_not_create_file ... ok

Secret API token for this provider — grab it from the provider's dashboard (OpenAI platform, Anthropic console, OpenRouter keys page, etc.). Stored via the OS keyring when possible; never commit it to config.toml directly.

test security::audit::tests::audit_log_command_event_writes_structured_entry ... ok

## mochat
test security::audit::tests::audit_rotation_creates_numbered_backup ... ok
✅ OpenClaw memory migration complete
  Source: /tmp/.tmpm4E7B6
test security::audit::tests::audit_logger_writes_event_when_enabled ...   Target: /tmp/.tmp6uTdCG
  Imported:         1
ok  Skipped unchanged:0
  Renamed conflicts:1

  Source sqlite rows:1
  Source markdown:   0
test security::audit::tests::constructor_fails_if_sign_events_but_no_key ... ok
test security::audit::tests::constructor_fails_if_signing_key_invalid_hex ... ok
test security::audit::tests::constructor_fails_if_signing_key_wrong_length ... ok

## telegram
test security::audit::tests::different_keys_produce_different_signatures ... ok
test migration::tests::migration_renames_conflicting_key ... ok
test security::audit::tests::merkle_chain_detects_sequence_gap ... ok

# Workspace
  Workspace directory: /tmp/.tmpDSkX75/workspace
test onboard::tests::workspace_double_run_is_idempotent_on_disk ... ok
test security::audit::tests::merkle_chain_genesis_uses_well_known_seed ... ok
test security::audit::tests::merkle_chain_detects_tampered_entry ... ok
test security::audit::tests::signature_absent_when_sign_events_disabled ... ok

# Channels
test security::audit::tests::merkle_chain_multiple_entries_verify ... ok
test security::audit::tests::signature_computed_over_entry_hash ... ok
test security::audit::tests::signature_present_when_sign_events_enabled ... ok
test routines::event_matcher::tests::regex_match_works ... ok
test i18n::tests::channel_runtime_cli_strings_format_from_fluent ... ok
test security::audit::tests::merkle_chain_recovery_continues_after_restart ... ok
test security::audit::tests::signature_deterministic_for_same_entry_hash ... ok
test security::detect::tests::explicit_none_returns_noop ... ok
test security::detect::tests::linux_memcg_cgroup_v2_path_probe_does_not_panic ... ok
test security::detect::tests::linux_memcg_available_returns_bool ... ok
test security::detect::tests::linux_memcg_proc_cgroups_parses_without_panic ... ok
test security::docker::tests::docker_sandbox_default_image ... ok
test security::docker::tests::docker_sandbox_name ... ok
test security::detect::tests::native_runtime_with_auto_sandbox_never_selects_docker ... ok

Whether this channel is active (must be explicitly enabled). Default: false.

test security::docker::tests::docker_with_workspace ... ok
test security::docker::tests::docker_without_workspace ... ok
test security::docker::tests::docker_wrap_command_emits_bind_mount_when_workspace_configured ... ok
test security::docker::tests::docker_wrap_command_includes_isolation_flags ... ok
test onboard::tests::channels_done_selection_is_idempotent_on_disk ... ok
test security::docker::tests::docker_wrap_command_omits_bind_mount_when_no_workspace ... ok
test security::docker::tests::docker_wrap_command_preserves_original_command ... ok
test security::docker::tests::docker_wrap_command_uses_custom_image ... ok

Whether this channel is active (must be explicitly enabled). Default: false.

test security::estop::tests::corrupted_state_defaults_to_fail_closed_kill_all ... ok
test security::estop::tests::estop_levels_compose_and_resume ... ok
test security::estop::tests::estop_state_survives_reload ... ok
test security::audit::tests::verify_chain_accepts_mixed_signed_and_unsigned_records ... ok
test security::estop::tests::resume_requires_valid_otp_when_enabled ... ok
test security::firejail::tests::firejail_description_mentions_dependency ... ok
test security::firejail::tests::firejail_sandbox_name ... ok
test security::firejail::tests::firejail_wrap_command_includes_all_security_flags ... ok
test security::firejail::tests::firejail_new_fails_if_not_installed ... ok
test security::firejail::tests::firejail_wrap_command_preserves_original_command ... ok
test security::estop::tests::resume_accepts_valid_otp_code ... ok
test security::firejail::tests::firejail_wrap_command_prepends_firejail ... ok
test security::iam_policy::tests::admin_gets_all_tools ... ok
test security::iam_policy::tests::admin_gets_all_workspaces ... ok
test security::iam_policy::tests::deny_by_default_for_no_roles ... ok
test security::iam_policy::tests::deny_by_default_for_unknown_role ... ok
test security::iam_policy::tests::duplicate_normalized_roles_are_rejected ... ok
test security::iam_policy::tests::empty_mappings_deny_everything ... ok
test security::iam_policy::tests::empty_role_name_in_mapping_is_skipped ... ok
test security::iam_policy::tests::empty_tool_name_is_denied ... ok
test security::iam_policy::tests::empty_workspace_name_is_denied ... ok
test security::iam_policy::tests::multiple_roles_union_permissions ... ok
test security::iam_policy::tests::operator_gets_subset_of_tools ... ok
test security::iam_policy::tests::operator_workspace_access_is_scoped ... ok

Telegram Bot API token (from @BotFather).

test security::iam_policy::tests::policy_decision_deny_contains_reason ... ok
test security::iam_policy::tests::role_matching_is_case_insensitive ... ok
test security::iam_policy::tests::tool_matching_is_case_insensitive ... ok
test security::iam_policy::tests::viewer_is_read_only ... ok
test cron::scheduler::tests::run_agent_job_returns_error_without_provider_key ... ok
test security::docker::tests::docker_with_custom_image ... ok

## Custom OpenAI-compatible endpoint › Model
  Fetching models...
  Fetching models from /v1/models...

## Custom OpenAI-compatible endpoint

## Custom OpenAI-compatible endpoint › Model
  Fetching models...
  Fetching models from /v1/models...
test security::detect::tests::auto_mode_detects_something ... ok

Mochat API base URL

test security::detect::tests::explicit_docker_backend_is_not_blocked_by_native_runtime ... ok
test security::detect::tests::detect_best_sandbox_returns_something ... ok
test daemon::tests::reload_channel_returns_reload ... ok
test security::leak_detector::tests::extract_candidate_tokens_splits_correctly ... ok
test security::leak_detector::tests::clean_content_passes ... ok
test security::leak_detector::tests::detects_database_urls ... ok
test security::leak_detector::tests::detects_aws_credentials ... ok
test security::leak_detector::tests::low_sensitivity_raises_entropy_threshold ... ok
test security::leak_detector::tests::actual_high_entropy_still_detected ... ok
test security::leak_detector::tests::detects_high_entropy_token_outside_url ... ok
test security::leak_detector::tests::detects_jwt_tokens ... ok
test security::leak_detector::tests::detects_private_keys ... ok
test security::leak_detector::tests::shannon_entropy_empty_string ... ok
test security::leak_detector::tests::shannon_entropy_single_char ... ok
test security::leak_detector::tests::shannon_entropy_two_equal_chars ... ok
test security::leak_detector::tests::detects_stripe_keys ... ok

Allowed Telegram user IDs or usernames. Empty = deny all.
Format: alice,bob or ["alice", "bob"]. Empty = clear list.
Current: []. Enter to keep.

test security::nevis::tests::local_mode_requires_jwks_url ... ok



test security::nevis::tests::debug_redacts_client_secret ... ok
test daemon::tests::supervisor_marks_error_and_restart_on_failure ... ok
test security::leak_detector::tests::low_sensitivity_skips_generic ... ok
test security::leak_detector::tests::media_marker_image_path_not_redacted ... ok
test security::nevis::tests::nevis_identity_serde_roundtrip ... ok
test security::nevis::tests::local_validation_errors_instead_of_silent_fallback ... ok
test security::nevis::tests::provider_stores_config_correctly ... ok
test security::nevis::tests::local_validation_rejects_malformed_jwt ... ok
test security::nevis::tests::token_validation_mode_from_str ... ok
test security::leak_detector::tests::tool_receipts_not_redacted_as_high_entropy ... ok
test security::leak_detector::tests::url_with_long_path_not_redacted ... ok
test security::nevis::tests::remote_mode_works_without_jwks_url ... ok
test security::leak_detector::tests::url_path_segments_not_flagged ... ok
test security::leak_detector::tests::media_marker_video_not_redacted ... ok
test security::nevis::tests::validate_session_rejects_empty ... ok
test security::leak_detector::tests::media_markers_not_redacted_as_high_entropy ... ok
test security::playbook::tests::auto_approve_respects_severity_cap ... ok
test security::playbook::tests::builtin_playbooks_are_valid ... ok
test security::nevis::tests::validate_token_rejects_empty ... ok
test security::playbook::tests::evaluate_step_out_of_range ... ok
test security::playbook::tests::evaluate_step_requires_approval ... ok
test security::playbook::tests::load_playbooks_from_nonexistent_dir_returns_builtins ... ok
test security::playbook::tests::severity_level_ordering ... ok
test security::otp::tests::wrong_totp_code_is_rejected ... ok
test security::playbook::tests::playbook_json_roundtrip ... ok
test security::otp::tests::valid_totp_code_is_accepted ... ok
test security::playbook::tests::load_playbooks_custom_overrides_builtin ... ok
test security::otp::tests::expired_totp_code_is_rejected ... ok
test security::playbook::tests::load_playbooks_merges_custom_and_builtin ... ok
test security::otp::tests::secret_is_generated_and_reused ... ok
test security::tests::redact_handles_multibyte_utf8_without_panic ... ok
test security::tests::redact_hides_most_of_value ... ok
test security::tests::reexported_policy_and_pairing_types_are_usable ... ok
test security::tests::reexported_secret_store_encrypt_decrypt_roundtrip ... ok
test security::traits::tests::noop_sandbox_is_always_available ... ok
test security::traits::tests::noop_sandbox_name ... ok
test security::traits::tests::noop_sandbox_wrap_command_is_noop ... ok
test security::vulnerability::tests::cvss_to_severity_classification ... ok
test security::vulnerability::tests::effective_priority_adds_context_bonuses ... ok
test security::vulnerability::tests::generate_summary_empty_findings ... ok
test security::vulnerability::tests::parse_vulnerability_json_rejects_invalid ... ok
test security::vulnerability::tests::generate_summary_includes_key_sections ... ok
test security::vulnerability::tests::parse_vulnerability_json_rejects_negative_cvss ... ok

Streaming mode for progressive response delivery via message edits.
Current: off. Enter to keep.

test security::vulnerability::tests::parse_vulnerability_json_rejects_out_of_range_cvss ... ok
test security::workspace_boundary::tests::boundary_allows_cross_workspace_when_enabled ... ok
test security::vulnerability::tests::parse_vulnerability_json_roundtrip ... ok
test security::workspace_boundary::tests::boundary_allows_paths_outside_workspaces_dir ... ok
test security::workspace_boundary::tests::boundary_denies_cross_workspace_path_access ... ok
test security::workspace_boundary::tests::boundary_denies_restricted_tool ... ok
test security::workspace_boundary::tests::boundary_denies_unlisted_domain ... ok
test security::workspace_boundary::tests::boundary_inactive_allows_everything ... ok
test service::macos_plist_tests::macos_plist_renderer_escapes_paths_and_omits_homebrew_section_when_absent ... ok
test service::macos_plist_tests::macos_plist_renderer_uses_plain_xml_quotes ... ok
test skillforge::evaluate::tests::bad_pattern_tanks_security ... ok
test skillforge::evaluate::tests::exact_hack_is_flagged ... ok
test skillforge::evaluate::tests::hackathon_not_flagged_as_bad ... ok
test skillforge::evaluate::tests::high_quality_rust_repo_gets_auto ... ok
test skillforge::evaluate::tests::low_star_no_license_gets_manual_or_skip ... ok
test skillforge::evaluate::tests::scores_total_weighted ... ok
test daemon::tests::supervisor_marks_unexpected_exit_as_error ... ok
test skillforge::integrate::tests::escape_toml_handles_quotes_and_control_chars ... ok
test skillforge::integrate::tests::sanitize_rejects_traversal ... ok
test skillforge::integrate::tests::sanitize_replaces_separators ... ok
test skillforge::integrate::tests::sanitize_trims_dots ... ok
test skillforge::scout::tests::dedup_removes_duplicates ... ok
test skillforge::scout::tests::scout_source_from_str ... ok
test skillforge::scout::tests::parse_github_items ... ok
test skillforge::integrate::tests::integrate_does_not_emit_provenance_inside_skill_block ... ok
test skillforge::scout::tests::urlencoding_works ... ok
test skillforge::integrate::tests::integrate_creates_files ... ok
test skillforge::tests::default_config_values ... ok
test skillforge::tests::disabled_forge_returns_empty_report ... ok
test skills::audit::tests::audit_allows_chained_commands_in_manifest ... ok
test skills::audit::tests::audit_allows_heredoc_in_manifest_command ... ok

Minimum interval (ms) between draft message edits to avoid rate limits.
Current: 0. Enter to keep.


When true, a newer Telegram message from the same sender in the same chat cancels the in-flight request and starts a fresh response with preserved history.


When true, only respond to messages that @-mention the bot in groups. Direct messages are always processed.

test skills::audit::tests::audit_accepts_safe_skill ... ok
test skills::audit::tests::audit_allows_high_risk_patterns_in_markdown ... ok
test skills::audit::tests::audit_allows_missing_cross_skill_reference_with_bare_filename ... ok
test skills::audit::tests::audit_allows_existing_cross_skill_reference ... ok
test skills::audit::tests::audit_allows_missing_cross_skill_reference_with_dot_slash ... ok
test skills::audit::tests::audit_allows_missing_cross_skill_reference_with_parent_dir ... ok
test skills::audit::tests::audit_allows_shell_script_files_when_enabled ... ok
test skills::audit::tests::audit_allows_python_shebang_file_when_early_text_contains_sh ... ok
test skills::audit::tests::is_cross_skill_reference_detection ... ok
test skills::audit::tests::audit_rejects_shell_script_files ... ok
test skills::audit::tests::audit_rejects_markdown_escape_links ... ok
test skills::audit::tests::audit_rejects_missing_local_markdown_file ... ok
test skills::creator::tests::create_from_execution_disabled ... ok
test skills::creator::tests::create_from_execution_insufficient_steps ... ok
test skills::creator::tests::extract_description_from_invalid_toml ... ok
test skills::creator::tests::create_from_execution_success ... ok

Override for the top-level `ack_reactions` setting. When `None`, the channel falls back to `[channels].ack_reactions`. When set explicitly, it takes precedence.

test skills::creator::tests::extract_description_from_valid_toml ... ok
test skills::creator::tests::extract_from_empty_history ... ok
test skills::creator::tests::extract_from_user_messages_only ... ok
test skills::creator::tests::create_from_execution_with_dedup ... ok
test skills::creator::tests::slug_basic ... ok
test skills::creator::tests::slug_consecutive_spaces ... ok
test skills::creator::tests::slug_empty_input ... ok
test skills::creator::tests::slug_fuzz_various_inputs ... ok
test skills::creator::tests::slug_leading_trailing_hyphens ... ok
test skills::creator::tests::slug_max_length ... ok
test skills::creator::tests::slug_only_symbols ... ok
test skills::creator::tests::slug_special_characters ... ok
test skills::creator::tests::dedup_skips_similar_descriptions ... ok
test skills::creator::tests::slug_unicode ... ok

## Custom OpenAI-compatible endpoint
test skills::creator::tests::toml_generation_escapes_quotes ... ok
## Advanced settings


Temperature, timeout, base-URL override, wire protocol, etc. The provider's own defaults are used when these are left unset — skip unless you need to override something specific.

test skills::creator::tests::toml_generation_no_command_arg ... ok
test skills::creator::tests::validate_slug_invalid ... ok
test skills::creator::tests::validate_slug_valid ... ok
test skills::improver::tests::append_metadata_adds_fields ... ok
test skills::creator::tests::toml_generation_valid_format ... ok
test skills::improver::tests::append_metadata_preserves_tools ... ok
test skills::improver::tests::cooldown_allows_first_improvement ... ok
test skills::improver::tests::cooldown_blocks_recent_improvement ... ok
test skills::improver::tests::cooldown_disabled_blocks_all ... ok
test skills::improver::tests::extract_audit_trail_empty_when_none ... ok
test skills::improver::tests::extract_audit_trail_from_content ... ok

Per-channel proxy URL (http, https, socks5, socks5h). Overrides the global `[proxy]` setting for this channel only.

test skills::improver::tests::improve_skill_cooldown_returns_none ... ok
test skills::improver::tests::improve_skill_invalid_content_aborts ... ok
test skills::improver::tests::validate_empty_content_rejected ... ok
test skills::improver::tests::improve_skill_atomic_write ... ok
test skills::improver::tests::validate_malformed_toml_rejected ... ok
test skills::improver::tests::validate_missing_name_rejected ... ok
test skills::improver::tests::validate_valid_content_accepted ... ok
test skills::prompts_section_tests::prompts_at_root_level_still_work ... ok
test skills::prompts_section_tests::prompts_in_both_locations_are_merged_skill_first ... ok

## Advanced settings

Temperature, timeout, base-URL override, wire protocol, etc. The provider's own defaults are used when these are left unset — skip unless you need to override something specific.

test skills::prompts_section_tests::prompts_inside_skill_section_are_loaded ... ok

How long (seconds) to wait for the operator to tap an inline-keyboard button on a tool approval prompt before auto-denying. Default: 120.
Current: 0. Enter to keep.

test skills::registry_tests::build_install_tier_banner_community_warns ... ok
test skills::registry_tests::build_install_tier_banner_featured_uses_community_warning ... ok
test skills::registry_tests::build_install_tier_banner_official_is_single_line ... ok
test skills::registry_tests::lookup_registry_skill_tier_handles_malformed_json ... ok
test skills::registry_tests::lookup_registry_skill_tier_handles_missing_index ... ok
test skills::registry_tests::build_install_tier_banner_unknown_falls_back_to_community ... ok
test skills::registry_tests::test_is_registry_source_accepts_bare_names ... ok
test skills::registry_tests::test_is_registry_source_rejects_clawhub ... ok
test skills::registry_tests::lookup_registry_skill_tier_resolves_from_registry_json ... ok
test skills::registry_tests::test_is_registry_source_rejects_empty ... ok
test skills::registry_tests::test_is_registry_source_rejects_paths ... ok
test skills::registry_tests::test_is_registry_source_rejects_special_chars ... ok
test skills::registry_tests::test_is_registry_source_rejects_traversal ... ok
test skills::registry_tests::test_is_registry_source_rejects_urls ... ok
test skills::registry_tests::tier_from_tags_falls_back_to_unknown_when_no_tier_tag ... ok
test skills::registry_tests::tier_from_tags_recognizes_community ... ok
test skills::registry_tests::tier_from_tags_recognizes_featured_only ... ok
test skills::registry_tests::tier_from_tags_recognizes_official ... ok
test skills::skill_manifest_tests::accepts_prompts_in_skill_block_with_strictness ... ok
test skills::skill_manifest_tests::integrate_round_trip_emits_top_level_forge ... ok
test skills::skill_manifest_tests::open_skills_swallow_site_skips_invalid_toml_without_panicking ... ok
test skills::skill_manifest_tests::parses_skill_without_forge_block ... ok
test skills::skill_manifest_tests::parses_skill_with_forge_block ... ok

## Advanced settings

Temperature, timeout, base-URL override, wire protocol, etc. The provider's own defaults are used when these are left unset — skip unless you need to override something specific.

test skills::creator::tests::toml_fuzz_various_inputs ... ok
test skills::skill_manifest_tests::parses_valid_skill_manifest ... ok
test skills::skill_manifest_tests::rejects_unknown_field_in_forge_block ... ok
test skills::skill_manifest_tests::rejects_unknown_field_in_skill_block ... ok
test skills::suggestions::tests::cached_registry_catalog_supports_markdown_frontmatter_without_body_matching ... ok
test onboard::tests::discover_openai_compat_models_reports_network_timeout ... ok
test skills::suggestions::tests::cached_registry_catalog_supports_manifest_toml_packages ... ok
test skills::suggestions::tests::disabled_config_proceeds_without_reading_registry ... ok
test skills::suggestions::tests::installed_capability_proceeds_without_suggestion ... ok
test skills::suggestions::tests::low_confidence_prompt_proceeds_normally ... ok
test skills::skill_manifest_tests::workspace_swallow_site_skips_invalid_toml_without_panicking ... ok
test skills::suggestions::tests::plugin_shipped_installed_capability_proceeds_without_suggestion ... ok
test skills::testing::tests::parse_comment_and_empty_lines ... ok
test skills::testing::tests::parse_invalid_line_missing_parts ... ok
test skills::testing::tests::parse_line_with_spaces_in_pattern ... ok
test skills::testing::tests::parse_valid_test_line ... ok
test skills::testing::tests::pattern_matches_empty ... ok
test skills::testing::tests::pattern_matches_substring ... ok
test skills::suggestions::tests::missing_high_confidence_capability_returns_install_suggestion ... ok
test skills::testing::tests::test_result_aggregation ... ok
test skills::suggestions::tests::cached_registry_catalog_uses_skill_toml_metadata_without_reading_markdown_body ... ok
test skills::testing::tests::test_skill_exit_code_mismatch ... ok
test skills::testing::tests::pattern_matches_regex ... ok
test skills::testing::tests::test_all_skills_finds_skills_with_tests ... ok
test skills::testing::tests::test_skill_without_test_file ... ok
test skills::testing::tests::test_truncate_output ... ok
test skills::testing::tests::test_skill_with_echo ... ok

Mochat API token


## Custom OpenAI-compatible endpoint

## Advanced settings

Temperature, timeout, base-URL override, wire protocol, etc. The provider's own defaults are used when these are left unset — skip unless you need to override something specific.

test skills::testing::tests::test_skill_with_failing_test ... ok
test sop::audit::tests::audit_roundtrip ... ok
test sop::condition::tests::direct_eq ... ok
test sop::condition::tests::direct_float_comparison ... ok
test sop::condition::tests::direct_gt ... ok
test sop::condition::tests::direct_gte ... ok
test sop::condition::tests::direct_lt ... ok
test sop::condition::tests::direct_neq ... ok
test sop::condition::tests::direct_non_numeric_payload ... ok
test sop::condition::tests::empty_condition_matches ... ok
test sop::condition::tests::json_invalid_payload ... ok
test sop::condition::tests::json_nested_path ... ok
test sop::condition::tests::json_path_array_index ... ok
test sop::condition::tests::json_path_bool_value ... ok
test sop::condition::tests::json_path_eq ... ok
test sop::condition::tests::json_path_gt ... ok
test sop::condition::tests::json_path_gte ... ok
test sop::condition::tests::json_path_lt ... ok
test sop::condition::tests::json_path_lte ... ok
test sop::condition::tests::json_path_missing_key ... ok
test sop::condition::tests::json_path_neq ... ok
test sop::condition::tests::json_path_numeric_eq ... ok
test sop::condition::tests::missing_payload_fails_closed ... ok
test sop::condition::tests::parse_op_value_basic ... ok
test sop::condition::tests::parse_op_value_gte_not_gt ... ok
test sop::condition::tests::parse_op_value_no_value ... ok
test sop::condition::tests::parse_path_op_value_basic ... ok
test sop::condition::tests::parse_path_op_value_nested ... ok
test sop::condition::tests::parse_path_op_value_string_comparand ... ok
test sop::condition::tests::resolve_path_missing ... ok
test sop::condition::tests::resolve_path_nested ... ok
test sop::condition::tests::resolve_path_simple ... ok
test sop::dispatch::tests::cron_cache_parses_valid_expression ... ok
test sop::audit::tests::get_nonexistent_run_returns_none ... ok
test sop::dispatch::tests::cron_cache_skips_invalid_expression ... ok
test onboard::tests::providers_custom_openai_endpoint_discovers_models ... ok
test onboard::tests::providers_forced_via_flags_persists_and_marks_completed ... ok
test sop::audit::tests::log_approval_persists_entry ... ok
test sop::audit::tests::log_timeout_auto_approve_persists_entry ... ok

# Providers
test onboard::tests::providers_second_run_no_flags_is_idempotent_on_disk ... ok
test sop::dispatch::tests::cron_sop_only_matching_expression_fires ... ok
test onboard::tests::providers_custom_openai_menu_flow_persists_url_keyed_entry ... ok

Allowed user IDs. Empty = deny all, "*" = allow all
Format: alice,bob or ["alice", "bob"]. Empty = clear list.
Current: []. Enter to keep.




test onboard::tests::channels_telegram_selection_writes_entry ... ok
test sop::dispatch::tests::cron_sop_trigger_fires_on_schedule ... ok

Poll interval in seconds for new messages. Default: 5
Current: 0. Enter to keep.

test sop::dispatch::tests::cron_sop_window_check_does_not_miss_tick ... ok
test sop::engine::tests::advance_step_to_completion ... ok
test sop::engine::tests::approve_non_waiting_fails ... ok
test sop::engine::tests::approve_transitions_to_execute ... ok
test sop::engine::tests::auto_mode_executes_immediately ... ok
test sop::engine::tests::cancel_run ... ok
test sop::engine::tests::cancel_unknown_run_fails ... ok
test sop::engine::tests::cooldown_blocks_immediate_restart ... ok
test sop::engine::tests::cron_trigger_matches_only_matching_expression ... ok
test sop::engine::tests::deterministic_advance_pipes_output ... ok
test sop::engine::tests::deterministic_checkpoint_pauses_run ... ok
test sop::engine::tests::deterministic_completion_tracks_savings ... ok
test sop::engine::tests::deterministic_non_deterministic_sop_rejected ... ok
test sop::engine::tests::deterministic_start_returns_deterministic_step ... ok
test sop::engine::tests::deterministic_start_routes_through_start_run ... ok
test sop::engine::tests::get_run_finds_active_and_finished ... ok
test sop::engine::tests::global_concurrency_limit ... ok
test sop::engine::tests::iso8601_roundtrip ... ok
test sop::engine::tests::match_manual_trigger ... ok
test sop::engine::tests::match_mqtt_trigger_exact ... ok
test sop::engine::tests::match_mqtt_wildcard_hash ... ok
test sop::engine::tests::match_mqtt_wildcard_plus ... ok
test sop::engine::tests::max_finished_runs_evicts_oldest ... ok
test sop::engine::tests::max_finished_runs_zero_means_unlimited ... ok
test security::prompt_guard::tests::detects_jailbreak_attempts ... ok
test sop::engine::tests::mqtt_condition_filters_by_payload ... ok
test sop::engine::tests::mqtt_condition_no_payload_fails_closed ... ok
test sop::engine::tests::mqtt_no_condition_matches_any_payload ... ok
test sop::engine::tests::mqtt_topic_matching_edge_cases ... ok
test sop::engine::tests::new_engine_without_sops_dir_stays_empty ... ok
test security::prompt_guard::tests::high_sensitivity_catches_more ... ok
test security::prompt_guard::tests::detects_role_confusion ... ok
test sop::engine::tests::no_match_for_wrong_source ... ok
test sop::engine::tests::parse_known_timestamp ... ok
test security::prompt_guard::tests::detects_secret_extraction ... ok
test security::prompt_guard::tests::blocking_mode_works ... ok
test sop::engine::tests::per_sop_concurrency_limit ... ok
test sop::engine::tests::peripheral_condition_filters_by_payload ... ok
test security::prompt_guard::tests::detects_system_override ... ok
test sop::engine::tests::peripheral_no_condition_matches_any ... ok
test sop::engine::tests::priority_based_normal_supervised ... ok
test sop::engine::tests::priority_based_critical_auto ... ok
test sop::engine::tests::requires_confirmation_overrides_auto ... ok
test sop::engine::tests::start_run_returns_first_step ... ok
test sop::engine::tests::start_run_unknown_sop_fails ... ok
test sop::engine::tests::step_by_step_waits_on_every_step ... ok
test security::prompt_guard::tests::safe_messages_pass ... ok
test sop::engine::tests::step_context_includes_sop_name_and_step ... ok
test sop::engine::tests::step_failure_ends_run ... ok
test sop::engine::tests::supervised_mode_waits_on_first_step ... ok
test sop::engine::tests::timeout_auto_approves_critical ... ok
test sop::engine::tests::timeout_does_not_auto_approve_normal ... ok
test sop::engine::tests::reload_loads_sops_when_sops_dir_is_configured ... ok
test sop::engine::tests::timeout_zero_disables_check ... ok
test sop::engine::tests::waiting_since_cleared_on_approve ... ok
test sop::engine::tests::waiting_since_set_on_wait_approval ... ok
test sop::dispatch::tests::dispatch_batch_lock_starts_multiple_sops ... ok
test sop::engine::tests::webhook_trigger_matches_exact_path ... ok
test sop::engine::tests::webhook_trigger_rejects_different_path ... ok
test sop::metrics::tests::counter_arithmetic ... ok
test sop::metrics::tests::approval_flag_propagation ... ok
test sop::metrics::tests::derived_rate_metrics ... ok
test sop::metrics::tests::deviation_rate_zero_steps ... ok
test sop::metrics::tests::get_metric_windowed_7d_matches_suffix ... ok
test sop::metrics::tests::get_metric_windowed_custom_duration ... ok
test sop::metrics::tests::longest_match_disambiguation ... ok
test sop::metrics::tests::multiple_approvals_per_run_consistent ... ok
test sop::metrics::tests::not_found_for_unknown_metric ... ok
test sop::metrics::tests::pending_approval_stale_eviction ... ok
test sop::metrics::tests::per_sop_lookup ... ok
test sop::metrics::tests::protocol_adherence_rate_failed_run ... ok
test sop::metrics::tests::protocol_adherence_rate_full_run ... ok
test sop::metrics::tests::protocol_adherence_rate_partial_run ... ok
test sop::metrics::tests::runs_cancelled_tracking ... ok
test sop::metrics::tests::sop_name_matching_metric_suffix_resolves_global ... ok
test sop::metrics::tests::snapshot_diagnostic_output ... ok
test sop::metrics::tests::windowed_excludes_old_runs ... ok
test sop::metrics::tests::windowed_filtering ... ok
test sop::metrics::tests::zero_state_baseline ... ok
test sop::types::tests::deterministic_run_state_serde ... ok
test sop::types::tests::execution_mode_deterministic_roundtrip ... ok
test sop::types::tests::execution_mode_display ... ok
test sop::types::tests::execution_mode_serde_roundtrip ... ok
test sop::types::tests::priority_display ... ok
test sop::types::tests::priority_serde_roundtrip ... ok
test sop::types::tests::run_status_display ... ok
test sop::types::tests::run_status_paused_checkpoint_display ... ok
test sop::types::tests::sop_event_serde_roundtrip ... ok
test sop::types::tests::manifest_parse ... ok
test sop::types::tests::step_defaults ... ok
test sop::types::tests::step_kind_display ... ok
test sop::types::tests::sop_run_serde_roundtrip ... ok
test sop::types::tests::step_kind_serde_roundtrip ... ok
test sop::types::tests::step_status_display ... ok
test sop::types::tests::trigger_display ... ok
test sop::types::tests::trigger_source_display ... ok
test sop::types::tests::trigger_manual_toml ... ok
test sop::types::tests::trigger_toml_roundtrip ... ok
test sop::dispatch::tests::dispatch_captures_action_for_execute_step ... ok
test agent::loop_::tests::run_tool_call_loop_executes_multiple_tools_with_ordered_results ... ok
test sop::metrics::tests::ring_buffer_overflow_cap ... ok
test tools::cron_add::tests::agent_job_requires_prompt ... ok
test tools::cron_add::tests::blocks_disallowed_shell_command ... ok
test tools::cron_add::tests::blocks_mutation_in_read_only_mode ... ok
test tools::cron_add::tests::delivery_schema_includes_matrix_channel ... ok
test tools::cron_add::tests::delivery_schema_includes_webhook_and_thread_id ... ok
test tools::cron_add::tests::accepts_schedule_passed_as_json_string ... ok
test tools::cron_add::tests::accepts_stringified_interval_schedule ... ok
test tools::cron_add::tests::accepts_stringified_schedule_with_timezone ... ok
test sop::dispatch::tests::dispatch_captures_action_for_wait_approval ... ok
test tools::cron_add::tests::adds_shell_job ... ok
test tools::cron_add::tests::rejects_at_timestamp_without_explicit_offset_with_actionable_error ... ok
test tools::cron_add::tests::rejects_invalid_schedule ... ok
test tools::cron_add::tests::rejects_plain_string_schedule_with_actionable_error ... ok
test tools::cron_add::tests::schedule_schema_is_oneof_with_cron_at_every_variants ... ok
test tools::cron_add::tests::agent_job_persists_allowed_tools ... ok
test tools::cron_list::tests::errors_when_cron_disabled ... ok
test tools::cron_add::tests::medium_risk_shell_command_requires_approval ... ok
test tools::cron_list::tests::returns_empty_list_when_no_jobs ... ok
test tools::cron_add::tests::output_includes_timezone_confirmation_fields_for_explicit_cron_timezone ... ok
test tools::cron_remove::tests::errors_when_job_id_missing ... ok
test tools::cron_add::tests::empty_allowed_tools_stored_as_none ... ok
test tools::cron_add::tests::output_identifies_runtime_local_fallback_when_cron_timezone_is_omitted ... ok
test onboard::tests::channels_mochat_selection_persists_enabled_url_and_token ... ok
test tools::cron_run::tests::errors_for_missing_job ... ok
test sop::dispatch::tests::dispatch_returns_no_match_for_unknown_event ... ok
test tools::cron_add::tests::webhook_announce_job_persists_thread_id ... ok
test tools::cron_runs::tests::errors_when_job_id_missing ... ok
test tools::cron_add::tests::shell_job_persists_delivery ... ok
test tools::cron_remove::tests::blocks_remove_in_read_only_mode ... ok
test tools::cron_run::tests::blocks_run_in_read_only_mode ... ok
test tools::cron_list::tests::output_includes_timezone_confirmation_fields_for_cron_jobs ... ok
test tools::cron_run::tests::blocks_run_when_rate_limited ... ok
✅ Removed cron job 9e0c5393-3e3f-4cc6-9a7e-b12e9f1d58cb
test tools::cron_remove::tests::removes_existing_job ... ok
test tools::cron_update::tests::patch_schema_covers_all_cronjobpatch_fields_and_schedule_is_oneof ... ok
test tools::cron_run::tests::shell_run_requires_approval_for_medium_risk ... ok
test sop::dispatch::tests::dispatch_skips_when_cooldown_active ... ok
test tools::cron_update::tests::blocks_disallowed_command_updates ... ok
test tools::delegate::tests::agentic_mode_rejects_empty_allowed_tools ... ok
test tools::cron_update::tests::blocks_mutation_in_read_only_mode ... ok
test tools::delegate::tests::agentic_mode_rejects_unmatched_allowed_tools ... ok
test tools::cron_runs::tests::lists_runs_with_truncation ... ok
test tools::cron_run::tests::force_runs_job_and_records_history ... ok
test tools::delegate::tests::background_unknown_agent_rejected ... ok
test tools::delegate::tests::blank_agent_rejected ... ok
test tools::delegate::tests::blank_prompt_rejected ... ok
test tools::delegate::tests::cancel_task_nonexistent ... ok
test tools::delegate::tests::cancel_task_rejects_path_traversal ... ok
test tools::delegate::tests::cancellation_token_accessor ... ok
test tools::delegate::tests::check_result_missing_task_id ... ok
test tools::delegate::tests::check_result_nonexistent_task ... ok
test tools::delegate::tests::check_result_rejects_path_traversal ... ok
test tools::delegate::tests::config_validation_accepts_max_boundary_timeout ... ok
test tools::delegate::tests::config_validation_accepts_none_timeouts ... ok
test tools::delegate::tests::config_validation_rejects_excessive_agentic_timeout ... ok
test tools::delegate::tests::config_validation_rejects_excessive_timeout ... ok
test tools::cron_update::tests::rejects_at_timestamp_without_explicit_offset_with_actionable_error ... ok
test tools::delegate::tests::config_validation_rejects_zero_agentic_timeout ... ok
test tools::delegate::tests::custom_timeout_values_are_respected ... ok
test tools::delegate::tests::config_validation_rejects_zero_timeout ... ok
test tools::delegate::tests::default_timeout_values_used_when_config_unset ... ok
test tools::delegate::tests::delegate_context_is_prepended_to_prompt ... ok
test tools::delegate::tests::delegate_depth_construction ... ok
test tools::delegate::tests::delegate_empty_context_omits_prefix ... ok
test tools::delegate::tests::delegate_no_agents_configured ... ok
test tools::delegate::tests::default_action_is_delegate ... ok
test tools::delegate::tests::delegate_spawn_helper_forwards_session_key ... ok
test tools::delegate::tests::delegation_blocked_in_readonly_mode ... ok
test tools::delegate::tests::delegation_blocked_when_rate_limited ... ok
test tools::cron_update::tests::medium_risk_shell_update_requires_approval ... ok
test tools::delegate::tests::depth_limit_enforced ... ok
test tools::delegate::tests::depth_limit_per_agent ... ok
test tools::delegate::tests::description_not_empty ... ok
test tools::delegate::tests::empty_agents_schema ... ok
test tools::delegate::tests::enriched_prompt_includes_shell_policy_when_shell_present ... ok
test tools::delegate::tests::enriched_prompt_includes_tools_workspace_datetime ... ok
test tools::delegate::tests::enriched_prompt_omits_shell_policy_without_shell_tool ... ok
test tools::delegate::tests::enriched_prompt_falls_back_to_default_skills_dir ... ok
test tools::delegate::tests::enriched_prompt_loads_skills_from_scoped_directory ... ok
test tools::delegate::tests::execute_agentic_excludes_delegate_even_if_allowlisted ... ok
test tools::cron_update::tests::empty_allowed_tools_patch_stored_as_none ... ok
test tools::delegate::tests::execute_agentic_propagates_provider_errors ... ok
test tools::delegate::tests::execute_agentic_emits_no_receipts_when_scope_absent ... ok
test tools::delegate::tests::execute_agentic_forwards_receipt_scope_into_subagent_loop ... ok
test tools::delegate::tests::invalid_provider_returns_error ... ok
test tools::delegate::tests::list_results_empty ... ok
test tools::delegate::tests::execute_agentic_respects_max_iterations ... ok
test tools::delegate::tests::execute_agentic_runs_tool_call_loop_with_filtered_tools ... ok
test tools::delegate::tests::missing_agent_param ... ok
test tools::delegate::tests::missing_prompt_param ... ok
test tools::delegate::tests::name_and_schema ... ok
test tools::delegate::tests::parallel_empty_list_rejected ... ok
test tools::delegate::tests::mcp_tools_included_in_subagent_tool_list ... ok
test tools::cron_update::tests::output_includes_timezone_confirmation_fields_for_explicit_cron_timezone ... ok
test tools::delegate::tests::parallel_missing_prompt_rejected ... ok
test tools::delegate::tests::parent_tools_handle_returns_shared_reference ... ok
test tools::delegate::tests::schema_lists_agent_names ... ok
test tools::delegate::tests::parallel_unknown_agent_rejected ... ok
test tools::delegate::tests::timeout_deserialization_defaults_to_none ... ok
test tools::delegate::tests::unknown_action_rejected ... ok
test tools::delegate::tests::unknown_agent_returns_error ... ok
test tools::delegate::tests::timeout_deserialization_with_custom_values ... ok
test tools::delegate::tests::with_cancellation_token_replaces_default ... ok
test tools::file_read::tests::e2e_live_file_read_pdf ... ignored, requires valid OpenAI Codex OAuth credentials
test sop::dispatch::tests::dispatch_starts_matching_sop ... ok
test tools::file_read::tests::e2e_agent_file_read_lossy_binary ... ok
test tools::file_read::tests::file_read_allowed_root_with_workspace_only ... ok
test tools::file_read::tests::e2e_agent_file_read_pdf_extraction ... ok
test tools::delegate::tests::whitespace_agent_name_trimmed_and_found ... ok
test tools::file_read::tests::file_read_blocks_absolute_path ... ok
test tools::file_read::tests::file_read_blocks_null_byte_in_path ... ok
test tools::file_read::tests::file_read_allows_dev_null ... ok
test tools::cron_update::tests::updates_enabled_flag ... ok
test tools::file_read::tests::file_read_allows_readonly_mode ... ok
test tools::file_read::tests::file_read_blocks_path_traversal ... ok
test tools::file_read::tests::file_read_blocks_outside_workspace_regardless_of_policy ... ok
test tools::file_read::tests::file_read_missing_path_param ... ok
test tools::file_read::tests::file_read_name ... ok
test tools::file_read::tests::file_read_empty_file ... ok
test tools::file_read::tests::file_read_blocks_symlink_escape ... ok
test tools::file_read::tests::file_read_existing_file ... ok
test tools::file_read::tests::file_read_extracts_pdf_text ... ok
test tools::cron_update::tests::updates_agent_allowed_tools ... ok
test tools::file_read::tests::file_read_lossy_reads_binary_file ... ok
test tools::file_read::tests::file_read_schema_has_path ... ok
test tools::file_read::tests::file_read_nonexistent_file ... ok
test tools::file_read::tests::file_read_nonexistent_consumes_rate_limit_budget ... ok
test tools::file_read::tests::file_read_nested_path ... ok
test tools::file_read::tests::file_read_offset_beyond_end ... ok
test tools::read_skill::tests::reads_markdown_skill_by_name ... ok
test tools::read_skill::tests::unknown_skill_lists_available_names ... ok
test tools::read_skill::tests::script_skill_is_returned_when_allow_scripts_true ... ok
test tools::schedule::tests::create_blocks_disallowed_command ... ok
test tools::file_read::tests::file_read_with_offset_and_limit ... ok
test tools::read_skill::tests::reads_toml_skill_manifest_by_name ... ok
test tools::schedule::tests::mutating_actions_fail_when_cron_disabled ... ok
test tools::schedule::tests::list_empty ... ok
test tools::schedule::tests::rate_limit_blocks_create_action ... ok
test tools::schedule::tests::readonly_blocks_mutating_actions ... ok
test tools::schedule::tests::unknown_action_returns_failure ... ok
test tools::schedule::tests::tool_name_and_schema ... ok
test tools::security_ops::tests::format_duration_secs_readable ... ok
test sop::dispatch::tests::peripheral_signal_dispatches_to_matching_sop ... ok
test tools::security_ops::tests::alert_stats_computes_summary ... ok
test tools::security_ops::tests::generate_report_produces_markdown ... ok
test tools::security_ops::tests::list_playbooks_returns_builtins ... ok
test tools::security_ops::tests::parse_vulnerability_valid_report ... ok
test tools::security_ops::tests::run_playbook_executes_safe_step ... ok
test tools::security_ops::tests::run_playbook_not_found ... ok
test tools::security_ops::tests::tool_name_and_schema ... ok
test tools::security_ops::tests::run_playbook_requires_approval ... ok
test tools::security_ops::tests::triage_alert_missing_alert_param ... ok
test tools::security_ops::tests::triage_alert_classifies_severity ... ok
test tools::security_ops::tests::unknown_action_returns_error ... ok
test tools::shell::tests::noop_sandbox_does_not_modify_command ... ok
test tools::shell::tests::invalid_shell_env_passthrough_names_are_filtered ... ok
test tools::shell::tests::shell_blocks_absolute_path_argument ... ok
test tools::shell::tests::shell_blocks_disallowed_command ... ok
test tools::shell::tests::shell_blocks_option_assignment_path_argument ... ok
test tools::shell::tests::shell_blocks_input_redirection_path_bypass ... ok
test cron::scheduler::tests::execute_job_with_retry_recovers_after_first_failure ... ok
test tools::shell::tests::shell_blocks_plain_variable_expansion ... ok
test tools::shell::tests::shell_blocks_rate_limited ... ok
test tools::shell::tests::shell_blocks_readonly ... ok
test tools::shell::tests::shell_blocks_short_option_attached_path_argument ... ok
test tools::shell::tests::shell_blocks_tilde_user_path_argument ... ok
test tools::shell::tests::shell_allows_configured_env_passthrough ... ok
test tools::shell::tests::shell_captures_exit_code ... ok
test tools::shell::tests::shell_does_not_leak_api_key ... ok
test tools::shell::tests::shell_captures_stderr_output ... ok
test tools::shell::tests::shell_missing_command_param ... ok
test tools::shell::tests::shell_handles_nonexistent_command ... ok
test tools::shell::tests::shell_output_limit_is_1mb ... ok
test tools::shell::tests::shell_executes_allowed_command ... ok
test tools::shell::tests::shell_executes_with_sandbox ... ok
test tools::shell::tests::shell_safe_env_vars_excludes_secrets ... ok
test tools::shell::tests::shell_safe_env_vars_includes_essentials ... ok
test tools::shell::tests::shell_timeout_can_be_overridden ... ok
test tools::shell::tests::shell_preserves_path_and_home_for_env_command ... ok
test tools::shell::tests::shell_timeout_default_is_reasonable ... ok
test tools::shell::tests::shell_tool_can_be_constructed_with_sandbox ... ok
test tools::shell::tests::shell_tool_description ... ok
test tools::shell::tests::shell_tool_name ... ok
test tools::shell::tests::shell_tool_schema_has_command ... ok
test tools::shell::tests::shell_wrong_type_param ... ok
test tools::skill_http::tests::skill_http_tool_description ... ok
test tools::skill_http::tests::skill_http_tool_empty_args ... ok
test tools::skill_http::tests::skill_http_tool_name_is_prefixed ... ok
test tools::skill_http::tests::skill_http_tool_parameters_schema ... ok
test tools::skill_http::tests::skill_http_tool_spec_roundtrip ... ok
test tools::skill_http::tests::skill_http_tool_substitute_args ... ok
test tools::skill_tool::tests::skill_shell_tool_custom_timeout ... ok
test tools::skill_tool::tests::skill_shell_tool_default_timeout ... ok
test tools::skill_tool::tests::skill_shell_tool_description ... ok
test tools::skill_tool::tests::skill_shell_tool_empty_args_schema ... ok
test tools::skill_tool::tests::skill_shell_tool_name_is_prefixed ... ok
test tools::shell::tests::shell_record_action_budget_exhaustion ... ok
test tools::skill_tool::tests::skill_shell_tool_parameters_schema ... ok
test tools::skill_tool::tests::skill_shell_tool_substitute_args ... ok
test tools::skill_tool::tests::skill_shell_tool_spec_roundtrip ... ok
test tools::skill_tool::tests::skill_shell_tool_substitute_missing_arg ... ok
test tools::shell::tests::shell_requires_approval_for_medium_risk_command ... ok
test tools::skill_tool::tests::skill_shell_tool_zero_timeout_clamped_to_one ... ok
test tools::skill_tool::tests::skill_shell_tool_executes_echo ... ok
test tools::file_read::tests::file_read_rejects_oversized_file ... ok
test tools::sop_advance::tests::advance_invalid_status ... ok
test tools::sop_advance::tests::advance_to_completion ... ok
test tools::sop_advance::tests::advance_to_next_step ... ok
test tools::sop_advance::tests::advance_unknown_run ... ok
test tools::sop_advance::tests::advance_with_failure ... ok
test tools::schedule::tests::medium_risk_create_requires_approval ... ok
test tools::sop_advance::tests::name_and_schema ... ok
test tools::sop_approve::tests::approve_missing_run_id ... ok
test tools::sop_approve::tests::approve_nonexistent_run ... ok
test tools::sop_approve::tests::approve_waiting_run ... ok
test sop::dispatch::tests::peripheral_signal_no_match_returns_empty ... ok
test tools::sop_approve::tests::name_and_schema ... ok
test tools::sop_execute::tests::execute_auto_sop ... ok
test tools::sop_execute::tests::execute_missing_name ... ok
test tools::schedule::tests::rate_limit_blocks_cancel_and_keeps_job ... ok
test tools::sop_execute::tests::execute_supervised_sop ... ok
test tools::sop_execute::tests::execute_unknown_sop ... ok
test tools::sop_execute::tests::execute_with_payload ... ok
test tools::sop_execute::tests::name_and_schema ... ok
test tools::sop_list::tests::filter_by_name ... ok
test tools::sop_list::tests::filter_by_priority ... ok
test tools::sop_list::tests::filter_no_match ... ok
test tools::sop_list::tests::list_all_sops ... ok
test tools::sop_list::tests::list_empty ... ok
test tools::sop_list::tests::name_and_schema ... ok
test tools::sop_status::tests::name_and_schema ... ok
test tools::sop_status::tests::status_metrics_not_shown_by_default ... ok
test tools::sop_status::tests::status_filter_by_sop_name ... ok
test tools::sop_status::tests::status_metrics_without_collector ... ok
test tools::sop_status::tests::status_no_runs ... ok
test tools::sop_status::tests::status_specific_run ... ok
test tools::sop_status::tests::status_unknown_run ... ok
test tools::sop_status::tests::status_with_active_run ... ok
test tools::sop_status::tests::status_with_metrics_global ... ok
test tools::sop_status::tests::status_with_metrics_per_sop ... ok
✅ Removed cron job 68d6de80-e1c5-4939-b895-a3dfcfdb2c6f
test tools::schedule::tests::create_get_and_cancel_roundtrip ... ok
test skills::creator::tests::lru_eviction_removes_oldest ... ok
test sop::metrics::tests::warm_start_approval_matching ... ok
test tools::tests::all_tools_excludes_browser_when_disabled ... ok
test tools::tests::all_tools_excludes_delegate_when_no_agents ... ok
test tools::tests::default_tools_all_have_descriptions ... ok
test tools::tests::all_tools_excludes_read_skill_in_full_mode ... ok
test tools::tests::default_tools_all_have_schemas ... ok
test tools::tests::default_tools_has_expected_count ... ok
test tools::tests::default_tools_names ... ok
test tools::tests::tool_result_serde ... ok
test tools::tests::tool_result_with_error_serde ... ok
test tools::tests::tool_spec_serde ... ok
test tools::tests::tool_spec_generation ... ok
test tools::verifiable_intent::tests::unknown_operation_fails ... ok
test tools::verifiable_intent::tests::evaluate_constraints_empty ... ok
test tools::verifiable_intent::tests::verify_timestamps_expired ... ok
test tools::verifiable_intent::tests::verify_timestamps_valid ... ok
test trust::tests::apply_decay_half_life_math ... ok
test trust::tests::apply_decay_multiple_domains ... ok
test tools::schedule::tests::once_and_pause_resume_aliases_work ... ok
test trust::tests::apply_decay_no_change_when_at_initial ... ok
test trust::tests::apply_decay_toward_initial_score_above ... ok
test trust::tests::apply_decay_updates_last_updated ... ok
test trust::tests::apply_decay_toward_initial_score_below ... ok
test trust::tests::check_regression_above_threshold_returns_none ... ok
test trust::tests::check_regression_alert_fields_correct ... ok
test trust::tests::check_regression_missing_domain_uses_initial ... ok
test trust::tests::check_regression_below_threshold_returns_alert ... ok
test trust::tests::correction_event_type_serde_as_snake_case ... ok
test trust::tests::correction_event_serde_roundtrip ... ok
test trust::tests::corrections_for_domain_filters ... ok
test trust::tests::domains_returns_all_tracked_domains ... ok
test trust::tests::get_effective_autonomy_missing_domain_uses_initial ... ok
test trust::tests::get_effective_autonomy_no_regression_returns_base ... ok
test trust::tests::get_effective_autonomy_regression_readonly_stays_readonly ... ok
test trust::tests::get_effective_autonomy_regression_reduces_full_to_supervised ... ok
test trust::tests::record_correction_increments_event_count ... ok
test trust::tests::get_effective_autonomy_regression_reduces_supervised_to_readonly ... ok
test trust::tests::record_correction_logs_event ... ok
test trust::tests::record_correction_multiple_events_cumulative_penalty ... ok
test trust::tests::record_correction_reduces_score ... ok
test trust::tests::record_correction_score_floor_at_zero ... ok
test trust::tests::record_success_increases_score ... ok
test trust::tests::record_success_increments_event_count ... ok
test trust::tests::record_success_multiple_events_cumulative_boost ... ok
test trust::tests::record_success_score_ceiling_at_one ... ok
test trust::tests::regression_alert_serde_roundtrip ... ok
test trust::tests::snapshot_returns_all_scores ... ok
test trust::tests::trust_config_defaults ... ok
test trust::tests::trust_config_partial_serde_uses_defaults ... ok
test trust::tests::trust_config_serde_roundtrip ... ok
test trust::tests::trust_score_serde_roundtrip ... ok
test trust::tests::trust_tracker_get_score_missing_domain_returns_initial ... ok
test trust::tests::trust_tracker_new_initializes_empty ... ok
test tunnel::cloudflare::tests::constructor_stores_token ... ok
test tunnel::cloudflare::tests::extract_captures_trycloudflare_url ... ok
test tunnel::cloudflare::tests::extract_captures_url_on_route_at_line ... ok
test tunnel::cloudflare::tests::extract_captures_url_on_visit_it_at_line ... ok
test tunnel::cloudflare::tests::extract_returns_none_for_line_without_url ... ok
test tunnel::cloudflare::tests::extract_skips_cloudflare_docs_url ... ok
test tunnel::cloudflare::tests::extract_skips_developers_cloudflare_url ... ok
test tunnel::cloudflare::tests::extract_skips_quic_go_github_url ... ok
test tunnel::cloudflare::tests::health_check_is_false_before_start ... ok
test tunnel::cloudflare::tests::public_url_is_none_before_start ... ok
test tunnel::cloudflare::tests::stop_without_started_process_is_ok ... ok
test tunnel::custom::tests::health_check_with_unreachable_health_url_returns_false ... ok
test tools::tests::all_tools_includes_browser_when_enabled ... ok
test tunnel::custom::tests::start_with_empty_command_returns_error ... ok
test sop::metrics::tests::warm_start_empty_memory ... ok
test tools::tests::all_tools_includes_delegate_when_agents_configured ... ok
test tunnel::ngrok::tests::constructor_stores_domain ... ok
test tunnel::ngrok::tests::health_check_is_false_before_start ... ok
test tunnel::ngrok::tests::public_url_is_none_before_start ... ok
test tunnel::custom::tests::start_replaces_host_and_port_placeholders ... ok
test tunnel::ngrok::tests::stop_without_started_process_is_ok ... ok
test tunnel::none::tests::health_check_is_always_true ... ok
test tunnel::custom::tests::start_without_pattern_returns_local_url ... ok
test tunnel::none::tests::name_is_none ... ok
test tunnel::none::tests::public_url_is_always_none ... ok
test tunnel::none::tests::start_returns_local_url ... ok
test tunnel::openvpn::tests::build_args_basic ... ok
test tunnel::none::tests::stop_is_noop_success ... ok
test tunnel::openvpn::tests::build_args_with_auth_and_extras ... ok
test tunnel::openvpn::tests::constructor_stores_fields ... ok
test tunnel::custom::tests::start_with_pattern_extracts_url ... ok
test tunnel::openvpn::tests::public_url_is_none_before_start ... ok
test tunnel::openvpn::tests::health_check_is_false_before_start ... ok
test tunnel::pinggy::tests::constructor_stores_fields ... ok
test tunnel::openvpn::tests::start_with_missing_config_file_errors ... ok
test tunnel::openvpn::tests::stop_without_started_process_is_ok ... ok
test tunnel::pinggy::tests::name_returns_pinggy ... ok
test tunnel::pinggy::tests::public_url_is_none_before_start ... ok
test tunnel::pinggy::tests::health_check_is_false_before_start ... ok
test tools::tests::all_tools_includes_read_skill_in_compact_mode ... ok
test tunnel::tailscale::tests::constructor_stores_hostname_and_mode ... ok
test tunnel::pinggy::tests::stop_before_start_is_ok ... ok
test tunnel::tailscale::tests::public_url_is_none_before_start ... ok
test tunnel::tests::cloudflare_tunnel_name ... ok
test tunnel::tailscale::tests::health_check_is_false_before_start ... ok
test tunnel::tests::cloudflare_health_false_before_start ... ok
test tunnel::tests::custom_tunnel_name ... ok
test tunnel::tests::custom_health_false_before_start_without_health_url ... ok
test tunnel::tests::factory_cloudflare_missing_config_errors ... ok
test tunnel::tests::factory_cloudflare_with_config_ok ... ok
test tunnel::tests::factory_custom_missing_config_errors ... ok
test tunnel::tests::factory_custom_with_config_ok ... ok
test tunnel::tests::factory_empty_string_returns_none ... ok
test tunnel::tests::factory_ngrok_missing_config_errors ... ok
test tunnel::tests::factory_ngrok_with_config_ok ... ok
test tunnel::tests::factory_none_returns_none ... ok
test tunnel::tests::factory_openvpn_missing_config_errors ... ok
test tunnel::tests::factory_openvpn_with_config_ok ... ok
test tunnel::tests::factory_pinggy_missing_config_errors ... ok
test tunnel::tests::factory_pinggy_with_config_ok ... ok
test tunnel::tests::factory_tailscale_defaults_ok ... ok
test tunnel::tests::factory_unknown_provider_errors ... ok
test tunnel::tests::ngrok_tunnel_name ... ok
test tunnel::tests::kill_shared_no_process_is_ok ... ok
test tunnel::tests::ngrok_health_false_before_start ... ok
test tunnel::tests::ngrok_with_domain ... ok
test tunnel::tests::none_tunnel_name ... ok
test tunnel::tests::none_tunnel_public_url_is_none ... ok
test tunnel::tests::none_tunnel_health_always_true ... ok
test tunnel::tests::openvpn_tunnel_name ... ok
test tunnel::tests::none_tunnel_start_returns_local ... ok
test tunnel::tests::openvpn_health_false_before_start ... ok
test tunnel::tests::pinggy_without_token ... ok
test tunnel::tests::pinggy_tunnel_name ... ok
test tunnel::tests::kill_shared_terminates_and_clears_child ... ok
test tunnel::tests::pinggy_health_false_before_start ... ok
test tunnel::tests::tailscale_funnel_mode ... ok
test tunnel::tests::tailscale_health_false_before_start ... ok
test util::tests::test_truncate_ascii_no_truncation ... ok
test util::tests::test_truncate_accented_characters ... ok
test tunnel::tests::tailscale_tunnel_name ... ok
test util::tests::test_truncate_ascii_with_truncation ... ok
test util::tests::test_truncate_at_exact_boundary ... ok
test util::tests::test_truncate_cjk_characters ... ok
test util::tests::test_truncate_emoji_multiple ... ok
test util::tests::test_truncate_emoji_single ... ok
test util::tests::test_truncate_empty_string ... ok
test util::tests::test_truncate_long_string ... ok
test util::tests::test_truncate_mixed_ascii_emoji ... ok
test util::tests::test_truncate_unicode_edge_case ... ok
test util::tests::test_truncate_zero_max_chars ... ok
test verifiable_intent::crypto::tests::b64u_roundtrip ... ok
test verifiable_intent::crypto::tests::disclosure_creation ... ok
test verifiable_intent::crypto::tests::jws_decode_payload_works ... ok
test verifiable_intent::crypto::tests::sd_hash_deterministic ... ok
test verifiable_intent::crypto::tests::generate_key_and_convert_roundtrip ... ok
test verifiable_intent::crypto::tests::sd_jwt_serialize_parse_roundtrip ... ok
test verifiable_intent::crypto::tests::sd_jwt_serialize_with_kb_jwt ... ok
test verifiable_intent::error::tests::error_display_includes_kind_and_message ... ok
test verifiable_intent::error::tests::error_kind_equality ... ok
test verifiable_intent::crypto::tests::jws_sign_and_verify ... ok
test verifiable_intent::crypto::tests::jws_verify_rejects_tampered ... ok
test verifiable_intent::issuance::tests::create_autonomous_l2_cnf_mismatch_fails ... ok
test verifiable_intent::issuance::tests::create_immediate_l2 ... ok
test verifiable_intent::types::tests::constraint_merchant_serde_roundtrip ... ok
test verifiable_intent::issuance::tests::create_autonomous_l2 ... ok
test verifiable_intent::issuance::tests::create_l3_payment_and_checkout ... ok
test verifiable_intent::types::tests::constraint_serde_roundtrip ... ok
test verifiable_intent::types::tests::entity_matches_by_id ... ok
test verifiable_intent::types::tests::entity_matches_by_name_website_when_no_id ... ok
test verifiable_intent::types::tests::entity_no_match ... ok
test verifiable_intent::types::tests::mandate_mode_serde ... ok
test verifiable_intent::verification::tests::amount_below_min ... ok
test verifiable_intent::verification::tests::amount_exceeds_max ... ok
test verifiable_intent::verification::tests::amount_in_range_passes ... ok
test verifiable_intent::verification::tests::budget_exceeded_fails ... ok
test verifiable_intent::verification::tests::budget_within_limit_passes ... ok
test verifiable_intent::verification::tests::check_constraints_multiple ... ok
test verifiable_intent::verification::tests::currency_mismatch_fails ... ok
test verifiable_intent::verification::tests::infer_mode_autonomous ... ok
test verifiable_intent::verification::tests::infer_mode_immediate ... ok
test verifiable_intent::verification::tests::infer_mode_unknown_fails ... ok
test verifiable_intent::verification::tests::l3_cross_reference_mismatch ... ok
test verifiable_intent::verification::tests::l3_cross_reference_valid ... ok
test verifiable_intent::verification::tests::line_items_quantity_exceeded ... ok
test verifiable_intent::verification::tests::line_items_unknown_sku_fails ... ok
test verifiable_intent::verification::tests::line_items_valid ... ok
test verifiable_intent::verification::tests::merchant_in_allowlist_passes ... ok
test verifiable_intent::verification::tests::merchant_not_in_allowlist_fails ... ok
test verifiable_intent::verification::tests::payee_in_allowlist_passes ... ok
test verifiable_intent::verification::tests::payee_not_in_allowlist_fails ... ok
test sop::metrics::tests::warm_start_preserves_pending_for_nonterminal_runs ... ok
test sop::metrics::tests::warm_start_roundtrip ... ok
test tunnel::tailscale::tests::stop_without_started_process_is_ok ... ok
test tools::delegate::tests::background_task_result_persisted_to_disk ... ok
test trust::tests::record_correction_updates_timestamp ... ok
test trust::tests::record_success_updates_timestamp ... ok
test sop::metrics::tests::warm_start_skips_running_runs ... ok
test tools::delegate::tests::check_result_retrieves_persisted_background_result ... ok
test tools::sop_advance::tests::advance_error_does_not_write_step_audit ... ok
test tools::delegate::tests::list_results_includes_background_tasks ... ok
test tools::sop_advance::tests::advance_success_writes_step_audit ... ok
test tools::sop_approve::tests::approve_failure_does_not_write_audit ... ok
test tools::sop_approve::tests::approve_writes_audit ... ok
test daemon::tests::sighup_does_not_shut_down_daemon ... ok
test tools::delegate::tests::background_delegation_returns_task_id ... ok
test cron::scheduler::tests::execute_job_with_retry_exhausts_attempts ... ok
test tools::skill_tool::tests::skill_shell_tool_timeout_enforced ... ok
test tools::skill_tool::tests::skill_shell_tool_timeout_kills_process ... ok
test cron::scheduler::tests::process_due_jobs_failure_does_not_mark_component_unhealthy ... ok
test cron::scheduler::tests::broadcast_sends_cron_result_on_failure ... ok

test result: ok. 1703 passed; 0 failed; 1 ignored; 0 measured; 0 filtered out; finished in 1.57s

     Running unittests src/lib.rs (target/debug/deps/operant_tool_call_parser-13526b55b6421942)

running 111 tests
test tests::build_native_assistant_history_returns_none_for_empty_calls ... ok
test tests::build_native_assistant_history_from_parsed_calls_includes_reasoning_content ... ok
test tests::build_native_assistant_history_emits_tool_calls_when_non_empty ... ok
test tests::default_param_for_tool_coverage ... ok
test tests::build_native_assistant_history_from_parsed_calls_omits_reasoning_content_when_none ... ok
test tests::detect_tool_call_parse_issue_ignores_normal_text ... ok
test tests::extract_json_values_handles_arrays ... ok
test tests::extract_json_values_handles_empty_string ... ok
test tests::build_native_assistant_history_returns_none_for_empty_calls_with_reasoning ... ok
test tests::detect_tool_call_parse_issue_flags_malformed_payloads ... ok
test tests::extract_json_values_handles_whitespace_only ... ok
test tests::map_tool_name_alias_direct_coverage ... ok
test tests::extract_json_values_handles_multiple_objects ... ok
test tests::map_tool_name_alias_strips_dotted_namespaces ... ok
test tests::parse_arguments_value_handles_double_encoding ... ok
test tests::parse_arguments_value_handles_invalid_json_string ... ok
test tests::parse_arguments_value_handles_none ... ok
test tests::parse_arguments_value_handles_null ... ok
test tests::parse_arguments_value_leaves_non_json_strings_alone ... ok
test tests::parse_arguments_value_unwraps_nested_array_string ... ok
test tests::parse_arguments_value_unwraps_nested_object_string ... ok
test tests::parse_glm_shortened_body_function_style_alias_maps_to_message_send ... ok
test tests::parse_glm_shortened_body_browser_open_maps_to_shell_command ... ok
test tests::parse_glm_shortened_body_memory_recall ... ok
test tests::parse_glm_shortened_body_rejects_empty ... ok
test tests::parse_glm_shortened_body_rejects_invalid_tool_name ... ok
test tests::parse_glm_shortened_body_url_to_curl ... ok
test tests::parse_glm_style_browser_open_url ... ok
test tests::parse_glm_style_http_request ... ok
test tests::parse_glm_style_ignores_plain_url ... ok
test tests::parse_glm_style_json_args ... ok
test tests::parse_glm_style_multiple_calls ... ok
test tests::parse_glm_style_rejects_non_http_url_param ... ok
test tests::parse_glm_style_shell_command ... ok
test tests::parse_tool_call_value_accepts_function_parameters_alias ... ok
test tests::parse_tool_call_value_accepts_top_level_parameters_alias ... ok
test tests::parse_tool_call_value_handles_missing_name_field ... ok
test tests::parse_tool_call_value_handles_gemini_double_encoded_params ... ok
test tests::parse_tool_call_value_handles_top_level_name ... ok
test tests::parse_tool_call_value_preserves_tool_call_id_aliases ... ok
test tests::parse_tool_calls_from_json_value_handles_empty_array ... ok
test tests::parse_tool_calls_from_json_value_handles_missing_tool_calls ... ok
test tests::parse_tool_calls_handles_empty_string_arguments ... ok
test tests::parse_tool_calls_from_json_value_handles_top_level_array ... ok
test tests::parse_tool_calls_cross_alias_close_tag_with_json ... ok
test tests::parse_tool_calls_file_read_shortened_in_cross_alias ... ok
test tests::parse_tool_calls_extracts_multiple_calls ... ok
test tests::parse_tool_calls_attribute_style_in_tags ... ok
test tests::parse_tool_calls_cross_alias_close_tag_with_glm_shortened ... ok
test tests::parse_tool_calls_glm_shortened_body_in_matched_tags ... ok
test tests::parse_tool_calls_handles_markdown_json_inside_tool_call_tag ... ok
test tests::parse_tool_calls_handles_minimax_toolcall_alias_and_cross_close_tag ... ok
test tests::parse_tool_calls_handles_noisy_tool_call_tag_body ... ok
test tests::parse_tool_calls_handles_invoke_tag_alias ... ok
test tests::parse_tool_calls_glm_yaml_style_in_tags ... ok
test tests::parse_tool_calls_handles_openai_format_multiple_calls ... ok
test tests::parse_tool_calls_handles_qwen_think_with_multiple_tool_calls ... ok
test tests::parse_tool_calls_handles_openai_format ... ok
test tests::parse_tool_calls_handles_tool_call_inline_attributes_with_send_message_alias ... ok
test tests::parse_tool_calls_handles_tool_dash_call_tag_alias ... ok
test tests::parse_tool_calls_handles_tool_call_function_style_arguments ... ok
test tests::parse_tool_calls_handles_whitespace_only_name ... ok
test tests::parse_tool_calls_handles_unclosed_tool_call_tag ... ok
test tests::parse_tool_calls_handles_toolcall_tag_alias ... ok
test tests::parse_tool_calls_multiple_formats_mixed ... ok
test tests::parse_tool_calls_openai_format_without_content ... ok
test tests::parse_tool_calls_nested_xml_tags_handled ... ok
test tests::parse_tool_calls_preserves_openai_tool_call_ids ... ok
test tests::parse_tool_calls_recovers_cross_alias_closing_tags ... ok
test tests::parse_tool_calls_recovers_mismatched_close_tag ... ok
test tests::parse_tool_calls_recovers_unclosed_tool_call_with_json ... ok
test tests::parse_tool_calls_special_characters_in_arguments ... ok
test tests::parse_tool_calls_strips_think_before_tool_call ... ok
test tests::parse_tool_calls_handles_xml_with_json_arguments ... ok
test tests::parse_tool_calls_handles_xml_nested_tool_payload ... ok
test tests::parse_tool_calls_ignores_xml_thinking_wrapper ... ok
test tests::parse_tool_calls_text_before_and_after ... ok
test tests::parse_tool_calls_text_before_cross_alias ... ok
test tests::parse_tool_calls_unclosed_glm_shortened_no_close_tag ... ok
test tests::parse_tool_calls_handles_markdown_tool_call_fence ... ok
test tests::parse_tool_calls_handles_markdown_invoke_fence ... ok
test tests::parse_tool_calls_handles_markdown_tool_call_hybrid_close_tag ... ok
test tests::parse_tool_calls_very_large_arguments_no_panic ... ok
test tests::parse_tool_calls_handles_tool_name_fence_shell ... ok
test tests::parse_tool_calls_handles_minimax_invoke_parameter_format ... ok
test tests::parse_tool_calls_handles_minimax_invoke_with_surrounding_text ... ok
test tests::parse_tool_calls_handles_tool_name_fence_format ... ok
test tests::parse_tool_calls_handles_multiple_tool_name_fences ... ok
test tests::parse_tool_calls_handles_square_bracket_multiline ... ok
test tests::parse_tool_calls_handles_perl_style_tool_call_blocks ... ok
test tests::parse_tool_calls_handles_square_bracket_tool_call_blocks ... ok
test tests::parse_tool_calls_strips_think_only_returns_empty ... ok
test tests::parse_tool_calls_whitespace_only_returns_empty_calls ... ok
test tests::parse_tool_calls_closing_tag_only_returns_text ... ok
test tests::parse_tool_calls_text_with_embedded_json_not_extracted ... ok
test tests::parse_tool_calls_empty_json_object_in_tag ... ok
test tests::parse_tool_calls_handles_malformed_json ... ok
test tests::parse_tool_calls_rejects_raw_tool_json_without_tags ... ok
test tests::parse_tool_calls_handles_empty_tool_calls_array ... ok
test tests::parse_tool_calls_handles_empty_tool_result ... ok
test tests::parse_tool_calls_truncated_json_no_panic ... ok
test tests::parse_glm_style_tool_call_integration ... ok
test tests::parse_tool_calls_empty_input_returns_empty ... ok
test tests::parse_tool_calls_returns_text_only_when_no_calls ... ok
test tests::strip_tool_result_blocks_removes_multiple_blocks ... ok
test tests::strip_tool_result_blocks_preserves_clean_text ... ok
test tests::strip_tool_result_blocks_removes_prefix ... ok
test tests::strip_tool_result_blocks_removes_think_tags ... ok
test tests::strip_tool_result_blocks_removes_thinking ... ok
test tests::strip_tool_result_blocks_removes_single_block ... ok
test tests::strip_tool_result_blocks_returns_empty_for_only_tags ... ok

test result: ok. 111 passed; 0 failed; 0 ignored; 0 measured; 0 filtered out; finished in 0.02s

     Running unittests src/lib.rs (target/debug/deps/operant_tools-56a265af079ee387)

running 1161 tests
test ask_user::tests::format_question_without_choices ... ok
test ask_user::tests::format_question_with_choices ... ok
test ask_user::tests::parameter_schema_validation ... ok
test ask_user::tests::tool_name_and_description ... ok
test ask_user::tests::spec_matches_metadata ... ok
test ask_user::tests::execute_rejects_empty_question ... ok
test ask_user::tests::execute_rejects_missing_question ... ok
test ask_user::tests::empty_channels_returns_not_initialized ... ok
test ask_user::tests::unknown_channel_returns_error ... ok
test browser::tests::browser_backend_parser_accepts_supported_values ... ok
test browser::tests::browser_backend_parser_rejects_unknown_values ... ok
test ask_user::tests::successful_response_with_choices ... ok
test ask_user::tests::successful_response_flow ... ok
test ask_user::tests::channel_map_handle_allows_late_binding ... ok
test browser::tests::browser_tool_accepts_auto_backend_config ... ok
test browser::tests::browser_tool_accepts_computer_use_backend_config ... ok
test browser::tests::browser_tool_empty_allowlist_blocks ... ok
test browser::tests::browser_tool_name ... ok
test browser::tests::browser_tool_validates_url ... ok
test browser::tests::browser_tool_default_backend_is_agent_browser ... ok
test browser::tests::computer_use_only_action_detection_is_correct ... ok
test browser::tests::computer_use_coordinate_validation_applies_limits ... ok
test browser::tests::computer_use_endpoint_requires_https_for_public_remote ... ok
test browser::tests::computer_use_endpoint_rejects_public_http_by_default ... ok
test browser::tests::extract_host_handles_ipv6 ... ok
test browser::tests::extract_host_works ... ok
test browser::tests::host_matches_allowlist_exact ... ok
test browser::tests::host_matches_allowlist_star ... ok
test browser::tests::ensure_browser_env_sets_home_when_missing ... ok
test browser::tests::ensure_browser_env_sets_chromium_flags ... ok
test browser::tests::is_private_host_blocks_multicast_and_reserved ... ok
test browser::tests::is_private_host_catches_ipv6 ... ok
test browser::tests::is_private_host_catches_ipv6_private_ranges ... ok
test browser::tests::is_private_host_catches_mapped_ipv4 ... ok
test browser::tests::is_private_host_detects_local ... ok
test browser::tests::is_service_environment_detects_invocation_id ... ok
test browser::tests::is_service_environment_detects_journal_stream ... ok
test browser::tests::host_matches_allowlist_wildcard ... ok
test browser::tests::non_recoverable_error_detection_rejects_policy_errors ... ok
test browser::tests::normalize_domains_works ... ok
test browser::tests::recoverable_error_detection_matches_session_patterns ... ok
test browser::tests::unavailable_action_error_preserves_backend_context ... ok
test browser::tests::is_service_environment_false_in_normal_context ... ok
test browser::tests::windows_command_name_selection ... ok
test browser::tests::validate_url_blocks_ipv6_ssrf ... ok
test browser_delegate::tests::build_command_includes_print_flag ... ok
test browser_delegate::tests::build_command_includes_url_in_prompt ... ok
test browser_delegate::tests::build_command_uses_configured_binary ... ok
test browser_delegate::tests::build_command_sets_chrome_profile_env ... ok
test browser_delegate::tests::config_defaults_are_sensible ... ok
test browser_delegate::tests::domain_does_not_match_partial ... ok
test browser_delegate::tests::domain_matches_case_insensitive ... ok
test browser_delegate::tests::domain_matches_exact ... ok
test browser_delegate::tests::domain_matches_subdomain ... ok
test backup_tool::tests::create_backup_produces_manifest ... ok
test browser_delegate::tests::template_confluence_includes_url ... ok
test browser_delegate::tests::template_jira_includes_project ... ok
test browser_delegate::tests::execute_rejects_blocked_url ... ok
test browser_delegate::tests::template_outlook_includes_count ... ok
test browser_delegate::tests::execute_rejects_empty_task ... ok
test browser_delegate::tests::template_teams_includes_channel_and_count ... ok
test browser_delegate::tests::validate_url_allows_listed_domain ... ok
test browser_delegate::tests::validate_url_allows_http_scheme ... ok
test browser_delegate::tests::validate_url_allows_when_no_restrictions ... ok
test backup_tool::tests::verify_backup_detects_corruption ... ok
test backup_tool::tests::restore_requires_confirmation ... ok
test browser_delegate::tests::config_serde_roundtrip ... ok
test browser_delegate::tests::validate_url_rejects_blocked_subdomain ... ok
test browser_delegate::tests::validate_url_rejects_blocked_domain ... ok
test browser_delegate::tests::validate_url_blocked_takes_precedence_over_allowed ... ok
test browser_delegate::tests::validate_url_rejects_data_scheme ... ok
test browser_delegate::tests::validate_url_rejects_ftp_scheme ... ok
test browser_delegate::tests::validate_url_rejects_invalid_url ... ok
test browser_delegate::tests::validate_url_rejects_javascript_scheme ... ok
test browser_delegate::tests::validate_url_rejects_file_scheme ... ok
test browser_delegate::tests::validate_url_rejects_unlisted_domain_with_allowlist ... ok
test browser_open::tests::normalize_allowed_domains_deduplicates ... ok
test browser_open::tests::normalize_domain_strips_scheme_path_and_case ... ok
test browser_open::tests::execute_blocks_readonly_mode ... ok
test browser_open::tests::execute_blocks_when_rate_limited ... ok
test browser_open::tests::parse_ipv4_invalid ... ok
test browser_open::tests::parse_ipv4_valid ... ok
test browser_open::tests::validate_accepts_exact_domain ... ok
test browser_open::tests::validate_accepts_subdomain ... ok
test browser_open::tests::validate_accepts_wildcard_allowlist_for_public_host ... ok
test browser_open::tests::validate_rejects_allowlist_miss ... ok
test browser_open::tests::validate_rejects_http ... ok
test browser_open::tests::validate_rejects_localhost ... ok
test browser_open::tests::validate_rejects_private_ipv4 ... ok
test browser_open::tests::validate_rejects_userinfo ... ok
test browser_open::tests::validate_rejects_whitespace ... ok
test browser_open::tests::validate_requires_allowlist ... ok
test browser_open::tests::validate_wildcard_allowlist_still_rejects_private_host ... ok
test calculator::tests::test_abs ... ok
test calculator::tests::test_add ... ok
test calculator::tests::test_average ... ok
test calculator::tests::test_clamp_within_range ... ok
test calculator::tests::test_clamp_below_min ... ok
test calculator::tests::test_clamp_above_max ... ok
test calculator::tests::test_count ... ok
test calculator::tests::test_divide ... ok
test calculator::tests::test_divide_by_zero ... ok
test calculator::tests::test_factorial ... ok
test calculator::tests::test_exp ... ok
test calculator::tests::test_ln ... ok
test calculator::tests::test_log_base10 ... ok
test calculator::tests::test_log_custom_base ... ok
test calculator::tests::test_median_even ... ok
test calculator::tests::test_multiply ... ok
test calculator::tests::test_median_odd ... ok
test calculator::tests::test_percentage_change ... ok
test calculator::tests::test_min ... ok
test calculator::tests::test_max ... ok
test calculator::tests::test_percentile_50 ... ok
test calculator::tests::test_pow ... ok
test calculator::tests::test_mode ... ok
test calculator::tests::test_modulo ... ok
test calculator::tests::test_range ... ok
test calculator::tests::test_sqrt ... ok
test calculator::tests::test_round ... ok
test calculator::tests::test_sqrt_negative ... ok
test calculator::tests::test_stdev ... ok
test calculator::tests::test_subtract ... ok
test calculator::tests::test_sum ... ok
test calculator::tests::test_unknown_function ... ok
test canvas::tests::canvas_store_clear_nonexistent_returns_false ... ok
test calculator::tests::test_variance ... ok
test canvas::tests::canvas_store_clear_removes_content ... ok
test browser_delegate::tests::validate_task_urls_allows_text_without_urls ... ok
test canvas::tests::canvas_store_history_tracks_frames ... ok
test canvas::tests::canvas_store_snapshot_empty_returns_none ... ok
test canvas::tests::canvas_store_list_returns_canvas_ids ... ok
test canvas::tests::canvas_store_render_and_snapshot ... ok
test browser_delegate::tests::execute_rejects_invalid_extract_format ... ok
test canvas::tests::canvas_store_subscribe_receives_updates ... ok
test canvas::tests::canvas_tool_clear_action ... ok
test canvas::tests::canvas_store_history_limit_enforced ... ok
test canvas::tests::canvas_tool_default_canvas_id ... ok
test canvas::tests::canvas_tool_eval_missing_expression ... ok
test canvas::tests::canvas_tool_eval_action ... ok
test canvas::tests::canvas_tool_missing_action ... ok
test canvas::tests::canvas_tool_render_action ... ok
test canvas::tests::canvas_tool_render_missing_content ... ok
test browser_delegate::tests::execute_rejects_blocked_url_in_task_text ... ok
test canvas::tests::canvas_tool_snapshot_action ... ok
test canvas::tests::canvas_tool_snapshot_empty ... ok
test canvas::tests::canvas_tool_unknown_action ... ok
test claude_code::tests::claude_code_default_config_values ... ok
test claude_code::tests::claude_code_env_passthrough_defaults ... ok
test claude_code::tests::claude_code_blocks_rate_limited ... ok
test claude_code::tests::claude_code_blocks_readonly ... ok
test browser_delegate::tests::validate_task_urls_blocks_embedded_blocked_url ... ok
test claude_code::tests::claude_code_tool_name ... ok
test claude_code::tests::claude_code_missing_prompt_param ... ok
test claude_code::tests::claude_code_tool_schema_has_prompt ... ok
test canvas::tests::canvas_tool_render_content_too_large ... ok
test claude_code::tests::claude_code_rejects_path_outside_workspace ... ok
test claude_code_runner::tests::hook_event_deserialization ... ok
test claude_code_runner::tests::blocks_rate_limited ... ok
test claude_code_runner::tests::blocks_readonly ... ok
test claude_code_runner::tests::session_name_uses_prefix ... ok
test claude_code_runner::tests::shell_escape_simple ... ok
test claude_code_runner::tests::missing_prompt ... ok
test claude_code_runner::tests::rejects_path_outside_workspace ... ok
test browser_delegate::tests::validate_task_urls_allows_permitted_embedded_url ... ok
test browser_delegate::tests::validate_task_urls_blocks_embedded_url_not_in_allowlist ... ok
test claude_code_runner::tests::ssh_attach_command_with_host ... ok
test claude_code_runner::tests::ssh_attach_command_without_host ... ok
test claude_code_runner::tests::tool_name ... ok
test cloud_ops::tests::detect_iac_type_identifies_cloudformation ... ok
test claude_code_runner::tests::tool_schema_has_prompt ... ok
test cli_discovery::tests::category_display ... ok
test cloud_ops::tests::detect_iac_type_identifies_pulumi ... ok
test cloud_ops::tests::cost_analysis_detects_on_demand ... ok
test cloud_ops::tests::empty_input_returns_error ... ok
test cloud_ops::tests::non_string_action_returns_error ... ok
test cloud_ops::tests::non_string_cloud_returns_error ... ok
test cloud_ops::tests::non_string_input_returns_error ... ok
test cloud_ops::tests::scan_iac_cost_gates_aws_patterns_for_non_aws ... ok
test cloud_ops::tests::assess_migration_detects_monolith ... ok
test cloud_ops::tests::scan_iac_cost_respects_threshold ... ok
test cloud_ops::tests::scan_iac_security_finds_wildcard_permission ... ok
test cloud_ops::tests::review_iac_detects_terraform_type ... ok
test cloud_ops::tests::review_iac_detects_security_findings ... ok
test cloud_ops::tests::architecture_review_returns_all_pillars ... ok
test cloud_ops::tests::unknown_action_returns_error ... ok
test cloud_patterns::tests::built_in_patterns_are_populated ... ok
test cloud_ops::tests::unsupported_cloud_returns_error ... ok
test cloud_ops::tests::review_iac_detects_encrypted_false ... ok
test cloud_patterns::tests::match_database_workload_finds_db_modernization ... ok
test cloud_patterns::tests::match_filters_by_cloud_provider ... ok
test cloud_patterns::tests::list_returns_all_patterns ... ok
test cloud_patterns::tests::match_with_empty_workload_returns_error ... ok
test cloud_patterns::tests::pattern_matching_scores_correctly ... ok
test cloud_patterns::tests::match_returns_serverless_for_batch_workload ... ok
test codex_cli::tests::codex_cli_default_config_values ... ok
test cloud_patterns::tests::unknown_action_returns_error ... ok
test codex_cli::tests::codex_cli_blocks_rate_limited ... ok
test codex_cli::tests::codex_cli_env_passthrough_defaults ... ok
test codex_cli::tests::codex_cli_blocks_readonly ... ok
test cloud_patterns::tests::match_returns_containerization_for_monolith ... ok
test codex_cli::tests::codex_cli_tool_name ... ok
test codex_cli::tests::codex_cli_missing_prompt_param ... ok
test codex_cli::tests::codex_cli_rejects_path_outside_workspace ... ok
test codex_cli::tests::codex_cli_tool_schema_has_prompt ... ok
test composio::tests::auth_config_prefers_enabled_status ... ok
test composio::tests::build_connected_account_hint_returns_guidance_when_missing_ref ... ok
test composio::tests::build_connected_account_hint_without_app_is_still_actionable ... ok
test composio::tests::build_execute_action_v3_request_drops_blank_optional_fields ... ok
test composio::tests::build_execute_action_v3_request_uses_fixed_endpoint_and_body_account_id ... ok
test canvas::tests::canvas_store_enforces_max_canvas_count ... ok
test composio::tests::build_list_actions_v3_query_adds_app_filters_when_present ... ok
test composio::tests::build_tool_slug_candidates_cover_common_variants ... ok
test composio::tests::build_list_actions_v3_query_requests_latest_versions ... ok
test composio::tests::composio_action_with_null_fields ... ok
test composio::tests::composio_action_deserializes ... ok
test composio::tests::composio_action_with_special_characters ... ok
test composio::tests::composio_api_base_url_is_v3 ... ok
test composio::tests::composio_action_with_unicode ... ok
test composio::tests::composio_empty_json_string_returns_error ... ok
test composio::tests::composio_malformed_json_returns_error ... ok
test composio::tests::composio_tool_has_correct_name ... ok
test composio::tests::composio_tool_has_description ... ok
test composio::tests::composio_tool_schema_has_required_fields ... ok
test composio::tests::composio_tool_spec_roundtrip ... ok
test composio::tests::composio_tools_response_deserializes ... ok
test composio::tests::composio_tools_response_empty ... ok
test composio::tests::composio_tools_response_missing_items_defaults ... ok
test composio::tests::composio_v3_tools_response_maps_to_actions ... ok
test composio::tests::connected_account_cache_key_is_stable ... ok
test composio::tests::connected_account_is_usable_for_initializing_active_and_initiated ... ok
test composio::tests::description_mentions_connected_accounts ... ok
test composio::tests::connect_without_target_returns_error ... ok
test composio::tests::execute_blocked_in_readonly_mode ... ok
test composio::tests::execute_missing_action_returns_error ... ok
test composio::tests::execute_blocked_when_rate_limited ... ok
test composio::tests::extract_api_error_message_from_common_shapes ... ok
test composio::tests::execute_unknown_action_returns_error ... ok
test composio::tests::extract_connected_account_id_supports_common_shapes ... ok
test composio::tests::extract_redirect_url_supports_v2_and_v3_shapes ... ok
test composio::tests::execute_without_action_name_returns_error ... ok
test composio::tests::floor_char_boundary_compat_handles_multibyte_offsets ... ok
test composio::tests::infer_app_slug_from_action_name_handles_v2_and_v3_formats ... ok
test composio::tests::normalize_action_cache_key_merges_underscore_and_hyphen_variants ... ok
test composio::tests::normalize_app_slug_removes_spaces_and_normalizes_case ... ok
test composio::tests::normalize_entity_id_falls_back_to_default_when_blank ... ok
test composio::tests::normalize_tool_slug_supports_legacy_action_name ... ok
test composio::tests::resolve_picks_first_usable_skipping_unusable_head ... ok
test composio::tests::resolve_picks_first_usable_when_multiple_accounts_exist ... ok
test composio::tests::resolve_returns_none_for_empty_accounts ... ok
test composio::tests::resolve_returns_none_when_no_usable_accounts ... ok
test composio::tests::schema_enum_includes_connected_accounts_alias ... ok
test content_search::tests::content_search_empty_pattern_rejected ... ok
test content_search::tests::content_search_name_and_schema ... ok
test content_search::tests::relativize_path_no_prefix ... ok
test content_search::tests::relativize_path_strips_prefix ... ok
test content_search::tests::truncate_utf8_keeps_char_boundary ... ok
test composio::tests::composio_large_actions_list ... ok
test content_search::tests::parse_count_line_supports_colons_in_path ... ok
test content_search::tests::format_line_output_content_counts_match_lines_only ... ok
test discord_search::tests::score_formatted_as_percent ... ok
test content_search::tests::content_search_basic_match ... ok
test content_search::tests::content_search_count_mode ... ok
test content_search::tests::content_search_rejects_absolute_path ... ok
test content_search::tests::content_search_rejects_path_traversal ... ok
test content_search::tests::content_search_missing_pattern ... ok
test content_search::tests::content_search_invalid_output_mode_rejected ... ok
test content_search::tests::content_search_multiline_without_rg ... ok
test data_management::tests::purge_dry_run_does_not_delete ... ok
test content_search::tests::content_search_files_with_matches_mode ... ok
test escalate::tests::non_blocking_works_on_structured_only_channel ... ok
test escalate::tests::test_message_format_critical ... ok
test escalate::tests::test_blocking_mode_returns_response ... ok
test escalate::tests::test_default_urgency_is_medium ... ok
test data_management::tests::retention_status_reports_correct_cutoff ... ok
test escalate::tests::test_high_urgency_succeeds_without_alert_channels ... ok
test content_search::tests::content_search_context_lines ... ok
test escalate::tests::test_invalid_urgency_rejected ... ok
test escalate::tests::test_message_format_low ... ok
test escalate::tests::test_tool_metadata ... ok
test escalate::tests::test_parameters_schema ... ok
test escalate::tests::test_non_blocking_returns_status ... ok
test escalate::tests::wait_for_response_fails_fast_on_structured_only_channel ... ok
test file_edit::tests::file_edit_blocks_absolute_path ... ok
test content_search::tests::content_search_case_insensitive ... ok
test data_management::tests::stats_counts_files_correctly ... ok
test file_edit::tests::file_edit_blocks_null_byte_in_path ... ok
test file_edit::tests::file_edit_missing_old_string_param ... ok
test file_edit::tests::file_edit_missing_new_string_param ... ok
test file_edit::tests::file_edit_name ... ok
test file_edit::tests::file_edit_missing_path_param ... ok
test file_edit::tests::file_edit_blocks_readonly_mode ... ok
test file_edit::tests::file_edit_blocks_path_traversal ... ok
test file_edit::tests::file_edit_absolute_path_in_workspace ... ok
test file_edit::tests::file_edit_blocks_symlink_escape ... ok
test file_edit::tests::file_edit_blocks_path_outside_workspace ... ok
test content_search::tests::content_search_subdirectory ... ok
test file_edit::tests::file_edit_blocks_symlink_target_file ... ok
test file_edit::tests::file_edit_schema_has_required_params ... ok
test content_search::tests::content_search_symlink_escape_blocked ... ok
test file_write::tests::file_write_blocks_absolute_path ... ok
test file_edit::tests::file_edit_not_found ... ok
test file_edit::tests::file_edit_nonexistent_file ... ok
test file_edit::tests::file_edit_rejects_empty_old_string ... ok
test file_edit::tests::file_edit_delete_via_empty_new_string ... ok
test file_write::tests::file_write_blocks_path_traversal ... ok
test file_write::tests::file_write_absolute_path_in_workspace ... ok
test file_edit::tests::file_edit_replaces_single_match ... ok
test file_write::tests::file_write_blocks_readonly_mode ... ok
test file_edit::tests::file_edit_multiple_matches ... ok
test file_write::tests::file_write_blocks_path_outside_workspace ... ok
test file_write::tests::file_write_blocks_null_byte_in_path ... ok
test file_write::tests::file_write_blocks_symlink_escape ... ok
test file_write::tests::file_write_missing_path_param ... ok
test file_edit::tests::file_edit_normalizes_workspace_prefixed_relative_path ... ok
test file_write::tests::file_write_name ... ok
test file_write::tests::file_write_schema_has_path_and_content ... ok
test file_write::tests::file_write_missing_content_param ... ok
test gemini_cli::tests::gemini_cli_env_passthrough_defaults ... ok
test gemini_cli::tests::gemini_cli_blocks_rate_limited ... ok
test content_search::tests::content_search_include_filter ... ok
test gemini_cli::tests::gemini_cli_blocks_readonly ... ok
test gemini_cli::tests::gemini_cli_tool_schema_has_prompt ... ok
test gemini_cli::tests::gemini_cli_tool_name ... ok
test file_write::tests::file_write_creates_file ... ok
test discord_search::tests::name_and_schema ... ok
test file_write::tests::file_write_empty_content ... ok
test file_write::tests::file_write_blocks_symlink_target_file ... ok
test file_write::tests::file_write_creates_parent_dirs ... ok
test gemini_cli::tests::gemini_cli_default_config_values ... ok
test gemini_cli::tests::gemini_cli_missing_prompt_param ... ok
test gemini_cli::tests::gemini_cli_rejects_path_outside_workspace ... ok
test file_write::tests::file_write_normalizes_workspace_prefixed_relative_path ... ok
test git_operations::tests::branch_is_not_write_gated ... ok
test git_operations::tests::allows_readonly_ops_in_readonly_mode ... ok
test git_operations::tests::is_read_only_detection ... ok
test file_write::tests::file_write_overwrites_existing ... ok
test git_operations::tests::requires_write_detection ... ok
test git_operations::tests::resolve_working_dir_empty_returns_workspace ... ok
test git_operations::tests::sanitize_git_allows_safe ... ok
test git_operations::tests::resolve_working_dir_none_returns_workspace ... ok
test git_operations::tests::rejects_missing_operation ... ok
test git_operations::tests::sanitize_git_blocks_config_injection ... ok
test git_operations::tests::sanitize_git_blocks_injection ... ok
test git_operations::tests::truncates_multibyte_commit_message_without_panicking ... ok
test git_operations::tests::sanitize_git_blocks_no_verify ... ok
test git_operations::tests::sanitize_git_blocks_pager_editor_injection ... ok
test git_operations::tests::resolve_working_dir_rejects_traversal ... ok
test git_operations::tests::sanitize_git_blocks_redirect_in_args ... ok
test git_operations::tests::sanitize_git_cached_not_blocked ... ok
test git_operations::tests::resolve_working_dir_valid_subdir ... ok
test git_operations::tests::worktree_add_target_allows_configured_allowed_root ... ok
test git_operations::tests::worktree_add_target_must_stay_inside_workspace_or_allowed_root ... ok
test content_search::tests::content_search_no_matches ... ok
test git_operations::tests::worktree_remove_target_must_stay_inside_workspace ... ok
test glob_search::tests::glob_search_missing_param ... ok
test glob_search::tests::glob_search_invalid_pattern ... ok
test glob_search::tests::glob_search_name_and_schema ... ok
test glob_search::tests::glob_search_excludes_directories ... ok
test glob_search::tests::glob_search_filters_symlink_escape ... ok
test glob_search::tests::glob_search_multiple_files ... ok
test glob_search::tests::glob_search_no_matches ... ok
test glob_search::tests::glob_search_rejects_absolute_path ... ok
test glob_search::tests::glob_search_readonly_mode ... ok
test glob_search::tests::glob_search_rejects_dotdot_only ... ok
test glob_search::tests::glob_search_rejects_path_traversal ... ok
test google_workspace::tests::cmd_args_3_segment_shape_drive ... ok
test google_workspace::tests::allowed_operations_config_values_trimmed_at_construction ... ok
test google_workspace::tests::cmd_args_4_segment_shape_gmail ... ok
test glob_search::tests::glob_search_recursive ... ok
test google_workspace::tests::cmd_args_sub_resource_precedes_method ... ok
test google_workspace::tests::custom_allowed_services_override_defaults ... ok
test glob_search::tests::glob_search_results_sorted ... ok
test google_workspace::tests::default_allowed_services_populated ... ok
test glob_search::tests::glob_search_single_file ... ok
test google_workspace::tests::gws_timeout_is_reasonable ... ok
test google_workspace::tests::denial_error_includes_sub_resource_when_present ... ok
test google_workspace::tests::gws_path_resolution_falls_back_when_not_on_path ... ok
test google_workspace::tests::operation_allowlist_defaults_to_allow_all ... ok
test google_workspace::tests::missing_required_param_returns_error ... ok
test google_workspace::tests::operation_allowlist_matches_drive_3_segment_shape ... ok
test google_workspace::tests::operation_allowlist_matches_gmail_sub_resource_shape ... ok
test google_workspace::tests::pagination_neither_appends_nothing ... ok
test google_workspace::tests::pagination_page_all_with_limit_appends_both ... ok
test google_workspace::tests::pagination_page_all_without_limit_uses_default ... ok
test google_workspace::tests::pagination_page_limit_alone_appends_limit_without_page_all ... ok
test google_workspace::tests::rejects_disallowed_operation ... ok
test google_workspace::tests::rate_limited_returns_error ... ok
test google_workspace::tests::rejects_disallowed_service ... ok
test google_workspace::tests::rejects_invalid_format ... ok
test google_workspace::tests::rejects_operation_with_unlisted_sub_resource ... ok
test google_workspace::tests::rejects_shell_injection_in_resource ... ok
test google_workspace::tests::rejects_shell_injection_in_service ... ok
test google_workspace::tests::rejects_wrong_type_body ... ok
test google_workspace::tests::rejects_wrong_type_page_all ... ok
test google_workspace::tests::rejects_wrong_type_page_limit ... ok
test google_workspace::tests::tool_description_non_empty ... ok
test google_workspace::tests::rejects_wrong_type_params ... ok
test google_workspace::tests::tool_name ... ok
test google_workspace::tests::rejects_wrong_type_sub_resource ... ok
test hardware_memory_map::tests::static_map_arduino ... ok
test google_workspace::tests::tool_schema_has_required_fields ... ok
test hardware_memory_map::tests::static_map_nucleo ... ok
test http_request::tests::allow_private_hosts_false_still_blocks ... ok
test http_request::tests::allow_private_hosts_permits_localhost ... ok
test git_operations::tests::rejects_unknown_operation ... ok
test http_request::tests::allows_public_ipv4 ... ok
test http_request::tests::allows_public_ipv6 ... ok
test http_request::tests::blocks_benchmarking_range ... ok
test http_request::tests::blocks_broadcast ... ok
test http_request::tests::allow_private_hosts_permits_rfc1918_with_wildcard ... ok
test http_request::tests::blocks_documentation_ranges ... ok
test http_request::tests::allow_private_hosts_still_requires_allowlist ... ok
test http_request::tests::allow_private_hosts_permits_private_ipv4 ... ok
test http_request::tests::blocks_ipv4_mapped_ipv6 ... ok
test http_request::tests::blocks_ipv6_documentation_range ... ok
test http_request::tests::blocks_ipv6_link_local ... ok
test git_operations::tests::blocks_readonly_mode_for_write_ops ... ok
test http_request::tests::blocks_ipv6_localhost ... ok
test http_request::tests::blocks_ipv6_multicast ... ok
test http_request::tests::blocks_ipv6_unique_local ... ok
test http_request::tests::blocks_multicast_ipv4 ... ok
test http_request::tests::blocks_reserved_ipv4 ... ok
test http_request::tests::blocks_shared_address_space ... ok
test http_request::tests::default_blocks_private_hosts ... ok
test http_request::tests::normalize_allowed_domains_deduplicates ... ok
test http_request::tests::execute_blocks_readonly_mode ... ok
test http_request::tests::normalize_domain_strips_scheme_path_and_case ... ok
test http_request::tests::parse_headers_preserves_original_values ... ok
test http_request::tests::redact_headers_does_not_alter_original ... ok
test http_request::tests::redact_headers_for_display_redacts_sensitive ... ok
test http_request::tests::redirect_policy_is_none ... ok
test http_request::tests::ssrf_blocks_dot_local_tld ... ok
test http_request::tests::ssrf_alternate_notations_rejected_by_validate_url ... ok
test http_request::tests::ssrf_blocks_dot_localhost_subdomain ... ok
test http_request::tests::ssrf_blocks_loopback_127_range ... ok
test http_request::tests::ssrf_blocks_rfc1918_10_range ... ok
test http_request::tests::ssrf_blocks_rfc1918_172_range ... ok
test http_request::tests::ssrf_blocks_unspecified_address ... ok
test http_request::tests::ssrf_decimal_loopback_not_parsed_as_ip ... ok
test http_request::tests::ssrf_hex_loopback_not_parsed_as_ip ... ok
test http_request::tests::ssrf_ipv6_unspecified ... ok
test http_request::tests::ssrf_octal_loopback_not_parsed_as_ip ... ok
test http_request::tests::ssrf_zero_padded_loopback_not_parsed_as_ip ... ok
test http_request::tests::truncate_response_nonzero_still_truncates ... ok
test http_request::tests::truncate_response_over_limit ... ok
test http_request::tests::truncate_response_within_limit ... ok
test http_request::tests::validate_accepts_http ... ok
test http_request::tests::validate_accepts_exact_domain ... ok
test http_request::tests::validate_accepts_subdomain ... ok
test http_request::tests::validate_accepts_valid_methods ... ok
test http_request::tests::validate_accepts_wildcard_allowlist_for_public_host ... ok
test http_request::tests::validate_rejects_allowlist_miss ... ok
test http_request::tests::validate_rejects_ftp_scheme ... ok
test http_request::tests::validate_rejects_empty_url ... ok
test http_request::tests::validate_rejects_invalid_method ... ok
test git_operations::tests::allows_branch_listing_in_readonly_mode ... ok
test git_operations::tests::git_worktree_list_works ... ok
test http_request::tests::validate_rejects_ipv6_host ... ok
test http_request::tests::validate_rejects_localhost ... ok
test http_request::tests::validate_rejects_private_ipv4 ... ok
test http_request::tests::validate_rejects_userinfo ... ok
test http_request::tests::validate_rejects_whitespace ... ok
test http_request::tests::validate_requires_allowlist ... ok
test http_request::tests::validate_wildcard_allowlist_still_rejects_private_host ... ok
test image_gen::tests::filename_traversal_is_sanitized ... ok
test image_gen::tests::empty_prompt_returns_error ... ok
test image_gen::tests::invalid_model_with_traversal_returns_error ... ok
test image_gen::tests::read_api_key_missing ... ok
test image_gen::tests::invalid_size_returns_error ... ok
test image_gen::tests::read_api_key_present ... ok
test image_gen::tests::missing_prompt_returns_error ... ok
test image_gen::tests::missing_api_key_returns_error ... ok
test image_gen::tests::tool_description_is_nonempty ... ok
test image_gen::tests::read_only_autonomy_blocks_execution ... ok
test image_gen::tests::tool_name ... ok
test image_gen::tests::tool_schema_has_optional_params ... ok
test image_gen::tests::tool_schema_has_required_prompt ... ok
test image_gen::tests::tool_spec_roundtrip ... ok
test image_info::tests::bmp_dimensions ... ok
test image_info::tests::detect_bmp ... ok
test image_info::tests::detect_gif ... ok
test discord_search::tests::search_finds_match ... ok
test image_info::tests::detect_jpeg ... ok
test image_info::tests::detect_png ... ok
test image_info::tests::detect_unknown_garbage ... ok
test image_info::tests::detect_unknown_short ... ok
test image_info::tests::detect_webp ... ok
test image_info::tests::execute_missing_path ... ok
test image_info::tests::execute_nonexistent_file ... ok
test image_info::tests::gif_dimensions ... ok
test image_info::tests::image_info_tool_description ... ok
test image_info::tests::image_info_tool_name ... ok
test image_info::tests::image_info_tool_schema ... ok
test image_info::tests::image_info_tool_spec ... ok
test image_info::tests::jpeg_dimensions ... ok
test image_info::tests::jpeg_malformed_zero_length_segment ... ok
test image_info::tests::png_dimensions ... ok
test image_info::tests::unknown_format_no_dimensions ... ok
test image_info::tests::wrapped_blocks_external_absolute_path ... ok
test image_info::tests::wrapped_blocks_path_traversal ... ok
test jira_tool::tests::build_adf_bold ... ok
test image_info::tests::execute_real_file ... ok
test jira_tool::tests::build_adf_bullet_list ... ok
test image_info::tests::execute_with_base64 ... ok
test jira_tool::tests::build_adf_plain_text ... ok
test jira_tool::tests::build_adf_mention_resolved ... ok
test jira_tool::tests::build_adf_unmatched_bold_is_literal ... ok
test jira_tool::tests::build_adf_unresolved_mention_rendered_as_plain_text ... ok
test jira_tool::tests::date_prefix_empty_string ... ok
test jira_tool::tests::date_prefix_exactly_ten_chars ... ok
test jira_tool::tests::date_prefix_normal_date_string ... ok
test jira_tool::tests::date_prefix_short_string ... ok
test jira_tool::tests::cloud_tool_uses_api_v3 ... ok
test jira_tool::tests::execute_comment_blocked_in_readonly_mode ... ok
test jira_tool::tests::execute_comment_ticket_empty_comment_returns_error ... ok
test jira_tool::tests::execute_comment_ticket_missing_key_returns_error ... ok
test jira_tool::tests::execute_get_ticket_missing_key_returns_error ... ok
test jira_tool::tests::execute_disallowed_action_returns_error ... ok
test jira_tool::tests::execute_comment_ticket_missing_comment_returns_error ... ok
test jira_tool::tests::execute_list_projects_disallowed_returns_error ... ok
test jira_tool::tests::execute_missing_action_returns_error ... ok
test jira_tool::tests::execute_myself_disallowed_returns_error ... ok
test discord_search::tests::search_requires_query_or_time ... ok
test jira_tool::tests::extract_emails_deduplicates ... ok
test jira_tool::tests::execute_search_tickets_missing_jql_returns_error ... ok
test jira_tool::tests::extract_emails_deduplicates_non_adjacent ... ok
test jira_tool::tests::execute_unknown_action_returns_error ... ok
test jira_tool::tests::extract_emails_finds_at_prefixed_emails ... ok
test jira_tool::tests::extract_emails_strips_leading_punctuation ... ok
test jira_tool::tests::extract_emails_strips_trailing_punctuation ... ok
test git_operations::tests::git_operations_work_in_subdirectory ... ok
test jira_tool::tests::parameters_schema_defines_all_actions ... ok
test jira_tool::tests::parameters_schema_has_required_action ... ok
test jira_tool::tests::parameters_schema_describes_cloud_and_server_comment_modes ... ok
test jira_tool::tests::parameters_schema_includes_list_projects_action ... ok
test jira_tool::tests::execute_list_projects_not_blocked_in_readonly_mode ... ok
test jira_tool::tests::shape_basic_search_extracts_expected_fields ... ok
test jira_tool::tests::parameters_schema_includes_myself_action ... ok
test jira_tool::tests::server_tool_uses_api_v2 ... ok
test jira_tool::tests::shape_comment_response_extracts_id_author_created ... ok
test jira_tool::tests::shape_basic_uses_o1_comment_lookup ... ok
test jira_tool::tests::shape_changelog_extracts_key_and_changelog ... ok
test jira_tool::tests::validate_issue_key_accepts_valid_keys ... ok
test jira_tool::tests::shape_projects_sorts_statuses_alphabetically ... ok
test jira_tool::tests::tool_name_is_jira ... ok
test jira_tool::tests::shape_projects_extracts_expected_fields ... ok
test jira_tool::tests::validate_issue_key_rejects_path_traversal ... ok
test jira_tool::tests::cloud_comment_posts_adf_body_to_v3_endpoint ... ok
test jira_tool::tests::validate_issue_key_rejects_malformed ... ok
test jira_tool::tests::shape_projects_empty_inputs ... ok
test linkedin::tests::article_title_without_url_rejected ... ok
test linkedin::tests::comment_requires_text ... ok
test linkedin::tests::create_post_rejects_empty_text ... ok
test jira_tool::tests::server_comment_posts_plain_text_body_to_v2_endpoint ... ok
test linkedin::tests::comment_requires_post_id ... ok
test jira_tool::tests::cloud_search_uses_basic_auth_v3_endpoint_and_next_page_token ... ok
test linkedin::tests::create_post_requires_text ... ok
test linkedin::tests::delete_post_requires_post_id ... ok
test linkedin::tests::get_content_strategy_empty_config_shows_hint ... ok
test linkedin::tests::get_content_strategy_not_rate_limited_as_write ... ok
test linkedin::tests::parameters_schema_has_all_properties ... ok
test linkedin::tests::get_content_strategy_returns_config ... ok
test linkedin::tests::parameters_schema_has_required_action ... ok
test linkedin::tests::get_engagement_requires_post_id ... ok
test linkedin::tests::parameters_schema_includes_get_content_strategy ... ok
test jira_tool::tests::server_search_uses_bearer_auth_v2_endpoint_and_start_at ... ok
test linkedin::tests::tool_name ... ok
test linkedin::tests::read_actions_blocked_by_rate_limit ... ok
test linkedin::tests::react_requires_post_id ... ok
test linkedin::tests::react_requires_reaction_type ... ok
test linkedin::tests::unknown_action_returns_error ... ok
test linkedin::tests::write_actions_blocked_by_rate_limit ... ok
test linkedin_client::tests::api_headers_contains_required_headers ... ok
test linkedin::tests::write_actions_blocked_in_readonly_mode ... ok
test linkedin::tests::tool_description ... ok
test linkedin::tests::read_actions_not_blocked_in_readonly_mode ... ok
test linkedin_client::tests::credentials_fail_missing_access_token ... ok
test linkedin_client::tests::credentials_empty_refresh_token_becomes_none ... ok
test linkedin_client::tests::credentials_fail_no_env_file ... ok
test linkedin_client::tests::credentials_ignore_comments_and_blanks ... ok
test linkedin_client::tests::credentials_fail_missing_client_id ... ok
test linkedin_client::tests::credentials_parsed_plain_values ... ok
test linkedin_client::tests::credentials_fail_missing_person_id ... ok
test linkedin_client::tests::credentials_parsed_with_double_quotes ... ok
test linkedin_client::tests::fallback_card_truncates_long_titles ... ok
test linkedin_client::tests::fallback_card_escapes_xml_characters ... ok
test linkedin_client::tests::fallback_card_contains_svg_structure ... ok
test linkedin_client::tests::image_config_default_has_all_providers ... ok
test linkedin_client::tests::fallback_card_uses_custom_accent_color ... ok
test linkedin_client::tests::credentials_with_refresh_token ... ok
test linkedin_client::tests::credentials_parsed_with_export_prefix ... ok
test linkedin_client::tests::parse_env_value_plain ... ok
test linkedin_client::tests::parse_env_value_strips_double_quotes ... ok
test linkedin_client::tests::parse_env_value_strips_inline_comment ... ok
test linkedin_client::tests::image_generator_fails_when_no_providers_and_no_fallback ... ok
test linkedin_client::tests::image_generator_fallback_creates_svg_file ... ok
test linkedin_client::tests::parse_env_value_strips_single_quotes ... ok
test linkedin_client::tests::image_generator_cleanup_removes_file ... ok
test linkedin_client::tests::image_generator_skips_provider_without_key ... ok
test linkedin_client::tests::parse_env_value_trims_whitespace ... ok
test knowledge_tool::tests::name_and_schema_are_valid ... ok
test linkedin_client::tests::word_wrap_basic ... ok
test linkedin_client::tests::word_wrap_empty ... ok
test linkedin_client::tests::word_wrap_respects_max_lines ... ok
test linkedin_client::tests::word_wrap_single_word ... ok
test linkedin_client::tests::xml_escape_handles_all_special_chars ... ok
test linkedin_client::tests::xml_escape_preserves_normal_text ... ok
test knowledge_tool::tests::lessons_extract_finds_signal_sentences ... ok
test linkedin_client::tests::image_generator_cleanup_noop_for_missing_file ... ok
test linkedin_client::tests::read_env_var_fails_for_missing_key ... ok
test llm_task::tests::execute_empty_prompt_returns_error ... ok
test knowledge_tool::tests::unknown_action_returns_error ... ok
test llm_task::tests::tool_metadata ... ok
test linkedin_client::tests::update_env_token_preserves_single_quote_style ... ok
test linkedin_client::tests::read_env_var_reads_value ... ok
test llm_task::tests::execute_with_invalid_provider_returns_error ... ok
test linkedin_client::tests::update_env_token_preserves_other_keys ... ok
test llm_task::tests::execute_missing_prompt_returns_error ... ok
test linkedin_client::tests::update_env_token_fails_if_key_missing ... ok
test linkedin_client::tests::update_env_token_preserves_export_prefix ... ok
test llm_task::tests::validate_missing_required_field ... ok
test llm_task::tests::validate_all_type_checks ... ok
test llm_task::tests::validate_optional_fields_accepted ... ok
test llm_task::tests::validate_invalid_json ... ok
test llm_task::tests::validate_valid_json_against_schema ... ok
test llm_task::tests::validate_strips_markdown_code_fences ... ok
test llm_task::tests::validate_wrong_type ... ok
test mcp_client::tests::connect_all_empty_gives_zero_servers ... ok
test linkedin_client::tests::credentials_parsed_with_single_quotes ... ok
test mcp_client::tests::http_transport_requires_url ... ok
test mcp_client::tests::sse_transport_requires_url ... ok
test mcp_client::tests::empty_registry_tool_names_is_empty ... ok
test knowledge_tool::tests::graph_stats_reports_counts ... ok
test mcp_client::tests::empty_registry_get_tool_def_returns_none ... ok
test mcp_client::tests::connect_nonexistent_command_fails_cleanly ... ok
test mcp_deferred::tests::activated_set_rejects_ambiguous_suffix ... ok
test mcp_deferred::tests::activated_set_resolves_unique_suffix ... ok
test mcp_client::tests::tool_name_prefix_format ... ok
test mcp_client::tests::empty_registry_is_empty ... ok
test knowledge_tool::tests::search_returns_results ... ok
test mcp_client::tests::empty_registry_call_tool_unknown_name_returns_error ... ok
test mcp_deferred::tests::activated_set_tracks_activation ... ok
test mcp_client::tests::connect_all_nonfatal_on_single_failure ... ok
test mcp_deferred::tests::stub_uses_description_from_def ... ok
test mcp_protocol::tests::error_response_deserializes_with_code_and_message ... ok
test knowledge_tool::tests::relate_creates_edge ... ok
test http_request::tests::truncate_response_zero_means_unlimited ... ok
test knowledge_tool::tests::capture_returns_node_id ... ok
test discord_search::tests::search_empty ... ok
test mcp_protocol::tests::response_deserializes ... ok
test mcp_protocol::tests::response_round_trip_via_serde ... ok
test mcp_protocol::tests::request_params_included_when_present ... ok
test mcp_deferred::tests::stub_defaults_description_when_none ... ok
test mcp_protocol::tests::error_response_with_data_field ... ok
test mcp_protocol::tests::notification_omits_id ... ok
test mcp_protocol::tests::mcp_protocol_version_constant_is_correct ... ok
test mcp_protocol::tests::request_new_produces_numeric_id ... ok
test mcp_protocol::tests::tool_def_description_is_optional ... ok
test mcp_protocol::tests::tools_list_result_deserializes_multiple_tools ... ok
test mcp_protocol::tests::tools_list_result_with_empty_tools_array ... ok
test mcp_protocol::tests::jsonrpc_error_codes_match_spec ... ok
test mcp_tool::tests::execute_handles_non_object_args_without_panic ... ok
test mcp_tool::tests::execute_success_sets_success_true_and_output ... ok
test mcp_protocol::tests::request_serializes_with_id ... ok
test mcp_tool::tests::parameters_schema_returns_input_schema ... ok
test mcp_tool::tests::name_returns_prefixed_name ... ok
test mcp_transport::tests::create_transport_http_without_url_fails ... ok
test mcp_transport::tests::create_transport_sse_without_url_fails ... ok
test mcp_protocol::tests::notification_has_no_id_field_in_serialized_json ... ok
test mcp_transport::tests::create_transport_http_with_url_succeeds ... ok
test mcp_transport::tests::create_transport_sse_with_url_succeeds ... ok
test mcp_tool::tests::description_falls_back_to_mcp_tool_when_none ... ok
test mcp_tool::tests::execute_returns_non_fatal_error_for_unknown_tool ... ok
test mcp_tool::tests::spec_returns_all_three_fields ... ok
test mcp_tool::tests::execute_strips_approved_field_from_object_args ... ok
test mcp_transport::tests::derive_message_url_returns_none_for_invalid_url ... ok
test mcp_transport::tests::derive_message_url_message_path_variant ... ok
test mcp_transport::tests::derive_message_url_replaces_sse_segment_with_messages ... ok
test mcp_transport::tests::extract_json_empty_input_returns_empty_trimmed ... ok
test mcp_protocol::tests::tool_def_deserializes_input_schema ... ok
test mcp_deferred::tests::build_deferred_section_empty_when_no_stubs ... ok
test mcp_tool::tests::description_returns_def_description ... ok
test mcp_deferred::tests::build_deferred_section_lists_names ... ok
test mcp_transport::tests::extract_json_plain_json_returned_unchanged ... ok
test mcp_transport::tests::extract_json_skips_comment_lines ... ok
test mcp_transport::tests::http_request_timeout_defaults_non_tool_requests_to_legacy_value ... ok
test mcp_transport::tests::http_request_timeout_does_not_shorten_non_tool_requests_from_tool_config ... ok
test mcp_transport::tests::derive_message_url_appends_when_no_sse_segment ... ok
test mcp_transport::tests::http_request_timeout_leaves_default_tool_call_budget_to_client_wrapper ... ok
test mcp_transport::tests::http_request_timeout_honors_configured_tool_call_timeout_above_legacy_value ... ok
test mcp_transport::tests::create_transport_stdio_fails_without_valid_command ... ok
test mcp_transport::tests::http_sse_read_timeout_leaves_default_tool_call_budget_to_client_wrapper ... ok
test mcp_deferred::tests::build_deferred_section_includes_tool_search_instruction ... ok
test mcp_deferred::tests::build_deferred_section_multiple_servers ... ok
test mcp_deferred::tests::keyword_search_ranks_by_hits ... ok
test mcp_transport::tests::http_transport_ignores_empty_session_id_header ... ok
test mcp_transport::tests::http_transport_stores_configured_tool_timeout ... ok
test mcp_transport::tests::http_transport_injects_session_id_header_when_available ... ok
test mcp_transport::tests::http_transport_updates_session_id_from_response_headers ... ok
test mcp_transport::tests::looks_like_sse_text_detects_embedded_data_line ... ok
test mcp_transport::tests::http_transport_no_session_header_leaves_none ... ok
test mcp_transport::tests::looks_like_sse_text_plain_json_is_not_sse ... ok
test mcp_transport::tests::http_sse_read_timeout_defaults_non_tool_requests_to_recv_timeout ... ok
test mcp_transport::tests::http_sse_read_timeout_honors_configured_tool_call_timeout ... ok
test mcp_transport::tests::looks_like_sse_text_detects_data_prefix ... ok
test mcp_transport::tests::looks_like_sse_text_detects_event_prefix ... ok
test mcp_transport::tests::http_transport_apply_session_header_noop_when_no_session ... ok
test mcp_deferred::tests::search_across_multiple_servers ... ok
test mcp_deferred::tests::get_by_name_returns_correct_stub ... ok
test mcp_transport::tests::parse_endpoint_absolute_http_url_returned_as_is ... ok
test mcp_transport::tests::parse_endpoint_absolute_https_url_returned_as_is ... ok
test mcp_transport::tests::parse_jsonrpc_response_rejects_whitespace_only ... ok
test mcp_transport::tests::parse_endpoint_relative_path_resolved_against_base ... ok
test mcp_transport::tests::parse_endpoint_json_object_with_endpoint_key ... ok
test mcp_transport::tests::parse_jsonrpc_response_with_error_result ... ok
test mcp_transport::tests::sse_transport_stores_configured_tool_timeout ... ok
test mcp_transport::tests::test_extract_json_from_sse_data_no_space ... ok
test mcp_transport::tests::test_extract_json_from_sse_multiline_data ... ok
test mcp_transport::tests::test_extract_json_from_sse_skips_bom_and_leading_whitespace ... ok
test mcp_transport::tests::test_extract_json_from_sse_uses_last_event_with_data ... ok
test mcp_transport::tests::test_extract_json_from_sse_with_event_and_id ... ok
test mcp_transport::tests::test_http_transport_requires_url ... ok
test mcp_transport::tests::test_parse_jsonrpc_response_text_handles_plain_json ... ok
test mcp_transport::tests::test_parse_jsonrpc_response_text_handles_sse_framed_json ... ok
test mcp_transport::tests::test_parse_jsonrpc_response_text_rejects_empty_payload ... ok
test mcp_transport::tests::test_sse_transport_requires_url ... ok
test mcp_transport::tests::test_transport_default_is_stdio ... ok
test memory_export::tests::export_empty_database_returns_empty_array ... ok
test memory_export::tests::export_produces_valid_json_output ... ok
test memory_export::tests::export_with_category_filter ... ok
test memory_export::tests::name_and_schema ... ok
test memory_export::tests::export_with_session_filter ... ok
test memory_forget::tests::forget_blocked_in_readonly_mode ... ok
test memory_forget::tests::forget_existing ... ok
test memory_forget::tests::forget_blocked_when_rate_limited ... ok
test memory_forget::tests::name_and_schema ... ok
test memory_recall::tests::recall_star_query_uses_backend_recent_query_contract ... ok
test memory_forget::tests::forget_missing_key ... ok
test memory_forget::tests::forget_nonexistent ... ok
test memory_recall::tests::score_formatted_as_percent ... ok
test memory_purge::tests::name_and_schema ... ok
test memory_purge::tests::purge_blocked_in_readonly_mode ... ok
test memory_purge::tests::purge_blocked_when_rate_limited ... ok
test memory_purge::tests::purge_missing_parameter ... ok
test memory_purge::tests::purge_namespace_nonexistent_is_noop ... ok
test memory_purge::tests::purge_namespace_removes_all_memories ... ok
test memory_purge::tests::purge_session_nonexistent_is_noop ... ok
test memory_purge::tests::purge_session_removes_all_memories ... ok
test microsoft365::auth::tests::load_from_disk_returns_none_for_missing_file ... ok
test microsoft365::auth::tests::token_is_expired_when_past_deadline ... ok
test microsoft365::auth::tests::token_is_expired_within_buffer ... ok
test microsoft365::auth::tests::token_is_valid_when_far_from_expiry ... ok
test microsoft365::graph_client::tests::calendar_view_url ... ok
test microsoft365::graph_client::tests::mail_list_url_no_folder ... ok
test microsoft365::graph_client::tests::mail_list_url_with_folder ... ok
test microsoft365::graph_client::tests::onedrive_path_url ... ok
test microsoft365::graph_client::tests::onedrive_root_url ... ok
test microsoft365::graph_client::tests::sharepoint_search_url ... ok
test microsoft365::graph_client::tests::teams_message_url ... ok
test microsoft365::graph_client::tests::user_path_me ... ok
test microsoft365::graph_client::tests::user_path_specific_user ... ok
test microsoft365::tests::action_dispatch_table_is_exhaustive ... ok
test microsoft365::tests::parameters_schema_has_action_enum ... ok
test microsoft365::tests::tool_name_is_microsoft365 ... ok
test microsoft365::types::tests::resolved_config_serialization_roundtrip ... ok
test memory_recall::tests::bare_recall_returns_recent_entries ... ok
test memory_recall::tests::name_and_schema ... ok
test model_routing_config::tests::read_only_mode_blocks_mutating_actions ... ok
test memory_recall::tests::recall_empty ... ok
test memory_recall::tests::recall_finds_match ... ok
test memory_recall::tests::recall_respects_limit ... ok
test memory_recall::tests::recall_star_query_returns_recent_entries ... ok
test node_capabilities::tests::all_capabilities_have_descriptions ... ok
test node_capabilities::tests::all_capabilities_have_names ... ok
test node_capabilities::tests::all_capabilities_have_valid_schemas ... ok
test node_capabilities::tests::all_high_risk_have_approved_field ... ok
test node_capabilities::tests::camera_snap_schema_has_required_fields ... ok
test node_capabilities::tests::detect_platform_returns_known_value ... ok
test node_capabilities::tests::notification_does_not_require_approval ... ok
test node_capabilities::tests::sensitive_capabilities_require_approval ... ok
test notion_tool::tests::execute_create_page_missing_properties_returns_error ... ok
test notion_tool::tests::execute_missing_action_returns_error ... ok
test notion_tool::tests::execute_query_database_missing_id_returns_error ... ok
test notion_tool::tests::execute_read_page_missing_id_returns_error ... ok
test notion_tool::tests::execute_unknown_action_returns_error ... ok
test notion_tool::tests::execute_update_page_missing_page_id_returns_error ... ok
test notion_tool::tests::execute_update_page_missing_properties_returns_error ... ok
test notion_tool::tests::parameters_schema_defines_all_actions ... ok
test memory_recall::tests::recall_time_only_returns_entries ... ok
test notion_tool::tests::parameters_schema_has_required_action ... ok
test notion_tool::tests::tool_name_is_notion ... ok
test opencode_cli::tests::opencode_cli_blocks_rate_limited ... ok
test opencode_cli::tests::opencode_cli_default_config_values ... ok
test opencode_cli::tests::opencode_cli_blocks_readonly ... ok
test opencode_cli::tests::opencode_cli_env_passthrough_defaults ... ok
test opencode_cli::tests::opencode_cli_missing_prompt_param ... ok
test opencode_cli::tests::opencode_cli_rejects_path_outside_workspace ... ok
test opencode_cli::tests::opencode_cli_tool_name ... ok
test opencode_cli::tests::opencode_cli_tool_schema_has_prompt ... ok
test pdf_read::tests::description_not_empty ... ok
test pdf_read::tests::absolute_path_is_blocked ... ok
test pdf_read::tests::name_is_pdf_read ... ok
test pdf_read::tests::missing_path_param_returns_error ... ok
test pdf_read::tests::path_traversal_is_blocked ... ok
test pdf_read::tests::nonexistent_file_returns_error ... ok
test pdf_read::tests::schema_has_path_required ... ok
test pdf_read::tests::spec_matches_metadata ... ok
test pdf_read::tests::probing_nonexistent_consumes_rate_limit_budget ... ok
test pdf_read::tests::symlink_escape_is_blocked ... ok
test pdf_read::tests::without_feature_returns_clear_error ... ok
test pipeline::tests::interpolate_array_values ... ok
test pipeline::tests::interpolate_invalid_index_passes_through ... ok
test pipeline::tests::interpolate_multiple_references ... ok
test pipeline::tests::interpolate_nested_objects ... ok
test pipeline::tests::interpolate_no_match_passes_through ... ok
test pipeline::tests::interpolate_simple_reference ... ok
test pipeline::tests::resolve_invalid_template_format ... ok
test pipeline::tests::interpolate_strips_injection ... ok
test pipeline::tests::resolve_out_of_range_index ... ok
test pipeline::tests::resolve_valid_template ... ok
test pipeline::tests::validate_empty_pipeline ... ok
test pipeline::tests::validate_too_many_steps ... ok
test pipeline::tests::validate_unknown_tool ... ok
test memory_recall::tests::schema_includes_search_mode_parameter ... ok
test pipeline::tests::validate_valid_request ... ok
test poll::tests::execute_rejects_invalid_option_count ... ok
test poll::tests::execute_rejects_missing_options ... ok
test poll::tests::execute_rejects_missing_question ... ok
test poll::tests::format_text_poll_contains_question_and_options ... ok
test poll::tests::execute_reports_unknown_channel ... ok
test poll::tests::execute_succeeds_with_valid_args ... ok
test poll::tests::format_text_poll_includes_emoji_per_option ... ok
test poll::tests::format_text_poll_multi_select_label ... ok
test poll::tests::supports_native_poll_recognizes_telegram_and_discord ... ok
test poll::tests::validate_options_rejects_empty_strings ... ok
test poll::tests::validate_options_accepts_valid_range ... ok
test poll::tests::validate_options_rejects_missing_field ... ok
test poll::tests::validate_options_rejects_too_few ... ok
test poll::tests::validate_options_rejects_too_many ... ok
test project_intel::tests::draft_update_casual_internal ... ok
test project_intel::tests::draft_update_formal_client ... ok
test project_intel::tests::effort_estimate_basic ... ok
test project_intel::tests::effort_estimate_heuristics_coverage ... ok
test project_intel::tests::effort_estimate_empty_tasks_fails ... ok
test project_intel::tests::missing_action_returns_error ... ok
test project_intel::tests::parameters_schema_has_action ... ok
test project_intel::tests::high_sensitivity_detects_single_blocker_as_high ... ok
test project_intel::tests::risk_scan_detects_blockers ... ok
test project_intel::tests::risk_scan_detects_deadline_risk ... ok
test project_intel::tests::risk_scan_no_signals_returns_low_risk ... ok
test project_intel::tests::risk_sensitivity_from_str_variants ... ok
test project_intel::tests::risk_sensitivity_threshold_ordering ... ok
test project_intel::tests::tool_name_and_description ... ok
test project_intel::tests::sprint_summary_renders ... ok
test project_intel::tests::status_report_renders ... ok
test project_intel::tests::unknown_action_returns_error ... ok
test memory_store::tests::name_and_schema ... ok
test proxy_config::tests::list_services_action_returns_known_keys ... ok
test pushover::tests::credentials_fail_without_env_file ... ok
test pushover::tests::credentials_fail_without_token ... ok
test pushover::tests::credentials_fail_without_user_key ... ok
test pushover::tests::credentials_ignore_comments ... ok
test pushover::tests::credentials_parsed_from_env_file ... ok
test pushover::tests::credentials_support_export_and_quoted_values ... ok
test pushover::tests::execute_blocks_rate_limit ... ok
test pushover::tests::execute_blocks_readonly_mode ... ok
test pushover::tests::execute_rejects_priority_out_of_range ... ok
test pushover::tests::pushover_tool_description ... ok
test pushover::tests::pushover_tool_has_parameters_schema ... ok
test pushover::tests::pushover_tool_name ... ok
test pushover::tests::pushover_tool_requires_message ... ok
test memory_store::tests::store_blocked_in_readonly_mode ... ok
test pushover::tests::pushover_tool_supports_priority ... ok
test pushover::tests::pushover_tool_supports_sound ... ok
test reaction::tests::add_reaction_success ... ok
test reaction::tests::channel_error_propagated ... ok
test reaction::tests::channel_id_passed_to_trait_not_channel_name ... ok
test reaction::tests::channel_map_handle_allows_late_binding ... ok
test reaction::tests::default_action_is_add ... ok
test reaction::tests::empty_channels_returns_not_initialized ... ok
test reaction::tests::invalid_action_returns_error ... ok
test reaction::tests::missing_required_params ... ok
test model_routing_config::tests::set_default_temperature_only_skips_probe ... ok
test reaction::tests::spec_matches_metadata ... ok
test reaction::tests::remove_reaction_success ... ok
test reaction::tests::tool_metadata ... ok
test report_template_tool::tests::execute_defaults_to_english ... ok
test reaction::tests::unknown_channel_returns_error ... ok
test report_template_tool::tests::execute_fails_on_invalid_template ... ok
test model_routing_config::tests::set_default_skips_probe_without_api_key ... ok
test report_template_tool::tests::execute_fails_on_missing_template ... ok
test report_template_tool::tests::execute_fails_on_missing_variables ... ok
test report_template_tool::tests::execute_renders_weekly_status ... ok
test report_template_tool::tests::tool_has_description ... ok
test report_template_tool::tests::tool_has_parameters_schema ... ok
test report_template_tool::tests::tool_name_is_report_template ... ok
test report_templates::tests::html_format_renders_tags ... ok
test report_templates::tests::milestone_template_all_languages ... ok
test report_templates::tests::risk_register_template_has_risk_sections ... ok
test report_templates::tests::sprint_review_template_has_velocity_section ... ok
test report_templates::tests::substitute_leaves_unknown_placeholders ... ok
test report_templates::tests::substitute_replaces_all_occurrences ... ok
test report_templates::tests::weekly_status_de_renders_german_headings ... ok
test report_templates::tests::weekly_status_fr_renders_french_headings ... ok
test report_templates::tests::weekly_status_it_renders_italian_headings ... ok
test screenshot::tests::screenshot_command_contains_output_path ... ok
test report_templates::tests::weekly_status_renders_with_variables ... ok
test screenshot::tests::screenshot_command_exists ... ok
test screenshot::tests::screenshot_tool_description ... ok
test screenshot::tests::screenshot_tool_name ... ok
test screenshot::tests::screenshot_rejects_shell_injection_filename ... ok
test screenshot::tests::screenshot_tool_schema ... ok
test screenshot::tests::screenshot_tool_spec ... ok
test sessions::tests::delete_rejects_empty_session_id ... ok
test sessions::tests::delete_nonexistent_session_succeeds ... ok
test sessions::tests::delete_detects_noop_backend ... ok
test sessions::tests::delete_does_not_affect_other_sessions ... ok
test sessions::tests::delete_tool_name_and_schema ... ok
test sessions::tests::history_empty_session ... ok
test sessions::tests::history_missing_session_id ... ok
test sessions::tests::delete_removes_session ... ok
test sessions::tests::history_rejects_empty_session_id ... ok
test sessions::tests::history_tool_name_and_schema ... ok
test sessions::tests::list_empty_sessions ... ok
test sessions::tests::history_returns_messages ... ok
test sessions::tests::history_respects_limit ... ok
test sessions::tests::list_sessions_extracts_channel ... ok
test sessions::tests::list_tool_name_and_schema ... ok
test sessions::tests::list_sessions_respects_limit ... ok
test sessions::tests::list_sessions_shows_all ... ok
test sessions::tests::reset_clears_messages ... ok
test sessions::tests::reset_does_not_affect_other_sessions ... ok
test sessions::tests::reset_empty_session_is_noop ... ok
test sessions::tests::reset_tool_name_and_schema ... ok
test sessions::tests::reset_rejects_empty_session_id ... ok
test sessions::tests::send_missing_message ... ok
test sessions::tests::send_appends_message_to_existing_session ... ok
test sessions::tests::send_missing_session_id ... ok
test sessions::tests::send_rejects_empty_message ... ok
test sessions::tests::send_rejects_empty_session_id ... ok
test sessions::tests::send_rejects_non_alphanumeric_session_id ... ok
test sessions::tests::send_rejects_unknown_session ... ok
test sessions::tests::send_tool_name_and_schema ... ok
test sessions::tests::send_to_existing_session ... ok
test sessions::tests::send_to_gateway_session_accepts_dashboard_session_id ... ok
test sessions::tests::sessions_current_fails_without_scope ... ok
test sessions::tests::validate_session_id_accepts_valid_id ... ok
test sessions::tests::sessions_current_unknown_key_still_succeeds ... ok
test sessions::tests::sessions_current_returns_key_when_scoped ... ok
test sessions::tests::validate_session_id_rejects_empty ... ok
test sessions::tests::validate_session_id_rejects_non_alphanumeric ... ok
test sessions::tests::validate_session_id_rejects_whitespace_only ... ok
test memory_store::tests::store_blocked_when_rate_limited ... ok
test sessions::tests::validation_error_message_starts_with_invalid ... ok
test swarm::tests::description_not_empty ... ok
test swarm::tests::blank_prompt_rejected ... ok
test swarm::tests::blank_swarm_rejected ... ok
test swarm::tests::empty_swarms_schema ... ok
test swarm::tests::name_and_schema ... ok
test swarm::tests::missing_swarm_param ... ok
test swarm::tests::missing_prompt_param ... ok
test swarm::tests::schema_lists_swarm_names ... ok
test swarm::tests::swarm_blocked_in_readonly_mode ... ok
test swarm::tests::swarm_blocked_when_rate_limited ... ok
test swarm::tests::swarm_with_empty_agents_returns_error ... ok
test swarm::tests::swarm_with_missing_agent_returns_error ... ok
test swarm::tests::unknown_swarm_returns_error ... ok
test text_browser::tests::blocks_rate_limited ... ok
test text_browser::tests::blocks_readonly_mode ... ok
test text_browser::tests::build_dump_args_links ... ok
test text_browser::tests::build_dump_args_lynx ... ok
test text_browser::tests::build_dump_args_w3m ... ok
test text_browser::tests::name_is_text_browser ... ok
test text_browser::tests::parameters_schema_has_optional_browser ... ok
test text_browser::tests::parameters_schema_requires_url ... ok
test swarm::tests::router_invalid_provider_returns_error ... ok
test swarm::tests::sequential_invalid_provider_returns_error ... ok
test swarm::tests::parallel_invalid_provider_returns_error ... ok
test proxy_config::tests::set_scope_services_requires_services_entries ... ok
test text_browser::tests::truncate_over_limit ... ok
test text_browser::tests::truncate_within_limit ... ok
test text_browser::tests::validate_url_accepts_http ... ok
test text_browser::tests::validate_url_accepts_https ... ok
test text_browser::tests::validate_url_rejects_empty ... ok
test text_browser::tests::validate_url_rejects_ftp ... ok
test text_browser::tests::validate_url_rejects_whitespace ... ok
test tool_search::tests::empty_query_returns_error ... ok
test sessions::tests::sessions_current_includes_name ... ok
test tool_search::tests::keyword_search_no_matches ... ok
test tool_search::tests::keyword_search_finds_match ... ok
test tool_search::tests::reactivation_is_idempotent ... ok
test tool_search::tests::multiple_servers_stubs_all_searchable ... ok
test tool_search::tests::select_nonexistent_tool_reports_not_found ... ok
test tool_search::tests::select_activates_and_persists_across_calls ... ok
test weather_tool::tests::build_url_airport_code ... ok
test tool_search::tests::tool_metadata ... ok
test weather_tool::tests::build_url_city_name ... ok
test weather_tool::tests::build_url_encodes_spaces ... ok
test weather_tool::tests::build_url_gps_coordinates ... ok
test weather_tool::tests::build_url_trims_whitespace ... ok
test weather_tool::tests::build_url_zip_code ... ok
test weather_tool::tests::description_is_non_empty ... ok
test weather_tool::tests::execute_empty_location_returns_error ... ok
test weather_tool::tests::execute_null_location_returns_error ... ok
test weather_tool::tests::execute_missing_location_returns_error ... ok
test weather_tool::tests::execute_clamps_days_above_3 ... ok
test model_routing_config::tests::set_default_updates_provider_model_and_temperature ... ok
test weather_tool::tests::format_day_imperial_contains_temps ... ok
test weather_tool::tests::format_day_includes_astronomy ... ok
test weather_tool::tests::format_day_metric_contains_temps ... ok
test weather_tool::tests::format_day_no_snow_note_when_zero ... ok
test weather_tool::tests::format_day_snow_imperial_converted ... ok
test weather_tool::tests::format_day_snow_metric_shown_when_nonzero ... ok
test weather_tool::tests::format_day_with_hourly_expands_output ... ok
test weather_tool::tests::format_hourly_imperial ... ok
test weather_tool::tests::format_hourly_metric ... ok
test weather_tool::tests::format_hourly_midnight_slot ... ok
test weather_tool::tests::format_output_empty_current_condition_is_graceful ... ok
test weather_tool::tests::format_output_imperial_current_only ... ok
test weather_tool::tests::format_output_includes_location_region_country ... ok
test weather_tool::tests::format_output_location_without_region ... ok
test weather_tool::tests::format_output_includes_forecast_when_days_gt_0 ... ok
test weather_tool::tests::format_output_metric_current_only ... ok
test weather_tool::tests::name_is_weather ... ok
test weather_tool::tests::format_output_respects_days_limit ... ok
test weather_tool::tests::parameters_schema_is_valid_object ... ok
test weather_tool::tests::schema_days_has_bounds ... ok
test weather_tool::tests::schema_location_property_exists ... ok
test weather_tool::tests::schema_requires_location ... ok
test web_fetch::tests::append_chunk_with_cap_truncates_and_stops ... ok
test weather_tool::tests::schema_units_property_has_enum ... ok
test web_fetch::tests::blocklist_allows_non_blocked ... ok
test web_fetch::tests::blocklist_overrides_allowed_private_host ... ok
test weather_tool::tests::spec_reflects_tool_metadata ... ok
test web_fetch::tests::allowed_private_host_bypasses_ssrf_block ... ok
test web_fetch::tests::allowed_private_host_with_port ... ok
test web_fetch::tests::blocklist_rejects_exact_match ... ok
test web_fetch::tests::blocklist_rejects_subdomain ... ok
test web_fetch::tests::fallback_disabled_when_firecrawl_not_enabled ... ok
test web_fetch::tests::fallback_skipped_at_exactly_100_chars ... ok
test web_fetch::tests::fallback_skipped_on_good_response ... ok
test web_fetch::tests::fallback_triggers_at_exactly_99_chars ... ok
test web_fetch::tests::blocklist_wins_over_allowlist ... ok
test memory_store::tests::store_core ... ok
test web_fetch::tests::blocks_readonly_mode ... ok
test web_fetch::tests::fallback_triggers_on_empty_body ... ok
test web_fetch::tests::fallback_triggers_on_http_error ... ok
test web_fetch::tests::firecrawl_config_defaults ... ok
test web_fetch::tests::fallback_triggers_on_short_body ... ok
test web_fetch::tests::firecrawl_config_deserializes_defaults_from_empty_toml ... ok
test web_fetch::tests::firecrawl_response_handles_missing_data ... ok
test web_fetch::tests::firecrawl_response_handles_missing_markdown ... ok
test web_fetch::tests::firecrawl_config_deserializes_from_toml ... ok
test web_fetch::tests::firecrawl_missing_api_key_returns_error ... ok
test web_fetch::tests::firecrawl_response_parses_markdown ... ok
test web_fetch::tests::name_is_web_fetch ... ok
test web_fetch::tests::normalize_deduplicates ... ok
test web_fetch::tests::normalize_domain_strips_scheme_and_case ... ok
test web_fetch::tests::html_to_text_conversion ... ok
test web_fetch::tests::redirect_target_validation_allows_permitted_host ... ok
test web_fetch::tests::parameters_schema_requires_url ... ok
test web_fetch::tests::redirect_target_validation_blocks_blocklisted_host ... ok
test web_fetch::tests::redirect_target_validation_blocks_private_host ... ok
test web_fetch::tests::resolved_mixed_ips_are_rejected ... ok
test web_fetch::tests::resolved_private_ip_is_rejected ... ok
test web_fetch::tests::resolved_public_ips_are_allowed ... ok
test web_fetch::tests::ssrf_blocks_loopback ... ok
test web_fetch::tests::ssrf_blocks_localhost ... ok
test web_fetch::tests::ssrf_blocks_rfc1918 ... ok
test web_fetch::tests::ssrf_blocks_private_ipv4 ... ok
test web_fetch::tests::ssrf_wildcard_still_blocks_private ... ok
test web_fetch::tests::truncate_over_limit ... ok
test web_fetch::tests::truncate_within_limit ... ok
test web_fetch::tests::unallowed_private_host_still_blocked ... ok
test web_fetch::tests::validate_accepts_exact_domain ... ok
test web_fetch::tests::validate_accepts_subdomain ... ok
test web_fetch::tests::execute_double_failure_returns_original_result ... ok
test web_fetch::tests::validate_rejects_allowlist_miss ... ok
test web_fetch::tests::validate_accepts_wildcard ... ok
test web_fetch::tests::validate_rejects_empty_url ... ok
test web_fetch::tests::validate_rejects_ftp_scheme ... ok
test web_fetch::tests::validate_rejects_missing_url ... ok
test web_fetch::tests::validate_requires_allowlist ... ok
test web_search_provider_routing::tests::resolve_aliases_to_brave ... ok
test web_search_provider_routing::tests::resolve_aliases_to_duckduckgo ... ok
test web_search_provider_routing::tests::resolve_aliases_to_searxng ... ok
test web_search_provider_routing::tests::resolve_aliases_to_tavily ... ok
test web_search_provider_routing::tests::resolve_unknown_provider_falls_back_to_default ... ok
test web_fetch::tests::web_fetch_config_with_firecrawl_section ... ok
test web_search_tool::tests::test_duckduckgo_block_detection_ignores_normal_empty_results ... ok
test web_search_tool::tests::test_duckduckgo_block_detection_is_case_insensitive_without_allocating_html ... ok
test web_search_tool::tests::test_duckduckgo_block_detection_reports_verification_form_in_html ... ok
test web_search_tool::tests::test_duckduckgo_block_detection_reports_forbidden_status ... ok
test web_search_tool::tests::test_duckduckgo_block_detection_reports_verification_redirect ... ok
test web_fetch::tests::execute_falls_back_to_firecrawl_on_short_body ... ok
test web_search_tool::tests::test_execute_missing_query ... ok
test web_search_tool::tests::test_execute_brave_without_api_key ... ok
test web_search_tool::tests::test_execute_empty_query ... ok
test web_search_tool::tests::test_parameters_schema ... ok
test web_search_tool::tests::test_duckduckgo_request_reports_forbidden_status ... ok
test web_search_tool::tests::test_execute_searxng_without_instance_url ... ok
test web_search_tool::tests::test_execute_tavily_without_api_key ... ok
test web_search_tool::tests::test_duckduckgo_request_reports_verification_form_html ... ok
test web_search_tool::tests::test_parse_searxng_results_empty ... ok
test web_search_tool::tests::test_parse_searxng_results_invalid_response ... ok
test web_search_tool::tests::test_parse_searxng_results_with_data ... ok
test web_search_tool::tests::test_parse_tavily_results_empty ... ok
test web_search_tool::tests::test_parse_tavily_results_invalid_response ... ok
test web_search_tool::tests::test_parse_tavily_results_with_data ... ok
test web_search_tool::tests::test_duckduckgo_request_reports_verification_redirect_url ... ok
test memory_store::tests::store_missing_content ... ok
test web_search_tool::tests::test_resolve_brave_api_key_uses_boot_key ... ok
test web_search_tool::tests::test_resolve_searxng_instance_url_from_boot ... ok
test web_search_tool::tests::test_resolve_brave_api_key_picks_up_runtime_update ... ok
test web_search_tool::tests::test_resolve_brave_api_key_reloads_from_config ... ok
test web_search_tool::tests::test_resolve_brave_api_key_decrypts_encrypted_key ... ok
test web_search_tool::tests::test_resolve_tavily_api_key_uses_boot_key ... ok
test web_search_tool::tests::test_resolve_searxng_instance_url_reloads_from_config ... ok
test web_search_tool::tests::test_resolve_tavily_api_key_reloads_from_config ... ok
test web_search_tool::tests::test_tool_description ... ok
test web_search_tool::tests::test_resolve_tavily_api_key_decrypts_encrypted_key ... ok
test web_search_tool::tests::test_tool_name ... ok
test workspace_tool::tests::workspace_tool_create_and_list ... ok
test workspace_tool::tests::workspace_tool_export_redacts ... ok
test web_search_tool::tests::test_parse_duckduckgo_results_empty ... ok
test workspace_tool::tests::workspace_tool_list_empty ... ok
test workspace_tool::tests::workspace_tool_unknown_action ... ok
test workspace_tool::tests::workspace_tool_switch_nonexistent ... ok
test wrappers::tests::composed_wrappers_both_enforce ... ok
test workspace_tool::tests::workspace_tool_switch_and_info ... ok
test wrappers::tests::composed_wrappers_path_block_preserves_budget ... ok
test wrappers::tests::path_guard_allows_safe_path ... ok
test wrappers::tests::path_guard_blocks_forbidden_path ... ok
test wrappers::tests::path_guard_custom_extractor ... ok
test wrappers::tests::path_guard_no_path_arg_passes_through ... ok
test web_search_tool::tests::test_tavily_request_uses_bearer_auth_header_not_body_field ... ok
test wrappers::tests::rate_limited_allows_call_within_budget ... ok
test wrappers::tests::rate_limited_delegates_name_and_schema ... ok
test wrappers::tests::rate_limited_blocks_when_exhausted ... ok
test wrappers::tests::rate_limited_does_not_consume_budget_on_failure ... ok
test web_search_tool::tests::test_duckduckgo_request_preserves_normal_empty_results ... ok
test web_search_tool::tests::test_strip_tags ... ok
test memory_store::tests::store_missing_key ... ok
test web_search_tool::tests::test_constructor_clamps_web_search_limits ... ok
test web_search_tool::tests::test_parse_duckduckgo_results_with_data ... ok
test web_search_tool::tests::test_parse_duckduckgo_results_decodes_redirect_url ... ok
test memory_store::tests::store_with_category ... ok
test memory_store::tests::store_with_custom_category ... ok
test model_routing_config::tests::upsert_scenario_creates_route_and_rule ... ok
test model_routing_config::tests::remove_scenario_also_removes_rule ... ok
test proxy_config::tests::set_and_get_round_trip_proxy_scope ... ok
test proxy_config::tests::set_null_proxy_url_clears_existing_value ... ok
test model_routing_config::tests::upsert_and_remove_delegate_agent ... ok
test jira_tool::tests::execute_myself_not_blocked_in_readonly_mode ... ok
test ask_user::tests::timeout_returns_timeout_output ... ok
test backup_tool::tests::list_backups_sorted_newest_first ... ok
test escalate::tests::test_blocking_mode_timeout ... ok
test composio::tests::connected_accounts_alias_dispatches_same_as_list_accounts ... ok
test cli_discovery::tests::excluded_tools_are_skipped ... ok
test cli_discovery::tests::discover_returns_vec ... ok

test result: ok. 1161 passed; 0 failed; 0 ignored; 0 measured; 0 filtered out; finished in 2.61s

   Doc-tests operant_api

running 1 test
test crates/operant-api/src/schema.rs - schema (line 18) ... ok

test result: ok. 1 passed; 0 failed; 0 ignored; 0 measured; 0 filtered out; finished in 0.00s

all doctests ran in 0.24s; merged doctests compilation took 0.23s
   Doc-tests operant_channels

running 0 tests

test result: ok. 0 passed; 0 failed; 0 ignored; 0 measured; 0 filtered out; finished in 0.00s

   Doc-tests operant_config

running 1 test
test crates/operant-config/src/api_error.rs - api_error::validation_bail (line 245) ... ignored

test result: ok. 0 passed; 0 failed; 1 ignored; 0 measured; 0 filtered out; finished in 0.00s

all doctests ran in 0.12s; merged doctests compilation took 0.12s
   Doc-tests operant_core

running 7 tests
test crates/operant-core/src/accessibility.rs - accessibility (line 10) ... ignored
test crates/operant-core/src/credential_pool.rs - credential_pool::CredentialPool (line 303) ... ignored
test crates/operant-core/src/gateway_pipeline.rs - gateway_pipeline::HookRegistry (line 143) ... ignored
test crates/operant-core/src/interrupt.rs - interrupt::InterruptFlag (line 33) ... ignored
test crates/operant-core/src/interrupt.rs - interrupt::InterruptFlag::check (line 77) ... ignored
test crates/operant-core/src/skills_guard.rs - skills_guard (line 22) ... ignored
test crates/operant-core/src/approval.rs - approval (line 18) ... ok

test result: ok. 1 passed; 0 failed; 6 ignored; 0 measured; 0 filtered out; finished in 0.00s

all doctests ran in 0.96s; merged doctests compilation took 0.93s
   Doc-tests operant_gateway

running 0 tests

test result: ok. 0 passed; 0 failed; 0 ignored; 0 measured; 0 filtered out; finished in 0.00s

   Doc-tests operant_hardware

running 0 tests

test result: ok. 0 passed; 0 failed; 0 ignored; 0 measured; 0 filtered out; finished in 0.00s

   Doc-tests operant_infra

running 0 tests

test result: ok. 0 passed; 0 failed; 0 ignored; 0 measured; 0 filtered out; finished in 0.00s

   Doc-tests operant_macros

running 2 tests
test crates/operant-macros/src/lib.rs - derive_configurable (line 67) ... ignored
test crates/operant-macros/src/lib.rs - derive_configurable (line 96) ... ignored

test result: ok. 0 passed; 0 failed; 2 ignored; 0 measured; 0 filtered out; finished in 0.00s

all doctests ran in 0.12s; merged doctests compilation took 0.12s
   Doc-tests operant_memory

running 0 tests

test result: ok. 0 passed; 0 failed; 0 ignored; 0 measured; 0 filtered out; finished in 0.00s

   Doc-tests operant_plugins

running 0 tests

test result: ok. 0 passed; 0 failed; 0 ignored; 0 measured; 0 filtered out; finished in 0.00s

   Doc-tests operant_providers

running 1 test
test crates/operant-providers/src/telnyx.rs - telnyx::TelnyxProvider (line 32) ... ignored

test result: ok. 0 passed; 0 failed; 1 ignored; 0 measured; 0 filtered out; finished in 0.00s

all doctests ran in 0.13s; merged doctests compilation took 0.13s
   Doc-tests operant_robot_kit

running 0 tests

test result: ok. 0 passed; 0 failed; 0 ignored; 0 measured; 0 filtered out; finished in 0.00s

   Doc-tests operant_runtime

running 1 test
test crates/operant-runtime/src/util.rs - util::truncate_with_ellipsis (line 39) ... ignored

test result: ok. 0 passed; 0 failed; 1 ignored; 0 measured; 0 filtered out; finished in 0.00s

all doctests ran in 0.13s; merged doctests compilation took 0.13s
   Doc-tests operant_tool_call_parser

running 0 tests

test result: ok. 0 passed; 0 failed; 0 ignored; 0 measured; 0 filtered out; finished in 0.00s

   Doc-tests operant_tools

running 1 test
test crates/operant-tools/src/wrappers.rs - wrappers (line 18) ... ignored

test result: ok. 0 passed; 0 failed; 1 ignored; 0 measured; 0 filtered out; finished in 0.00s

all doctests ran in 0.11s; merged doctests compilation took 0.11s
